Copyright 1986-2022 Xilinx, Inc. All Rights Reserved. Copyright 2022-2025 Advanced Micro Devices, Inc. All Rights Reserved.
--------------------------------------------------------------------------------------------------------------------------------------------------
| Tool Version      : Vivado v.2025.1 (lin64) Build 6140274 Wed May 21 22:58:25 MDT 2025
| Date              : Thu Jul 23 14:48:23 2026
| Host              : zhang-21.ece.cornell.edu running 64-bit Red Hat Enterprise Linux release 8.10 (Ootpa)
| Command           : report_timing -max_paths 10 -file ./report/top_timing_paths_routed.rpt
| Design            : bd_0_wrapper
| Device            : xczu7ev-ffvc1156
| Speed File        : -2  PRODUCTION 1.30 05-15-2022
| Design State      : Routed
| Temperature Grade : E
--------------------------------------------------------------------------------------------------------------------------------------------------

Timing Report

Slack (VIOLATED) :        -0.786ns  (required time - arrival time)
  Source:                 bd_0_i/hls_inst/inst/node_0_0_U0/grp_node_0_0_Pipeline_l_S_t_1_t_fu_340/hsub_16ns_16ns_16_3_no_dsp_1_U2/din1_buf1_reg[5]_replica_1/C
                            (rising edge-triggered cell FDRE clocked by ap_clk  {rise@0.000ns fall@1.665ns period=3.330ns})
  Destination:            <hidden>
                            (rising edge-triggered cell FDRE clocked by ap_clk  {rise@0.000ns fall@1.665ns period=3.330ns})
  Path Group:             ap_clk
  Path Type:              Setup (Max at Slow Process Corner)
  Requirement:            3.330ns  (ap_clk rise@3.330ns - ap_clk rise@0.000ns)
  Data Path Delay:        4.096ns  (logic 3.106ns (75.825%)  route 0.990ns (24.175%))
  Logic Levels:           13  (CARRY8=2 DSP_A_B_DATA=2 DSP_ALU=2 DSP_M_DATA=1 DSP_MULTIPLIER=1 DSP_OUTPUT=2 DSP_PREADD_DATA=1 LUT2=1 LUT3=1)
  Clock Path Skew:        -0.009ns (DCD - SCD + CPR)
    Destination Clock Delay (DCD):    0.021ns = ( 3.351 - 3.330 ) 
    Source Clock Delay      (SCD):    0.030ns
    Clock Pessimism Removal (CPR):    0.000ns
  Clock Uncertainty:      0.035ns  ((TSJ^2 + TIJ^2)^1/2 + DJ) / 2 + PE
    Total System Jitter     (TSJ):    0.071ns
    Total Input Jitter      (TIJ):    0.000ns
    Discrete Jitter          (DJ):    0.000ns
    Phase Error              (PE):    0.000ns

    Location             Delay type                Incr(ns)  Path(ns)    Netlist Resource(s)
  -------------------------------------------------------------------    -------------------
                         (clock ap_clk rise edge)     0.000     0.000 r  
                                                      0.000     0.000 r  ap_clk (IN)
                         net (fo=6474, unset)         0.030     0.030    bd_0_i/hls_inst/inst/node_0_0_U0/grp_node_0_0_Pipeline_l_S_t_1_t_fu_340/hsub_16ns_16ns_16_3_no_dsp_1_U2/ap_clk
    SLICE_X63Y240        FDRE                                         r  bd_0_i/hls_inst/inst/node_0_0_U0/grp_node_0_0_Pipeline_l_S_t_1_t_fu_340/hsub_16ns_16ns_16_3_no_dsp_1_U2/din1_buf1_reg[5]_replica_1/C
  -------------------------------------------------------------------    -------------------
    SLICE_X63Y240        FDRE (Prop_BFF2_SLICEM_C_Q)
                                                      0.080     0.110 f  bd_0_i/hls_inst/inst/node_0_0_U0/grp_node_0_0_Pipeline_l_S_t_1_t_fu_340/hsub_16ns_16ns_16_3_no_dsp_1_U2/din1_buf1_reg[5]_replica_1/Q
                         net (fo=1, routed)           0.188     0.298    <hidden>
    DSP48E2_X6Y96        DSP_A_B_DATA (Prop_DSP_A_B_DATA_DSP48E2_B[5]_B2_DATA[5])
                                                      0.151     0.449 r  <hidden>
                         net (fo=1, routed)           0.000     0.449    <hidden>
    DSP48E2_X6Y96        DSP_PREADD_DATA (Prop_DSP_PREADD_DATA_DSP48E2_B2_DATA[5]_B2B1[5])
                                                      0.073     0.522 r  <hidden>
                         net (fo=1, routed)           0.000     0.522    <hidden>
    DSP48E2_X6Y96        DSP_MULTIPLIER (Prop_DSP_MULTIPLIER_DSP48E2_B2B1[5]_V[35])
                                                      0.609     1.131 f  <hidden>
                         net (fo=1, routed)           0.000     1.131    <hidden>
    DSP48E2_X6Y96        DSP_M_DATA (Prop_DSP_M_DATA_DSP48E2_V[35]_V_DATA[35])
                                                      0.046     1.177 r  <hidden>
                         net (fo=1, routed)           0.000     1.177    <hidden>
    DSP48E2_X6Y96        DSP_ALU (Prop_DSP_ALU_DSP48E2_V_DATA[35]_ALU_OUT[47])
                                                      0.571     1.748 r  <hidden>
                         net (fo=1, routed)           0.000     1.748    <hidden>
    DSP48E2_X6Y96        DSP_OUTPUT (Prop_DSP_OUTPUT_DSP48E2_ALU_OUT[47]_PATTERN_DETECT)
                                                      0.363     2.111 f  <hidden>
                         net (fo=2, routed)           0.206     2.317    <hidden>
    SLICE_X63Y243        LUT3 (Prop_A6LUT_SLICEM_I2_O)
                                                      0.053     2.370 r  <hidden>
                         net (fo=1, routed)           0.013     2.383    <hidden>
    SLICE_X63Y243        CARRY8 (Prop_CARRY8_SLICEM_S[0]_CO[2])
                                                      0.115     2.498 f  <hidden>
                         net (fo=1, routed)           0.177     2.675    <hidden>
    DSP48E2_X6Y98        DSP_A_B_DATA (Prop_DSP_A_B_DATA_DSP48E2_B[1]_B_ALU[1])
                                                      0.165     2.840 r  <hidden>
                         net (fo=1, routed)           0.000     2.840    <hidden>
    DSP48E2_X6Y98        DSP_ALU (Prop_DSP_ALU_DSP48E2_B_ALU[1]_ALU_OUT[12])
                                                      0.541     3.381 f  <hidden>
                         net (fo=1, routed)           0.000     3.381    <hidden>
    DSP48E2_X6Y98        DSP_OUTPUT (Prop_DSP_OUTPUT_DSP48E2_ALU_OUT[12]_P[12])
                                                      0.109     3.490 r  <hidden>
                         net (fo=1, routed)           0.231     3.721    <hidden>
    SLICE_X63Y246        CARRY8 (Prop_CARRY8_SLICEM_CI_O[4])
                                                      0.193     3.914 r  <hidden>
                         net (fo=1, routed)           0.120     4.034    <hidden>
    SLICE_X63Y247        LUT2 (Prop_E6LUT_SLICEM_I0_O)
                                                      0.037     4.071 r  <hidden>
                         net (fo=1, routed)           0.055     4.126    <hidden>
    SLICE_X63Y247        FDRE                                         r  <hidden>
  -------------------------------------------------------------------    -------------------

                         (clock ap_clk rise edge)     3.330     3.330 r  
                                                      0.000     3.330 r  ap_clk (IN)
                         net (fo=6474, unset)         0.021     3.351    <hidden>
    SLICE_X63Y247        FDRE                                         r  <hidden>
                         clock pessimism              0.000     3.351    
                         clock uncertainty           -0.035     3.316    
    SLICE_X63Y247        FDRE (Setup_EFF_SLICEM_C_D)
                                                      0.025     3.341    <hidden>
  -------------------------------------------------------------------
                         required time                          3.341    
                         arrival time                          -4.126    
  -------------------------------------------------------------------
                         slack                                 -0.786    

Slack (VIOLATED) :        -0.755ns  (required time - arrival time)
  Source:                 bd_0_i/hls_inst/inst/node_0_0_U0/grp_node_0_0_Pipeline_l_S_t_1_t_fu_340/hsub_16ns_16ns_16_3_no_dsp_1_U2/din0_buf1_reg[2]_replica/C
                            (rising edge-triggered cell FDRE clocked by ap_clk  {rise@0.000ns fall@1.665ns period=3.330ns})
  Destination:            <hidden>
                            (rising edge-triggered cell FDRE clocked by ap_clk  {rise@0.000ns fall@1.665ns period=3.330ns})
  Path Group:             ap_clk
  Path Type:              Setup (Max at Slow Process Corner)
  Requirement:            3.330ns  (ap_clk rise@3.330ns - ap_clk rise@0.000ns)
  Data Path Delay:        4.065ns  (logic 1.942ns (47.779%)  route 2.123ns (52.221%))
  Logic Levels:           21  (CARRY8=7 LUT4=3 LUT5=5 LUT6=6)
  Clock Path Skew:        -0.010ns (DCD - SCD + CPR)
    Destination Clock Delay (DCD):    0.020ns = ( 3.350 - 3.330 ) 
    Source Clock Delay      (SCD):    0.030ns
    Clock Pessimism Removal (CPR):    0.000ns
  Clock Uncertainty:      0.035ns  ((TSJ^2 + TIJ^2)^1/2 + DJ) / 2 + PE
    Total System Jitter     (TSJ):    0.071ns
    Total Input Jitter      (TIJ):    0.000ns
    Discrete Jitter          (DJ):    0.000ns
    Phase Error              (PE):    0.000ns

    Location             Delay type                Incr(ns)  Path(ns)    Netlist Resource(s)
  -------------------------------------------------------------------    -------------------
                         (clock ap_clk rise edge)     0.000     0.000 r  
                                                      0.000     0.000 r  ap_clk (IN)
                         net (fo=6474, unset)         0.030     0.030    bd_0_i/hls_inst/inst/node_0_0_U0/grp_node_0_0_Pipeline_l_S_t_1_t_fu_340/hsub_16ns_16ns_16_3_no_dsp_1_U2/ap_clk
    SLICE_X61Y237        FDRE                                         r  bd_0_i/hls_inst/inst/node_0_0_U0/grp_node_0_0_Pipeline_l_S_t_1_t_fu_340/hsub_16ns_16ns_16_3_no_dsp_1_U2/din0_buf1_reg[2]_replica/C
  -------------------------------------------------------------------    -------------------
    SLICE_X61Y237        FDRE (Prop_AFF_SLICEM_C_Q)
                                                      0.077     0.107 r  bd_0_i/hls_inst/inst/node_0_0_U0/grp_node_0_0_Pipeline_l_S_t_1_t_fu_340/hsub_16ns_16ns_16_3_no_dsp_1_U2/din0_buf1_reg[2]_replica/Q
                         net (fo=11, routed)          0.200     0.307    <hidden>
    SLICE_X61Y238        LUT4 (Prop_B6LUT_SLICEM_I3_O)
                                                      0.125     0.432 r  <hidden>
                         net (fo=1, routed)           0.016     0.448    <hidden>
    SLICE_X61Y238        CARRY8 (Prop_CARRY8_SLICEM_S[1]_CO[7])
                                                      0.197     0.645 r  <hidden>
                         net (fo=29, routed)          0.187     0.832    <hidden>
    SLICE_X60Y238        LUT6 (Prop_D6LUT_SLICEL_I4_O)
                                                      0.146     0.978 f  <hidden>
                         net (fo=3, routed)           0.154     1.132    <hidden>
    SLICE_X60Y239        LUT4 (Prop_B6LUT_SLICEL_I3_O)
                                                      0.036     1.168 r  <hidden>
                         net (fo=1, routed)           0.009     1.177    <hidden>
    SLICE_X60Y239        CARRY8 (Prop_CARRY8_SLICEL_S[1]_CO[1])
                                                      0.088     1.265 r  <hidden>
                         net (fo=1, routed)           0.119     1.384    <hidden>
    SLICE_X60Y240        LUT5 (Prop_B6LUT_SLICEL_I1_O)
                                                      0.051     1.435 r  <hidden>
                         net (fo=1, routed)           0.085     1.520    <hidden>
    SLICE_X60Y241        LUT6 (Prop_E6LUT_SLICEL_I5_O)
                                                      0.035     1.555 r  <hidden>
                         net (fo=2, routed)           0.139     1.694    <hidden>
    SLICE_X59Y241        LUT6 (Prop_B6LUT_SLICEL_I0_O)
                                                      0.098     1.792 r  <hidden>
                         net (fo=1, routed)           0.009     1.801    <hidden>
    SLICE_X59Y241        CARRY8 (Prop_CARRY8_SLICEL_S[1]_O[4])
                                                      0.200     2.001 f  <hidden>
                         net (fo=7, routed)           0.150     2.151    <hidden>
    SLICE_X57Y241        LUT4 (Prop_A6LUT_SLICEM_I0_O)
                                                      0.150     2.301 r  <hidden>
                         net (fo=1, routed)           0.013     2.314    <hidden>
    SLICE_X57Y241        CARRY8 (Prop_CARRY8_SLICEM_S[0]_CO[0])
                                                      0.071     2.385 f  <hidden>
                         net (fo=13, routed)          0.218     2.603    <hidden>
    SLICE_X57Y244        LUT5 (Prop_A6LUT_SLICEM_I4_O)
                                                      0.090     2.693 f  <hidden>
                         net (fo=2, routed)           0.091     2.784    <hidden>
    SLICE_X58Y244        LUT5 (Prop_C6LUT_SLICEL_I0_O)
                                                      0.096     2.880 f  <hidden>
                         net (fo=21, routed)          0.066     2.947    <hidden>
    SLICE_X58Y243        LUT5 (Prop_G6LUT_SLICEL_I4_O)
                                                      0.035     2.982 r  <hidden>
                         net (fo=2, routed)           0.180     3.162    <hidden>
    SLICE_X57Y241        LUT6 (Prop_D6LUT_SLICEM_I1_O)
                                                      0.051     3.213 r  <hidden>
                         net (fo=2, routed)           0.085     3.298    <hidden>
    SLICE_X58Y241        LUT5 (Prop_A6LUT_SLICEL_I2_O)
                                                      0.050     3.348 r  <hidden>
                         net (fo=1, routed)           0.009     3.357    <hidden>
    SLICE_X58Y241        CARRY8 (Prop_CARRY8_SLICEL_S[0]_CO[7])
                                                      0.190     3.547 r  <hidden>
                         net (fo=1, routed)           0.026     3.573    <hidden>
    SLICE_X58Y242        CARRY8 (Prop_CARRY8_SLICEL_CI_CO[7])
                                                      0.015     3.588 r  <hidden>
                         net (fo=1, routed)           0.026     3.614    <hidden>
    SLICE_X58Y243        CARRY8 (Prop_CARRY8_SLICEL_CI_O[0])
                                                      0.056     3.670 r  <hidden>
                         net (fo=4, routed)           0.138     3.808    <hidden>
    SLICE_X59Y243        LUT6 (Prop_G6LUT_SLICEL_I1_O)
                                                      0.050     3.858 r  <hidden>
                         net (fo=2, routed)           0.156     4.014    <hidden>
    SLICE_X58Y243        LUT6 (Prop_E6LUT_SLICEL_I1_O)
                                                      0.035     4.049 r  <hidden>
                         net (fo=1, routed)           0.046     4.095    <hidden>
    SLICE_X58Y243        FDRE                                         r  <hidden>
  -------------------------------------------------------------------    -------------------

                         (clock ap_clk rise edge)     3.330     3.330 r  
                                                      0.000     3.330 r  ap_clk (IN)
                         net (fo=6474, unset)         0.020     3.350    <hidden>
    SLICE_X58Y243        FDRE                                         r  <hidden>
                         clock pessimism              0.000     3.350    
                         clock uncertainty           -0.035     3.315    
    SLICE_X58Y243        FDRE (Setup_EFF_SLICEL_C_D)
                                                      0.025     3.340    <hidden>
  -------------------------------------------------------------------
                         required time                          3.340    
                         arrival time                          -4.095    
  -------------------------------------------------------------------
                         slack                                 -0.755    

Slack (VIOLATED) :        -0.748ns  (required time - arrival time)
  Source:                 bd_0_i/hls_inst/inst/node_0_0_U0/grp_node_0_0_Pipeline_l_S_t_1_t_fu_340/hsub_16ns_16ns_16_3_no_dsp_1_U2/din1_buf1_reg[5]_replica_1/C
                            (rising edge-triggered cell FDRE clocked by ap_clk  {rise@0.000ns fall@1.665ns period=3.330ns})
  Destination:            <hidden>
                            (rising edge-triggered cell FDRE clocked by ap_clk  {rise@0.000ns fall@1.665ns period=3.330ns})
  Path Group:             ap_clk
  Path Type:              Setup (Max at Slow Process Corner)
  Requirement:            3.330ns  (ap_clk rise@3.330ns - ap_clk rise@0.000ns)
  Data Path Delay:        4.057ns  (logic 3.021ns (74.459%)  route 1.036ns (25.541%))
  Logic Levels:           13  (CARRY8=2 DSP_A_B_DATA=2 DSP_ALU=2 DSP_M_DATA=1 DSP_MULTIPLIER=1 DSP_OUTPUT=2 DSP_PREADD_DATA=1 LUT3=1 LUT6=1)
  Clock Path Skew:        -0.010ns (DCD - SCD + CPR)
    Destination Clock Delay (DCD):    0.020ns = ( 3.350 - 3.330 ) 
    Source Clock Delay      (SCD):    0.030ns
    Clock Pessimism Removal (CPR):    0.000ns
  Clock Uncertainty:      0.035ns  ((TSJ^2 + TIJ^2)^1/2 + DJ) / 2 + PE
    Total System Jitter     (TSJ):    0.071ns
    Total Input Jitter      (TIJ):    0.000ns
    Discrete Jitter          (DJ):    0.000ns
    Phase Error              (PE):    0.000ns

    Location             Delay type                Incr(ns)  Path(ns)    Netlist Resource(s)
  -------------------------------------------------------------------    -------------------
                         (clock ap_clk rise edge)     0.000     0.000 r  
                                                      0.000     0.000 r  ap_clk (IN)
                         net (fo=6474, unset)         0.030     0.030    bd_0_i/hls_inst/inst/node_0_0_U0/grp_node_0_0_Pipeline_l_S_t_1_t_fu_340/hsub_16ns_16ns_16_3_no_dsp_1_U2/ap_clk
    SLICE_X63Y240        FDRE                                         r  bd_0_i/hls_inst/inst/node_0_0_U0/grp_node_0_0_Pipeline_l_S_t_1_t_fu_340/hsub_16ns_16ns_16_3_no_dsp_1_U2/din1_buf1_reg[5]_replica_1/C
  -------------------------------------------------------------------    -------------------
    SLICE_X63Y240        FDRE (Prop_BFF2_SLICEM_C_Q)
                                                      0.080     0.110 f  bd_0_i/hls_inst/inst/node_0_0_U0/grp_node_0_0_Pipeline_l_S_t_1_t_fu_340/hsub_16ns_16ns_16_3_no_dsp_1_U2/din1_buf1_reg[5]_replica_1/Q
                         net (fo=1, routed)           0.188     0.298    <hidden>
    DSP48E2_X6Y96        DSP_A_B_DATA (Prop_DSP_A_B_DATA_DSP48E2_B[5]_B2_DATA[5])
                                                      0.151     0.449 r  <hidden>
                         net (fo=1, routed)           0.000     0.449    <hidden>
    DSP48E2_X6Y96        DSP_PREADD_DATA (Prop_DSP_PREADD_DATA_DSP48E2_B2_DATA[5]_B2B1[5])
                                                      0.073     0.522 r  <hidden>
                         net (fo=1, routed)           0.000     0.522    <hidden>
    DSP48E2_X6Y96        DSP_MULTIPLIER (Prop_DSP_MULTIPLIER_DSP48E2_B2B1[5]_V[35])
                                                      0.609     1.131 f  <hidden>
                         net (fo=1, routed)           0.000     1.131    <hidden>
    DSP48E2_X6Y96        DSP_M_DATA (Prop_DSP_M_DATA_DSP48E2_V[35]_V_DATA[35])
                                                      0.046     1.177 r  <hidden>
                         net (fo=1, routed)           0.000     1.177    <hidden>
    DSP48E2_X6Y96        DSP_ALU (Prop_DSP_ALU_DSP48E2_V_DATA[35]_ALU_OUT[47])
                                                      0.571     1.748 r  <hidden>
                         net (fo=1, routed)           0.000     1.748    <hidden>
    DSP48E2_X6Y96        DSP_OUTPUT (Prop_DSP_OUTPUT_DSP48E2_ALU_OUT[47]_PATTERN_DETECT)
                                                      0.363     2.111 f  <hidden>
                         net (fo=2, routed)           0.206     2.317    <hidden>
    SLICE_X63Y243        LUT3 (Prop_A6LUT_SLICEM_I2_O)
                                                      0.053     2.370 r  <hidden>
                         net (fo=1, routed)           0.013     2.383    <hidden>
    SLICE_X63Y243        CARRY8 (Prop_CARRY8_SLICEM_S[0]_CO[2])
                                                      0.115     2.498 f  <hidden>
                         net (fo=1, routed)           0.177     2.675    <hidden>
    DSP48E2_X6Y98        DSP_A_B_DATA (Prop_DSP_A_B_DATA_DSP48E2_B[1]_B_ALU[1])
                                                      0.165     2.840 r  <hidden>
                         net (fo=1, routed)           0.000     2.840    <hidden>
    DSP48E2_X6Y98        DSP_ALU (Prop_DSP_ALU_DSP48E2_B_ALU[1]_ALU_OUT[12])
                                                      0.541     3.381 f  <hidden>
                         net (fo=1, routed)           0.000     3.381    <hidden>
    DSP48E2_X6Y98        DSP_OUTPUT (Prop_DSP_OUTPUT_DSP48E2_ALU_OUT[12]_P[12])
                                                      0.109     3.490 r  <hidden>
                         net (fo=1, routed)           0.231     3.721    <hidden>
    SLICE_X63Y246        CARRY8 (Prop_CARRY8_SLICEM_CI_O[0])
                                                      0.110     3.831 r  <hidden>
                         net (fo=1, routed)           0.175     4.006    <hidden>
    SLICE_X62Y245        LUT6 (Prop_E6LUT_SLICEL_I2_O)
                                                      0.035     4.041 r  <hidden>
                         net (fo=1, routed)           0.046     4.087    <hidden>
    SLICE_X62Y245        FDRE                                         r  <hidden>
  -------------------------------------------------------------------    -------------------

                         (clock ap_clk rise edge)     3.330     3.330 r  
                                                      0.000     3.330 r  ap_clk (IN)
                         net (fo=6474, unset)         0.020     3.350    <hidden>
    SLICE_X62Y245        FDRE                                         r  <hidden>
                         clock pessimism              0.000     3.350    
                         clock uncertainty           -0.035     3.315    
    SLICE_X62Y245        FDRE (Setup_EFF_SLICEL_C_D)
                                                      0.025     3.340    <hidden>
  -------------------------------------------------------------------
                         required time                          3.340    
                         arrival time                          -4.087    
  -------------------------------------------------------------------
                         slack                                 -0.748    

Slack (VIOLATED) :        -0.733ns  (required time - arrival time)
  Source:                 bd_0_i/hls_inst/inst/node_0_0_U0/grp_node_0_0_Pipeline_l_S_t_1_t_fu_340/hsub_16ns_16ns_16_3_no_dsp_1_U2/din1_buf1_reg[5]_replica_1/C
                            (rising edge-triggered cell FDRE clocked by ap_clk  {rise@0.000ns fall@1.665ns period=3.330ns})
  Destination:            <hidden>
                            (rising edge-triggered cell FDRE clocked by ap_clk  {rise@0.000ns fall@1.665ns period=3.330ns})
  Path Group:             ap_clk
  Path Type:              Setup (Max at Slow Process Corner)
  Requirement:            3.330ns  (ap_clk rise@3.330ns - ap_clk rise@0.000ns)
  Data Path Delay:        4.043ns  (logic 3.076ns (76.077%)  route 0.967ns (23.923%))
  Logic Levels:           13  (CARRY8=2 DSP_A_B_DATA=2 DSP_ALU=2 DSP_M_DATA=1 DSP_MULTIPLIER=1 DSP_OUTPUT=2 DSP_PREADD_DATA=1 LUT2=1 LUT3=1)
  Clock Path Skew:        -0.009ns (DCD - SCD + CPR)
    Destination Clock Delay (DCD):    0.021ns = ( 3.351 - 3.330 ) 
    Source Clock Delay      (SCD):    0.030ns
    Clock Pessimism Removal (CPR):    0.000ns
  Clock Uncertainty:      0.035ns  ((TSJ^2 + TIJ^2)^1/2 + DJ) / 2 + PE
    Total System Jitter     (TSJ):    0.071ns
    Total Input Jitter      (TIJ):    0.000ns
    Discrete Jitter          (DJ):    0.000ns
    Phase Error              (PE):    0.000ns

    Location             Delay type                Incr(ns)  Path(ns)    Netlist Resource(s)
  -------------------------------------------------------------------    -------------------
                         (clock ap_clk rise edge)     0.000     0.000 r  
                                                      0.000     0.000 r  ap_clk (IN)
                         net (fo=6474, unset)         0.030     0.030    bd_0_i/hls_inst/inst/node_0_0_U0/grp_node_0_0_Pipeline_l_S_t_1_t_fu_340/hsub_16ns_16ns_16_3_no_dsp_1_U2/ap_clk
    SLICE_X63Y240        FDRE                                         r  bd_0_i/hls_inst/inst/node_0_0_U0/grp_node_0_0_Pipeline_l_S_t_1_t_fu_340/hsub_16ns_16ns_16_3_no_dsp_1_U2/din1_buf1_reg[5]_replica_1/C
  -------------------------------------------------------------------    -------------------
    SLICE_X63Y240        FDRE (Prop_BFF2_SLICEM_C_Q)
                                                      0.080     0.110 f  bd_0_i/hls_inst/inst/node_0_0_U0/grp_node_0_0_Pipeline_l_S_t_1_t_fu_340/hsub_16ns_16ns_16_3_no_dsp_1_U2/din1_buf1_reg[5]_replica_1/Q
                         net (fo=1, routed)           0.188     0.298    <hidden>
    DSP48E2_X6Y96        DSP_A_B_DATA (Prop_DSP_A_B_DATA_DSP48E2_B[5]_B2_DATA[5])
                                                      0.151     0.449 r  <hidden>
                         net (fo=1, routed)           0.000     0.449    <hidden>
    DSP48E2_X6Y96        DSP_PREADD_DATA (Prop_DSP_PREADD_DATA_DSP48E2_B2_DATA[5]_B2B1[5])
                                                      0.073     0.522 r  <hidden>
                         net (fo=1, routed)           0.000     0.522    <hidden>
    DSP48E2_X6Y96        DSP_MULTIPLIER (Prop_DSP_MULTIPLIER_DSP48E2_B2B1[5]_V[35])
                                                      0.609     1.131 f  <hidden>
                         net (fo=1, routed)           0.000     1.131    <hidden>
    DSP48E2_X6Y96        DSP_M_DATA (Prop_DSP_M_DATA_DSP48E2_V[35]_V_DATA[35])
                                                      0.046     1.177 r  <hidden>
                         net (fo=1, routed)           0.000     1.177    <hidden>
    DSP48E2_X6Y96        DSP_ALU (Prop_DSP_ALU_DSP48E2_V_DATA[35]_ALU_OUT[47])
                                                      0.571     1.748 r  <hidden>
                         net (fo=1, routed)           0.000     1.748    <hidden>
    DSP48E2_X6Y96        DSP_OUTPUT (Prop_DSP_OUTPUT_DSP48E2_ALU_OUT[47]_PATTERN_DETECT)
                                                      0.363     2.111 f  <hidden>
                         net (fo=2, routed)           0.206     2.317    <hidden>
    SLICE_X63Y243        LUT3 (Prop_A6LUT_SLICEM_I2_O)
                                                      0.053     2.370 r  <hidden>
                         net (fo=1, routed)           0.013     2.383    <hidden>
    SLICE_X63Y243        CARRY8 (Prop_CARRY8_SLICEM_S[0]_CO[2])
                                                      0.115     2.498 f  <hidden>
                         net (fo=1, routed)           0.177     2.675    <hidden>
    DSP48E2_X6Y98        DSP_A_B_DATA (Prop_DSP_A_B_DATA_DSP48E2_B[1]_B_ALU[1])
                                                      0.165     2.840 r  <hidden>
                         net (fo=1, routed)           0.000     2.840    <hidden>
    DSP48E2_X6Y98        DSP_ALU (Prop_DSP_ALU_DSP48E2_B_ALU[1]_ALU_OUT[12])
                                                      0.541     3.381 f  <hidden>
                         net (fo=1, routed)           0.000     3.381    <hidden>
    DSP48E2_X6Y98        DSP_OUTPUT (Prop_DSP_OUTPUT_DSP48E2_ALU_OUT[12]_P[12])
                                                      0.109     3.490 r  <hidden>
                         net (fo=1, routed)           0.231     3.721    <hidden>
    SLICE_X63Y246        CARRY8 (Prop_CARRY8_SLICEM_CI_O[1])
                                                      0.132     3.853 r  <hidden>
                         net (fo=1, routed)           0.125     3.978    <hidden>
    SLICE_X63Y247        LUT2 (Prop_C5LUT_SLICEM_I0_O)
                                                      0.068     4.046 r  <hidden>
                         net (fo=1, routed)           0.027     4.073    <hidden>
    SLICE_X63Y247        FDRE                                         r  <hidden>
  -------------------------------------------------------------------    -------------------

                         (clock ap_clk rise edge)     3.330     3.330 r  
                                                      0.000     3.330 r  ap_clk (IN)
                         net (fo=6474, unset)         0.021     3.351    <hidden>
    SLICE_X63Y247        FDRE                                         r  <hidden>
                         clock pessimism              0.000     3.351    
                         clock uncertainty           -0.035     3.316    
    SLICE_X63Y247        FDRE (Setup_CFF2_SLICEM_C_D)
                                                      0.025     3.341    <hidden>
  -------------------------------------------------------------------
                         required time                          3.341    
                         arrival time                          -4.073    
  -------------------------------------------------------------------
                         slack                                 -0.733    

Slack (VIOLATED) :        -0.725ns  (required time - arrival time)
  Source:                 bd_0_i/hls_inst/inst/node_0_0_U0/grp_node_0_0_Pipeline_l_S_t_1_t_fu_340/hsub_16ns_16ns_16_3_no_dsp_1_U2/din1_buf1_reg[5]_replica_1/C
                            (rising edge-triggered cell FDRE clocked by ap_clk  {rise@0.000ns fall@1.665ns period=3.330ns})
  Destination:            <hidden>
                            (rising edge-triggered cell FDRE clocked by ap_clk  {rise@0.000ns fall@1.665ns period=3.330ns})
  Path Group:             ap_clk
  Path Type:              Setup (Max at Slow Process Corner)
  Requirement:            3.330ns  (ap_clk rise@3.330ns - ap_clk rise@0.000ns)
  Data Path Delay:        4.034ns  (logic 3.046ns (75.503%)  route 0.988ns (24.497%))
  Logic Levels:           13  (CARRY8=2 DSP_A_B_DATA=2 DSP_ALU=2 DSP_M_DATA=1 DSP_MULTIPLIER=1 DSP_OUTPUT=2 DSP_PREADD_DATA=1 LUT2=1 LUT3=1)
  Clock Path Skew:        -0.010ns (DCD - SCD + CPR)
    Destination Clock Delay (DCD):    0.020ns = ( 3.350 - 3.330 ) 
    Source Clock Delay      (SCD):    0.030ns
    Clock Pessimism Removal (CPR):    0.000ns
  Clock Uncertainty:      0.035ns  ((TSJ^2 + TIJ^2)^1/2 + DJ) / 2 + PE
    Total System Jitter     (TSJ):    0.071ns
    Total Input Jitter      (TIJ):    0.000ns
    Discrete Jitter          (DJ):    0.000ns
    Phase Error              (PE):    0.000ns

    Location             Delay type                Incr(ns)  Path(ns)    Netlist Resource(s)
  -------------------------------------------------------------------    -------------------
                         (clock ap_clk rise edge)     0.000     0.000 r  
                                                      0.000     0.000 r  ap_clk (IN)
                         net (fo=6474, unset)         0.030     0.030    bd_0_i/hls_inst/inst/node_0_0_U0/grp_node_0_0_Pipeline_l_S_t_1_t_fu_340/hsub_16ns_16ns_16_3_no_dsp_1_U2/ap_clk
    SLICE_X63Y240        FDRE                                         r  bd_0_i/hls_inst/inst/node_0_0_U0/grp_node_0_0_Pipeline_l_S_t_1_t_fu_340/hsub_16ns_16ns_16_3_no_dsp_1_U2/din1_buf1_reg[5]_replica_1/C
  -------------------------------------------------------------------    -------------------
    SLICE_X63Y240        FDRE (Prop_BFF2_SLICEM_C_Q)
                                                      0.080     0.110 f  bd_0_i/hls_inst/inst/node_0_0_U0/grp_node_0_0_Pipeline_l_S_t_1_t_fu_340/hsub_16ns_16ns_16_3_no_dsp_1_U2/din1_buf1_reg[5]_replica_1/Q
                         net (fo=1, routed)           0.188     0.298    <hidden>
    DSP48E2_X6Y96        DSP_A_B_DATA (Prop_DSP_A_B_DATA_DSP48E2_B[5]_B2_DATA[5])
                                                      0.151     0.449 r  <hidden>
                         net (fo=1, routed)           0.000     0.449    <hidden>
    DSP48E2_X6Y96        DSP_PREADD_DATA (Prop_DSP_PREADD_DATA_DSP48E2_B2_DATA[5]_B2B1[5])
                                                      0.073     0.522 r  <hidden>
                         net (fo=1, routed)           0.000     0.522    <hidden>
    DSP48E2_X6Y96        DSP_MULTIPLIER (Prop_DSP_MULTIPLIER_DSP48E2_B2B1[5]_V[35])
                                                      0.609     1.131 f  <hidden>
                         net (fo=1, routed)           0.000     1.131    <hidden>
    DSP48E2_X6Y96        DSP_M_DATA (Prop_DSP_M_DATA_DSP48E2_V[35]_V_DATA[35])
                                                      0.046     1.177 r  <hidden>
                         net (fo=1, routed)           0.000     1.177    <hidden>
    DSP48E2_X6Y96        DSP_ALU (Prop_DSP_ALU_DSP48E2_V_DATA[35]_ALU_OUT[47])
                                                      0.571     1.748 r  <hidden>
                         net (fo=1, routed)           0.000     1.748    <hidden>
    DSP48E2_X6Y96        DSP_OUTPUT (Prop_DSP_OUTPUT_DSP48E2_ALU_OUT[47]_PATTERN_DETECT)
                                                      0.363     2.111 f  <hidden>
                         net (fo=2, routed)           0.206     2.317    <hidden>
    SLICE_X63Y243        LUT3 (Prop_A6LUT_SLICEM_I2_O)
                                                      0.053     2.370 r  <hidden>
                         net (fo=1, routed)           0.013     2.383    <hidden>
    SLICE_X63Y243        CARRY8 (Prop_CARRY8_SLICEM_S[0]_CO[2])
                                                      0.115     2.498 f  <hidden>
                         net (fo=1, routed)           0.177     2.675    <hidden>
    DSP48E2_X6Y98        DSP_A_B_DATA (Prop_DSP_A_B_DATA_DSP48E2_B[1]_B_ALU[1])
                                                      0.165     2.840 r  <hidden>
                         net (fo=1, routed)           0.000     2.840    <hidden>
    DSP48E2_X6Y98        DSP_ALU (Prop_DSP_ALU_DSP48E2_B_ALU[1]_ALU_OUT[12])
                                                      0.541     3.381 f  <hidden>
                         net (fo=1, routed)           0.000     3.381    <hidden>
    DSP48E2_X6Y98        DSP_OUTPUT (Prop_DSP_OUTPUT_DSP48E2_ALU_OUT[12]_P[12])
                                                      0.109     3.490 r  <hidden>
                         net (fo=1, routed)           0.231     3.721    <hidden>
    SLICE_X63Y246        CARRY8 (Prop_CARRY8_SLICEM_CI_O[3])
                                                      0.135     3.856 r  <hidden>
                         net (fo=1, routed)           0.125     3.981    <hidden>
    SLICE_X62Y246        LUT2 (Prop_A6LUT_SLICEL_I0_O)
                                                      0.035     4.016 r  <hidden>
                         net (fo=1, routed)           0.048     4.064    <hidden>
    SLICE_X62Y246        FDRE                                         r  <hidden>
  -------------------------------------------------------------------    -------------------

                         (clock ap_clk rise edge)     3.330     3.330 r  
                                                      0.000     3.330 r  ap_clk (IN)
                         net (fo=6474, unset)         0.020     3.350    <hidden>
    SLICE_X62Y246        FDRE                                         r  <hidden>
                         clock pessimism              0.000     3.350    
                         clock uncertainty           -0.035     3.315    
    SLICE_X62Y246        FDRE (Setup_AFF_SLICEL_C_D)
                                                      0.025     3.340    <hidden>
  -------------------------------------------------------------------
                         required time                          3.340    
                         arrival time                          -4.064    
  -------------------------------------------------------------------
                         slack                                 -0.725    

Slack (VIOLATED) :        -0.724ns  (required time - arrival time)
  Source:                 bd_0_i/hls_inst/inst/node_0_0_U0/grp_node_0_0_Pipeline_l_S_t_1_t_fu_340/hsub_16ns_16ns_16_3_no_dsp_1_U2/din0_buf1_reg[0]_replica/C
                            (rising edge-triggered cell FDRE clocked by ap_clk  {rise@0.000ns fall@1.665ns period=3.330ns})
  Destination:            <hidden>
                            (rising edge-triggered cell FDRE clocked by ap_clk  {rise@0.000ns fall@1.665ns period=3.330ns})
  Path Group:             ap_clk
  Path Type:              Setup (Max at Slow Process Corner)
  Requirement:            3.330ns  (ap_clk rise@3.330ns - ap_clk rise@0.000ns)
  Data Path Delay:        4.033ns  (logic 1.767ns (43.809%)  route 2.266ns (56.191%))
  Logic Levels:           21  (CARRY8=8 LUT4=2 LUT5=3 LUT6=8)
  Clock Path Skew:        -0.010ns (DCD - SCD + CPR)
    Destination Clock Delay (DCD):    0.020ns = ( 3.350 - 3.330 ) 
    Source Clock Delay      (SCD):    0.030ns
    Clock Pessimism Removal (CPR):    0.000ns
  Clock Uncertainty:      0.035ns  ((TSJ^2 + TIJ^2)^1/2 + DJ) / 2 + PE
    Total System Jitter     (TSJ):    0.071ns
    Total Input Jitter      (TIJ):    0.000ns
    Discrete Jitter          (DJ):    0.000ns
    Phase Error              (PE):    0.000ns

    Location             Delay type                Incr(ns)  Path(ns)    Netlist Resource(s)
  -------------------------------------------------------------------    -------------------
                         (clock ap_clk rise edge)     0.000     0.000 r  
                                                      0.000     0.000 r  ap_clk (IN)
                         net (fo=6474, unset)         0.030     0.030    bd_0_i/hls_inst/inst/node_0_0_U0/grp_node_0_0_Pipeline_l_S_t_1_t_fu_340/hsub_16ns_16ns_16_3_no_dsp_1_U2/ap_clk
    SLICE_X61Y237        FDRE                                         r  bd_0_i/hls_inst/inst/node_0_0_U0/grp_node_0_0_Pipeline_l_S_t_1_t_fu_340/hsub_16ns_16ns_16_3_no_dsp_1_U2/din0_buf1_reg[0]_replica/C
  -------------------------------------------------------------------    -------------------
    SLICE_X61Y237        FDRE (Prop_GFF_SLICEM_C_Q)
                                                      0.078     0.108 r  bd_0_i/hls_inst/inst/node_0_0_U0/grp_node_0_0_Pipeline_l_S_t_1_t_fu_340/hsub_16ns_16ns_16_3_no_dsp_1_U2/din0_buf1_reg[0]_replica/Q
                         net (fo=12, routed)          0.205     0.313    <hidden>
    SLICE_X61Y237        LUT4 (Prop_A6LUT_SLICEM_I1_O)
                                                      0.125     0.438 r  <hidden>
                         net (fo=1, routed)           0.013     0.451    <hidden>
    SLICE_X61Y237        CARRY8 (Prop_CARRY8_SLICEM_S[0]_CO[7])
                                                      0.199     0.650 r  <hidden>
                         net (fo=29, routed)          0.295     0.945    <hidden>
    SLICE_X59Y235        LUT6 (Prop_D6LUT_SLICEL_I4_O)
                                                      0.036     0.981 f  <hidden>
                         net (fo=5, routed)           0.185     1.166    <hidden>
    SLICE_X59Y235        LUT6 (Prop_C6LUT_SLICEL_I0_O)
                                                      0.050     1.216 r  <hidden>
                         net (fo=1, routed)           0.010     1.226    <hidden>
    SLICE_X59Y235        CARRY8 (Prop_CARRY8_SLICEL_S[2]_CO[2])
                                                      0.058     1.284 r  <hidden>
                         net (fo=1, routed)           0.166     1.450    <hidden>
    SLICE_X57Y236        LUT5 (Prop_C6LUT_SLICEM_I0_O)
                                                      0.037     1.487 f  <hidden>
                         net (fo=2, routed)           0.089     1.576    <hidden>
    SLICE_X57Y237        LUT6 (Prop_B6LUT_SLICEM_I5_O)
                                                      0.052     1.628 r  <hidden>
                         net (fo=1, routed)           0.016     1.644    <hidden>
    SLICE_X57Y237        CARRY8 (Prop_CARRY8_SLICEM_S[1]_CO[7])
                                                      0.190     1.834 r  <hidden>
                         net (fo=1, routed)           0.026     1.860    <hidden>
    SLICE_X57Y238        CARRY8 (Prop_CARRY8_SLICEM_CI_O[7])
                                                      0.116     1.976 f  <hidden>
                         net (fo=4, routed)           0.257     2.234    <hidden>
    SLICE_X57Y240        LUT4 (Prop_A6LUT_SLICEM_I3_O)
                                                      0.053     2.287 r  <hidden>
                         net (fo=1, routed)           0.013     2.300    <hidden>
    SLICE_X57Y240        CARRY8 (Prop_CARRY8_SLICEM_S[0]_CO[1])
                                                      0.109     2.409 r  <hidden>
                         net (fo=33, routed)          0.199     2.608    <hidden>
    SLICE_X56Y240        LUT6 (Prop_C6LUT_SLICEM_I1_O)
                                                      0.051     2.659 r  <hidden>
                         net (fo=1, routed)           0.146     2.805    <hidden>
    SLICE_X55Y239        LUT6 (Prop_A6LUT_SLICEL_I5_O)
                                                      0.124     2.929 f  <hidden>
                         net (fo=22, routed)          0.112     3.041    <hidden>
    SLICE_X55Y238        LUT5 (Prop_B6LUT_SLICEL_I4_O)
                                                      0.036     3.077 r  <hidden>
                         net (fo=2, routed)           0.086     3.163    <hidden>
    SLICE_X55Y237        LUT6 (Prop_C6LUT_SLICEL_I2_O)
                                                      0.050     3.213 r  <hidden>
                         net (fo=2, routed)           0.088     3.301    <hidden>
    SLICE_X54Y237        LUT6 (Prop_A6LUT_SLICEM_I5_O)
                                                      0.038     3.339 r  <hidden>
                         net (fo=1, routed)           0.013     3.352    <hidden>
    SLICE_X54Y237        CARRY8 (Prop_CARRY8_SLICEM_S[0]_CO[7])
                                                      0.192     3.544 r  <hidden>
                         net (fo=1, routed)           0.026     3.570    <hidden>
    SLICE_X54Y238        CARRY8 (Prop_CARRY8_SLICEM_CI_CO[7])
                                                      0.015     3.585 r  <hidden>
                         net (fo=1, routed)           0.026     3.611    <hidden>
    SLICE_X54Y239        CARRY8 (Prop_CARRY8_SLICEM_CI_O[0])
                                                      0.056     3.667 r  <hidden>
                         net (fo=4, routed)           0.139     3.805    <hidden>
    SLICE_X55Y239        LUT5 (Prop_G5LUT_SLICEL_I0_O)
                                                      0.067     3.872 r  <hidden>
                         net (fo=1, routed)           0.110     3.982    <hidden>
    SLICE_X55Y238        LUT6 (Prop_E6LUT_SLICEL_I1_O)
                                                      0.035     4.017 r  <hidden>
                         net (fo=1, routed)           0.046     4.063    <hidden>
    SLICE_X55Y238        FDRE                                         r  <hidden>
  -------------------------------------------------------------------    -------------------

                         (clock ap_clk rise edge)     3.330     3.330 r  
                                                      0.000     3.330 r  ap_clk (IN)
                         net (fo=6474, unset)         0.020     3.350    <hidden>
    SLICE_X55Y238        FDRE                                         r  <hidden>
                         clock pessimism              0.000     3.350    
                         clock uncertainty           -0.035     3.315    
    SLICE_X55Y238        FDRE (Setup_EFF_SLICEL_C_D)
                                                      0.025     3.340    <hidden>
  -------------------------------------------------------------------
                         required time                          3.340    
                         arrival time                          -4.063    
  -------------------------------------------------------------------
                         slack                                 -0.724    

Slack (VIOLATED) :        -0.723ns  (required time - arrival time)
  Source:                 bd_0_i/hls_inst/inst/node_0_0_U0/grp_node_0_0_Pipeline_l_S_t_1_t_fu_340/hsub_16ns_16ns_16_3_no_dsp_1_U2/din1_buf1_reg[5]_replica_1/C
                            (rising edge-triggered cell FDRE clocked by ap_clk  {rise@0.000ns fall@1.665ns period=3.330ns})
  Destination:            <hidden>
                            (rising edge-triggered cell FDRE clocked by ap_clk  {rise@0.000ns fall@1.665ns period=3.330ns})
  Path Group:             ap_clk
  Path Type:              Setup (Max at Slow Process Corner)
  Requirement:            3.330ns  (ap_clk rise@3.330ns - ap_clk rise@0.000ns)
  Data Path Delay:        4.032ns  (logic 3.042ns (75.441%)  route 0.990ns (24.559%))
  Logic Levels:           13  (CARRY8=2 DSP_A_B_DATA=2 DSP_ALU=2 DSP_M_DATA=1 DSP_MULTIPLIER=1 DSP_OUTPUT=2 DSP_PREADD_DATA=1 LUT2=1 LUT3=1)
  Clock Path Skew:        -0.010ns (DCD - SCD + CPR)
    Destination Clock Delay (DCD):    0.020ns = ( 3.350 - 3.330 ) 
    Source Clock Delay      (SCD):    0.030ns
    Clock Pessimism Removal (CPR):    0.000ns
  Clock Uncertainty:      0.035ns  ((TSJ^2 + TIJ^2)^1/2 + DJ) / 2 + PE
    Total System Jitter     (TSJ):    0.071ns
    Total Input Jitter      (TIJ):    0.000ns
    Discrete Jitter          (DJ):    0.000ns
    Phase Error              (PE):    0.000ns

    Location             Delay type                Incr(ns)  Path(ns)    Netlist Resource(s)
  -------------------------------------------------------------------    -------------------
                         (clock ap_clk rise edge)     0.000     0.000 r  
                                                      0.000     0.000 r  ap_clk (IN)
                         net (fo=6474, unset)         0.030     0.030    bd_0_i/hls_inst/inst/node_0_0_U0/grp_node_0_0_Pipeline_l_S_t_1_t_fu_340/hsub_16ns_16ns_16_3_no_dsp_1_U2/ap_clk
    SLICE_X63Y240        FDRE                                         r  bd_0_i/hls_inst/inst/node_0_0_U0/grp_node_0_0_Pipeline_l_S_t_1_t_fu_340/hsub_16ns_16ns_16_3_no_dsp_1_U2/din1_buf1_reg[5]_replica_1/C
  -------------------------------------------------------------------    -------------------
    SLICE_X63Y240        FDRE (Prop_BFF2_SLICEM_C_Q)
                                                      0.080     0.110 f  bd_0_i/hls_inst/inst/node_0_0_U0/grp_node_0_0_Pipeline_l_S_t_1_t_fu_340/hsub_16ns_16ns_16_3_no_dsp_1_U2/din1_buf1_reg[5]_replica_1/Q
                         net (fo=1, routed)           0.188     0.298    <hidden>
    DSP48E2_X6Y96        DSP_A_B_DATA (Prop_DSP_A_B_DATA_DSP48E2_B[5]_B2_DATA[5])
                                                      0.151     0.449 r  <hidden>
                         net (fo=1, routed)           0.000     0.449    <hidden>
    DSP48E2_X6Y96        DSP_PREADD_DATA (Prop_DSP_PREADD_DATA_DSP48E2_B2_DATA[5]_B2B1[5])
                                                      0.073     0.522 r  <hidden>
                         net (fo=1, routed)           0.000     0.522    <hidden>
    DSP48E2_X6Y96        DSP_MULTIPLIER (Prop_DSP_MULTIPLIER_DSP48E2_B2B1[5]_V[35])
                                                      0.609     1.131 f  <hidden>
                         net (fo=1, routed)           0.000     1.131    <hidden>
    DSP48E2_X6Y96        DSP_M_DATA (Prop_DSP_M_DATA_DSP48E2_V[35]_V_DATA[35])
                                                      0.046     1.177 r  <hidden>
                         net (fo=1, routed)           0.000     1.177    <hidden>
    DSP48E2_X6Y96        DSP_ALU (Prop_DSP_ALU_DSP48E2_V_DATA[35]_ALU_OUT[47])
                                                      0.571     1.748 r  <hidden>
                         net (fo=1, routed)           0.000     1.748    <hidden>
    DSP48E2_X6Y96        DSP_OUTPUT (Prop_DSP_OUTPUT_DSP48E2_ALU_OUT[47]_PATTERN_DETECT)
                                                      0.363     2.111 f  <hidden>
                         net (fo=2, routed)           0.206     2.317    <hidden>
    SLICE_X63Y243        LUT3 (Prop_A6LUT_SLICEM_I2_O)
                                                      0.053     2.370 r  <hidden>
                         net (fo=1, routed)           0.013     2.383    <hidden>
    SLICE_X63Y243        CARRY8 (Prop_CARRY8_SLICEM_S[0]_CO[2])
                                                      0.115     2.498 f  <hidden>
                         net (fo=1, routed)           0.177     2.675    <hidden>
    DSP48E2_X6Y98        DSP_A_B_DATA (Prop_DSP_A_B_DATA_DSP48E2_B[1]_B_ALU[1])
                                                      0.165     2.840 r  <hidden>
                         net (fo=1, routed)           0.000     2.840    <hidden>
    DSP48E2_X6Y98        DSP_ALU (Prop_DSP_ALU_DSP48E2_B_ALU[1]_ALU_OUT[12])
                                                      0.541     3.381 f  <hidden>
                         net (fo=1, routed)           0.000     3.381    <hidden>
    DSP48E2_X6Y98        DSP_OUTPUT (Prop_DSP_OUTPUT_DSP48E2_ALU_OUT[12]_P[12])
                                                      0.109     3.490 r  <hidden>
                         net (fo=1, routed)           0.231     3.721    <hidden>
    SLICE_X63Y246        CARRY8 (Prop_CARRY8_SLICEM_CI_O[2])
                                                      0.131     3.852 r  <hidden>
                         net (fo=1, routed)           0.129     3.981    <hidden>
    SLICE_X62Y246        LUT2 (Prop_E6LUT_SLICEL_I0_O)
                                                      0.035     4.016 r  <hidden>
                         net (fo=1, routed)           0.046     4.062    <hidden>
    SLICE_X62Y246        FDRE                                         r  <hidden>
  -------------------------------------------------------------------    -------------------

                         (clock ap_clk rise edge)     3.330     3.330 r  
                                                      0.000     3.330 r  ap_clk (IN)
                         net (fo=6474, unset)         0.020     3.350    <hidden>
    SLICE_X62Y246        FDRE                                         r  <hidden>
                         clock pessimism              0.000     3.350    
                         clock uncertainty           -0.035     3.315    
    SLICE_X62Y246        FDRE (Setup_EFF_SLICEL_C_D)
                                                      0.025     3.340    <hidden>
  -------------------------------------------------------------------
                         required time                          3.340    
                         arrival time                          -4.062    
  -------------------------------------------------------------------
                         slack                                 -0.723    

Slack (VIOLATED) :        -0.703ns  (required time - arrival time)
  Source:                 bd_0_i/hls_inst/inst/node_0_0_U0/grp_node_0_0_Pipeline_l_S_t_1_t_fu_340/hsub_16ns_16ns_16_3_no_dsp_1_U2/din0_buf1_reg[2]_replica/C
                            (rising edge-triggered cell FDRE clocked by ap_clk  {rise@0.000ns fall@1.665ns period=3.330ns})
  Destination:            <hidden>
                            (rising edge-triggered cell FDRE clocked by ap_clk  {rise@0.000ns fall@1.665ns period=3.330ns})
  Path Group:             ap_clk
  Path Type:              Setup (Max at Slow Process Corner)
  Requirement:            3.330ns  (ap_clk rise@3.330ns - ap_clk rise@0.000ns)
  Data Path Delay:        4.013ns  (logic 1.957ns (48.772%)  route 2.056ns (51.228%))
  Logic Levels:           21  (CARRY8=7 LUT4=3 LUT5=5 LUT6=6)
  Clock Path Skew:        -0.010ns (DCD - SCD + CPR)
    Destination Clock Delay (DCD):    0.020ns = ( 3.350 - 3.330 ) 
    Source Clock Delay      (SCD):    0.030ns
    Clock Pessimism Removal (CPR):    0.000ns
  Clock Uncertainty:      0.035ns  ((TSJ^2 + TIJ^2)^1/2 + DJ) / 2 + PE
    Total System Jitter     (TSJ):    0.071ns
    Total Input Jitter      (TIJ):    0.000ns
    Discrete Jitter          (DJ):    0.000ns
    Phase Error              (PE):    0.000ns

    Location             Delay type                Incr(ns)  Path(ns)    Netlist Resource(s)
  -------------------------------------------------------------------    -------------------
                         (clock ap_clk rise edge)     0.000     0.000 r  
                                                      0.000     0.000 r  ap_clk (IN)
                         net (fo=6474, unset)         0.030     0.030    bd_0_i/hls_inst/inst/node_0_0_U0/grp_node_0_0_Pipeline_l_S_t_1_t_fu_340/hsub_16ns_16ns_16_3_no_dsp_1_U2/ap_clk
    SLICE_X61Y237        FDRE                                         r  bd_0_i/hls_inst/inst/node_0_0_U0/grp_node_0_0_Pipeline_l_S_t_1_t_fu_340/hsub_16ns_16ns_16_3_no_dsp_1_U2/din0_buf1_reg[2]_replica/C
  -------------------------------------------------------------------    -------------------
    SLICE_X61Y237        FDRE (Prop_AFF_SLICEM_C_Q)
                                                      0.077     0.107 r  bd_0_i/hls_inst/inst/node_0_0_U0/grp_node_0_0_Pipeline_l_S_t_1_t_fu_340/hsub_16ns_16ns_16_3_no_dsp_1_U2/din0_buf1_reg[2]_replica/Q
                         net (fo=11, routed)          0.200     0.307    <hidden>
    SLICE_X61Y238        LUT4 (Prop_B6LUT_SLICEM_I3_O)
                                                      0.125     0.432 r  <hidden>
                         net (fo=1, routed)           0.016     0.448    <hidden>
    SLICE_X61Y238        CARRY8 (Prop_CARRY8_SLICEM_S[1]_CO[7])
                                                      0.197     0.645 r  <hidden>
                         net (fo=29, routed)          0.187     0.832    <hidden>
    SLICE_X60Y238        LUT6 (Prop_D6LUT_SLICEL_I4_O)
                                                      0.146     0.978 f  <hidden>
                         net (fo=3, routed)           0.154     1.132    <hidden>
    SLICE_X60Y239        LUT4 (Prop_B6LUT_SLICEL_I3_O)
                                                      0.036     1.168 r  <hidden>
                         net (fo=1, routed)           0.009     1.177    <hidden>
    SLICE_X60Y239        CARRY8 (Prop_CARRY8_SLICEL_S[1]_CO[1])
                                                      0.088     1.265 r  <hidden>
                         net (fo=1, routed)           0.119     1.384    <hidden>
    SLICE_X60Y240        LUT5 (Prop_B6LUT_SLICEL_I1_O)
                                                      0.051     1.435 r  <hidden>
                         net (fo=1, routed)           0.085     1.520    <hidden>
    SLICE_X60Y241        LUT6 (Prop_E6LUT_SLICEL_I5_O)
                                                      0.035     1.555 r  <hidden>
                         net (fo=2, routed)           0.139     1.694    <hidden>
    SLICE_X59Y241        LUT6 (Prop_B6LUT_SLICEL_I0_O)
                                                      0.098     1.792 r  <hidden>
                         net (fo=1, routed)           0.009     1.801    <hidden>
    SLICE_X59Y241        CARRY8 (Prop_CARRY8_SLICEL_S[1]_O[4])
                                                      0.200     2.001 f  <hidden>
                         net (fo=7, routed)           0.150     2.151    <hidden>
    SLICE_X57Y241        LUT4 (Prop_A6LUT_SLICEM_I0_O)
                                                      0.150     2.301 r  <hidden>
                         net (fo=1, routed)           0.013     2.314    <hidden>
    SLICE_X57Y241        CARRY8 (Prop_CARRY8_SLICEM_S[0]_CO[0])
                                                      0.071     2.385 f  <hidden>
                         net (fo=13, routed)          0.218     2.603    <hidden>
    SLICE_X57Y244        LUT5 (Prop_A6LUT_SLICEM_I4_O)
                                                      0.090     2.693 f  <hidden>
                         net (fo=2, routed)           0.091     2.784    <hidden>
    SLICE_X58Y244        LUT5 (Prop_C6LUT_SLICEL_I0_O)
                                                      0.096     2.880 f  <hidden>
                         net (fo=21, routed)          0.066     2.947    <hidden>
    SLICE_X58Y243        LUT5 (Prop_G6LUT_SLICEL_I4_O)
                                                      0.035     2.982 r  <hidden>
                         net (fo=2, routed)           0.180     3.162    <hidden>
    SLICE_X57Y241        LUT6 (Prop_D6LUT_SLICEM_I1_O)
                                                      0.051     3.213 r  <hidden>
                         net (fo=2, routed)           0.085     3.298    <hidden>
    SLICE_X58Y241        LUT5 (Prop_A6LUT_SLICEL_I2_O)
                                                      0.050     3.348 r  <hidden>
                         net (fo=1, routed)           0.009     3.357    <hidden>
    SLICE_X58Y241        CARRY8 (Prop_CARRY8_SLICEL_S[0]_CO[7])
                                                      0.190     3.547 r  <hidden>
                         net (fo=1, routed)           0.026     3.573    <hidden>
    SLICE_X58Y242        CARRY8 (Prop_CARRY8_SLICEL_CI_CO[7])
                                                      0.015     3.588 r  <hidden>
                         net (fo=1, routed)           0.026     3.614    <hidden>
    SLICE_X58Y243        CARRY8 (Prop_CARRY8_SLICEL_CI_O[0])
                                                      0.056     3.670 r  <hidden>
                         net (fo=4, routed)           0.138     3.808    <hidden>
    SLICE_X59Y243        LUT6 (Prop_G6LUT_SLICEL_I1_O)
                                                      0.050     3.858 r  <hidden>
                         net (fo=2, routed)           0.087     3.945    <hidden>
    SLICE_X59Y244        LUT6 (Prop_G6LUT_SLICEL_I0_O)
                                                      0.050     3.995 r  <hidden>
                         net (fo=1, routed)           0.048     4.043    <hidden>
    SLICE_X59Y244        FDRE                                         r  <hidden>
  -------------------------------------------------------------------    -------------------

                         (clock ap_clk rise edge)     3.330     3.330 r  
                                                      0.000     3.330 r  ap_clk (IN)
                         net (fo=6474, unset)         0.020     3.350    <hidden>
    SLICE_X59Y244        FDRE                                         r  <hidden>
                         clock pessimism              0.000     3.350    
                         clock uncertainty           -0.035     3.315    
    SLICE_X59Y244        FDRE (Setup_GFF_SLICEL_C_D)
                                                      0.025     3.340    <hidden>
  -------------------------------------------------------------------
                         required time                          3.340    
                         arrival time                          -4.043    
  -------------------------------------------------------------------
                         slack                                 -0.703    

Slack (VIOLATED) :        -0.699ns  (required time - arrival time)
  Source:                 bd_0_i/hls_inst/inst/node_0_0_U0/grp_node_0_0_Pipeline_l_S_t_1_t_fu_340/hsub_16ns_16ns_16_3_no_dsp_1_U2/din0_buf1_reg[0]_replica/C
                            (rising edge-triggered cell FDRE clocked by ap_clk  {rise@0.000ns fall@1.665ns period=3.330ns})
  Destination:            <hidden>
                            (rising edge-triggered cell FDRE clocked by ap_clk  {rise@0.000ns fall@1.665ns period=3.330ns})
  Path Group:             ap_clk
  Path Type:              Setup (Max at Slow Process Corner)
  Requirement:            3.330ns  (ap_clk rise@3.330ns - ap_clk rise@0.000ns)
  Data Path Delay:        4.010ns  (logic 1.739ns (43.371%)  route 2.271ns (56.629%))
  Logic Levels:           21  (CARRY8=8 LUT4=2 LUT5=2 LUT6=9)
  Clock Path Skew:        -0.009ns (DCD - SCD + CPR)
    Destination Clock Delay (DCD):    0.021ns = ( 3.351 - 3.330 ) 
    Source Clock Delay      (SCD):    0.030ns
    Clock Pessimism Removal (CPR):    0.000ns
  Clock Uncertainty:      0.035ns  ((TSJ^2 + TIJ^2)^1/2 + DJ) / 2 + PE
    Total System Jitter     (TSJ):    0.071ns
    Total Input Jitter      (TIJ):    0.000ns
    Discrete Jitter          (DJ):    0.000ns
    Phase Error              (PE):    0.000ns

    Location             Delay type                Incr(ns)  Path(ns)    Netlist Resource(s)
  -------------------------------------------------------------------    -------------------
                         (clock ap_clk rise edge)     0.000     0.000 r  
                                                      0.000     0.000 r  ap_clk (IN)
                         net (fo=6474, unset)         0.030     0.030    bd_0_i/hls_inst/inst/node_0_0_U0/grp_node_0_0_Pipeline_l_S_t_1_t_fu_340/hsub_16ns_16ns_16_3_no_dsp_1_U2/ap_clk
    SLICE_X61Y237        FDRE                                         r  bd_0_i/hls_inst/inst/node_0_0_U0/grp_node_0_0_Pipeline_l_S_t_1_t_fu_340/hsub_16ns_16ns_16_3_no_dsp_1_U2/din0_buf1_reg[0]_replica/C
  -------------------------------------------------------------------    -------------------
    SLICE_X61Y237        FDRE (Prop_GFF_SLICEM_C_Q)
                                                      0.078     0.108 r  bd_0_i/hls_inst/inst/node_0_0_U0/grp_node_0_0_Pipeline_l_S_t_1_t_fu_340/hsub_16ns_16ns_16_3_no_dsp_1_U2/din0_buf1_reg[0]_replica/Q
                         net (fo=12, routed)          0.205     0.313    <hidden>
    SLICE_X61Y237        LUT4 (Prop_A6LUT_SLICEM_I1_O)
                                                      0.125     0.438 r  <hidden>
                         net (fo=1, routed)           0.013     0.451    <hidden>
    SLICE_X61Y237        CARRY8 (Prop_CARRY8_SLICEM_S[0]_CO[7])
                                                      0.199     0.650 r  <hidden>
                         net (fo=29, routed)          0.295     0.945    <hidden>
    SLICE_X59Y235        LUT6 (Prop_D6LUT_SLICEL_I4_O)
                                                      0.036     0.981 f  <hidden>
                         net (fo=5, routed)           0.185     1.166    <hidden>
    SLICE_X59Y235        LUT6 (Prop_C6LUT_SLICEL_I0_O)
                                                      0.050     1.216 r  <hidden>
                         net (fo=1, routed)           0.010     1.226    <hidden>
    SLICE_X59Y235        CARRY8 (Prop_CARRY8_SLICEL_S[2]_CO[2])
                                                      0.058     1.284 r  <hidden>
                         net (fo=1, routed)           0.166     1.450    <hidden>
    SLICE_X57Y236        LUT5 (Prop_C6LUT_SLICEM_I0_O)
                                                      0.037     1.487 f  <hidden>
                         net (fo=2, routed)           0.089     1.576    <hidden>
    SLICE_X57Y237        LUT6 (Prop_B6LUT_SLICEM_I5_O)
                                                      0.052     1.628 r  <hidden>
                         net (fo=1, routed)           0.016     1.644    <hidden>
    SLICE_X57Y237        CARRY8 (Prop_CARRY8_SLICEM_S[1]_CO[7])
                                                      0.190     1.834 r  <hidden>
                         net (fo=1, routed)           0.026     1.860    <hidden>
    SLICE_X57Y238        CARRY8 (Prop_CARRY8_SLICEM_CI_O[7])
                                                      0.116     1.976 f  <hidden>
                         net (fo=4, routed)           0.257     2.234    <hidden>
    SLICE_X57Y240        LUT4 (Prop_A6LUT_SLICEM_I3_O)
                                                      0.053     2.287 r  <hidden>
                         net (fo=1, routed)           0.013     2.300    <hidden>
    SLICE_X57Y240        CARRY8 (Prop_CARRY8_SLICEM_S[0]_CO[1])
                                                      0.109     2.409 r  <hidden>
                         net (fo=33, routed)          0.199     2.608    <hidden>
    SLICE_X56Y240        LUT6 (Prop_C6LUT_SLICEM_I1_O)
                                                      0.051     2.659 r  <hidden>
                         net (fo=1, routed)           0.146     2.805    <hidden>
    SLICE_X55Y239        LUT6 (Prop_A6LUT_SLICEL_I5_O)
                                                      0.124     2.929 f  <hidden>
                         net (fo=22, routed)          0.112     3.041    <hidden>
    SLICE_X55Y238        LUT5 (Prop_B6LUT_SLICEL_I4_O)
                                                      0.036     3.077 r  <hidden>
                         net (fo=2, routed)           0.086     3.163    <hidden>
    SLICE_X55Y237        LUT6 (Prop_C6LUT_SLICEL_I2_O)
                                                      0.050     3.213 r  <hidden>
                         net (fo=2, routed)           0.088     3.301    <hidden>
    SLICE_X54Y237        LUT6 (Prop_A6LUT_SLICEM_I5_O)
                                                      0.038     3.339 r  <hidden>
                         net (fo=1, routed)           0.013     3.352    <hidden>
    SLICE_X54Y237        CARRY8 (Prop_CARRY8_SLICEM_S[0]_CO[7])
                                                      0.192     3.544 r  <hidden>
                         net (fo=1, routed)           0.026     3.570    <hidden>
    SLICE_X54Y238        CARRY8 (Prop_CARRY8_SLICEM_CI_CO[7])
                                                      0.015     3.585 r  <hidden>
                         net (fo=1, routed)           0.026     3.611    <hidden>
    SLICE_X54Y239        CARRY8 (Prop_CARRY8_SLICEM_CI_O[0])
                                                      0.056     3.667 r  <hidden>
                         net (fo=4, routed)           0.181     3.848    <hidden>
    SLICE_X54Y236        LUT6 (Prop_E6LUT_SLICEM_I5_O)
                                                      0.037     3.885 r  <hidden>
                         net (fo=2, routed)           0.046     3.931    <hidden>
    SLICE_X54Y236        LUT6 (Prop_D6LUT_SLICEM_I1_O)
                                                      0.037     3.968 r  <hidden>
                         net (fo=1, routed)           0.072     4.040    <hidden>
    SLICE_X54Y236        FDRE                                         r  <hidden>
  -------------------------------------------------------------------    -------------------

                         (clock ap_clk rise edge)     3.330     3.330 r  
                                                      0.000     3.330 r  ap_clk (IN)
                         net (fo=6474, unset)         0.021     3.351    <hidden>
    SLICE_X54Y236        FDRE                                         r  <hidden>
                         clock pessimism              0.000     3.351    
                         clock uncertainty           -0.035     3.316    
    SLICE_X54Y236        FDRE (Setup_DFF_SLICEM_C_D)
                                                      0.025     3.341    <hidden>
  -------------------------------------------------------------------
                         required time                          3.341    
                         arrival time                          -4.040    
  -------------------------------------------------------------------
                         slack                                 -0.699    

Slack (VIOLATED) :        -0.694ns  (required time - arrival time)
  Source:                 bd_0_i/hls_inst/inst/node_0_0_U0/grp_node_0_0_Pipeline_l_S_t_1_t_fu_340/hsub_16ns_16ns_16_3_no_dsp_1_U2/din0_buf1_reg[0]_replica/C
                            (rising edge-triggered cell FDRE clocked by ap_clk  {rise@0.000ns fall@1.665ns period=3.330ns})
  Destination:            <hidden>
                            (rising edge-triggered cell FDRE clocked by ap_clk  {rise@0.000ns fall@1.665ns period=3.330ns})
  Path Group:             ap_clk
  Path Type:              Setup (Max at Slow Process Corner)
  Requirement:            3.330ns  (ap_clk rise@3.330ns - ap_clk rise@0.000ns)
  Data Path Delay:        4.003ns  (logic 1.806ns (45.111%)  route 2.197ns (54.889%))
  Logic Levels:           21  (CARRY8=8 LUT4=2 LUT5=2 LUT6=9)
  Clock Path Skew:        -0.010ns (DCD - SCD + CPR)
    Destination Clock Delay (DCD):    0.020ns = ( 3.350 - 3.330 ) 
    Source Clock Delay      (SCD):    0.030ns
    Clock Pessimism Removal (CPR):    0.000ns
  Clock Uncertainty:      0.035ns  ((TSJ^2 + TIJ^2)^1/2 + DJ) / 2 + PE
    Total System Jitter     (TSJ):    0.071ns
    Total Input Jitter      (TIJ):    0.000ns
    Discrete Jitter          (DJ):    0.000ns
    Phase Error              (PE):    0.000ns

    Location             Delay type                Incr(ns)  Path(ns)    Netlist Resource(s)
  -------------------------------------------------------------------    -------------------
                         (clock ap_clk rise edge)     0.000     0.000 r  
                                                      0.000     0.000 r  ap_clk (IN)
                         net (fo=6474, unset)         0.030     0.030    bd_0_i/hls_inst/inst/node_0_0_U0/grp_node_0_0_Pipeline_l_S_t_1_t_fu_340/hsub_16ns_16ns_16_3_no_dsp_1_U2/ap_clk
    SLICE_X61Y237        FDRE                                         r  bd_0_i/hls_inst/inst/node_0_0_U0/grp_node_0_0_Pipeline_l_S_t_1_t_fu_340/hsub_16ns_16ns_16_3_no_dsp_1_U2/din0_buf1_reg[0]_replica/C
  -------------------------------------------------------------------    -------------------
    SLICE_X61Y237        FDRE (Prop_GFF_SLICEM_C_Q)
                                                      0.078     0.108 r  bd_0_i/hls_inst/inst/node_0_0_U0/grp_node_0_0_Pipeline_l_S_t_1_t_fu_340/hsub_16ns_16ns_16_3_no_dsp_1_U2/din0_buf1_reg[0]_replica/Q
                         net (fo=12, routed)          0.205     0.313    <hidden>
    SLICE_X61Y237        LUT4 (Prop_A6LUT_SLICEM_I1_O)
                                                      0.125     0.438 r  <hidden>
                         net (fo=1, routed)           0.013     0.451    <hidden>
    SLICE_X61Y237        CARRY8 (Prop_CARRY8_SLICEM_S[0]_CO[7])
                                                      0.199     0.650 r  <hidden>
                         net (fo=29, routed)          0.295     0.945    <hidden>
    SLICE_X59Y235        LUT6 (Prop_D6LUT_SLICEL_I4_O)
                                                      0.036     0.981 f  <hidden>
                         net (fo=5, routed)           0.185     1.166    <hidden>
    SLICE_X59Y235        LUT6 (Prop_C6LUT_SLICEL_I0_O)
                                                      0.050     1.216 r  <hidden>
                         net (fo=1, routed)           0.010     1.226    <hidden>
    SLICE_X59Y235        CARRY8 (Prop_CARRY8_SLICEL_S[2]_CO[2])
                                                      0.058     1.284 r  <hidden>
                         net (fo=1, routed)           0.166     1.450    <hidden>
    SLICE_X57Y236        LUT5 (Prop_C6LUT_SLICEM_I0_O)
                                                      0.037     1.487 f  <hidden>
                         net (fo=2, routed)           0.089     1.576    <hidden>
    SLICE_X57Y237        LUT6 (Prop_B6LUT_SLICEM_I5_O)
                                                      0.052     1.628 r  <hidden>
                         net (fo=1, routed)           0.016     1.644    <hidden>
    SLICE_X57Y237        CARRY8 (Prop_CARRY8_SLICEM_S[1]_CO[7])
                                                      0.190     1.834 r  <hidden>
                         net (fo=1, routed)           0.026     1.860    <hidden>
    SLICE_X57Y238        CARRY8 (Prop_CARRY8_SLICEM_CI_O[7])
                                                      0.116     1.976 f  <hidden>
                         net (fo=4, routed)           0.257     2.234    <hidden>
    SLICE_X57Y240        LUT4 (Prop_A6LUT_SLICEM_I3_O)
                                                      0.053     2.287 r  <hidden>
                         net (fo=1, routed)           0.013     2.300    <hidden>
    SLICE_X57Y240        CARRY8 (Prop_CARRY8_SLICEM_S[0]_CO[1])
                                                      0.109     2.409 r  <hidden>
                         net (fo=33, routed)          0.199     2.608    <hidden>
    SLICE_X56Y240        LUT6 (Prop_C6LUT_SLICEM_I1_O)
                                                      0.051     2.659 r  <hidden>
                         net (fo=1, routed)           0.146     2.805    <hidden>
    SLICE_X55Y239        LUT6 (Prop_A6LUT_SLICEL_I5_O)
                                                      0.124     2.929 f  <hidden>
                         net (fo=22, routed)          0.112     3.041    <hidden>
    SLICE_X55Y238        LUT5 (Prop_B6LUT_SLICEL_I4_O)
                                                      0.036     3.077 r  <hidden>
                         net (fo=2, routed)           0.086     3.163    <hidden>
    SLICE_X55Y237        LUT6 (Prop_C6LUT_SLICEL_I2_O)
                                                      0.050     3.213 r  <hidden>
                         net (fo=2, routed)           0.088     3.301    <hidden>
    SLICE_X54Y237        LUT6 (Prop_A6LUT_SLICEM_I5_O)
                                                      0.038     3.339 r  <hidden>
                         net (fo=1, routed)           0.013     3.352    <hidden>
    SLICE_X54Y237        CARRY8 (Prop_CARRY8_SLICEM_S[0]_CO[7])
                                                      0.192     3.544 r  <hidden>
                         net (fo=1, routed)           0.026     3.570    <hidden>
    SLICE_X54Y238        CARRY8 (Prop_CARRY8_SLICEM_CI_CO[7])
                                                      0.015     3.585 r  <hidden>
                         net (fo=1, routed)           0.026     3.611    <hidden>
    SLICE_X54Y239        CARRY8 (Prop_CARRY8_SLICEM_CI_O[0])
                                                      0.056     3.667 r  <hidden>
                         net (fo=4, routed)           0.140     3.806    <hidden>
    SLICE_X55Y239        LUT6 (Prop_H6LUT_SLICEL_I5_O)
                                                      0.051     3.857 r  <hidden>
                         net (fo=1, routed)           0.040     3.897    <hidden>
    SLICE_X55Y239        LUT6 (Prop_E6LUT_SLICEL_I0_O)
                                                      0.090     3.987 r  <hidden>
                         net (fo=1, routed)           0.046     4.033    <hidden>
    SLICE_X55Y239        FDRE                                         r  <hidden>
  -------------------------------------------------------------------    -------------------

                         (clock ap_clk rise edge)     3.330     3.330 r  
                                                      0.000     3.330 r  ap_clk (IN)
                         net (fo=6474, unset)         0.020     3.350    <hidden>
    SLICE_X55Y239        FDRE                                         r  <hidden>
                         clock pessimism              0.000     3.350    
                         clock uncertainty           -0.035     3.315    
    SLICE_X55Y239        FDRE (Setup_EFF_SLICEL_C_D)
                                                      0.025     3.340    <hidden>
  -------------------------------------------------------------------
                         required time                          3.340    
                         arrival time                          -4.033    
  -------------------------------------------------------------------
                         slack                                 -0.694    




