Copyright 1986-2022 Xilinx, Inc. All Rights Reserved. Copyright 2022-2025 Advanced Micro Devices, Inc. All Rights Reserved.
--------------------------------------------------------------------------------------------------------------------------------------------------
| Tool Version      : Vivado v.2025.1 (lin64) Build 6140274 Wed May 21 22:58:25 MDT 2025
| Date              : Thu Jul 23 14:48:15 2026
| Host              : zhang-21.ece.cornell.edu running 64-bit Red Hat Enterprise Linux release 8.10 (Ootpa)
| Command           : report_timing_summary -file ./report/top_timing_routed.rpt
| Design            : bd_0_wrapper
| Device            : xczu7ev-ffvc1156
| Speed File        : -2  PRODUCTION 1.30 05-15-2022
| Design State      : Routed
| Temperature Grade : E
--------------------------------------------------------------------------------------------------------------------------------------------------

Timing Summary Report

------------------------------------------------------------------------------------------------
| Timer Settings
| --------------
------------------------------------------------------------------------------------------------

  Enable Multi Corner Analysis               :  Yes
  Enable Pessimism Removal                   :  Yes
  Pessimism Removal Resolution               :  Nearest Common Node
  Enable Input Delay Default Clock           :  No
  Enable Preset / Clear Arcs                 :  No
  Disable Flight Delays                      :  No
  Ignore I/O Paths                           :  No
  Timing Early Launch at Borrowing Latches   :  No
  Borrow Time for Max Delay Exceptions       :  Yes
  Merge Timing Exceptions                    :  Yes
  Inter-SLR Compensation                     :  Conservative

  Corner  Analyze    Analyze    
  Name    Max Paths  Min Paths  
  ------  ---------  ---------  
  Slow    Yes        Yes        
  Fast    Yes        Yes        


------------------------------------------------------------------------------------------------
| Report Methodology
| ------------------
------------------------------------------------------------------------------------------------

Rule       Severity  Description                    Violations  
---------  --------  -----------------------------  ----------  
TIMING-18  Warning   Missing input or output delay  717         

Note: This report is based on the most recent report_methodology run and may not be up-to-date. Run report_methodology on the current design for the latest report.



check_timing report

Table of Contents
-----------------
1. checking no_clock (0)
2. checking constant_clock (0)
3. checking pulse_width_clock (0)
4. checking unconstrained_internal_endpoints (0)
5. checking no_input_delay (330)
6. checking no_output_delay (339)
7. checking multiple_clock (0)
8. checking generated_clocks (0)
9. checking loops (0)
10. checking partial_input_delay (0)
11. checking partial_output_delay (0)
12. checking latch_loops (0)

1. checking no_clock (0)
------------------------
 There are 0 register/latch pins with no clock.


2. checking constant_clock (0)
------------------------------
 There are 0 register/latch pins with constant_clock.


3. checking pulse_width_clock (0)
---------------------------------
 There are 0 register/latch pins which need pulse_width check


4. checking unconstrained_internal_endpoints (0)
------------------------------------------------
 There are 0 pins that are not constrained for maximum delay.

 There are 0 pins that are not constrained for maximum delay due to constant clock.


5. checking no_input_delay (330)
--------------------------------
 There are 330 input ports with no input delay specified. (HIGH)

 There are 0 input ports with no input delay but user has a false path constraint.


6. checking no_output_delay (339)
---------------------------------
 There are 339 ports with no output delay specified. (HIGH)

 There are 0 ports with no output delay but user has a false path constraint

 There are 0 ports with no output delay but with a timing clock defined on it or propagating through it


7. checking multiple_clock (0)
------------------------------
 There are 0 register/latch pins with multiple clocks.


8. checking generated_clocks (0)
--------------------------------
 There are 0 generated clocks that are not connected to a clock source.


9. checking loops (0)
---------------------
 There are 0 combinational loops in the design.


10. checking partial_input_delay (0)
------------------------------------
 There are 0 input ports with partial input delay specified.


11. checking partial_output_delay (0)
-------------------------------------
 There are 0 ports with partial output delay specified.


12. checking latch_loops (0)
----------------------------
 There are 0 combinational latch loops in the design through latch input



------------------------------------------------------------------------------------------------
| Design Timing Summary
| ---------------------
------------------------------------------------------------------------------------------------

    WNS(ns)      TNS(ns)  TNS Failing Endpoints  TNS Total Endpoints      WHS(ns)      THS(ns)  THS Failing Endpoints  THS Total Endpoints     WPWS(ns)     TPWS(ns)  TPWS Failing Endpoints  TPWS Total Endpoints  
    -------      -------  ---------------------  -------------------      -------      -------  ---------------------  -------------------     --------     --------  ----------------------  --------------------  
     -0.786     -136.383                    591                15179        0.028        0.000                      0                15179        1.133        0.000                       0                  6463  


Timing constraints are not met.


------------------------------------------------------------------------------------------------
| Clock Summary
| -------------
------------------------------------------------------------------------------------------------

Clock   Waveform(ns)         Period(ns)      Frequency(MHz)
-----   ------------         ----------      --------------
ap_clk  {0.000 1.665}        3.330           300.300         


------------------------------------------------------------------------------------------------
| Intra Clock Table
| -----------------
------------------------------------------------------------------------------------------------

Clock             WNS(ns)      TNS(ns)  TNS Failing Endpoints  TNS Total Endpoints      WHS(ns)      THS(ns)  THS Failing Endpoints  THS Total Endpoints     WPWS(ns)     TPWS(ns)  TPWS Failing Endpoints  TPWS Total Endpoints  
-----             -------      -------  ---------------------  -------------------      -------      -------  ---------------------  -------------------     --------     --------  ----------------------  --------------------  
ap_clk             -0.786     -136.383                    591                15179        0.028        0.000                      0                15179        1.133        0.000                       0                  6463  


------------------------------------------------------------------------------------------------
| Inter Clock Table
| -----------------
------------------------------------------------------------------------------------------------

From Clock    To Clock          WNS(ns)      TNS(ns)  TNS Failing Endpoints  TNS Total Endpoints      WHS(ns)      THS(ns)  THS Failing Endpoints  THS Total Endpoints  
----------    --------          -------      -------  ---------------------  -------------------      -------      -------  ---------------------  -------------------  


------------------------------------------------------------------------------------------------
| Other Path Groups Table
| -----------------------
------------------------------------------------------------------------------------------------

Path Group    From Clock    To Clock          WNS(ns)      TNS(ns)  TNS Failing Endpoints  TNS Total Endpoints      WHS(ns)      THS(ns)  THS Failing Endpoints  THS Total Endpoints  
----------    ----------    --------          -------      -------  ---------------------  -------------------      -------      -------  ---------------------  -------------------  


------------------------------------------------------------------------------------------------
| Timing Details
| --------------
------------------------------------------------------------------------------------------------


---------------------------------------------------------------------------------------------------
From Clock:  ap_clk
  To Clock:  ap_clk

Setup :          591  Failing Endpoints,  Worst Slack       -0.786ns,  Total Violation     -136.383ns
Hold  :            0  Failing Endpoints,  Worst Slack        0.028ns,  Total Violation        0.000ns
PW    :            0  Failing Endpoints,  Worst Slack        1.133ns,  Total Violation        0.000ns
---------------------------------------------------------------------------------------------------


Max Delay Paths
--------------------------------------------------------------------------------------
Slack (VIOLATED) :        -0.786ns  (required time - arrival time)
  Source:                 bd_0_i/hls_inst/inst/node_0_0_U0/grp_node_0_0_Pipeline_l_S_t_1_t_fu_340/hsub_16ns_16ns_16_3_no_dsp_1_U2/din1_buf1_reg[5]_replica_1/C
                            (rising edge-triggered cell FDRE clocked by ap_clk  {rise@0.000ns fall@1.665ns period=3.330ns})
  Destination:            <hidden>
                            (rising edge-triggered cell FDRE clocked by ap_clk  {rise@0.000ns fall@1.665ns period=3.330ns})
  Path Group:             ap_clk
  Path Type:              Setup (Max at Slow Process Corner)
  Requirement:            3.330ns  (ap_clk rise@3.330ns - ap_clk rise@0.000ns)
  Data Path Delay:        4.096ns  (logic 3.106ns (75.825%)  route 0.990ns (24.175%))
  Logic Levels:           13  (CARRY8=2 DSP_A_B_DATA=2 DSP_ALU=2 DSP_M_DATA=1 DSP_MULTIPLIER=1 DSP_OUTPUT=2 DSP_PREADD_DATA=1 LUT2=1 LUT3=1)
  Clock Path Skew:        -0.009ns (DCD - SCD + CPR)
    Destination Clock Delay (DCD):    0.021ns = ( 3.351 - 3.330 ) 
    Source Clock Delay      (SCD):    0.030ns
    Clock Pessimism Removal (CPR):    0.000ns
  Clock Uncertainty:      0.035ns  ((TSJ^2 + TIJ^2)^1/2 + DJ) / 2 + PE
    Total System Jitter     (TSJ):    0.071ns
    Total Input Jitter      (TIJ):    0.000ns
    Discrete Jitter          (DJ):    0.000ns
    Phase Error              (PE):    0.000ns

    Location             Delay type                Incr(ns)  Path(ns)    Netlist Resource(s)
  -------------------------------------------------------------------    -------------------
                         (clock ap_clk rise edge)     0.000     0.000 r  
                                                      0.000     0.000 r  ap_clk (IN)
                         net (fo=6474, unset)         0.030     0.030    bd_0_i/hls_inst/inst/node_0_0_U0/grp_node_0_0_Pipeline_l_S_t_1_t_fu_340/hsub_16ns_16ns_16_3_no_dsp_1_U2/ap_clk
    SLICE_X63Y240        FDRE                                         r  bd_0_i/hls_inst/inst/node_0_0_U0/grp_node_0_0_Pipeline_l_S_t_1_t_fu_340/hsub_16ns_16ns_16_3_no_dsp_1_U2/din1_buf1_reg[5]_replica_1/C
  -------------------------------------------------------------------    -------------------
    SLICE_X63Y240        FDRE (Prop_BFF2_SLICEM_C_Q)
                                                      0.080     0.110 f  bd_0_i/hls_inst/inst/node_0_0_U0/grp_node_0_0_Pipeline_l_S_t_1_t_fu_340/hsub_16ns_16ns_16_3_no_dsp_1_U2/din1_buf1_reg[5]_replica_1/Q
                         net (fo=1, routed)           0.188     0.298    <hidden>
    DSP48E2_X6Y96        DSP_A_B_DATA (Prop_DSP_A_B_DATA_DSP48E2_B[5]_B2_DATA[5])
                                                      0.151     0.449 r  <hidden>
                         net (fo=1, routed)           0.000     0.449    <hidden>
    DSP48E2_X6Y96        DSP_PREADD_DATA (Prop_DSP_PREADD_DATA_DSP48E2_B2_DATA[5]_B2B1[5])
                                                      0.073     0.522 r  <hidden>
                         net (fo=1, routed)           0.000     0.522    <hidden>
    DSP48E2_X6Y96        DSP_MULTIPLIER (Prop_DSP_MULTIPLIER_DSP48E2_B2B1[5]_V[35])
                                                      0.609     1.131 f  <hidden>
                         net (fo=1, routed)           0.000     1.131    <hidden>
    DSP48E2_X6Y96        DSP_M_DATA (Prop_DSP_M_DATA_DSP48E2_V[35]_V_DATA[35])
                                                      0.046     1.177 r  <hidden>
                         net (fo=1, routed)           0.000     1.177    <hidden>
    DSP48E2_X6Y96        DSP_ALU (Prop_DSP_ALU_DSP48E2_V_DATA[35]_ALU_OUT[47])
                                                      0.571     1.748 r  <hidden>
                         net (fo=1, routed)           0.000     1.748    <hidden>
    DSP48E2_X6Y96        DSP_OUTPUT (Prop_DSP_OUTPUT_DSP48E2_ALU_OUT[47]_PATTERN_DETECT)
                                                      0.363     2.111 f  <hidden>
                         net (fo=2, routed)           0.206     2.317    <hidden>
    SLICE_X63Y243        LUT3 (Prop_A6LUT_SLICEM_I2_O)
                                                      0.053     2.370 r  <hidden>
                         net (fo=1, routed)           0.013     2.383    <hidden>
    SLICE_X63Y243        CARRY8 (Prop_CARRY8_SLICEM_S[0]_CO[2])
                                                      0.115     2.498 f  <hidden>
                         net (fo=1, routed)           0.177     2.675    <hidden>
    DSP48E2_X6Y98        DSP_A_B_DATA (Prop_DSP_A_B_DATA_DSP48E2_B[1]_B_ALU[1])
                                                      0.165     2.840 r  <hidden>
                         net (fo=1, routed)           0.000     2.840    <hidden>
    DSP48E2_X6Y98        DSP_ALU (Prop_DSP_ALU_DSP48E2_B_ALU[1]_ALU_OUT[12])
                                                      0.541     3.381 f  <hidden>
                         net (fo=1, routed)           0.000     3.381    <hidden>
    DSP48E2_X6Y98        DSP_OUTPUT (Prop_DSP_OUTPUT_DSP48E2_ALU_OUT[12]_P[12])
                                                      0.109     3.490 r  <hidden>
                         net (fo=1, routed)           0.231     3.721    <hidden>
    SLICE_X63Y246        CARRY8 (Prop_CARRY8_SLICEM_CI_O[4])
                                                      0.193     3.914 r  <hidden>
                         net (fo=1, routed)           0.120     4.034    <hidden>
    SLICE_X63Y247        LUT2 (Prop_E6LUT_SLICEM_I0_O)
                                                      0.037     4.071 r  <hidden>
                         net (fo=1, routed)           0.055     4.126    <hidden>
    SLICE_X63Y247        FDRE                                         r  <hidden>
  -------------------------------------------------------------------    -------------------

                         (clock ap_clk rise edge)     3.330     3.330 r  
                                                      0.000     3.330 r  ap_clk (IN)
                         net (fo=6474, unset)         0.021     3.351    <hidden>
    SLICE_X63Y247        FDRE                                         r  <hidden>
                         clock pessimism              0.000     3.351    
                         clock uncertainty           -0.035     3.316    
    SLICE_X63Y247        FDRE (Setup_EFF_SLICEM_C_D)
                                                      0.025     3.341    <hidden>
  -------------------------------------------------------------------
                         required time                          3.341    
                         arrival time                          -4.126    
  -------------------------------------------------------------------
                         slack                                 -0.786    





Min Delay Paths
--------------------------------------------------------------------------------------
Slack (MET) :             0.028ns  (arrival time - required time)
  Source:                 bd_0_i/hls_inst/inst/v1824_c6_U/U_top_fifo_w32_d2_S_ShiftReg/SRL_SIG_reg[0][2]/C
                            (rising edge-triggered cell FDRE clocked by ap_clk  {rise@0.000ns fall@1.665ns period=3.330ns})
  Destination:            bd_0_i/hls_inst/inst/v1824_c6_U/U_top_fifo_w32_d2_S_ShiftReg/SRL_SIG_reg[1][2]/D
                            (rising edge-triggered cell FDRE clocked by ap_clk  {rise@0.000ns fall@1.665ns period=3.330ns})
  Path Group:             ap_clk
  Path Type:              Hold (Min at Fast Process Corner)
  Requirement:            0.000ns  (ap_clk rise@0.000ns - ap_clk rise@0.000ns)
  Data Path Delay:        0.081ns  (logic 0.038ns (47.098%)  route 0.043ns (52.902%))
  Logic Levels:           0  
  Clock Path Skew:        0.006ns (DCD - SCD - CPR)
    Destination Clock Delay (DCD):    0.019ns
    Source Clock Delay      (SCD):    0.013ns
    Clock Pessimism Removal (CPR):    -0.000ns

    Location             Delay type                Incr(ns)  Path(ns)    Netlist Resource(s)
  -------------------------------------------------------------------    -------------------
                         (clock ap_clk rise edge)     0.000     0.000 r  
                                                      0.000     0.000 r  ap_clk (IN)
                         net (fo=6474, unset)         0.013     0.013    bd_0_i/hls_inst/inst/v1824_c6_U/U_top_fifo_w32_d2_S_ShiftReg/ap_clk
    SLICE_X50Y115        FDRE                                         r  bd_0_i/hls_inst/inst/v1824_c6_U/U_top_fifo_w32_d2_S_ShiftReg/SRL_SIG_reg[0][2]/C
  -------------------------------------------------------------------    -------------------
    SLICE_X50Y115        FDRE (Prop_AFF_SLICEM_C_Q)
                                                      0.038     0.051 r  bd_0_i/hls_inst/inst/v1824_c6_U/U_top_fifo_w32_d2_S_ShiftReg/SRL_SIG_reg[0][2]/Q
                         net (fo=3, routed)           0.043     0.094    bd_0_i/hls_inst/inst/v1824_c6_U/U_top_fifo_w32_d2_S_ShiftReg/SRL_SIG_reg[0][30]_0[2]
    SLICE_X50Y115        FDRE                                         r  bd_0_i/hls_inst/inst/v1824_c6_U/U_top_fifo_w32_d2_S_ShiftReg/SRL_SIG_reg[1][2]/D
  -------------------------------------------------------------------    -------------------

                         (clock ap_clk rise edge)     0.000     0.000 r  
                                                      0.000     0.000 r  ap_clk (IN)
                         net (fo=6474, unset)         0.019     0.019    bd_0_i/hls_inst/inst/v1824_c6_U/U_top_fifo_w32_d2_S_ShiftReg/ap_clk
    SLICE_X50Y115        FDRE                                         r  bd_0_i/hls_inst/inst/v1824_c6_U/U_top_fifo_w32_d2_S_ShiftReg/SRL_SIG_reg[1][2]/C
                         clock pessimism              0.000     0.019    
    SLICE_X50Y115        FDRE (Hold_BFF2_SLICEM_C_D)
                                                      0.047     0.066    bd_0_i/hls_inst/inst/v1824_c6_U/U_top_fifo_w32_d2_S_ShiftReg/SRL_SIG_reg[1][2]
  -------------------------------------------------------------------
                         required time                         -0.066    
                         arrival time                           0.094    
  -------------------------------------------------------------------
                         slack                                  0.028    





Pulse Width Checks
--------------------------------------------------------------------------------------
Clock Name:         ap_clk
Waveform(ns):       { 0.000 1.665 }
Period(ns):         3.330
Sources:            { ap_clk }

Check Type        Corner  Lib Pin     Reference Pin  Required(ns)  Actual(ns)  Slack(ns)  Location       Pin
Min Period        n/a     SRL16E/CLK  n/a            1.064         3.330       2.266      SLICE_X61Y180  bd_0_i/hls_inst/inst/node_0_0_U0/grp_node_0_0_Pipeline_l_S_t_1_t_fu_340/ap_loop_exit_ready_pp0_iter3_reg_reg_srl3/CLK
Low Pulse Width   Slow    SRL16E/CLK  n/a            0.532         1.665       1.133      SLICE_X61Y180  bd_0_i/hls_inst/inst/node_0_0_U0/grp_node_0_0_Pipeline_l_S_t_1_t_fu_340/ap_loop_exit_ready_pp0_iter3_reg_reg_srl3/CLK
High Pulse Width  Slow    SRL16E/CLK  n/a            0.532         1.665       1.133      SLICE_X61Y180  bd_0_i/hls_inst/inst/node_0_0_U0/grp_node_0_0_Pipeline_l_S_t_1_t_fu_340/ap_loop_exit_ready_pp0_iter3_reg_reg_srl3/CLK



