Copyright 1986-2022 Xilinx, Inc. All Rights Reserved. Copyright 2022-2025 Advanced Micro Devices, Inc. All Rights Reserved.
---------------------------------------------------------------------------------------------------------------------------------------------
| Tool Version : Vivado v.2025.1 (lin64) Build 6140274 Wed May 21 22:58:25 MDT 2025
| Date         : Thu Jul 23 14:48:23 2026
| Host         : zhang-21.ece.cornell.edu running 64-bit Red Hat Enterprise Linux release 8.10 (Ootpa)
| Command      : report_design_analysis -file ./report/top_design_analysis_routed.rpt
| Design       : bd_0_wrapper
| Device       : xczu7ev
| Design State : Routed
---------------------------------------------------------------------------------------------------------------------------------------------

Report Design Analysis

Table of Contents
-----------------
1. Setup Path Characteristics 1-1
2. Logic Level Distribution
3. Placer Final Level Congestion Reporting
4. Router Initial Congestion
5. SLR Net Crossing Reporting

1. Setup Path Characteristics 1-1
---------------------------------

+---------------------------+-----------------------------------------------------------------------------------------------------------------------------------------------------------------------------+
|      Characteristics      |                                                                                   Path #1                                                                                   |
+---------------------------+-----------------------------------------------------------------------------------------------------------------------------------------------------------------------------+
| Requirement               | 3.330                                                                                                                                                                       |
| Path Delay                | 4.096                                                                                                                                                                       |
| Logic Delay               | 3.106(76%)                                                                                                                                                                  |
| Net Delay                 | 0.990(24%)                                                                                                                                                                  |
| Clock Skew                | -0.009                                                                                                                                                                      |
| Slack                     | -0.786                                                                                                                                                                      |
| Clock Uncertainty         | 0.035                                                                                                                                                                       |
| Clock Pair Classification | Timed                                                                                                                                                                       |
| Clock Delay Group         | Same Clock                                                                                                                                                                  |
| Logic Levels              | 13                                                                                                                                                                          |
| Routes                    | 5                                                                                                                                                                           |
| Logical Path              | FDRE/C-(1)-DSP_A_B_DATA-(1)-DSP_PREADD_DATA-DSP_MULTIPLIER-DSP_M_DATA-DSP_ALU-DSP_OUTPUT-LUT3-(1)-CARRY8-(1)-DSP_A_B_DATA-(1)-DSP_ALU-DSP_OUTPUT-CARRY8-(1)-LUT2-(1)-FDRE/D |
| Start Point Clock         | ap_clk                                                                                                                                                                      |
| End Point Clock           | ap_clk                                                                                                                                                                      |
| DSP Block                 | Comb                                                                                                                                                                        |
| RAM Registers             | None-None                                                                                                                                                                   |
| IO Crossings              | 0                                                                                                                                                                           |
| SLR Crossings             | 0                                                                                                                                                                           |
| PBlocks                   | 0                                                                                                                                                                           |
| High Fanout               | 1                                                                                                                                                                           |
| ASYNC REG                 | 0                                                                                                                                                                           |
| Dont Touch                | 0                                                                                                                                                                           |
| Mark Debug                | 0                                                                                                                                                                           |
| Start Point Pin Primitive | FDRE/C                                                                                                                                                                      |
| End Point Pin Primitive   | FDRE/D                                                                                                                                                                      |
| Start Point Pin           | din1_buf1_reg[5]_replica_1/C                                                                                                                                                |
| End Point Pin             | RESULT_REG.NORMAL.exp_op_reg[4]/D                                                                                                                                           |
+---------------------------+-----------------------------------------------------------------------------------------------------------------------------------------------------------------------------+
* Bounding box calculated as % of dimensions for the target device (2770, 746)


2. Logic Level Distribution
---------------------------

+-----------------+-------------+---+---+-----+----+---+-----+-----+----+----+----+----+----+----+----+----+----+----+----+----+
| End Point Clock | Requirement | 0 | 2 |  4  |  5 | 6 |  7  |  8  |  9 | 10 | 11 | 12 | 13 | 14 | 16 | 17 | 18 | 19 | 20 | 21 |
+-----------------+-------------+---+---+-----+----+---+-----+-----+----+----+----+----+----+----+----+----+----+----+----+----+
| ap_clk          | 3.330ns     | 2 | 1 | 376 | 93 | 4 | 116 | 267 | 19 |  3 | 22 |  6 | 23 | 20 |  9 | 13 | 14 |  1 |  4 |  7 |
+-----------------+-------------+---+---+-----+----+---+-----+-----+----+----+----+----+----+----+----+----+----+----+----+----+
* Columns represent the logic levels per end point clock
** Distribution is for top worst 1000 paths


3. Placer Final Level Congestion Reporting
------------------------------------------

+-----------+------+-------+--------+---------------+----------------+-----+--------+------+------+------+------+-----+-------+-----+------------+
| Direction | Type | Level | Window | Combined LUTs | Avg LUT Inputs | LUT | LUTRAM | Flop | MUXF | RAMB | URAM | DSP | CARRY | SRL | Cell Names |
+-----------+------+-------+--------+---------------+----------------+-----+--------+------+------+------+------+-----+-------+-----+------------+
* No congestion windows are found above level 5


4. Router Initial Congestion
----------------------------

+-----------+------+-------+--------+---------------+----------------+-----+--------+------+------+------+------+-----+-------+-----+------------+-------------+
| Direction | Type | Level | Window | Combined LUTs | Avg LUT Inputs | LUT | LUTRAM | Flop | MUXF | RAMB | URAM | DSP | CARRY | SRL | Cell Names | Sub Windows |
+-----------+------+-------+--------+---------------+----------------+-----+--------+------+------+------+------+-----+-------+-----+------------+-------------+
* No effective congestion windows are found above level 5


5. SLR Net Crossing Reporting
-----------------------------

+------------+-----------------------------+
| Cell Names | Number of Nets crossing SLR |
+------------+-----------------------------+
* The current part is not an SSI device


