

Implementation tool: Xilinx Vivado v.2025.1
Project:             prime_fp3_pnr_full
Solution:            hls
Device target:       xczu7ev-ffvc1156-2-e
Report date:         Thu Jul 23 14:48:58 EDT 2026

#=== Post-Implementation Resource usage ===
SLICE:            0
LUT:           6051
FF:            6073
DSP:              2
BRAM:             0
URAM:             0
LATCH:            0
SRL:            246
CLB:           1356

#=== Final timing ===
CP required:                     3.330
CP achieved post-synthesis:      4.757
CP achieved post-implementation: 4.116
Timing not met
