

================================================================
== Synthesis Summary Report of 'matmul_outer'
================================================================
+ General Information: 
    * Date:           Tue Apr 14 17:11:40 2026
    * Version:        2023.2 (Build 4023990 on Oct 11 2023)
    * Project:        out.prj
    * Solution:       solution1 (Vivado IP Flow Target)
    * Product family: virtexuplusHBM
    * Target device:  xcu280-fsvh2892-2L-e
    

+ Performance & Resource Estimates: 
    
    PS: '+' for module; 'o' for loop; '*' for dataflow
    +---------------------------------------------------+--------+-------+---------+---------+----------+---------+------+----------+---------+----------+------------+------------+-----+
    |                      Modules                      |  Issue |       | Latency | Latency | Iteration|         | Trip |          |         |          |            |            |     |
    |                      & Loops                      |  Type  | Slack | (cycles)|   (ns)  |  Latency | Interval| Count| Pipelined|  BRAM   |    DSP   |     FF     |     LUT    | URAM|
    +---------------------------------------------------+--------+-------+---------+---------+----------+---------+------+----------+---------+----------+------------+------------+-----+
    |+ matmul_outer                                     |  Timing|  -0.00|       81|  269.730|         -|       82|     -|        no|  6 (~0%)|  48 (~0%)|  8108 (~0%)|  5043 (~0%)|    -|
    | + matmul_outer_Pipeline_l_S_k_0_k                 |       -|   0.14|        8|   26.640|         -|        8|     -|        no|        -|  48 (~0%)|  3932 (~0%)|  1772 (~0%)|    -|
    |  o l_S_k_0_k                                      |       -|   2.43|        6|   19.980|         4|        1|     4|       yes|        -|         -|           -|           -|    -|
    | o l_S_load_buf0_load_buf0_l_0_l_load_buf0_l_1     |       -|   2.43|       15|   49.950|         1|        1|    16|       yes|        -|         -|           -|           -|    -|
    | o l_S_load_buf1_load_buf1_l_0_l_load_buf1_l_1     |       -|   2.43|       15|   49.950|         1|        1|    16|       yes|        -|         -|           -|           -|    -|
    | o l_S_store_res2_store_res2_l_0_l_store_res2_l_1  |       -|   2.43|       16|   53.280|         2|        1|    16|       yes|        -|         -|           -|           -|    -|
    +---------------------------------------------------+--------+-------+---------+---------+----------+---------+------+----------+---------+----------+------------+------------+-----+


================================================================
== HW Interfaces
================================================================
* M_AXI
+-------------+------------+---------------+---------+--------+----------+-----------+--------------+--------------+-------------+-------------+-------------------+
| Interface   | Data Width | Address Width | Latency | Offset | Register | Max Widen | Max Read     | Max Write    | Num Read    | Num Write   | Resource Estimate |
|             | (SW->HW)   |               |         |        |          | Bitwidth  | Burst Length | Burst Length | Outstanding | Outstanding |                   |
+-------------+------------+---------------+---------+--------+----------+-----------+--------------+--------------+-------------+-------------+-------------------+
| m_axi_gmem0 | 32 -> 32   | 64            | 0       | slave  | 0        | 0         | 16           | 16           | 16          | 16          | BRAM=2            |
| m_axi_gmem1 | 32 -> 32   | 64            | 0       | slave  | 0        | 0         | 16           | 16           | 16          | 16          | BRAM=2            |
| m_axi_gmem2 | 32 -> 32   | 64            | 0       | slave  | 0        | 0         | 16           | 16           | 16          | 16          | BRAM=2            |
+-------------+------------+---------------+---------+--------+----------+-----------+--------------+--------------+-------------+-------------+-------------------+

* S_AXILITE Interfaces
+---------------+------------+---------------+--------+----------+
| Interface     | Data Width | Address Width | Offset | Register |
+---------------+------------+---------------+--------+----------+
| s_axi_control | 32         | 6             | 16     | 0        |
+---------------+------------+---------------+--------+----------+

* S_AXILITE Registers
+---------------+----------+--------+-------+--------+--------------------+
| Interface     | Register | Offset | Width | Access | Description        |
+---------------+----------+--------+-------+--------+--------------------+
| s_axi_control | v15_1    | 0x10   | 32    | W      | Data signal of v15 |
| s_axi_control | v15_2    | 0x14   | 32    | W      | Data signal of v15 |
| s_axi_control | v16_1    | 0x1c   | 32    | W      | Data signal of v16 |
| s_axi_control | v16_2    | 0x20   | 32    | W      | Data signal of v16 |
| s_axi_control | v17_1    | 0x28   | 32    | W      | Data signal of v17 |
| s_axi_control | v17_2    | 0x2c   | 32    | W      | Data signal of v17 |
+---------------+----------+--------+-------+--------+--------------------+

* TOP LEVEL CONTROL
+-----------+------------+-----------------------------------+
| Interface | Type       | Ports                             |
+-----------+------------+-----------------------------------+
| ap_clk    | clock      | ap_clk                            |
| ap_rst_n  | reset      | ap_rst_n                          |
| ap_ctrl   | ap_ctrl_hs | ap_done ap_idle ap_ready ap_start |
+-----------+------------+-----------------------------------+


================================================================
== SW I/O Information
================================================================
* Top Function Arguments
+----------+-----------+----------+
| Argument | Direction | Datatype |
+----------+-----------+----------+
| v15      | in        | int*     |
| v16      | in        | int*     |
| v17      | out       | int*     |
+----------+-----------+----------+

* SW-to-HW Mapping
+----------+---------------+-----------+----------+---------------------------------+
| Argument | HW Interface  | HW Type   | HW Usage | HW Info                         |
+----------+---------------+-----------+----------+---------------------------------+
| v15      | m_axi_gmem0   | interface |          |                                 |
| v15      | s_axi_control | register  | offset   | name=v15_1 offset=0x10 range=32 |
| v15      | s_axi_control | register  | offset   | name=v15_2 offset=0x14 range=32 |
| v16      | m_axi_gmem1   | interface |          |                                 |
| v16      | s_axi_control | register  | offset   | name=v16_1 offset=0x1c range=32 |
| v16      | s_axi_control | register  | offset   | name=v16_2 offset=0x20 range=32 |
| v17      | m_axi_gmem2   | interface |          |                                 |
| v17      | s_axi_control | register  | offset   | name=v17_1 offset=0x28 range=32 |
| v17      | s_axi_control | register  | offset   | name=v17_2 offset=0x2c range=32 |
+----------+---------------+-----------+----------+---------------------------------+


================================================================
== M_AXI Burst Information
================================================================
 Note: All burst requests might be further partitioned into multiple requests during RTL generation based on max_read_burst_length or max_write_burst_length settings.

* Inferred Burst Summary
+--------------+-----------+--------+-------+-------------------------------+------------------+
| HW Interface | Direction | Length | Width | Loop                          | Loop Location    |
+--------------+-----------+--------+-------+-------------------------------+------------------+
| m_axi_gmem0  | read      | 16     | 32    | l_S_load_buf0_load_buf0_l_0   | kernel.cpp:27:31 |
| m_axi_gmem1  | read      | 16     | 32    | l_S_load_buf1_load_buf1_l_0   | kernel.cpp:43:31 |
| m_axi_gmem2  | write     | 16     | 32    | l_S_store_res2_store_res2_l_0 | kernel.cpp:59:33 |
+--------------+-----------+--------+-------+-------------------------------+------------------+

* All M_AXI Variable Accesses
+--------------+----------+------------------+-----------+--------------+--------+-------------------------------+------------------+------------+-------------------------------------------------------------------------------------------------------+
| HW Interface | Variable | Access Location  | Direction | Burst Status | Length | Loop                          | Loop Location    | Resolution | Problem                                                                                               |
+--------------+----------+------------------+-----------+--------------+--------+-------------------------------+------------------+------------+-------------------------------------------------------------------------------------------------------+
| m_axi_gmem0  | v15      | kernel.cpp:30:15 | read      | Widen Fail   |        | l_load_buf0_l_1               | kernel.cpp:28:22 | 214-353    | Could not widen since type i32 size is greater than or equal to the max_widen_bitwidth threshold of 0 |
| m_axi_gmem0  | v15      | kernel.cpp:30:15 | read      | Inferred     | 16     | l_S_load_buf0_load_buf0_l_0   | kernel.cpp:27:31 |            |                                                                                                       |
| m_axi_gmem1  | v16      | kernel.cpp:46:15 | read      | Widen Fail   |        | l_load_buf1_l_1               | kernel.cpp:44:22 | 214-353    | Could not widen since type i32 size is greater than or equal to the max_widen_bitwidth threshold of 0 |
| m_axi_gmem1  | v16      | kernel.cpp:46:15 | read      | Inferred     | 16     | l_S_load_buf1_load_buf1_l_0   | kernel.cpp:43:31 |            |                                                                                                       |
| m_axi_gmem2  | v17      | kernel.cpp:63:52 | write     | Widen Fail   |        | l_store_res2_l_1              | kernel.cpp:60:23 | 214-353    | Could not widen since type i32 size is greater than or equal to the max_widen_bitwidth threshold of 0 |
| m_axi_gmem2  | v17      | kernel.cpp:63:52 | write     | Inferred     | 16     | l_S_store_res2_store_res2_l_0 | kernel.cpp:59:33 |            |                                                                                                       |
+--------------+----------+------------------+-----------+--------------+--------+-------------------------------+------------------+------------+-------------------------------------------------------------------------------------------------------+

    * Resolution URL: docs.xilinx.com/access/sources/dita/topic?Doc_Version=2023.2%20English&url=ug1448-hls-guidance&resourceid=XXX-YYY.html (replace XXX-YYY with column value)

================================================================
== Bind Op Report
================================================================
+------------------------------------+-----+--------+----------------+-----+--------+---------+
| Name                               | DSP | Pragma | Variable       | Op  | Impl   | Latency |
+------------------------------------+-----+--------+----------------+-----+--------+---------+
| + matmul_outer                     | 48  |        |                |     |        |         |
|   add_ln27_1_fu_627_p2             |     |        | add_ln27_1     | add | fabric | 0       |
|   load_buf0_l_1_fu_713_p2          |     |        | load_buf0_l_1  | add | fabric | 0       |
|   add_ln27_fu_725_p2               |     |        | add_ln27       | add | fabric | 0       |
|   add_ln43_1_fu_781_p2             |     |        | add_ln43_1     | add | fabric | 0       |
|   load_buf1_l_1_fu_867_p2          |     |        | load_buf1_l_1  | add | fabric | 0       |
|   add_ln43_fu_879_p2               |     |        | add_ln43       | add | fabric | 0       |
|   store_res2_l_1_fu_1215_p2        |     |        | store_res2_l_1 | add | fabric | 0       |
|   add_ln59_1_fu_1221_p2            |     |        | add_ln59_1     | add | fabric | 0       |
|   add_ln59_fu_1233_p2              |     |        | add_ln59       | add | fabric | 0       |
|  + matmul_outer_Pipeline_l_S_k_0_k | 48  |        |                |     |        |         |
|    add_ln96_fu_664_p2              |     |        | add_ln96       | add | fabric | 0       |
|    mul_32s_32s_32_2_1_U1           | 3   |        | mul_ln112      | mul | auto   | 1       |
|    v37_fu_919_p2                   |     |        | v37            | add | fabric | 0       |
|    mul_32s_32s_32_2_1_U2           | 3   |        | mul_ln112_1    | mul | auto   | 1       |
|    v37_1_fu_924_p2                 |     |        | v37_1          | add | fabric | 0       |
|    mul_32s_32s_32_2_1_U3           | 3   |        | mul_ln112_2    | mul | auto   | 1       |
|    v37_2_fu_929_p2                 |     |        | v37_2          | add | fabric | 0       |
|    mul_32s_32s_32_2_1_U4           | 3   |        | mul_ln112_3    | mul | auto   | 1       |
|    v37_3_fu_934_p2                 |     |        | v37_3          | add | fabric | 0       |
|    mul_32s_32s_32_2_1_U5           | 3   |        | mul_ln112_4    | mul | auto   | 1       |
|    v37_4_fu_939_p2                 |     |        | v37_4          | add | fabric | 0       |
|    mul_32s_32s_32_2_1_U6           | 3   |        | mul_ln112_5    | mul | auto   | 1       |
|    v37_5_fu_944_p2                 |     |        | v37_5          | add | fabric | 0       |
|    mul_32s_32s_32_2_1_U7           | 3   |        | mul_ln112_6    | mul | auto   | 1       |
|    v37_6_fu_949_p2                 |     |        | v37_6          | add | fabric | 0       |
|    mul_32s_32s_32_2_1_U8           | 3   |        | mul_ln112_7    | mul | auto   | 1       |
|    v37_7_fu_954_p2                 |     |        | v37_7          | add | fabric | 0       |
|    mul_32s_32s_32_2_1_U9           | 3   |        | mul_ln112_8    | mul | auto   | 1       |
|    v37_8_fu_959_p2                 |     |        | v37_8          | add | fabric | 0       |
|    mul_32s_32s_32_2_1_U10          | 3   |        | mul_ln112_9    | mul | auto   | 1       |
|    v37_9_fu_964_p2                 |     |        | v37_9          | add | fabric | 0       |
|    mul_32s_32s_32_2_1_U11          | 3   |        | mul_ln112_10   | mul | auto   | 1       |
|    v37_10_fu_969_p2                |     |        | v37_10         | add | fabric | 0       |
|    mul_32s_32s_32_2_1_U12          | 3   |        | mul_ln112_11   | mul | auto   | 1       |
|    v37_11_fu_974_p2                |     |        | v37_11         | add | fabric | 0       |
|    mul_32s_32s_32_2_1_U13          | 3   |        | mul_ln112_12   | mul | auto   | 1       |
|    v37_12_fu_979_p2                |     |        | v37_12         | add | fabric | 0       |
|    mul_32s_32s_32_2_1_U14          | 3   |        | mul_ln112_13   | mul | auto   | 1       |
|    v37_13_fu_984_p2                |     |        | v37_13         | add | fabric | 0       |
|    mul_32s_32s_32_2_1_U15          | 3   |        | mul_ln112_14   | mul | auto   | 1       |
|    v37_14_fu_989_p2                |     |        | v37_14         | add | fabric | 0       |
|    mul_32s_32s_32_2_1_U16          | 3   |        | mul_ln112_15   | mul | auto   | 1       |
|    v37_15_fu_994_p2                |     |        | v37_15         | add | fabric | 0       |
+------------------------------------+-----+--------+----------------+-----+--------+---------+


================================================================
== Storage Report
================================================================
+-------------------+-----------+-----------+------+------+--------+----------+------+---------+------------------+
| Name              | Usage     | Type      | BRAM | URAM | Pragma | Variable | Impl | Latency | Bitwidth, Depth, |
|                   |           |           |      |      |        |          |      |         | Banks            |
+-------------------+-----------+-----------+------+------+--------+----------+------+---------+------------------+
| + matmul_outer    |           |           | 6    | 0    |        |          |      |         |                  |
|   control_s_axi_U | interface | s_axilite |      |      |        |          |      |         |                  |
|   gmem0_m_axi_U   | interface | m_axi     | 2    |      |        |          |      |         |                  |
|   gmem1_m_axi_U   | interface | m_axi     | 2    |      |        |          |      |         |                  |
|   gmem2_m_axi_U   | interface | m_axi     | 2    |      |        |          |      |         |                  |
+-------------------+-----------+-----------+------+------+--------+----------+------+---------+------------------+


================================================================
== Pragma Report
================================================================
* Valid Pragma Syntax
+-----------------+------------------------------------------+-------------------------------------+
| Type            | Options                                  | Location                            |
+-----------------+------------------------------------------+-------------------------------------+
| array_partition | variable=v1 complete dim=1               | kernel.cpp:24 in load_buf0, v1      |
| array_partition | variable=v1 complete dim=2               | kernel.cpp:25 in load_buf0, v1      |
| pipeline        | II=1 rewind                              | kernel.cpp:29 in load_buf0          |
| array_partition | variable=v6 complete dim=1               | kernel.cpp:40 in load_buf1, v6      |
| array_partition | variable=v6 complete dim=2               | kernel.cpp:41 in load_buf1, v6      |
| pipeline        | II=1 rewind                              | kernel.cpp:45 in load_buf1          |
| array_partition | variable=v10 complete dim=1              | kernel.cpp:56 in store_res2, v10    |
| array_partition | variable=v10 complete dim=2              | kernel.cpp:57 in store_res2, v10    |
| pipeline        | II=1 rewind                              | kernel.cpp:61 in store_res2         |
| interface       | m_axi port=v15 offset=slave bundle=gmem0 | kernel.cpp:74 in matmul_outer, v15  |
| interface       | m_axi port=v16 offset=slave bundle=gmem1 | kernel.cpp:75 in matmul_outer, v16  |
| interface       | m_axi port=v17 offset=slave bundle=gmem2 | kernel.cpp:76 in matmul_outer, v17  |
| array_partition | variable=buf0 complete dim=1             | kernel.cpp:78 in matmul_outer, buf0 |
| array_partition | variable=buf0 complete dim=2             | kernel.cpp:79 in matmul_outer, buf0 |
| array_partition | variable=buf1 complete dim=1             | kernel.cpp:83 in matmul_outer, buf1 |
| array_partition | variable=buf1 complete dim=2             | kernel.cpp:84 in matmul_outer, buf1 |
| array_partition | variable=C complete dim=1                | kernel.cpp:88 in matmul_outer, C    |
| array_partition | variable=C complete dim=2                | kernel.cpp:89 in matmul_outer, C    |
| pipeline        | II=1                                     | kernel.cpp:97 in matmul_outer       |
+-----------------+------------------------------------------+-------------------------------------+


