================================================================
== Design Size Report
================================================================

* Total Instructions per Compilation Phase
+---------------+-----------------------------+--------------+----------------------------------------------------------------------------------------+
| Phase         | Step                        | Instructions | Description                                                                            |
+---------------+-----------------------------+--------------+----------------------------------------------------------------------------------------+
| Compile/Link  |                             | 383          | After all functions are compiled and linked into a single design                       |
|               |                             |              |                                                                                        |
| Unroll/Inline |                             |              | After user unroll and inline pragmas are applied                                       |
|               | (1) unroll                  | 389          | user unroll pragmas are applied                                                        |
|               | (2) simplification          | 321          | simplification of applied user unroll pragmas                                          |
|               | (3) inline                  | 322          | user inline pragmas are applied                                                        |
|               | (4) simplification          | 322          | simplification of applied user inline pragmas                                          |
|               |                             |              |                                                                                        |
| Array/Struct  |                             |              | After user array partition and struct aggregate/disaggregate pragmas are applied       |
|               | (1) array partition         | 554          | user array partition pragmas are applied                                               |
|               | (2) simplification          | 464          | simplification of applied user array partition & struct aggregate/disaggregate pragmas |
|               | (3) aggregate/disaggregate  | 464          | user struct aggregate/disaggregate pragmas are applied                                 |
|               | (4) array reshape           | 449          | apply array reshape pragmas                                                            |
|               | (5) access patterns         | 503          | array access pattern optmizations                                                      |
|               |                             |              |                                                                                        |
| Performance   |                             |              | After transformations are applied to meet performance pragma targets                   |
|               | (1) loop simplification     | 375          | loop and instruction simplification                                                    |
|               | (2) parallelization         | 375          | loops are unrolled or pipelined to meet performance targets                            |
|               | (3) array partition         | 375          | arrays are partitioned to meet performance targets                                     |
|               | (4) simplification          | 375          | simplification of design after performance transformations                             |
|               |                             |              |                                                                                        |
| HW Transforms |                             |              | After hardware transfomations                                                          |
|               | (1) lowering                | 387          | initial conversion to HW specific instructions                                         |
|               | (2) optimizations           | 408          | high level synthesis optimizations                                                     |
+---------------+-----------------------------+--------------+----------------------------------------------------------------------------------------+

* Instructions per Function for each Compilation Phase
+----------------+---------------+--------------+---------------+--------------+-------------+---------------+
| Function       | Location      | Compile/Link | Unroll/Inline | Array/Struct | Performance | HW Transforms |
+----------------+---------------+--------------+---------------+--------------+-------------+---------------+
| + matmul_outer | kernel.cpp:69 | 383          | 322           | 503          | 375         | 408           |
|    load_buf0   | kernel.cpp:20 |  31          |               |              |             |               |
|    load_buf1   | kernel.cpp:36 |  31          |               |              |             |               |
|    store_res2  | kernel.cpp:52 |  31          |               |              |             |               |
+----------------+---------------+--------------+---------------+--------------+-------------+---------------+

* Design Size Message Settings
+---------------------------------------------+--------+------------------------------------------------------------------+
| Message Setting                             | Value  | Description                                                      |
+---------------------------------------------+--------+------------------------------------------------------------------+
| config_compile -design_size_maximum_warning | 100000 | Show a warning when total design instructions exceeds this value |
+---------------------------------------------+--------+------------------------------------------------------------------+


