

================================================================
== Vitis HLS Report for 'matmul_outer'
================================================================
* Date:           Tue Apr 14 17:11:40 2026

* Version:        2023.2 (Build 4023990 on Oct 11 2023)
* Project:        out.prj
* Solution:       solution1 (Vivado IP Flow Target)
* Product family: virtexuplusHBM
* Target device:  xcu280-fsvh2892-2L-e


================================================================
== Performance Estimates
================================================================
+ Timing: 
    * Summary: 
    +--------+---------+----------+------------+
    |  Clock |  Target | Estimated| Uncertainty|
    +--------+---------+----------+------------+
    |ap_clk  |  3.33 ns|  2.431 ns|     0.90 ns|
    +--------+---------+----------+------------+

+ Latency: 
    * Summary: 
    +---------+---------+----------+----------+-----+-----+---------+
    |  Latency (cycles) |  Latency (absolute) |  Interval | Pipeline|
    |   min   |   max   |    min   |    max   | min | max |   Type  |
    +---------+---------+----------+----------+-----+-----+---------+
    |       81|       81|  0.270 us|  0.270 us|   82|   82|       no|
    +---------+---------+----------+----------+-----+-----+---------+

    + Detail: 
        * Instance: 
        +--------------------------------------------+---------------------------------+---------+---------+-----------+-----------+-----+-----+---------+
        |                                            |                                 |  Latency (cycles) |   Latency (absolute)  |  Interval | Pipeline|
        |                  Instance                  |              Module             |   min   |   max   |    min    |    max    | min | max |   Type  |
        +--------------------------------------------+---------------------------------+---------+---------+-----------+-----------+-----+-----+---------+
        |grp_matmul_outer_Pipeline_l_S_k_0_k_fu_531  |matmul_outer_Pipeline_l_S_k_0_k  |        8|        8|  26.640 ns|  26.640 ns|    8|    8|       no|
        +--------------------------------------------+---------------------------------+---------+---------+-----------+-----------+-----+-----+---------+

        * Loop: 
        +--------------------------------------------------+---------+---------+----------+-----------+-----------+------+----------+
        |                                                  |  Latency (cycles) | Iteration|  Initiation Interval  | Trip |          |
        |                     Loop Name                    |   min   |   max   |  Latency |  achieved |   target  | Count| Pipelined|
        +--------------------------------------------------+---------+---------+----------+-----------+-----------+------+----------+
        |- l_S_load_buf0_load_buf0_l_0_l_load_buf0_l_1     |       15|       15|         1|          1|          1|    16|       yes|
        |- l_S_load_buf1_load_buf1_l_0_l_load_buf1_l_1     |       15|       15|         1|          1|          1|    16|       yes|
        |- l_S_store_res2_store_res2_l_0_l_store_res2_l_1  |       16|       16|         2|          1|          1|    16|       yes|
        +--------------------------------------------------+---------+---------+----------+-----------+-----------+------+----------+



================================================================
== Utilization Estimates
================================================================
* Summary: 
+---------------------+---------+------+---------+---------+-----+
|         Name        | BRAM_18K|  DSP |    FF   |   LUT   | URAM|
+---------------------+---------+------+---------+---------+-----+
|DSP                  |        -|     -|        -|        -|    -|
|Expression           |        -|     -|        0|      190|    -|
|FIFO                 |        -|     -|        -|        -|    -|
|Instance             |        6|    48|     6260|     4456|    0|
|Memory               |        -|     -|        -|        -|    -|
|Multiplexer          |        -|     -|        -|      397|    -|
|Register             |        -|     -|     1848|        -|    -|
+---------------------+---------+------+---------+---------+-----+
|Total                |        6|    48|     8108|     5043|    0|
+---------------------+---------+------+---------+---------+-----+
|Available SLR        |     1344|  3008|   869120|   434560|  320|
+---------------------+---------+------+---------+---------+-----+
|Utilization SLR (%)  |       ~0|     1|       ~0|        1|    0|
+---------------------+---------+------+---------+---------+-----+
|Available            |     4032|  9024|  2607360|  1303680|  960|
+---------------------+---------+------+---------+---------+-----+
|Utilization (%)      |       ~0|    ~0|       ~0|       ~0|    0|
+---------------------+---------+------+---------+---------+-----+

+ Detail: 
    * Instance: 
    +--------------------------------------------+---------------------------------+---------+----+------+------+-----+
    |                  Instance                  |              Module             | BRAM_18K| DSP|  FF  |  LUT | URAM|
    +--------------------------------------------+---------------------------------+---------+----+------+------+-----+
    |control_s_axi_U                             |control_s_axi                    |        0|   0|   240|   424|    0|
    |gmem0_m_axi_U                               |gmem0_m_axi                      |        2|   0|   696|   720|    0|
    |gmem1_m_axi_U                               |gmem1_m_axi                      |        2|   0|   696|   720|    0|
    |gmem2_m_axi_U                               |gmem2_m_axi                      |        2|   0|   696|   720|    0|
    |grp_matmul_outer_Pipeline_l_S_k_0_k_fu_531  |matmul_outer_Pipeline_l_S_k_0_k  |        0|  48|  3932|  1772|    0|
    |sparsemux_9_2_32_1_1_U75                    |sparsemux_9_2_32_1_1             |        0|   0|     0|    20|    0|
    |sparsemux_9_2_32_1_1_U76                    |sparsemux_9_2_32_1_1             |        0|   0|     0|    20|    0|
    |sparsemux_9_2_32_1_1_U77                    |sparsemux_9_2_32_1_1             |        0|   0|     0|    20|    0|
    |sparsemux_9_2_32_1_1_U78                    |sparsemux_9_2_32_1_1             |        0|   0|     0|    20|    0|
    |sparsemux_9_2_32_1_1_U79                    |sparsemux_9_2_32_1_1             |        0|   0|     0|    20|    0|
    +--------------------------------------------+---------------------------------+---------+----+------+------+-----+
    |Total                                       |                                 |        6|  48|  6260|  4456|    0|
    +--------------------------------------------+---------------------------------+---------+----+------+------+-----+

    * DSP: 
    N/A

    * Memory: 
    N/A

    * FIFO: 
    N/A

    * Expression: 
    +---------------------------+----------+----+---+----+------------+------------+
    |       Variable Name       | Operation| DSP| FF| LUT| Bitwidth P0| Bitwidth P1|
    +---------------------------+----------+----+---+----+------------+------------+
    |add_ln27_1_fu_627_p2       |         +|   0|  0|  12|           4|           1|
    |add_ln27_fu_725_p2         |         +|   0|  0|  10|           3|           1|
    |add_ln43_1_fu_781_p2       |         +|   0|  0|  12|           4|           1|
    |add_ln43_fu_879_p2         |         +|   0|  0|  10|           3|           1|
    |add_ln59_1_fu_1221_p2      |         +|   0|  0|  12|           4|           1|
    |add_ln59_fu_1233_p2        |         +|   0|  0|  10|           3|           1|
    |load_buf0_l_1_fu_713_p2    |         +|   0|  0|  10|           3|           1|
    |load_buf1_l_1_fu_867_p2    |         +|   0|  0|  10|           3|           1|
    |store_res2_l_1_fu_1215_p2  |         +|   0|  0|  10|           3|           1|
    |ap_block_pp2_stage0_11001  |       and|   0|  0|   2|           1|           1|
    |icmp_ln27_fu_731_p2        |      icmp|   0|  0|  12|           4|           2|
    |icmp_ln28_fu_719_p2        |      icmp|   0|  0|  12|           3|           4|
    |icmp_ln43_fu_885_p2        |      icmp|   0|  0|  12|           4|           2|
    |icmp_ln44_fu_873_p2        |      icmp|   0|  0|  12|           3|           4|
    |icmp_ln59_fu_1239_p2       |      icmp|   0|  0|  12|           4|           2|
    |icmp_ln60_fu_1227_p2       |      icmp|   0|  0|  12|           3|           4|
    |load_buf0_l_0_fu_611_p3    |    select|   0|  0|   3|           1|           3|
    |load_buf1_l_0_fu_765_p3    |    select|   0|  0|   3|           1|           3|
    |select_ln59_fu_1087_p3     |    select|   0|  0|   3|           1|           1|
    |select_ln77_fu_603_p3      |    select|   0|  0|   3|           1|           1|
    |select_ln82_fu_757_p3      |    select|   0|  0|   3|           1|           1|
    |store_res2_l_0_fu_1095_p3  |    select|   0|  0|   3|           1|           3|
    |ap_enable_pp2              |       xor|   0|  0|   2|           1|           2|
    +---------------------------+----------+----+---+----+------------+------------+
    |Total                      |          |   0|  0| 190|          59|          42|
    +---------------------------+----------+----+---+----+------------+------------+

    * Multiplexer: 
    +---------------------------------------------+-----+-----------+-----+-----------+
    |                     Name                    | LUT | Input Size| Bits| Total Bits|
    +---------------------------------------------+-----+-----------+-----+-----------+
    |add_ln2752_reg_366                           |    9|          2|    3|          6|
    |add_ln4389_reg_421                           |    9|          2|    3|          6|
    |add_ln5994_reg_476                           |    9|          2|    3|          6|
    |ap_NS_fsm                                    |  145|         29|    1|         29|
    |ap_enable_reg_pp2_iter1                      |    9|          2|    1|          2|
    |ap_phi_mux_add_ln5994_phi_fu_480_p4          |    9|          2|    3|          6|
    |ap_phi_mux_icmp_ln6093_phi_fu_491_p4         |    9|          2|    1|          2|
    |ap_phi_mux_indvar_flatten1390_phi_fu_524_p4  |    9|          2|    4|          8|
    |ap_phi_mux_store_res2_l_091_phi_fu_513_p4    |    9|          2|    3|          6|
    |ap_phi_mux_store_res2_l_192_phi_fu_502_p4    |    9|          2|    3|          6|
    |gmem0_blk_n_AR                               |    9|          2|    1|          2|
    |gmem0_blk_n_R                                |    9|          2|    1|          2|
    |gmem1_blk_n_AR                               |    9|          2|    1|          2|
    |gmem1_blk_n_R                                |    9|          2|    1|          2|
    |gmem2_blk_n_AW                               |    9|          2|    1|          2|
    |gmem2_blk_n_B                                |    9|          2|    1|          2|
    |gmem2_blk_n_W                                |    9|          2|    1|          2|
    |icmp_ln2851_reg_377                          |    9|          2|    1|          2|
    |icmp_ln4488_reg_432                          |    9|          2|    1|          2|
    |icmp_ln6093_reg_487                          |    9|          2|    1|          2|
    |indvar_flatten1390_reg_520                   |    9|          2|    4|          8|
    |indvar_flatten16_reg_410                     |    9|          2|    4|          8|
    |indvar_flatten653_reg_465                    |    9|          2|    4|          8|
    |load_buf0_l_017_reg_399                      |    9|          2|    3|          6|
    |load_buf0_l_150_reg_388                      |    9|          2|    3|          6|
    |load_buf1_l_054_reg_454                      |    9|          2|    3|          6|
    |load_buf1_l_187_reg_443                      |    9|          2|    3|          6|
    |store_res2_l_091_reg_509                     |    9|          2|    3|          6|
    |store_res2_l_192_reg_498                     |    9|          2|    3|          6|
    +---------------------------------------------+-----+-----------+-----+-----------+
    |Total                                        |  397|         85|   65|        157|
    +---------------------------------------------+-----+-----------+-----+-----------+

    * Register: 
    +---------------------------------------------------------+----+----+-----+-----------+
    |                           Name                          | FF | LUT| Bits| Const Bits|
    +---------------------------------------------------------+----+----+-----+-----------+
    |add_ln2752_reg_366                                       |   3|   0|    3|          0|
    |add_ln4389_reg_421                                       |   3|   0|    3|          0|
    |add_ln5994_reg_476                                       |   3|   0|    3|          0|
    |add_ln59_1_reg_1820                                      |   4|   0|    4|          0|
    |add_ln59_reg_1830                                        |   3|   0|    3|          0|
    |ap_CS_fsm                                                |  28|   0|   28|          0|
    |ap_enable_reg_pp2_iter0                                  |   1|   0|    1|          0|
    |ap_enable_reg_pp2_iter1                                  |   1|   0|    1|          0|
    |buf048_fu_176                                            |  32|   0|   32|          0|
    |buf0_1028_fu_136                                         |  32|   0|   32|          0|
    |buf0_1126_fu_132                                         |  32|   0|   32|          0|
    |buf0_1224_fu_128                                         |  32|   0|   32|          0|
    |buf0_1322_fu_124                                         |  32|   0|   32|          0|
    |buf0_1420_fu_120                                         |  32|   0|   32|          0|
    |buf0_146_fu_172                                          |  32|   0|   32|          0|
    |buf0_1518_fu_116                                         |  32|   0|   32|          0|
    |buf0_244_fu_168                                          |  32|   0|   32|          0|
    |buf0_342_fu_164                                          |  32|   0|   32|          0|
    |buf0_440_fu_160                                          |  32|   0|   32|          0|
    |buf0_538_fu_156                                          |  32|   0|   32|          0|
    |buf0_636_fu_152                                          |  32|   0|   32|          0|
    |buf0_734_fu_148                                          |  32|   0|   32|          0|
    |buf0_832_fu_144                                          |  32|   0|   32|          0|
    |buf0_930_fu_140                                          |  32|   0|   32|          0|
    |buf185_fu_304                                            |  32|   0|   32|          0|
    |buf1_1065_fu_264                                         |  32|   0|   32|          0|
    |buf1_1163_fu_260                                         |  32|   0|   32|          0|
    |buf1_1261_fu_256                                         |  32|   0|   32|          0|
    |buf1_1359_fu_252                                         |  32|   0|   32|          0|
    |buf1_1457_fu_248                                         |  32|   0|   32|          0|
    |buf1_1555_fu_244                                         |  32|   0|   32|          0|
    |buf1_183_fu_300                                          |  32|   0|   32|          0|
    |buf1_281_fu_296                                          |  32|   0|   32|          0|
    |buf1_379_fu_292                                          |  32|   0|   32|          0|
    |buf1_477_fu_288                                          |  32|   0|   32|          0|
    |buf1_575_fu_284                                          |  32|   0|   32|          0|
    |buf1_673_fu_280                                          |  32|   0|   32|          0|
    |buf1_771_fu_276                                          |  32|   0|   32|          0|
    |buf1_869_fu_272                                          |  32|   0|   32|          0|
    |buf1_967_fu_268                                          |  32|   0|   32|          0|
    |gmem0_addr_reg_1447                                      |  64|   0|   64|          0|
    |grp_matmul_outer_Pipeline_l_S_k_0_k_fu_531_ap_start_reg  |   1|   0|    1|          0|
    |icmp_ln2851_reg_377                                      |   1|   0|    1|          0|
    |icmp_ln4488_reg_432                                      |   1|   0|    1|          0|
    |icmp_ln59_reg_1835                                       |   1|   0|    1|          0|
    |icmp_ln6093_reg_487                                      |   1|   0|    1|          0|
    |icmp_ln60_reg_1825                                       |   1|   0|    1|          0|
    |indvar_flatten1390_reg_520                               |   4|   0|    4|          0|
    |indvar_flatten16_reg_410                                 |   4|   0|    4|          0|
    |indvar_flatten653_reg_465                                |   4|   0|    4|          0|
    |load_buf0_l_017_reg_399                                  |   3|   0|    3|          0|
    |load_buf0_l_150_reg_388                                  |   3|   0|    3|          0|
    |load_buf1_l_054_reg_454                                  |   3|   0|    3|          0|
    |load_buf1_l_187_reg_443                                  |   3|   0|    3|          0|
    |store_res2_l_091_reg_509                                 |   3|   0|    3|          0|
    |store_res2_l_0_reg_1805                                  |   3|   0|    3|          0|
    |store_res2_l_192_reg_498                                 |   3|   0|    3|          0|
    |store_res2_l_1_reg_1815                                  |   3|   0|    3|          0|
    |v14_reg_1810                                             |  32|   0|   32|          0|
    |v16_read_reg_1346                                        |  64|   0|   64|          0|
    |v17_read_reg_1341                                        |  64|   0|   64|          0|
    |v33_10_loc_load_reg_1750                                 |  32|   0|   32|          0|
    |v33_11_loc_load_reg_1745                                 |  32|   0|   32|          0|
    |v33_12_loc_load_reg_1740                                 |  32|   0|   32|          0|
    |v33_13_loc_load_reg_1735                                 |  32|   0|   32|          0|
    |v33_14_loc_load_reg_1730                                 |  32|   0|   32|          0|
    |v33_15_loc_load_reg_1725                                 |  32|   0|   32|          0|
    |v33_1_loc_load_reg_1795                                  |  32|   0|   32|          0|
    |v33_2_loc_load_reg_1790                                  |  32|   0|   32|          0|
    |v33_3_loc_load_reg_1785                                  |  32|   0|   32|          0|
    |v33_4_loc_load_reg_1780                                  |  32|   0|   32|          0|
    |v33_5_loc_load_reg_1775                                  |  32|   0|   32|          0|
    |v33_6_loc_load_reg_1770                                  |  32|   0|   32|          0|
    |v33_7_loc_load_reg_1765                                  |  32|   0|   32|          0|
    |v33_8_loc_load_reg_1760                                  |  32|   0|   32|          0|
    |v33_9_loc_load_reg_1755                                  |  32|   0|   32|          0|
    |v33_loc_load_reg_1800                                    |  32|   0|   32|          0|
    +---------------------------------------------------------+----+----+-----+-----------+
    |Total                                                    |1848|   0| 1848|          0|
    +---------------------------------------------------------+----+----+-----+-----------+



================================================================
== Interface
================================================================
* Summary: 
+-----------------------+-----+-----+------------+--------------+--------------+
|       RTL Ports       | Dir | Bits|  Protocol  | Source Object|    C Type    |
+-----------------------+-----+-----+------------+--------------+--------------+
|s_axi_control_AWVALID  |   in|    1|       s_axi|       control|        scalar|
|s_axi_control_AWREADY  |  out|    1|       s_axi|       control|        scalar|
|s_axi_control_AWADDR   |   in|    6|       s_axi|       control|        scalar|
|s_axi_control_WVALID   |   in|    1|       s_axi|       control|        scalar|
|s_axi_control_WREADY   |  out|    1|       s_axi|       control|        scalar|
|s_axi_control_WDATA    |   in|   32|       s_axi|       control|        scalar|
|s_axi_control_WSTRB    |   in|    4|       s_axi|       control|        scalar|
|s_axi_control_ARVALID  |   in|    1|       s_axi|       control|        scalar|
|s_axi_control_ARREADY  |  out|    1|       s_axi|       control|        scalar|
|s_axi_control_ARADDR   |   in|    6|       s_axi|       control|        scalar|
|s_axi_control_RVALID   |  out|    1|       s_axi|       control|        scalar|
|s_axi_control_RREADY   |   in|    1|       s_axi|       control|        scalar|
|s_axi_control_RDATA    |  out|   32|       s_axi|       control|        scalar|
|s_axi_control_RRESP    |  out|    2|       s_axi|       control|        scalar|
|s_axi_control_BVALID   |  out|    1|       s_axi|       control|        scalar|
|s_axi_control_BREADY   |   in|    1|       s_axi|       control|        scalar|
|s_axi_control_BRESP    |  out|    2|       s_axi|       control|        scalar|
|ap_clk                 |   in|    1|  ap_ctrl_hs|  matmul_outer|  return value|
|ap_rst_n               |   in|    1|  ap_ctrl_hs|  matmul_outer|  return value|
|ap_start               |   in|    1|  ap_ctrl_hs|  matmul_outer|  return value|
|ap_done                |  out|    1|  ap_ctrl_hs|  matmul_outer|  return value|
|ap_idle                |  out|    1|  ap_ctrl_hs|  matmul_outer|  return value|
|ap_ready               |  out|    1|  ap_ctrl_hs|  matmul_outer|  return value|
|m_axi_gmem0_AWVALID    |  out|    1|       m_axi|         gmem0|       pointer|
|m_axi_gmem0_AWREADY    |   in|    1|       m_axi|         gmem0|       pointer|
|m_axi_gmem0_AWADDR     |  out|   64|       m_axi|         gmem0|       pointer|
|m_axi_gmem0_AWID       |  out|    1|       m_axi|         gmem0|       pointer|
|m_axi_gmem0_AWLEN      |  out|    8|       m_axi|         gmem0|       pointer|
|m_axi_gmem0_AWSIZE     |  out|    3|       m_axi|         gmem0|       pointer|
|m_axi_gmem0_AWBURST    |  out|    2|       m_axi|         gmem0|       pointer|
|m_axi_gmem0_AWLOCK     |  out|    2|       m_axi|         gmem0|       pointer|
|m_axi_gmem0_AWCACHE    |  out|    4|       m_axi|         gmem0|       pointer|
|m_axi_gmem0_AWPROT     |  out|    3|       m_axi|         gmem0|       pointer|
|m_axi_gmem0_AWQOS      |  out|    4|       m_axi|         gmem0|       pointer|
|m_axi_gmem0_AWREGION   |  out|    4|       m_axi|         gmem0|       pointer|
|m_axi_gmem0_AWUSER     |  out|    1|       m_axi|         gmem0|       pointer|
|m_axi_gmem0_WVALID     |  out|    1|       m_axi|         gmem0|       pointer|
|m_axi_gmem0_WREADY     |   in|    1|       m_axi|         gmem0|       pointer|
|m_axi_gmem0_WDATA      |  out|   32|       m_axi|         gmem0|       pointer|
|m_axi_gmem0_WSTRB      |  out|    4|       m_axi|         gmem0|       pointer|
|m_axi_gmem0_WLAST      |  out|    1|       m_axi|         gmem0|       pointer|
|m_axi_gmem0_WID        |  out|    1|       m_axi|         gmem0|       pointer|
|m_axi_gmem0_WUSER      |  out|    1|       m_axi|         gmem0|       pointer|
|m_axi_gmem0_ARVALID    |  out|    1|       m_axi|         gmem0|       pointer|
|m_axi_gmem0_ARREADY    |   in|    1|       m_axi|         gmem0|       pointer|
|m_axi_gmem0_ARADDR     |  out|   64|       m_axi|         gmem0|       pointer|
|m_axi_gmem0_ARID       |  out|    1|       m_axi|         gmem0|       pointer|
|m_axi_gmem0_ARLEN      |  out|    8|       m_axi|         gmem0|       pointer|
|m_axi_gmem0_ARSIZE     |  out|    3|       m_axi|         gmem0|       pointer|
|m_axi_gmem0_ARBURST    |  out|    2|       m_axi|         gmem0|       pointer|
|m_axi_gmem0_ARLOCK     |  out|    2|       m_axi|         gmem0|       pointer|
|m_axi_gmem0_ARCACHE    |  out|    4|       m_axi|         gmem0|       pointer|
|m_axi_gmem0_ARPROT     |  out|    3|       m_axi|         gmem0|       pointer|
|m_axi_gmem0_ARQOS      |  out|    4|       m_axi|         gmem0|       pointer|
|m_axi_gmem0_ARREGION   |  out|    4|       m_axi|         gmem0|       pointer|
|m_axi_gmem0_ARUSER     |  out|    1|       m_axi|         gmem0|       pointer|
|m_axi_gmem0_RVALID     |   in|    1|       m_axi|         gmem0|       pointer|
|m_axi_gmem0_RREADY     |  out|    1|       m_axi|         gmem0|       pointer|
|m_axi_gmem0_RDATA      |   in|   32|       m_axi|         gmem0|       pointer|
|m_axi_gmem0_RLAST      |   in|    1|       m_axi|         gmem0|       pointer|
|m_axi_gmem0_RID        |   in|    1|       m_axi|         gmem0|       pointer|
|m_axi_gmem0_RUSER      |   in|    1|       m_axi|         gmem0|       pointer|
|m_axi_gmem0_RRESP      |   in|    2|       m_axi|         gmem0|       pointer|
|m_axi_gmem0_BVALID     |   in|    1|       m_axi|         gmem0|       pointer|
|m_axi_gmem0_BREADY     |  out|    1|       m_axi|         gmem0|       pointer|
|m_axi_gmem0_BRESP      |   in|    2|       m_axi|         gmem0|       pointer|
|m_axi_gmem0_BID        |   in|    1|       m_axi|         gmem0|       pointer|
|m_axi_gmem0_BUSER      |   in|    1|       m_axi|         gmem0|       pointer|
|m_axi_gmem1_AWVALID    |  out|    1|       m_axi|         gmem1|       pointer|
|m_axi_gmem1_AWREADY    |   in|    1|       m_axi|         gmem1|       pointer|
|m_axi_gmem1_AWADDR     |  out|   64|       m_axi|         gmem1|       pointer|
|m_axi_gmem1_AWID       |  out|    1|       m_axi|         gmem1|       pointer|
|m_axi_gmem1_AWLEN      |  out|    8|       m_axi|         gmem1|       pointer|
|m_axi_gmem1_AWSIZE     |  out|    3|       m_axi|         gmem1|       pointer|
|m_axi_gmem1_AWBURST    |  out|    2|       m_axi|         gmem1|       pointer|
|m_axi_gmem1_AWLOCK     |  out|    2|       m_axi|         gmem1|       pointer|
|m_axi_gmem1_AWCACHE    |  out|    4|       m_axi|         gmem1|       pointer|
|m_axi_gmem1_AWPROT     |  out|    3|       m_axi|         gmem1|       pointer|
|m_axi_gmem1_AWQOS      |  out|    4|       m_axi|         gmem1|       pointer|
|m_axi_gmem1_AWREGION   |  out|    4|       m_axi|         gmem1|       pointer|
|m_axi_gmem1_AWUSER     |  out|    1|       m_axi|         gmem1|       pointer|
|m_axi_gmem1_WVALID     |  out|    1|       m_axi|         gmem1|       pointer|
|m_axi_gmem1_WREADY     |   in|    1|       m_axi|         gmem1|       pointer|
|m_axi_gmem1_WDATA      |  out|   32|       m_axi|         gmem1|       pointer|
|m_axi_gmem1_WSTRB      |  out|    4|       m_axi|         gmem1|       pointer|
|m_axi_gmem1_WLAST      |  out|    1|       m_axi|         gmem1|       pointer|
|m_axi_gmem1_WID        |  out|    1|       m_axi|         gmem1|       pointer|
|m_axi_gmem1_WUSER      |  out|    1|       m_axi|         gmem1|       pointer|
|m_axi_gmem1_ARVALID    |  out|    1|       m_axi|         gmem1|       pointer|
|m_axi_gmem1_ARREADY    |   in|    1|       m_axi|         gmem1|       pointer|
|m_axi_gmem1_ARADDR     |  out|   64|       m_axi|         gmem1|       pointer|
|m_axi_gmem1_ARID       |  out|    1|       m_axi|         gmem1|       pointer|
|m_axi_gmem1_ARLEN      |  out|    8|       m_axi|         gmem1|       pointer|
|m_axi_gmem1_ARSIZE     |  out|    3|       m_axi|         gmem1|       pointer|
|m_axi_gmem1_ARBURST    |  out|    2|       m_axi|         gmem1|       pointer|
|m_axi_gmem1_ARLOCK     |  out|    2|       m_axi|         gmem1|       pointer|
|m_axi_gmem1_ARCACHE    |  out|    4|       m_axi|         gmem1|       pointer|
|m_axi_gmem1_ARPROT     |  out|    3|       m_axi|         gmem1|       pointer|
|m_axi_gmem1_ARQOS      |  out|    4|       m_axi|         gmem1|       pointer|
|m_axi_gmem1_ARREGION   |  out|    4|       m_axi|         gmem1|       pointer|
|m_axi_gmem1_ARUSER     |  out|    1|       m_axi|         gmem1|       pointer|
|m_axi_gmem1_RVALID     |   in|    1|       m_axi|         gmem1|       pointer|
|m_axi_gmem1_RREADY     |  out|    1|       m_axi|         gmem1|       pointer|
|m_axi_gmem1_RDATA      |   in|   32|       m_axi|         gmem1|       pointer|
|m_axi_gmem1_RLAST      |   in|    1|       m_axi|         gmem1|       pointer|
|m_axi_gmem1_RID        |   in|    1|       m_axi|         gmem1|       pointer|
|m_axi_gmem1_RUSER      |   in|    1|       m_axi|         gmem1|       pointer|
|m_axi_gmem1_RRESP      |   in|    2|       m_axi|         gmem1|       pointer|
|m_axi_gmem1_BVALID     |   in|    1|       m_axi|         gmem1|       pointer|
|m_axi_gmem1_BREADY     |  out|    1|       m_axi|         gmem1|       pointer|
|m_axi_gmem1_BRESP      |   in|    2|       m_axi|         gmem1|       pointer|
|m_axi_gmem1_BID        |   in|    1|       m_axi|         gmem1|       pointer|
|m_axi_gmem1_BUSER      |   in|    1|       m_axi|         gmem1|       pointer|
|m_axi_gmem2_AWVALID    |  out|    1|       m_axi|         gmem2|       pointer|
|m_axi_gmem2_AWREADY    |   in|    1|       m_axi|         gmem2|       pointer|
|m_axi_gmem2_AWADDR     |  out|   64|       m_axi|         gmem2|       pointer|
|m_axi_gmem2_AWID       |  out|    1|       m_axi|         gmem2|       pointer|
|m_axi_gmem2_AWLEN      |  out|    8|       m_axi|         gmem2|       pointer|
|m_axi_gmem2_AWSIZE     |  out|    3|       m_axi|         gmem2|       pointer|
|m_axi_gmem2_AWBURST    |  out|    2|       m_axi|         gmem2|       pointer|
|m_axi_gmem2_AWLOCK     |  out|    2|       m_axi|         gmem2|       pointer|
|m_axi_gmem2_AWCACHE    |  out|    4|       m_axi|         gmem2|       pointer|
|m_axi_gmem2_AWPROT     |  out|    3|       m_axi|         gmem2|       pointer|
|m_axi_gmem2_AWQOS      |  out|    4|       m_axi|         gmem2|       pointer|
|m_axi_gmem2_AWREGION   |  out|    4|       m_axi|         gmem2|       pointer|
|m_axi_gmem2_AWUSER     |  out|    1|       m_axi|         gmem2|       pointer|
|m_axi_gmem2_WVALID     |  out|    1|       m_axi|         gmem2|       pointer|
|m_axi_gmem2_WREADY     |   in|    1|       m_axi|         gmem2|       pointer|
|m_axi_gmem2_WDATA      |  out|   32|       m_axi|         gmem2|       pointer|
|m_axi_gmem2_WSTRB      |  out|    4|       m_axi|         gmem2|       pointer|
|m_axi_gmem2_WLAST      |  out|    1|       m_axi|         gmem2|       pointer|
|m_axi_gmem2_WID        |  out|    1|       m_axi|         gmem2|       pointer|
|m_axi_gmem2_WUSER      |  out|    1|       m_axi|         gmem2|       pointer|
|m_axi_gmem2_ARVALID    |  out|    1|       m_axi|         gmem2|       pointer|
|m_axi_gmem2_ARREADY    |   in|    1|       m_axi|         gmem2|       pointer|
|m_axi_gmem2_ARADDR     |  out|   64|       m_axi|         gmem2|       pointer|
|m_axi_gmem2_ARID       |  out|    1|       m_axi|         gmem2|       pointer|
|m_axi_gmem2_ARLEN      |  out|    8|       m_axi|         gmem2|       pointer|
|m_axi_gmem2_ARSIZE     |  out|    3|       m_axi|         gmem2|       pointer|
|m_axi_gmem2_ARBURST    |  out|    2|       m_axi|         gmem2|       pointer|
|m_axi_gmem2_ARLOCK     |  out|    2|       m_axi|         gmem2|       pointer|
|m_axi_gmem2_ARCACHE    |  out|    4|       m_axi|         gmem2|       pointer|
|m_axi_gmem2_ARPROT     |  out|    3|       m_axi|         gmem2|       pointer|
|m_axi_gmem2_ARQOS      |  out|    4|       m_axi|         gmem2|       pointer|
|m_axi_gmem2_ARREGION   |  out|    4|       m_axi|         gmem2|       pointer|
|m_axi_gmem2_ARUSER     |  out|    1|       m_axi|         gmem2|       pointer|
|m_axi_gmem2_RVALID     |   in|    1|       m_axi|         gmem2|       pointer|
|m_axi_gmem2_RREADY     |  out|    1|       m_axi|         gmem2|       pointer|
|m_axi_gmem2_RDATA      |   in|   32|       m_axi|         gmem2|       pointer|
|m_axi_gmem2_RLAST      |   in|    1|       m_axi|         gmem2|       pointer|
|m_axi_gmem2_RID        |   in|    1|       m_axi|         gmem2|       pointer|
|m_axi_gmem2_RUSER      |   in|    1|       m_axi|         gmem2|       pointer|
|m_axi_gmem2_RRESP      |   in|    2|       m_axi|         gmem2|       pointer|
|m_axi_gmem2_BVALID     |   in|    1|       m_axi|         gmem2|       pointer|
|m_axi_gmem2_BREADY     |  out|    1|       m_axi|         gmem2|       pointer|
|m_axi_gmem2_BRESP      |   in|    2|       m_axi|         gmem2|       pointer|
|m_axi_gmem2_BID        |   in|    1|       m_axi|         gmem2|       pointer|
|m_axi_gmem2_BUSER      |   in|    1|       m_axi|         gmem2|       pointer|
+-----------------------+-----+-----+------------+--------------+--------------+

