

================================================================
== Vitis HLS Report for 'matmul_outer_Pipeline_l_S_k_0_k'
================================================================
* Date:           Tue Apr 14 17:11:39 2026

* Version:        2023.2 (Build 4023990 on Oct 11 2023)
* Project:        out.prj
* Solution:       solution1 (Vivado IP Flow Target)
* Product family: virtexuplusHBM
* Target device:  xcu280-fsvh2892-2L-e


================================================================
== Performance Estimates
================================================================
+ Timing: 
    * Summary: 
    +--------+---------+----------+------------+
    |  Clock |  Target | Estimated| Uncertainty|
    +--------+---------+----------+------------+
    |ap_clk  |  3.33 ns|  2.291 ns|     0.90 ns|
    +--------+---------+----------+------------+

+ Latency: 
    * Summary: 
    +---------+---------+-----------+-----------+-----+-----+---------+
    |  Latency (cycles) |   Latency (absolute)  |  Interval | Pipeline|
    |   min   |   max   |    min    |    max    | min | max |   Type  |
    +---------+---------+-----------+-----------+-----+-----+---------+
    |        8|        8|  26.640 ns|  26.640 ns|    8|    8|       no|
    +---------+---------+-----------+-----------+-----+-----+---------+

    + Detail: 
        * Instance: 
        N/A

        * Loop: 
        +-------------+---------+---------+----------+-----------+-----------+------+----------+
        |             |  Latency (cycles) | Iteration|  Initiation Interval  | Trip |          |
        |  Loop Name  |   min   |   max   |  Latency |  achieved |   target  | Count| Pipelined|
        +-------------+---------+---------+----------+-----------+-----------+------+----------+
        |- l_S_k_0_k  |        6|        6|         4|          1|          1|     4|       yes|
        +-------------+---------+---------+----------+-----------+-----------+------+----------+



================================================================
== Utilization Estimates
================================================================
* Summary: 
+---------------------+---------+------+---------+---------+-----+
|         Name        | BRAM_18K|  DSP |    FF   |   LUT   | URAM|
+---------------------+---------+------+---------+---------+-----+
|DSP                  |        -|     -|        -|        -|    -|
|Expression           |        -|     -|        0|      648|    -|
|FIFO                 |        -|     -|        -|        -|    -|
|Instance             |        -|    48|     2640|      944|    -|
|Memory               |        -|     -|        -|        -|    -|
|Multiplexer          |        -|     -|        -|      180|    -|
|Register             |        -|     -|     1292|        -|    -|
+---------------------+---------+------+---------+---------+-----+
|Total                |        0|    48|     3932|     1772|    0|
+---------------------+---------+------+---------+---------+-----+
|Available SLR        |     1344|  3008|   869120|   434560|  320|
+---------------------+---------+------+---------+---------+-----+
|Utilization SLR (%)  |        0|     1|       ~0|       ~0|    0|
+---------------------+---------+------+---------+---------+-----+
|Available            |     4032|  9024|  2607360|  1303680|  960|
+---------------------+---------+------+---------+---------+-----+
|Utilization (%)      |        0|    ~0|       ~0|       ~0|    0|
+---------------------+---------+------+---------+---------+-----+

+ Detail: 
    * Instance: 
    +--------------------------+----------------------+---------+----+-----+----+-----+
    |         Instance         |        Module        | BRAM_18K| DSP|  FF | LUT| URAM|
    +--------------------------+----------------------+---------+----+-----+----+-----+
    |mul_32s_32s_32_2_1_U1     |mul_32s_32s_32_2_1    |        0|   3|  165|  49|    0|
    |mul_32s_32s_32_2_1_U2     |mul_32s_32s_32_2_1    |        0|   3|  165|  49|    0|
    |mul_32s_32s_32_2_1_U3     |mul_32s_32s_32_2_1    |        0|   3|  165|  49|    0|
    |mul_32s_32s_32_2_1_U4     |mul_32s_32s_32_2_1    |        0|   3|  165|  49|    0|
    |mul_32s_32s_32_2_1_U5     |mul_32s_32s_32_2_1    |        0|   3|  165|  49|    0|
    |mul_32s_32s_32_2_1_U6     |mul_32s_32s_32_2_1    |        0|   3|  165|  49|    0|
    |mul_32s_32s_32_2_1_U7     |mul_32s_32s_32_2_1    |        0|   3|  165|  49|    0|
    |mul_32s_32s_32_2_1_U8     |mul_32s_32s_32_2_1    |        0|   3|  165|  49|    0|
    |mul_32s_32s_32_2_1_U9     |mul_32s_32s_32_2_1    |        0|   3|  165|  49|    0|
    |mul_32s_32s_32_2_1_U10    |mul_32s_32s_32_2_1    |        0|   3|  165|  49|    0|
    |mul_32s_32s_32_2_1_U11    |mul_32s_32s_32_2_1    |        0|   3|  165|  49|    0|
    |mul_32s_32s_32_2_1_U12    |mul_32s_32s_32_2_1    |        0|   3|  165|  49|    0|
    |mul_32s_32s_32_2_1_U13    |mul_32s_32s_32_2_1    |        0|   3|  165|  49|    0|
    |mul_32s_32s_32_2_1_U14    |mul_32s_32s_32_2_1    |        0|   3|  165|  49|    0|
    |mul_32s_32s_32_2_1_U15    |mul_32s_32s_32_2_1    |        0|   3|  165|  49|    0|
    |mul_32s_32s_32_2_1_U16    |mul_32s_32s_32_2_1    |        0|   3|  165|  49|    0|
    |sparsemux_9_2_32_1_1_U17  |sparsemux_9_2_32_1_1  |        0|   0|    0|  20|    0|
    |sparsemux_9_2_32_1_1_U18  |sparsemux_9_2_32_1_1  |        0|   0|    0|  20|    0|
    |sparsemux_9_2_32_1_1_U19  |sparsemux_9_2_32_1_1  |        0|   0|    0|  20|    0|
    |sparsemux_9_2_32_1_1_U20  |sparsemux_9_2_32_1_1  |        0|   0|    0|  20|    0|
    |sparsemux_9_2_32_1_1_U21  |sparsemux_9_2_32_1_1  |        0|   0|    0|  20|    0|
    |sparsemux_9_2_32_1_1_U22  |sparsemux_9_2_32_1_1  |        0|   0|    0|  20|    0|
    |sparsemux_9_2_32_1_1_U23  |sparsemux_9_2_32_1_1  |        0|   0|    0|  20|    0|
    |sparsemux_9_2_32_1_1_U24  |sparsemux_9_2_32_1_1  |        0|   0|    0|  20|    0|
    +--------------------------+----------------------+---------+----+-----+----+-----+
    |Total                     |                      |        0|  48| 2640| 944|    0|
    +--------------------------+----------------------+---------+----+-----+----+-----+

    * DSP: 
    N/A

    * Memory: 
    N/A

    * FIFO: 
    N/A

    * Expression: 
    +---------------------+----------+----+---+----+------------+------------+
    |    Variable Name    | Operation| DSP| FF| LUT| Bitwidth P0| Bitwidth P1|
    +---------------------+----------+----+---+----+------------+------------+
    |add_ln96_fu_664_p2   |         +|   0|  0|  10|           3|           1|
    |v37_10_fu_969_p2     |         +|   0|  0|  39|          32|          32|
    |v37_11_fu_974_p2     |         +|   0|  0|  39|          32|          32|
    |v37_12_fu_979_p2     |         +|   0|  0|  39|          32|          32|
    |v37_13_fu_984_p2     |         +|   0|  0|  39|          32|          32|
    |v37_14_fu_989_p2     |         +|   0|  0|  39|          32|          32|
    |v37_15_fu_994_p2     |         +|   0|  0|  39|          32|          32|
    |v37_1_fu_924_p2      |         +|   0|  0|  39|          32|          32|
    |v37_2_fu_929_p2      |         +|   0|  0|  39|          32|          32|
    |v37_3_fu_934_p2      |         +|   0|  0|  39|          32|          32|
    |v37_4_fu_939_p2      |         +|   0|  0|  39|          32|          32|
    |v37_5_fu_944_p2      |         +|   0|  0|  39|          32|          32|
    |v37_6_fu_949_p2      |         +|   0|  0|  39|          32|          32|
    |v37_7_fu_954_p2      |         +|   0|  0|  39|          32|          32|
    |v37_8_fu_959_p2      |         +|   0|  0|  39|          32|          32|
    |v37_9_fu_964_p2      |         +|   0|  0|  39|          32|          32|
    |v37_fu_919_p2        |         +|   0|  0|  39|          32|          32|
    |icmp_ln96_fu_658_p2  |      icmp|   0|  0|  12|           3|           4|
    |ap_enable_pp0        |       xor|   0|  0|   2|           1|           2|
    +---------------------+----------+----+---+----+------------+------------+
    |Total                |          |   0|  0| 648|         519|         519|
    +---------------------+----------+----+---+----+------------+------------+

    * Multiplexer: 
    +-------------------------+----+-----------+-----+-----------+
    |           Name          | LUT| Input Size| Bits| Total Bits|
    +-------------------------+----+-----------+-----+-----------+
    |ap_done_int              |   9|          2|    1|          2|
    |ap_enable_reg_pp0_iter1  |   9|          2|    1|          2|
    |ap_sig_allocacmp_k_1     |   9|          2|    3|          6|
    |k_fu_198                 |   9|          2|    3|          6|
    |v33_10_fu_174            |   9|          2|   32|         64|
    |v33_11_fu_178            |   9|          2|   32|         64|
    |v33_12_fu_182            |   9|          2|   32|         64|
    |v33_13_fu_186            |   9|          2|   32|         64|
    |v33_14_fu_190            |   9|          2|   32|         64|
    |v33_15_fu_194            |   9|          2|   32|         64|
    |v33_1_fu_138             |   9|          2|   32|         64|
    |v33_2_fu_142             |   9|          2|   32|         64|
    |v33_3_fu_146             |   9|          2|   32|         64|
    |v33_4_fu_150             |   9|          2|   32|         64|
    |v33_5_fu_154             |   9|          2|   32|         64|
    |v33_6_fu_158             |   9|          2|   32|         64|
    |v33_7_fu_162             |   9|          2|   32|         64|
    |v33_8_fu_166             |   9|          2|   32|         64|
    |v33_9_fu_170             |   9|          2|   32|         64|
    |v33_fu_134               |   9|          2|   32|         64|
    +-------------------------+----+-----------+-----+-----------+
    |Total                    | 180|         40|  520|       1040|
    +-------------------------+----+-----------+-----+-----------+

    * Register: 
    +----------------------------------+----+----+-----+-----------+
    |               Name               | FF | LUT| Bits| Const Bits|
    +----------------------------------+----+----+-----+-----------+
    |ap_CS_fsm                         |   1|   0|    1|          0|
    |ap_done_reg                       |   1|   0|    1|          0|
    |ap_enable_reg_pp0_iter1           |   1|   0|    1|          0|
    |ap_enable_reg_pp0_iter2           |   1|   0|    1|          0|
    |ap_enable_reg_pp0_iter3           |   1|   0|    1|          0|
    |ap_loop_exit_ready_pp0_iter1_reg  |   1|   0|    1|          0|
    |ap_loop_exit_ready_pp0_iter2_reg  |   1|   0|    1|          0|
    |icmp_ln96_reg_1278                |   1|   0|    1|          0|
    |icmp_ln96_reg_1278_pp0_iter1_reg  |   1|   0|    1|          0|
    |k_fu_198                          |   3|   0|    3|          0|
    |mul_ln112_10_reg_1396             |  32|   0|   32|          0|
    |mul_ln112_11_reg_1401             |  32|   0|   32|          0|
    |mul_ln112_12_reg_1406             |  32|   0|   32|          0|
    |mul_ln112_13_reg_1411             |  32|   0|   32|          0|
    |mul_ln112_14_reg_1416             |  32|   0|   32|          0|
    |mul_ln112_15_reg_1421             |  32|   0|   32|          0|
    |mul_ln112_1_reg_1351              |  32|   0|   32|          0|
    |mul_ln112_2_reg_1356              |  32|   0|   32|          0|
    |mul_ln112_3_reg_1361              |  32|   0|   32|          0|
    |mul_ln112_4_reg_1366              |  32|   0|   32|          0|
    |mul_ln112_5_reg_1371              |  32|   0|   32|          0|
    |mul_ln112_6_reg_1376              |  32|   0|   32|          0|
    |mul_ln112_7_reg_1381              |  32|   0|   32|          0|
    |mul_ln112_8_reg_1386              |  32|   0|   32|          0|
    |mul_ln112_9_reg_1391              |  32|   0|   32|          0|
    |mul_ln112_reg_1346                |  32|   0|   32|          0|
    |v25_1_reg_1322                    |  32|   0|   32|          0|
    |v25_2_reg_1330                    |  32|   0|   32|          0|
    |v25_3_reg_1338                    |  32|   0|   32|          0|
    |v25_reg_1282                      |  32|   0|   32|          0|
    |v29_1_reg_1298                    |  32|   0|   32|          0|
    |v29_2_reg_1306                    |  32|   0|   32|          0|
    |v29_3_reg_1314                    |  32|   0|   32|          0|
    |v29_reg_1290                      |  32|   0|   32|          0|
    |v33_10_fu_174                     |  32|   0|   32|          0|
    |v33_11_fu_178                     |  32|   0|   32|          0|
    |v33_12_fu_182                     |  32|   0|   32|          0|
    |v33_13_fu_186                     |  32|   0|   32|          0|
    |v33_14_fu_190                     |  32|   0|   32|          0|
    |v33_15_fu_194                     |  32|   0|   32|          0|
    |v33_1_fu_138                      |  32|   0|   32|          0|
    |v33_2_fu_142                      |  32|   0|   32|          0|
    |v33_3_fu_146                      |  32|   0|   32|          0|
    |v33_4_fu_150                      |  32|   0|   32|          0|
    |v33_5_fu_154                      |  32|   0|   32|          0|
    |v33_6_fu_158                      |  32|   0|   32|          0|
    |v33_7_fu_162                      |  32|   0|   32|          0|
    |v33_8_fu_166                      |  32|   0|   32|          0|
    |v33_9_fu_170                      |  32|   0|   32|          0|
    |v33_fu_134                        |  32|   0|   32|          0|
    +----------------------------------+----+----+-----+-----------+
    |Total                             |1292|   0| 1292|          0|
    +----------------------------------+----+----+-----+-----------+



================================================================
== Interface
================================================================
* Summary: 
+-------------------+-----+-----+------------+---------------------------------+--------------+
|     RTL Ports     | Dir | Bits|  Protocol  |          Source Object          |    C Type    |
+-------------------+-----+-----+------------+---------------------------------+--------------+
|ap_clk             |   in|    1|  ap_ctrl_hs|  matmul_outer_Pipeline_l_S_k_0_k|  return value|
|ap_rst             |   in|    1|  ap_ctrl_hs|  matmul_outer_Pipeline_l_S_k_0_k|  return value|
|ap_start           |   in|    1|  ap_ctrl_hs|  matmul_outer_Pipeline_l_S_k_0_k|  return value|
|ap_done            |  out|    1|  ap_ctrl_hs|  matmul_outer_Pipeline_l_S_k_0_k|  return value|
|ap_idle            |  out|    1|  ap_ctrl_hs|  matmul_outer_Pipeline_l_S_k_0_k|  return value|
|ap_ready           |  out|    1|  ap_ctrl_hs|  matmul_outer_Pipeline_l_S_k_0_k|  return value|
|buf0_17            |   in|   32|     ap_none|                          buf0_17|        scalar|
|buf0_18            |   in|   32|     ap_none|                          buf0_18|        scalar|
|buf0_19            |   in|   32|     ap_none|                          buf0_19|        scalar|
|buf0_20            |   in|   32|     ap_none|                          buf0_20|        scalar|
|buf1_17            |   in|   32|     ap_none|                          buf1_17|        scalar|
|buf1_21            |   in|   32|     ap_none|                          buf1_21|        scalar|
|buf1_25            |   in|   32|     ap_none|                          buf1_25|        scalar|
|buf1_29            |   in|   32|     ap_none|                          buf1_29|        scalar|
|buf1_18            |   in|   32|     ap_none|                          buf1_18|        scalar|
|buf1_22            |   in|   32|     ap_none|                          buf1_22|        scalar|
|buf1_26            |   in|   32|     ap_none|                          buf1_26|        scalar|
|buf1_30            |   in|   32|     ap_none|                          buf1_30|        scalar|
|buf1_19            |   in|   32|     ap_none|                          buf1_19|        scalar|
|buf1_23            |   in|   32|     ap_none|                          buf1_23|        scalar|
|buf1_27            |   in|   32|     ap_none|                          buf1_27|        scalar|
|buf1_31            |   in|   32|     ap_none|                          buf1_31|        scalar|
|buf1_20            |   in|   32|     ap_none|                          buf1_20|        scalar|
|buf1_24            |   in|   32|     ap_none|                          buf1_24|        scalar|
|buf1_28            |   in|   32|     ap_none|                          buf1_28|        scalar|
|buf1_32            |   in|   32|     ap_none|                          buf1_32|        scalar|
|buf0_21            |   in|   32|     ap_none|                          buf0_21|        scalar|
|buf0_22            |   in|   32|     ap_none|                          buf0_22|        scalar|
|buf0_23            |   in|   32|     ap_none|                          buf0_23|        scalar|
|buf0_24            |   in|   32|     ap_none|                          buf0_24|        scalar|
|buf0_25            |   in|   32|     ap_none|                          buf0_25|        scalar|
|buf0_26            |   in|   32|     ap_none|                          buf0_26|        scalar|
|buf0_27            |   in|   32|     ap_none|                          buf0_27|        scalar|
|buf0_28            |   in|   32|     ap_none|                          buf0_28|        scalar|
|buf0_29            |   in|   32|     ap_none|                          buf0_29|        scalar|
|buf0_30            |   in|   32|     ap_none|                          buf0_30|        scalar|
|buf0_31            |   in|   32|     ap_none|                          buf0_31|        scalar|
|buf0_32            |   in|   32|     ap_none|                          buf0_32|        scalar|
|v33_15_out         |  out|   32|      ap_vld|                       v33_15_out|       pointer|
|v33_15_out_ap_vld  |  out|    1|      ap_vld|                       v33_15_out|       pointer|
|v33_14_out         |  out|   32|      ap_vld|                       v33_14_out|       pointer|
|v33_14_out_ap_vld  |  out|    1|      ap_vld|                       v33_14_out|       pointer|
|v33_13_out         |  out|   32|      ap_vld|                       v33_13_out|       pointer|
|v33_13_out_ap_vld  |  out|    1|      ap_vld|                       v33_13_out|       pointer|
|v33_12_out         |  out|   32|      ap_vld|                       v33_12_out|       pointer|
|v33_12_out_ap_vld  |  out|    1|      ap_vld|                       v33_12_out|       pointer|
|v33_11_out         |  out|   32|      ap_vld|                       v33_11_out|       pointer|
|v33_11_out_ap_vld  |  out|    1|      ap_vld|                       v33_11_out|       pointer|
|v33_10_out         |  out|   32|      ap_vld|                       v33_10_out|       pointer|
|v33_10_out_ap_vld  |  out|    1|      ap_vld|                       v33_10_out|       pointer|
|v33_9_out          |  out|   32|      ap_vld|                        v33_9_out|       pointer|
|v33_9_out_ap_vld   |  out|    1|      ap_vld|                        v33_9_out|       pointer|
|v33_8_out          |  out|   32|      ap_vld|                        v33_8_out|       pointer|
|v33_8_out_ap_vld   |  out|    1|      ap_vld|                        v33_8_out|       pointer|
|v33_7_out          |  out|   32|      ap_vld|                        v33_7_out|       pointer|
|v33_7_out_ap_vld   |  out|    1|      ap_vld|                        v33_7_out|       pointer|
|v33_6_out          |  out|   32|      ap_vld|                        v33_6_out|       pointer|
|v33_6_out_ap_vld   |  out|    1|      ap_vld|                        v33_6_out|       pointer|
|v33_5_out          |  out|   32|      ap_vld|                        v33_5_out|       pointer|
|v33_5_out_ap_vld   |  out|    1|      ap_vld|                        v33_5_out|       pointer|
|v33_4_out          |  out|   32|      ap_vld|                        v33_4_out|       pointer|
|v33_4_out_ap_vld   |  out|    1|      ap_vld|                        v33_4_out|       pointer|
|v33_3_out          |  out|   32|      ap_vld|                        v33_3_out|       pointer|
|v33_3_out_ap_vld   |  out|    1|      ap_vld|                        v33_3_out|       pointer|
|v33_2_out          |  out|   32|      ap_vld|                        v33_2_out|       pointer|
|v33_2_out_ap_vld   |  out|    1|      ap_vld|                        v33_2_out|       pointer|
|v33_1_out          |  out|   32|      ap_vld|                        v33_1_out|       pointer|
|v33_1_out_ap_vld   |  out|    1|      ap_vld|                        v33_1_out|       pointer|
|v33_out            |  out|   32|      ap_vld|                          v33_out|       pointer|
|v33_out_ap_vld     |  out|    1|      ap_vld|                          v33_out|       pointer|
+-------------------+-----+-----+------------+---------------------------------+--------------+

