

================================================================
== Vitis HLS Report for 'drv_n_0'
================================================================
* Date:           Fri Jul 24 11:32:20 2026

* Version:        2025.1 (Build 6135595 on May 21 2025)
* Project:        ii2_fp3
* Solution:       hls (Vivado IP Flow Target)
* Product family: zynquplus
* Target device:  xczu7ev-ffvc1156-2-e


================================================================
== Performance Estimates
================================================================
+ Timing: 
    * Summary: 
    +--------+---------+----------+------------+
    |  Clock |  Target | Estimated| Uncertainty|
    +--------+---------+----------+------------+
    |ap_clk  |  3.33 ns|  2.253 ns|     0.90 ns|
    +--------+---------+----------+------------+

+ Latency: 
    * Summary: 
    +---------+---------+----------+----------+-----+-----+---------+
    |  Latency (cycles) |  Latency (absolute) |  Interval | Pipeline|
    |   min   |   max   |    min   |    max   | min | max |   Type  |
    +---------+---------+----------+----------+-----+-----+---------+
    |        ?|        ?|         ?|         ?|    ?|    ?|       no|
    +---------+---------+----------+----------+-----+-----+---------+

    + Detail: 
        * Instance: 
        N/A

        * Loop: 
        +---------------------+---------+---------+----------+-----------+-----------+------+----------+
        |                     |  Latency (cycles) | Iteration|  Initiation Interval  | Trip |          |
        |      Loop Name      |   min   |   max   |  Latency |  achieved |   target  | Count| Pipelined|
        +---------------------+---------+---------+----------+-----------+-----------+------+----------+
        |- VITIS_LOOP_2128_3  |        ?|        ?|         1|          -|          -|     ?|        no|
        |- l_S_t_1_t3         |      360|      360|         3|          -|          -|   120|        no|
        +---------------------+---------+---------+----------+-----------+-----------+------+----------+



================================================================
== Utilization Estimates
================================================================
* Summary: 
+-----------------+---------+------+--------+--------+-----+
|       Name      | BRAM_18K|  DSP |   FF   |   LUT  | URAM|
+-----------------+---------+------+--------+--------+-----+
|DSP              |        -|     -|       -|       -|    -|
|Expression       |        -|     -|       0|     483|    -|
|FIFO             |        -|     -|       -|       -|    -|
|Instance         |        -|     -|       0|       9|    -|
|Memory           |        -|     -|       -|       -|    -|
|Multiplexer      |        -|     -|       0|     108|    -|
|Register         |        -|     -|     224|       -|    -|
+-----------------+---------+------+--------+--------+-----+
|Total            |        0|     0|     224|     600|    0|
+-----------------+---------+------+--------+--------+-----+
|Available        |      624|  1728|  460800|  230400|   96|
+-----------------+---------+------+--------+--------+-----+
|Utilization (%)  |        0|     0|      ~0|      ~0|    0|
+-----------------+---------+------+--------+--------+-----+

+ Detail: 
    * Instance: 
    +---------------------------+----------------------+---------+----+---+----+-----+
    |          Instance         |        Module        | BRAM_18K| DSP| FF| LUT| URAM|
    +---------------------------+----------------------+---------+----+---+----+-----+
    |sparsemux_7_2_32_1_1_U127  |sparsemux_7_2_32_1_1  |        0|   0|  0|   9|    0|
    +---------------------------+----------------------+---------+----+---+----+-----+
    |Total                      |                      |        0|   0|  0|   9|    0|
    +---------------------------+----------------------+---------+----+---+----+-----+

    * DSP: 
    N/A

    * Memory: 
    N/A

    * FIFO: 
    N/A

    * Expression: 
    +------------------------+----------+----+---+----+------------+------------+
    |      Variable Name     | Operation| DSP| FF| LUT| Bitwidth P0| Bitwidth P1|
    +------------------------+----------+----+---+----+------------+------------+
    |add_ln2128_fu_157_p2    |         +|   0|  0|  38|          31|           1|
    |t3_2_fu_192_p2          |         +|   0|  0|  14|           7|           1|
    |v1235_fu_134_p2         |         +|   0|  0|  39|          32|           2|
    |v1244_fu_225_p2         |         +|   0|  0|  39|          32|          32|
    |v1259_fu_258_p2         |         +|   0|  0|  39|          32|           1|
    |v1273_fu_270_p2         |         +|   0|  0|  39|          32|           2|
    |and_ln2152_fu_297_p2    |       and|   0|  0|   2|           1|           1|
    |and_ln2161_1_fu_285_p2  |       and|   0|  0|   2|           1|           1|
    |and_ln2161_fu_280_p2    |       and|   0|  0|   2|           1|           1|
    |ap_block_state2         |       and|   0|  0|   2|           1|           1|
    |ap_block_state3         |       and|   0|  0|   2|           1|           1|
    |v1251_fu_240_p2         |       and|   0|  0|   2|           1|           1|
    |icmp_ln2128_fu_152_p2   |      icmp|   0|  0|  39|          32|          32|
    |icmp_ln2132_fu_186_p2   |      icmp|   0|  0|  14|           7|           5|
    |icmp_ln2146_fu_205_p2   |      icmp|   0|  0|  39|          32|          32|
    |v1247_fu_230_p2         |      icmp|   0|  0|  39|          32|           7|
    |v1255_fu_246_p2         |      icmp|   0|  0|  39|          32|           1|
    |v1261_fu_252_p2         |      icmp|   0|  0|  39|          32|           1|
    |ap_block_state1         |        or|   0|  0|   2|           1|           1|
    |dcred2_1_fu_290_p3      |    select|   0|  0|  32|           1|          32|
    |w2_fu_328_p3            |    select|   0|  0|  16|           1|          17|
    |v1250_fu_235_p2         |       xor|   0|  0|   2|           1|           2|
    |xor_ln2152_fu_275_p2    |       xor|   0|  0|   2|           1|           2|
    +------------------------+----------+----+---+----+------------+------------+
    |Total                   |          |   0|  0| 483|         344|         177|
    +------------------------+----------+----+---+----+------------+------------+

    * Multiplexer: 
    +-------------+----+-----------+-----+-----------+
    |     Name    | LUT| Input Size| Bits| Total Bits|
    +-------------+----+-----------+-----+-----------+
    |ap_NS_fsm    |  31|          6|    1|          6|
    |ap_done      |   9|          2|    1|          2|
    |t3_fu_84     |   9|          2|    7|         14|
    |v1236_fu_72  |   9|          2|   31|         62|
    |v1240_fu_76  |   9|          2|   32|         64|
    |v1274_fu_80  |   9|          2|   32|         64|
    |v1849_blk_n  |   9|          2|    1|          2|
    |v1849_din    |  14|          3|   17|         51|
    |v1873_blk_n  |   9|          2|    1|          2|
    +-------------+----+-----------+-----+-----------+
    |Total        | 108|         23|  123|        267|
    +-------------+----+-----------+-----+-----------+

    * Register: 
    +---------------------+----+----+-----+-----------+
    |         Name        | FF | LUT| Bits| Const Bits|
    +---------------------+----+----+-----+-----------+
    |ap_CS_fsm            |   5|   0|    5|          0|
    |ap_done_reg          |   1|   0|    1|          0|
    |icmp_ln2146_reg_394  |   1|   0|    1|          0|
    |t3_fu_84             |   7|   0|    7|          0|
    |v1235_reg_354        |  32|   0|   32|          0|
    |v1236_fu_72          |  31|   0|   31|          0|
    |v1239_reg_389        |  32|   0|   32|          0|
    |v1240_fu_76          |  32|   0|   32|          0|
    |v1244_reg_409        |  32|   0|   32|          0|
    |v1251_reg_415        |   1|   0|    1|          0|
    |v1255_reg_421        |   1|   0|    1|          0|
    |v1261_reg_427        |   1|   0|    1|          0|
    |v1266_reg_432        |  16|   0|   16|          0|
    |v1274_fu_80          |  32|   0|   32|          0|
    +---------------------+----+----+-----+-----------+
    |Total                | 224|   0|  224|          0|
    +---------------------+----+----+-----+-----------+



================================================================
== Interface
================================================================
* Summary: 
+----------------------+-----+-----+------------+--------------+--------------+
|       RTL Ports      | Dir | Bits|  Protocol  | Source Object|    C Type    |
+----------------------+-----+-----+------------+--------------+--------------+
|ap_clk                |   in|    1|  ap_ctrl_hs|       drv_n_0|  return value|
|ap_rst                |   in|    1|  ap_ctrl_hs|       drv_n_0|  return value|
|ap_start              |   in|    1|  ap_ctrl_hs|       drv_n_0|  return value|
|ap_done               |  out|    1|  ap_ctrl_hs|       drv_n_0|  return value|
|ap_continue           |   in|    1|  ap_ctrl_hs|       drv_n_0|  return value|
|ap_idle               |  out|    1|  ap_ctrl_hs|       drv_n_0|  return value|
|ap_ready              |  out|    1|  ap_ctrl_hs|       drv_n_0|  return value|
|v1824                 |   in|   32|     ap_none|         v1824|       pointer|
|v1829_address0        |  out|    7|   ap_memory|         v1829|         array|
|v1829_ce0             |  out|    1|   ap_memory|         v1829|         array|
|v1829_q0              |   in|   16|   ap_memory|         v1829|         array|
|v1830_address0        |  out|    7|   ap_memory|         v1830|         array|
|v1830_ce0             |  out|    1|   ap_memory|         v1830|         array|
|v1830_q0              |   in|   32|   ap_memory|         v1830|         array|
|v1849_din             |  out|   17|     ap_fifo|         v1849|       pointer|
|v1849_full_n          |   in|    1|     ap_fifo|         v1849|       pointer|
|v1849_write           |  out|    1|     ap_fifo|         v1849|       pointer|
|v1849_num_data_valid  |   in|    4|     ap_fifo|         v1849|       pointer|
|v1849_fifo_cap        |   in|    4|     ap_fifo|         v1849|       pointer|
|v1873_dout            |   in|   32|     ap_fifo|         v1873|       pointer|
|v1873_empty_n         |   in|    1|     ap_fifo|         v1873|       pointer|
|v1873_read            |  out|    1|     ap_fifo|         v1873|       pointer|
|v1873_num_data_valid  |   in|    4|     ap_fifo|         v1873|       pointer|
|v1873_fifo_cap        |   in|    4|     ap_fifo|         v1873|       pointer|
+----------------------+-----+-----+------------+--------------+--------------+

