

================================================================
== Vitis HLS Report for 'rdrv_n_0'
================================================================
* Date:           Fri Jul 24 11:32:20 2026

* Version:        2025.1 (Build 6135595 on May 21 2025)
* Project:        ii2_fp3
* Solution:       hls (Vivado IP Flow Target)
* Product family: zynquplus
* Target device:  xczu7ev-ffvc1156-2-e


================================================================
== Performance Estimates
================================================================
+ Timing: 
    * Summary: 
    +--------+---------+----------+------------+
    |  Clock |  Target | Estimated| Uncertainty|
    +--------+---------+----------+------------+
    |ap_clk  |  3.33 ns|  2.400 ns|     0.90 ns|
    +--------+---------+----------+------------+

+ Latency: 
    * Summary: 
    +---------+---------+----------+----------+-----+-----+---------+
    |  Latency (cycles) |  Latency (absolute) |  Interval | Pipeline|
    |   min   |   max   |    min   |    max   | min | max |   Type  |
    +---------+---------+----------+----------+-----+-----+---------+
    |        ?|        ?|         ?|         ?|    ?|    ?|       no|
    +---------+---------+----------+----------+-----+-----+---------+

    + Detail: 
        * Instance: 
        N/A

        * Loop: 
        +---------------------+---------+---------+----------+-----------+-----------+------+----------+
        |                     |  Latency (cycles) | Iteration|  Initiation Interval  | Trip |          |
        |      Loop Name      |   min   |   max   |  Latency |  achieved |   target  | Count| Pipelined|
        +---------------------+---------+---------+----------+-----------+-----------+------+----------+
        |- VITIS_LOOP_2745_3  |        ?|        ?|         1|          -|          -|     ?|        no|
        |- l_S_t_1_t11        |      360|      360|         3|          -|          -|   120|        no|
        +---------------------+---------+---------+----------+-----------+-----------+------+----------+



================================================================
== Utilization Estimates
================================================================
* Summary: 
+-----------------+---------+------+--------+--------+-----+
|       Name      | BRAM_18K|  DSP |   FF   |   LUT  | URAM|
+-----------------+---------+------+--------+--------+-----+
|DSP              |        -|     -|       -|       -|    -|
|Expression       |        -|     -|       0|     497|    -|
|FIFO             |        -|     -|       -|       -|    -|
|Instance         |        -|     -|       0|       9|    -|
|Memory           |        -|     -|       -|       -|    -|
|Multiplexer      |        -|     -|       0|     108|    -|
|Register         |        -|     -|     198|       -|    -|
+-----------------+---------+------+--------+--------+-----+
|Total            |        0|     0|     198|     614|    0|
+-----------------+---------+------+--------+--------+-----+
|Available        |      624|  1728|  460800|  230400|   96|
+-----------------+---------+------+--------+--------+-----+
|Utilization (%)  |        0|     0|      ~0|      ~0|    0|
+-----------------+---------+------+--------+--------+-----+

+ Detail: 
    * Instance: 
    +---------------------------+----------------------+---------+----+---+----+-----+
    |          Instance         |        Module        | BRAM_18K| DSP| FF| LUT| URAM|
    +---------------------------+----------------------+---------+----+---+----+-----+
    |sparsemux_7_2_32_1_1_U165  |sparsemux_7_2_32_1_1  |        0|   0|  0|   9|    0|
    +---------------------------+----------------------+---------+----+---+----+-----+
    |Total                      |                      |        0|   0|  0|   9|    0|
    +---------------------------+----------------------+---------+----+---+----+-----+

    * DSP: 
    N/A

    * Memory: 
    N/A

    * FIFO: 
    N/A

    * Expression: 
    +-----------------------+----------+----+---+----+------------+------------+
    |     Variable Name     | Operation| DSP| FF| LUT| Bitwidth P0| Bitwidth P1|
    +-----------------------+----------+----+---+----+------------+------------+
    |add_ln2745_fu_144_p2   |         +|   0|  0|  38|          31|           1|
    |t11_2_fu_179_p2        |         +|   0|  0|  14|           7|           1|
    |v1592_fu_121_p2        |         +|   0|  0|  39|          32|           2|
    |v1601_fu_191_p2        |         +|   0|  0|  39|          32|          32|
    |v1626_fu_234_p2        |         +|   0|  0|  39|          32|           2|
    |v1630_fu_224_p2        |         +|   0|  0|  39|          32|           1|
    |and_ln2777_fu_261_p2   |       and|   0|  0|   2|           1|           1|
    |ap_block_state2        |       and|   0|  0|   2|           1|           1|
    |ap_block_state3        |       and|   0|  0|   2|           1|           1|
    |icmp_ln2745_fu_139_p2  |      icmp|   0|  0|  39|          32|          32|
    |icmp_ln2749_fu_173_p2  |      icmp|   0|  0|  14|           7|           5|
    |v1604_fu_207_p2        |      icmp|   0|  0|  39|          32|           7|
    |v1621_fu_229_p2        |      icmp|   0|  0|  39|          32|           1|
    |ap_block_state1        |        or|   0|  0|   2|           1|           1|
    |dcred6_1_fu_239_p3     |    select|   0|  0|  32|           1|          32|
    |dcred6_2_fu_267_p3     |    select|   0|  0|  32|           1|          32|
    |pw2_2_fu_253_p3        |    select|   0|  0|  26|           1|          26|
    |pw2_fu_307_p3          |    select|   0|  0|  26|           1|          26|
    |sp6_2_fu_288_p2        |    select|   0|  0|  32|           1|          32|
    |xor_ln2760_fu_274_p2   |       xor|   0|  0|   2|           1|           2|
    +-----------------------+----------+----+---+----+------------+------------+
    |Total                  |          |   0|  0| 497|         279|         238|
    +-----------------------+----------+----+---+----+------------+------------+

    * Multiplexer: 
    +-------------+----+-----------+-----+-----------+
    |     Name    | LUT| Input Size| Bits| Total Bits|
    +-------------+----+-----------+-----+-----------+
    |ap_NS_fsm    |  31|          6|    1|          6|
    |ap_done      |   9|          2|    1|          2|
    |t11_fu_84    |   9|          2|    7|         14|
    |v1593_fu_72  |   9|          2|   31|         62|
    |v1597_fu_76  |   9|          2|   32|         64|
    |v1627_fu_80  |   9|          2|   32|         64|
    |v1857_blk_n  |   9|          2|    1|          2|
    |v1857_din    |  14|          3|   26|         78|
    |v1865_blk_n  |   9|          2|    1|          2|
    +-------------+----+-----------+-----+-----------+
    |Total        | 108|         23|  132|        294|
    +-------------+----+-----------+-----+-----------+

    * Register: 
    +---------------+----+----+-----+-----------+
    |      Name     | FF | LUT| Bits| Const Bits|
    +---------------+----+----+-----+-----------+
    |ap_CS_fsm      |   5|   0|    5|          0|
    |ap_done_reg    |   1|   0|    1|          0|
    |pw2_reg_380    |  26|   0|   26|          0|
    |t11_fu_84      |   7|   0|    7|          0|
    |v1592_reg_332  |  32|   0|   32|          0|
    |v1593_fu_72    |  31|   0|   31|          0|
    |v1597_fu_76    |  32|   0|   32|          0|
    |v1601_reg_367  |  32|   0|   32|          0|
    |v1627_fu_80    |  32|   0|   32|          0|
    +---------------+----+----+-----+-----------+
    |Total          | 198|   0|  198|          0|
    +---------------+----+----+-----+-----------+



================================================================
== Interface
================================================================
* Summary: 
+----------------------+-----+-----+------------+--------------+--------------+
|       RTL Ports      | Dir | Bits|  Protocol  | Source Object|    C Type    |
+----------------------+-----+-----+------------+--------------+--------------+
|ap_clk                |   in|    1|  ap_ctrl_hs|      rdrv_n_0|  return value|
|ap_rst                |   in|    1|  ap_ctrl_hs|      rdrv_n_0|  return value|
|ap_start              |   in|    1|  ap_ctrl_hs|      rdrv_n_0|  return value|
|ap_done               |  out|    1|  ap_ctrl_hs|      rdrv_n_0|  return value|
|ap_continue           |   in|    1|  ap_ctrl_hs|      rdrv_n_0|  return value|
|ap_idle               |  out|    1|  ap_ctrl_hs|      rdrv_n_0|  return value|
|ap_ready              |  out|    1|  ap_ctrl_hs|      rdrv_n_0|  return value|
|v1824                 |   in|   32|     ap_none|         v1824|       pointer|
|v1839_address0        |  out|    7|   ap_memory|         v1839|         array|
|v1839_ce0             |  out|    1|   ap_memory|         v1839|         array|
|v1839_q0              |   in|   32|   ap_memory|         v1839|         array|
|v1857_din             |  out|   26|     ap_fifo|         v1857|       pointer|
|v1857_full_n          |   in|    1|     ap_fifo|         v1857|       pointer|
|v1857_write           |  out|    1|     ap_fifo|         v1857|       pointer|
|v1857_num_data_valid  |   in|    4|     ap_fifo|         v1857|       pointer|
|v1857_fifo_cap        |   in|    4|     ap_fifo|         v1857|       pointer|
|v1865_dout            |   in|   32|     ap_fifo|         v1865|       pointer|
|v1865_empty_n         |   in|    1|     ap_fifo|         v1865|       pointer|
|v1865_read            |  out|    1|     ap_fifo|         v1865|       pointer|
|v1865_num_data_valid  |   in|    4|     ap_fifo|         v1865|       pointer|
|v1865_fifo_cap        |   in|    4|     ap_fifo|         v1865|       pointer|
+----------------------+-----+-----+------------+--------------+--------------+

