Copyright 1986-2022 Xilinx, Inc. All Rights Reserved. Copyright 2022-2025 Advanced Micro Devices, Inc. All Rights Reserved.
--------------------------------------------------------------------------------------------------------------------------------------------------------------------------------------------
| Tool Version      : Vivado v.2025.1 (lin64) Build 6140274 Wed May 21 22:58:25 MDT 2025
| Date              : Wed Aug  5 15:48:53 2026
| Host              : zhang-21.ece.cornell.edu running 64-bit Red Hat Enterprise Linux release 8.10 (Ootpa)
| Command           : report_timing -from [get_cells -hier -filter {NAME =~ *node_0_0_U0*}] -to [get_cells -hier -filter {NAME =~ *node_0_0_U0*}] -max_paths 10 -file ./pe_timing_paths.rpt
| Design            : bd_0_wrapper
| Device            : xczu7ev-ffvc1156
| Speed File        : -2  PRODUCTION 1.30 05-15-2022
| Design State      : Routed
| Temperature Grade : E
--------------------------------------------------------------------------------------------------------------------------------------------------------------------------------------------

Timing Report

Slack (VIOLATED) :        -0.606ns  (required time - arrival time)
  Source:                 bd_0_i/hls_inst/inst/node_0_0_U0/grp_node_0_0_Pipeline_l_S_t_1_t_fu_359/hadd_16ns_16ns_16_3_no_dsp_1_U18/din0_buf1_reg[11]/C
                            (rising edge-triggered cell FDRE clocked by ap_clk  {rise@0.000ns fall@1.665ns period=3.330ns})
  Destination:            <hidden>
                            (rising edge-triggered cell FDRE clocked by ap_clk  {rise@0.000ns fall@1.665ns period=3.330ns})
  Path Group:             ap_clk
  Path Type:              Setup (Max at Slow Process Corner)
  Requirement:            3.330ns  (ap_clk rise@3.330ns - ap_clk rise@0.000ns)
  Data Path Delay:        3.915ns  (logic 1.929ns (49.268%)  route 1.986ns (50.732%))
  Logic Levels:           18  (CARRY8=7 LUT3=1 LUT4=2 LUT5=1 LUT6=7)
  Clock Path Skew:        -0.010ns (DCD - SCD + CPR)
    Destination Clock Delay (DCD):    0.020ns = ( 3.350 - 3.330 ) 
    Source Clock Delay      (SCD):    0.030ns
    Clock Pessimism Removal (CPR):    0.000ns
  Clock Uncertainty:      0.035ns  ((TSJ^2 + TIJ^2)^1/2 + DJ) / 2 + PE
    Total System Jitter     (TSJ):    0.071ns
    Total Input Jitter      (TIJ):    0.000ns
    Discrete Jitter          (DJ):    0.000ns
    Phase Error              (PE):    0.000ns

    Location             Delay type                Incr(ns)  Path(ns)    Netlist Resource(s)
  -------------------------------------------------------------------    -------------------
                         (clock ap_clk rise edge)     0.000     0.000 r  
                                                      0.000     0.000 r  ap_clk (IN)
                         net (fo=7567, unset)         0.030     0.030    bd_0_i/hls_inst/inst/node_0_0_U0/grp_node_0_0_Pipeline_l_S_t_1_t_fu_359/hadd_16ns_16ns_16_3_no_dsp_1_U18/ap_clk
    SLICE_X79Y13         FDRE                                         r  bd_0_i/hls_inst/inst/node_0_0_U0/grp_node_0_0_Pipeline_l_S_t_1_t_fu_359/hadd_16ns_16ns_16_3_no_dsp_1_U18/din0_buf1_reg[11]/C
  -------------------------------------------------------------------    -------------------
    SLICE_X79Y13         FDRE (Prop_AFF_SLICEM_C_Q)
                                                      0.077     0.107 r  bd_0_i/hls_inst/inst/node_0_0_U0/grp_node_0_0_Pipeline_l_S_t_1_t_fu_359/hadd_16ns_16ns_16_3_no_dsp_1_U18/din0_buf1_reg[11]/Q
                         net (fo=25, routed)          0.180     0.287    <hidden>
    SLICE_X79Y13         LUT4 (Prop_F6LUT_SLICEM_I0_O)
                                                      0.123     0.410 r  <hidden>
                         net (fo=1, routed)           0.022     0.432    <hidden>
    SLICE_X79Y13         CARRY8 (Prop_CARRY8_SLICEM_S[5]_CO[7])
                                                      0.166     0.598 r  <hidden>
                         net (fo=30, routed)          0.269     0.867    <hidden>
    SLICE_X79Y18         LUT3 (Prop_E6LUT_SLICEM_I1_O)
                                                      0.037     0.904 f  <hidden>
                         net (fo=1, routed)           0.140     1.044    <hidden>
    SLICE_X79Y19         LUT6 (Prop_A6LUT_SLICEM_I3_O)
                                                      0.038     1.082 r  <hidden>
                         net (fo=1, routed)           0.013     1.095    <hidden>
    SLICE_X79Y19         CARRY8 (Prop_CARRY8_SLICEM_S[0]_CO[0])
                                                      0.071     1.166 r  <hidden>
                         net (fo=1, routed)           0.132     1.298    <hidden>
    SLICE_X79Y18         LUT5 (Prop_B6LUT_SLICEM_I3_O)
                                                      0.125     1.423 r  <hidden>
                         net (fo=2, routed)           0.093     1.516    <hidden>
    SLICE_X80Y18         LUT6 (Prop_B6LUT_SLICEL_I1_O)
                                                      0.090     1.606 r  <hidden>
                         net (fo=1, routed)           0.009     1.615    <hidden>
    SLICE_X80Y18         CARRY8 (Prop_CARRY8_SLICEL_S[1]_CO[7])
                                                      0.186     1.801 r  <hidden>
                         net (fo=1, routed)           0.026     1.827    <hidden>
    SLICE_X80Y19         CARRY8 (Prop_CARRY8_SLICEL_CI_O[4])
                                                      0.086     1.913 f  <hidden>
                         net (fo=4, routed)           0.240     2.153    <hidden>
    SLICE_X82Y20         LUT4 (Prop_A6LUT_SLICEL_I1_O)
                                                      0.124     2.277 r  <hidden>
                         net (fo=1, routed)           0.009     2.286    <hidden>
    SLICE_X82Y20         CARRY8 (Prop_CARRY8_SLICEL_S[0]_CO[0])
                                                      0.069     2.355 f  <hidden>
                         net (fo=24, routed)          0.207     2.562    <hidden>
    SLICE_X83Y20         LUT6 (Prop_F6LUT_SLICEM_I3_O)
                                                      0.098     2.660 f  <hidden>
                         net (fo=1, routed)           0.062     2.722    <hidden>
    SLICE_X83Y20         LUT6 (Prop_B6LUT_SLICEM_I4_O)
                                                      0.149     2.871 r  <hidden>
                         net (fo=23, routed)          0.235     3.106    <hidden>
    SLICE_X80Y21         LUT6 (Prop_B6LUT_SLICEL_I2_O)
                                                      0.148     3.254 r  <hidden>
                         net (fo=1, routed)           0.009     3.263    <hidden>
    SLICE_X80Y21         CARRY8 (Prop_CARRY8_SLICEL_S[1]_CO[7])
                                                      0.186     3.449 r  <hidden>
                         net (fo=1, routed)           0.026     3.475    <hidden>
    SLICE_X80Y22         CARRY8 (Prop_CARRY8_SLICEL_CI_O[0])
                                                      0.056     3.531 r  <hidden>
                         net (fo=4, routed)           0.182     3.713    <hidden>
    SLICE_X82Y23         LUT6 (Prop_F6LUT_SLICEL_I5_O)
                                                      0.049     3.762 r  <hidden>
                         net (fo=2, routed)           0.086     3.848    <hidden>
    SLICE_X82Y22         LUT6 (Prop_E6LUT_SLICEL_I1_O)
                                                      0.051     3.899 r  <hidden>
                         net (fo=1, routed)           0.046     3.945    <hidden>
    SLICE_X82Y22         FDRE                                         r  <hidden>
  -------------------------------------------------------------------    -------------------

                         (clock ap_clk rise edge)     3.330     3.330 r  
                                                      0.000     3.330 r  ap_clk (IN)
                         net (fo=7567, unset)         0.020     3.350    <hidden>
    SLICE_X82Y22         FDRE                                         r  <hidden>
                         clock pessimism              0.000     3.350    
                         clock uncertainty           -0.035     3.315    
    SLICE_X82Y22         FDRE (Setup_EFF_SLICEL_C_D)
                                                      0.025     3.340    <hidden>
  -------------------------------------------------------------------
                         required time                          3.340    
                         arrival time                          -3.945    
  -------------------------------------------------------------------
                         slack                                 -0.606    

Slack (VIOLATED) :        -0.605ns  (required time - arrival time)
  Source:                 bd_0_i/hls_inst/inst/node_0_0_U0/grp_node_0_0_Pipeline_l_S_t_1_t_fu_359/hadd_16ns_16ns_16_3_no_dsp_1_U18/din0_buf1_reg[11]/C
                            (rising edge-triggered cell FDRE clocked by ap_clk  {rise@0.000ns fall@1.665ns period=3.330ns})
  Destination:            <hidden>
                            (rising edge-triggered cell FDRE clocked by ap_clk  {rise@0.000ns fall@1.665ns period=3.330ns})
  Path Group:             ap_clk
  Path Type:              Setup (Max at Slow Process Corner)
  Requirement:            3.330ns  (ap_clk rise@3.330ns - ap_clk rise@0.000ns)
  Data Path Delay:        3.914ns  (logic 1.928ns (49.255%)  route 1.986ns (50.745%))
  Logic Levels:           18  (CARRY8=7 LUT3=1 LUT4=2 LUT5=1 LUT6=7)
  Clock Path Skew:        -0.010ns (DCD - SCD + CPR)
    Destination Clock Delay (DCD):    0.020ns = ( 3.350 - 3.330 ) 
    Source Clock Delay      (SCD):    0.030ns
    Clock Pessimism Removal (CPR):    0.000ns
  Clock Uncertainty:      0.035ns  ((TSJ^2 + TIJ^2)^1/2 + DJ) / 2 + PE
    Total System Jitter     (TSJ):    0.071ns
    Total Input Jitter      (TIJ):    0.000ns
    Discrete Jitter          (DJ):    0.000ns
    Phase Error              (PE):    0.000ns

    Location             Delay type                Incr(ns)  Path(ns)    Netlist Resource(s)
  -------------------------------------------------------------------    -------------------
                         (clock ap_clk rise edge)     0.000     0.000 r  
                                                      0.000     0.000 r  ap_clk (IN)
                         net (fo=7567, unset)         0.030     0.030    bd_0_i/hls_inst/inst/node_0_0_U0/grp_node_0_0_Pipeline_l_S_t_1_t_fu_359/hadd_16ns_16ns_16_3_no_dsp_1_U18/ap_clk
    SLICE_X79Y13         FDRE                                         r  bd_0_i/hls_inst/inst/node_0_0_U0/grp_node_0_0_Pipeline_l_S_t_1_t_fu_359/hadd_16ns_16ns_16_3_no_dsp_1_U18/din0_buf1_reg[11]/C
  -------------------------------------------------------------------    -------------------
    SLICE_X79Y13         FDRE (Prop_AFF_SLICEM_C_Q)
                                                      0.077     0.107 r  bd_0_i/hls_inst/inst/node_0_0_U0/grp_node_0_0_Pipeline_l_S_t_1_t_fu_359/hadd_16ns_16ns_16_3_no_dsp_1_U18/din0_buf1_reg[11]/Q
                         net (fo=25, routed)          0.180     0.287    <hidden>
    SLICE_X79Y13         LUT4 (Prop_F6LUT_SLICEM_I0_O)
                                                      0.123     0.410 r  <hidden>
                         net (fo=1, routed)           0.022     0.432    <hidden>
    SLICE_X79Y13         CARRY8 (Prop_CARRY8_SLICEM_S[5]_CO[7])
                                                      0.166     0.598 r  <hidden>
                         net (fo=30, routed)          0.269     0.867    <hidden>
    SLICE_X79Y18         LUT3 (Prop_E6LUT_SLICEM_I1_O)
                                                      0.037     0.904 f  <hidden>
                         net (fo=1, routed)           0.140     1.044    <hidden>
    SLICE_X79Y19         LUT6 (Prop_A6LUT_SLICEM_I3_O)
                                                      0.038     1.082 r  <hidden>
                         net (fo=1, routed)           0.013     1.095    <hidden>
    SLICE_X79Y19         CARRY8 (Prop_CARRY8_SLICEM_S[0]_CO[0])
                                                      0.071     1.166 r  <hidden>
                         net (fo=1, routed)           0.132     1.298    <hidden>
    SLICE_X79Y18         LUT5 (Prop_B6LUT_SLICEM_I3_O)
                                                      0.125     1.423 r  <hidden>
                         net (fo=2, routed)           0.093     1.516    <hidden>
    SLICE_X80Y18         LUT6 (Prop_B6LUT_SLICEL_I1_O)
                                                      0.090     1.606 r  <hidden>
                         net (fo=1, routed)           0.009     1.615    <hidden>
    SLICE_X80Y18         CARRY8 (Prop_CARRY8_SLICEL_S[1]_CO[7])
                                                      0.186     1.801 r  <hidden>
                         net (fo=1, routed)           0.026     1.827    <hidden>
    SLICE_X80Y19         CARRY8 (Prop_CARRY8_SLICEL_CI_O[4])
                                                      0.086     1.913 f  <hidden>
                         net (fo=4, routed)           0.240     2.153    <hidden>
    SLICE_X82Y20         LUT4 (Prop_A6LUT_SLICEL_I1_O)
                                                      0.124     2.277 r  <hidden>
                         net (fo=1, routed)           0.009     2.286    <hidden>
    SLICE_X82Y20         CARRY8 (Prop_CARRY8_SLICEL_S[0]_CO[0])
                                                      0.069     2.355 f  <hidden>
                         net (fo=24, routed)          0.207     2.562    <hidden>
    SLICE_X83Y20         LUT6 (Prop_F6LUT_SLICEM_I3_O)
                                                      0.098     2.660 f  <hidden>
                         net (fo=1, routed)           0.062     2.722    <hidden>
    SLICE_X83Y20         LUT6 (Prop_B6LUT_SLICEM_I4_O)
                                                      0.149     2.871 r  <hidden>
                         net (fo=23, routed)          0.235     3.106    <hidden>
    SLICE_X80Y21         LUT6 (Prop_B6LUT_SLICEL_I2_O)
                                                      0.148     3.254 r  <hidden>
                         net (fo=1, routed)           0.009     3.263    <hidden>
    SLICE_X80Y21         CARRY8 (Prop_CARRY8_SLICEL_S[1]_CO[7])
                                                      0.186     3.449 r  <hidden>
                         net (fo=1, routed)           0.026     3.475    <hidden>
    SLICE_X80Y22         CARRY8 (Prop_CARRY8_SLICEL_CI_O[0])
                                                      0.056     3.531 r  <hidden>
                         net (fo=4, routed)           0.182     3.713    <hidden>
    SLICE_X82Y23         LUT6 (Prop_F6LUT_SLICEL_I5_O)
                                                      0.049     3.762 r  <hidden>
                         net (fo=2, routed)           0.084     3.846    <hidden>
    SLICE_X82Y22         LUT6 (Prop_G6LUT_SLICEL_I0_O)
                                                      0.050     3.896 r  <hidden>
                         net (fo=1, routed)           0.048     3.944    <hidden>
    SLICE_X82Y22         FDRE                                         r  <hidden>
  -------------------------------------------------------------------    -------------------

                         (clock ap_clk rise edge)     3.330     3.330 r  
                                                      0.000     3.330 r  ap_clk (IN)
                         net (fo=7567, unset)         0.020     3.350    <hidden>
    SLICE_X82Y22         FDRE                                         r  <hidden>
                         clock pessimism              0.000     3.350    
                         clock uncertainty           -0.035     3.315    
    SLICE_X82Y22         FDRE (Setup_GFF_SLICEL_C_D)
                                                      0.025     3.340    <hidden>
  -------------------------------------------------------------------
                         required time                          3.340    
                         arrival time                          -3.944    
  -------------------------------------------------------------------
                         slack                                 -0.605    

Slack (VIOLATED) :        -0.573ns  (required time - arrival time)
  Source:                 bd_0_i/hls_inst/inst/node_0_0_U0/grp_node_0_0_Pipeline_l_S_t_1_t_fu_359/hadd_16ns_16ns_16_3_no_dsp_1_U18/din0_buf1_reg[11]/C
                            (rising edge-triggered cell FDRE clocked by ap_clk  {rise@0.000ns fall@1.665ns period=3.330ns})
  Destination:            <hidden>
                            (rising edge-triggered cell FDRE clocked by ap_clk  {rise@0.000ns fall@1.665ns period=3.330ns})
  Path Group:             ap_clk
  Path Type:              Setup (Max at Slow Process Corner)
  Requirement:            3.330ns  (ap_clk rise@3.330ns - ap_clk rise@0.000ns)
  Data Path Delay:        3.882ns  (logic 1.900ns (48.939%)  route 1.982ns (51.061%))
  Logic Levels:           18  (CARRY8=7 LUT3=1 LUT4=2 LUT5=1 LUT6=7)
  Clock Path Skew:        -0.010ns (DCD - SCD + CPR)
    Destination Clock Delay (DCD):    0.020ns = ( 3.350 - 3.330 ) 
    Source Clock Delay      (SCD):    0.030ns
    Clock Pessimism Removal (CPR):    0.000ns
  Clock Uncertainty:      0.035ns  ((TSJ^2 + TIJ^2)^1/2 + DJ) / 2 + PE
    Total System Jitter     (TSJ):    0.071ns
    Total Input Jitter      (TIJ):    0.000ns
    Discrete Jitter          (DJ):    0.000ns
    Phase Error              (PE):    0.000ns

    Location             Delay type                Incr(ns)  Path(ns)    Netlist Resource(s)
  -------------------------------------------------------------------    -------------------
                         (clock ap_clk rise edge)     0.000     0.000 r  
                                                      0.000     0.000 r  ap_clk (IN)
                         net (fo=7567, unset)         0.030     0.030    bd_0_i/hls_inst/inst/node_0_0_U0/grp_node_0_0_Pipeline_l_S_t_1_t_fu_359/hadd_16ns_16ns_16_3_no_dsp_1_U18/ap_clk
    SLICE_X79Y13         FDRE                                         r  bd_0_i/hls_inst/inst/node_0_0_U0/grp_node_0_0_Pipeline_l_S_t_1_t_fu_359/hadd_16ns_16ns_16_3_no_dsp_1_U18/din0_buf1_reg[11]/C
  -------------------------------------------------------------------    -------------------
    SLICE_X79Y13         FDRE (Prop_AFF_SLICEM_C_Q)
                                                      0.077     0.107 r  bd_0_i/hls_inst/inst/node_0_0_U0/grp_node_0_0_Pipeline_l_S_t_1_t_fu_359/hadd_16ns_16ns_16_3_no_dsp_1_U18/din0_buf1_reg[11]/Q
                         net (fo=25, routed)          0.180     0.287    <hidden>
    SLICE_X79Y13         LUT4 (Prop_F6LUT_SLICEM_I0_O)
                                                      0.123     0.410 r  <hidden>
                         net (fo=1, routed)           0.022     0.432    <hidden>
    SLICE_X79Y13         CARRY8 (Prop_CARRY8_SLICEM_S[5]_CO[7])
                                                      0.166     0.598 r  <hidden>
                         net (fo=30, routed)          0.269     0.867    <hidden>
    SLICE_X79Y18         LUT3 (Prop_E6LUT_SLICEM_I1_O)
                                                      0.037     0.904 f  <hidden>
                         net (fo=1, routed)           0.140     1.044    <hidden>
    SLICE_X79Y19         LUT6 (Prop_A6LUT_SLICEM_I3_O)
                                                      0.038     1.082 r  <hidden>
                         net (fo=1, routed)           0.013     1.095    <hidden>
    SLICE_X79Y19         CARRY8 (Prop_CARRY8_SLICEM_S[0]_CO[0])
                                                      0.071     1.166 r  <hidden>
                         net (fo=1, routed)           0.132     1.298    <hidden>
    SLICE_X79Y18         LUT5 (Prop_B6LUT_SLICEM_I3_O)
                                                      0.125     1.423 r  <hidden>
                         net (fo=2, routed)           0.093     1.516    <hidden>
    SLICE_X80Y18         LUT6 (Prop_B6LUT_SLICEL_I1_O)
                                                      0.090     1.606 r  <hidden>
                         net (fo=1, routed)           0.009     1.615    <hidden>
    SLICE_X80Y18         CARRY8 (Prop_CARRY8_SLICEL_S[1]_CO[7])
                                                      0.186     1.801 r  <hidden>
                         net (fo=1, routed)           0.026     1.827    <hidden>
    SLICE_X80Y19         CARRY8 (Prop_CARRY8_SLICEL_CI_O[4])
                                                      0.086     1.913 f  <hidden>
                         net (fo=4, routed)           0.240     2.153    <hidden>
    SLICE_X82Y20         LUT4 (Prop_A6LUT_SLICEL_I1_O)
                                                      0.124     2.277 r  <hidden>
                         net (fo=1, routed)           0.009     2.286    <hidden>
    SLICE_X82Y20         CARRY8 (Prop_CARRY8_SLICEL_S[0]_CO[0])
                                                      0.069     2.355 f  <hidden>
                         net (fo=24, routed)          0.207     2.562    <hidden>
    SLICE_X83Y20         LUT6 (Prop_F6LUT_SLICEM_I3_O)
                                                      0.098     2.660 f  <hidden>
                         net (fo=1, routed)           0.062     2.722    <hidden>
    SLICE_X83Y20         LUT6 (Prop_B6LUT_SLICEM_I4_O)
                                                      0.149     2.871 r  <hidden>
                         net (fo=23, routed)          0.235     3.106    <hidden>
    SLICE_X80Y21         LUT6 (Prop_B6LUT_SLICEL_I2_O)
                                                      0.148     3.254 r  <hidden>
                         net (fo=1, routed)           0.009     3.263    <hidden>
    SLICE_X80Y21         CARRY8 (Prop_CARRY8_SLICEL_S[1]_CO[7])
                                                      0.186     3.449 r  <hidden>
                         net (fo=1, routed)           0.026     3.475    <hidden>
    SLICE_X80Y22         CARRY8 (Prop_CARRY8_SLICEL_CI_O[0])
                                                      0.056     3.531 r  <hidden>
                         net (fo=4, routed)           0.170     3.701    <hidden>
    SLICE_X80Y22         LUT6 (Prop_E6LUT_SLICEL_I5_O)
                                                      0.035     3.736 r  <hidden>
                         net (fo=1, routed)           0.091     3.827    <hidden>
    SLICE_X80Y22         LUT6 (Prop_D6LUT_SLICEL_I0_O)
                                                      0.036     3.863 r  <hidden>
                         net (fo=1, routed)           0.049     3.912    <hidden>
    SLICE_X80Y22         FDRE                                         r  <hidden>
  -------------------------------------------------------------------    -------------------

                         (clock ap_clk rise edge)     3.330     3.330 r  
                                                      0.000     3.330 r  ap_clk (IN)
                         net (fo=7567, unset)         0.020     3.350    <hidden>
    SLICE_X80Y22         FDRE                                         r  <hidden>
                         clock pessimism              0.000     3.350    
                         clock uncertainty           -0.035     3.315    
    SLICE_X80Y22         FDRE (Setup_DFF_SLICEL_C_D)
                                                      0.025     3.340    <hidden>
  -------------------------------------------------------------------
                         required time                          3.340    
                         arrival time                          -3.912    
  -------------------------------------------------------------------
                         slack                                 -0.573    

Slack (VIOLATED) :        -0.543ns  (required time - arrival time)
  Source:                 bd_0_i/hls_inst/inst/node_0_0_U0/grp_node_0_0_Pipeline_l_S_t_1_t_fu_359/hadd_16ns_16ns_16_3_no_dsp_1_U18/din0_buf1_reg[11]/C
                            (rising edge-triggered cell FDRE clocked by ap_clk  {rise@0.000ns fall@1.665ns period=3.330ns})
  Destination:            <hidden>
                            (rising edge-triggered cell FDRE clocked by ap_clk  {rise@0.000ns fall@1.665ns period=3.330ns})
  Path Group:             ap_clk
  Path Type:              Setup (Max at Slow Process Corner)
  Requirement:            3.330ns  (ap_clk rise@3.330ns - ap_clk rise@0.000ns)
  Data Path Delay:        3.852ns  (logic 1.914ns (49.683%)  route 1.938ns (50.317%))
  Logic Levels:           18  (CARRY8=7 LUT3=1 LUT4=2 LUT5=2 LUT6=6)
  Clock Path Skew:        -0.010ns (DCD - SCD + CPR)
    Destination Clock Delay (DCD):    0.020ns = ( 3.350 - 3.330 ) 
    Source Clock Delay      (SCD):    0.030ns
    Clock Pessimism Removal (CPR):    0.000ns
  Clock Uncertainty:      0.035ns  ((TSJ^2 + TIJ^2)^1/2 + DJ) / 2 + PE
    Total System Jitter     (TSJ):    0.071ns
    Total Input Jitter      (TIJ):    0.000ns
    Discrete Jitter          (DJ):    0.000ns
    Phase Error              (PE):    0.000ns

    Location             Delay type                Incr(ns)  Path(ns)    Netlist Resource(s)
  -------------------------------------------------------------------    -------------------
                         (clock ap_clk rise edge)     0.000     0.000 r  
                                                      0.000     0.000 r  ap_clk (IN)
                         net (fo=7567, unset)         0.030     0.030    bd_0_i/hls_inst/inst/node_0_0_U0/grp_node_0_0_Pipeline_l_S_t_1_t_fu_359/hadd_16ns_16ns_16_3_no_dsp_1_U18/ap_clk
    SLICE_X79Y13         FDRE                                         r  bd_0_i/hls_inst/inst/node_0_0_U0/grp_node_0_0_Pipeline_l_S_t_1_t_fu_359/hadd_16ns_16ns_16_3_no_dsp_1_U18/din0_buf1_reg[11]/C
  -------------------------------------------------------------------    -------------------
    SLICE_X79Y13         FDRE (Prop_AFF_SLICEM_C_Q)
                                                      0.077     0.107 r  bd_0_i/hls_inst/inst/node_0_0_U0/grp_node_0_0_Pipeline_l_S_t_1_t_fu_359/hadd_16ns_16ns_16_3_no_dsp_1_U18/din0_buf1_reg[11]/Q
                         net (fo=25, routed)          0.180     0.287    <hidden>
    SLICE_X79Y13         LUT4 (Prop_F6LUT_SLICEM_I0_O)
                                                      0.123     0.410 r  <hidden>
                         net (fo=1, routed)           0.022     0.432    <hidden>
    SLICE_X79Y13         CARRY8 (Prop_CARRY8_SLICEM_S[5]_CO[7])
                                                      0.166     0.598 r  <hidden>
                         net (fo=30, routed)          0.269     0.867    <hidden>
    SLICE_X79Y18         LUT3 (Prop_E6LUT_SLICEM_I1_O)
                                                      0.037     0.904 f  <hidden>
                         net (fo=1, routed)           0.140     1.044    <hidden>
    SLICE_X79Y19         LUT6 (Prop_A6LUT_SLICEM_I3_O)
                                                      0.038     1.082 r  <hidden>
                         net (fo=1, routed)           0.013     1.095    <hidden>
    SLICE_X79Y19         CARRY8 (Prop_CARRY8_SLICEM_S[0]_CO[0])
                                                      0.071     1.166 r  <hidden>
                         net (fo=1, routed)           0.132     1.298    <hidden>
    SLICE_X79Y18         LUT5 (Prop_B6LUT_SLICEM_I3_O)
                                                      0.125     1.423 r  <hidden>
                         net (fo=2, routed)           0.093     1.516    <hidden>
    SLICE_X80Y18         LUT6 (Prop_B6LUT_SLICEL_I1_O)
                                                      0.090     1.606 r  <hidden>
                         net (fo=1, routed)           0.009     1.615    <hidden>
    SLICE_X80Y18         CARRY8 (Prop_CARRY8_SLICEL_S[1]_CO[7])
                                                      0.186     1.801 r  <hidden>
                         net (fo=1, routed)           0.026     1.827    <hidden>
    SLICE_X80Y19         CARRY8 (Prop_CARRY8_SLICEL_CI_O[4])
                                                      0.086     1.913 f  <hidden>
                         net (fo=4, routed)           0.240     2.153    <hidden>
    SLICE_X82Y20         LUT4 (Prop_A6LUT_SLICEL_I1_O)
                                                      0.124     2.277 r  <hidden>
                         net (fo=1, routed)           0.009     2.286    <hidden>
    SLICE_X82Y20         CARRY8 (Prop_CARRY8_SLICEL_S[0]_CO[0])
                                                      0.069     2.355 f  <hidden>
                         net (fo=24, routed)          0.207     2.562    <hidden>
    SLICE_X83Y20         LUT6 (Prop_F6LUT_SLICEM_I3_O)
                                                      0.098     2.660 f  <hidden>
                         net (fo=1, routed)           0.062     2.722    <hidden>
    SLICE_X83Y20         LUT6 (Prop_B6LUT_SLICEM_I4_O)
                                                      0.149     2.871 r  <hidden>
                         net (fo=23, routed)          0.235     3.106    <hidden>
    SLICE_X80Y21         LUT6 (Prop_B6LUT_SLICEL_I2_O)
                                                      0.148     3.254 r  <hidden>
                         net (fo=1, routed)           0.009     3.263    <hidden>
    SLICE_X80Y21         CARRY8 (Prop_CARRY8_SLICEL_S[1]_CO[7])
                                                      0.186     3.449 r  <hidden>
                         net (fo=1, routed)           0.026     3.475    <hidden>
    SLICE_X80Y22         CARRY8 (Prop_CARRY8_SLICEL_CI_O[0])
                                                      0.056     3.531 r  <hidden>
                         net (fo=4, routed)           0.177     3.708    <hidden>
    SLICE_X80Y23         LUT5 (Prop_D6LUT_SLICEL_I0_O)
                                                      0.050     3.758 r  <hidden>
                         net (fo=1, routed)           0.038     3.796    <hidden>
    SLICE_X80Y23         LUT6 (Prop_F6LUT_SLICEL_I1_O)
                                                      0.035     3.831 r  <hidden>
                         net (fo=1, routed)           0.051     3.882    <hidden>
    SLICE_X80Y23         FDRE                                         r  <hidden>
  -------------------------------------------------------------------    -------------------

                         (clock ap_clk rise edge)     3.330     3.330 r  
                                                      0.000     3.330 r  ap_clk (IN)
                         net (fo=7567, unset)         0.020     3.350    <hidden>
    SLICE_X80Y23         FDRE                                         r  <hidden>
                         clock pessimism              0.000     3.350    
                         clock uncertainty           -0.035     3.315    
    SLICE_X80Y23         FDRE (Setup_FFF_SLICEL_C_D)
                                                      0.025     3.340    <hidden>
  -------------------------------------------------------------------
                         required time                          3.340    
                         arrival time                          -3.882    
  -------------------------------------------------------------------
                         slack                                 -0.543    

Slack (VIOLATED) :        -0.526ns  (required time - arrival time)
  Source:                 bd_0_i/hls_inst/inst/node_0_0_U0/grp_node_0_0_Pipeline_l_S_t_1_t_fu_359/hadd_16ns_16ns_16_3_no_dsp_1_U18/din0_buf1_reg[11]/C
                            (rising edge-triggered cell FDRE clocked by ap_clk  {rise@0.000ns fall@1.665ns period=3.330ns})
  Destination:            <hidden>
                            (rising edge-triggered cell FDRE clocked by ap_clk  {rise@0.000ns fall@1.665ns period=3.330ns})
  Path Group:             ap_clk
  Path Type:              Setup (Max at Slow Process Corner)
  Requirement:            3.330ns  (ap_clk rise@3.330ns - ap_clk rise@0.000ns)
  Data Path Delay:        3.836ns  (logic 1.940ns (50.572%)  route 1.896ns (49.428%))
  Logic Levels:           19  (CARRY8=7 LUT3=2 LUT4=2 LUT5=1 LUT6=7)
  Clock Path Skew:        -0.010ns (DCD - SCD + CPR)
    Destination Clock Delay (DCD):    0.020ns = ( 3.350 - 3.330 ) 
    Source Clock Delay      (SCD):    0.030ns
    Clock Pessimism Removal (CPR):    0.000ns
  Clock Uncertainty:      0.035ns  ((TSJ^2 + TIJ^2)^1/2 + DJ) / 2 + PE
    Total System Jitter     (TSJ):    0.071ns
    Total Input Jitter      (TIJ):    0.000ns
    Discrete Jitter          (DJ):    0.000ns
    Phase Error              (PE):    0.000ns

    Location             Delay type                Incr(ns)  Path(ns)    Netlist Resource(s)
  -------------------------------------------------------------------    -------------------
                         (clock ap_clk rise edge)     0.000     0.000 r  
                                                      0.000     0.000 r  ap_clk (IN)
                         net (fo=7567, unset)         0.030     0.030    bd_0_i/hls_inst/inst/node_0_0_U0/grp_node_0_0_Pipeline_l_S_t_1_t_fu_359/hadd_16ns_16ns_16_3_no_dsp_1_U18/ap_clk
    SLICE_X79Y13         FDRE                                         r  bd_0_i/hls_inst/inst/node_0_0_U0/grp_node_0_0_Pipeline_l_S_t_1_t_fu_359/hadd_16ns_16ns_16_3_no_dsp_1_U18/din0_buf1_reg[11]/C
  -------------------------------------------------------------------    -------------------
    SLICE_X79Y13         FDRE (Prop_AFF_SLICEM_C_Q)
                                                      0.077     0.107 r  bd_0_i/hls_inst/inst/node_0_0_U0/grp_node_0_0_Pipeline_l_S_t_1_t_fu_359/hadd_16ns_16ns_16_3_no_dsp_1_U18/din0_buf1_reg[11]/Q
                         net (fo=25, routed)          0.180     0.287    <hidden>
    SLICE_X79Y13         LUT4 (Prop_F6LUT_SLICEM_I0_O)
                                                      0.123     0.410 r  <hidden>
                         net (fo=1, routed)           0.022     0.432    <hidden>
    SLICE_X79Y13         CARRY8 (Prop_CARRY8_SLICEM_S[5]_CO[7])
                                                      0.166     0.598 r  <hidden>
                         net (fo=30, routed)          0.269     0.867    <hidden>
    SLICE_X79Y18         LUT3 (Prop_E6LUT_SLICEM_I1_O)
                                                      0.037     0.904 f  <hidden>
                         net (fo=1, routed)           0.140     1.044    <hidden>
    SLICE_X79Y19         LUT6 (Prop_A6LUT_SLICEM_I3_O)
                                                      0.038     1.082 r  <hidden>
                         net (fo=1, routed)           0.013     1.095    <hidden>
    SLICE_X79Y19         CARRY8 (Prop_CARRY8_SLICEM_S[0]_CO[0])
                                                      0.071     1.166 r  <hidden>
                         net (fo=1, routed)           0.132     1.298    <hidden>
    SLICE_X79Y18         LUT5 (Prop_B6LUT_SLICEM_I3_O)
                                                      0.125     1.423 r  <hidden>
                         net (fo=2, routed)           0.093     1.516    <hidden>
    SLICE_X80Y18         LUT6 (Prop_B6LUT_SLICEL_I1_O)
                                                      0.090     1.606 r  <hidden>
                         net (fo=1, routed)           0.009     1.615    <hidden>
    SLICE_X80Y18         CARRY8 (Prop_CARRY8_SLICEL_S[1]_CO[7])
                                                      0.186     1.801 r  <hidden>
                         net (fo=1, routed)           0.026     1.827    <hidden>
    SLICE_X80Y19         CARRY8 (Prop_CARRY8_SLICEL_CI_O[4])
                                                      0.086     1.913 f  <hidden>
                         net (fo=4, routed)           0.240     2.153    <hidden>
    SLICE_X82Y20         LUT4 (Prop_A6LUT_SLICEL_I1_O)
                                                      0.124     2.277 r  <hidden>
                         net (fo=1, routed)           0.009     2.286    <hidden>
    SLICE_X82Y20         CARRY8 (Prop_CARRY8_SLICEL_S[0]_CO[0])
                                                      0.069     2.355 r  <hidden>
                         net (fo=24, routed)          0.207     2.562    <hidden>
    SLICE_X83Y20         LUT6 (Prop_F6LUT_SLICEM_I3_O)
                                                      0.098     2.660 r  <hidden>
                         net (fo=1, routed)           0.062     2.722    <hidden>
    SLICE_X83Y20         LUT6 (Prop_B6LUT_SLICEM_I4_O)
                                                      0.149     2.871 f  <hidden>
                         net (fo=23, routed)          0.114     2.985    <hidden>
    SLICE_X81Y20         LUT6 (Prop_A6LUT_SLICEM_I4_O)
                                                      0.090     3.075 r  <hidden>
                         net (fo=2, routed)           0.092     3.167    <hidden>
    SLICE_X80Y20         LUT6 (Prop_A6LUT_SLICEL_I3_O)
                                                      0.035     3.202 r  <hidden>
                         net (fo=1, routed)           0.009     3.211    <hidden>
    SLICE_X80Y20         CARRY8 (Prop_CARRY8_SLICEL_S[0]_CO[7])
                                                      0.190     3.401 r  <hidden>
                         net (fo=1, routed)           0.026     3.427    <hidden>
    SLICE_X80Y21         CARRY8 (Prop_CARRY8_SLICEL_CI_O[7])
                                                      0.116     3.543 r  <hidden>
                         net (fo=1, routed)           0.166     3.709    <hidden>
    SLICE_X80Y22         LUT3 (Prop_F6LUT_SLICEL_I0_O)
                                                      0.035     3.744 r  <hidden>
                         net (fo=1, routed)           0.039     3.783    <hidden>
    SLICE_X80Y22         LUT6 (Prop_G6LUT_SLICEL_I0_O)
                                                      0.035     3.818 r  <hidden>
                         net (fo=1, routed)           0.048     3.866    <hidden>
    SLICE_X80Y22         FDRE                                         r  <hidden>
  -------------------------------------------------------------------    -------------------

                         (clock ap_clk rise edge)     3.330     3.330 r  
                                                      0.000     3.330 r  ap_clk (IN)
                         net (fo=7567, unset)         0.020     3.350    <hidden>
    SLICE_X80Y22         FDRE                                         r  <hidden>
                         clock pessimism              0.000     3.350    
                         clock uncertainty           -0.035     3.315    
    SLICE_X80Y22         FDRE (Setup_GFF_SLICEL_C_D)
                                                      0.025     3.340    <hidden>
  -------------------------------------------------------------------
                         required time                          3.340    
                         arrival time                          -3.866    
  -------------------------------------------------------------------
                         slack                                 -0.526    

Slack (VIOLATED) :        -0.493ns  (required time - arrival time)
  Source:                 bd_0_i/hls_inst/inst/node_0_0_U0/grp_node_0_0_Pipeline_l_S_t_1_t_fu_359/hadd_16ns_16ns_16_3_no_dsp_1_U18/din0_buf1_reg[11]/C
                            (rising edge-triggered cell FDRE clocked by ap_clk  {rise@0.000ns fall@1.665ns period=3.330ns})
  Destination:            <hidden>
                            (rising edge-triggered cell FDRE clocked by ap_clk  {rise@0.000ns fall@1.665ns period=3.330ns})
  Path Group:             ap_clk
  Path Type:              Setup (Max at Slow Process Corner)
  Requirement:            3.330ns  (ap_clk rise@3.330ns - ap_clk rise@0.000ns)
  Data Path Delay:        3.703ns  (logic 1.665ns (44.958%)  route 2.038ns (55.042%))
  Logic Levels:           16  (CARRY8=5 LUT3=1 LUT4=2 LUT5=1 LUT6=7)
  Clock Path Skew:        -0.010ns (DCD - SCD + CPR)
    Destination Clock Delay (DCD):    0.020ns = ( 3.350 - 3.330 ) 
    Source Clock Delay      (SCD):    0.030ns
    Clock Pessimism Removal (CPR):    0.000ns
  Clock Uncertainty:      0.035ns  ((TSJ^2 + TIJ^2)^1/2 + DJ) / 2 + PE
    Total System Jitter     (TSJ):    0.071ns
    Total Input Jitter      (TIJ):    0.000ns
    Discrete Jitter          (DJ):    0.000ns
    Phase Error              (PE):    0.000ns

    Location             Delay type                Incr(ns)  Path(ns)    Netlist Resource(s)
  -------------------------------------------------------------------    -------------------
                         (clock ap_clk rise edge)     0.000     0.000 r  
                                                      0.000     0.000 r  ap_clk (IN)
                         net (fo=7567, unset)         0.030     0.030    bd_0_i/hls_inst/inst/node_0_0_U0/grp_node_0_0_Pipeline_l_S_t_1_t_fu_359/hadd_16ns_16ns_16_3_no_dsp_1_U18/ap_clk
    SLICE_X79Y13         FDRE                                         r  bd_0_i/hls_inst/inst/node_0_0_U0/grp_node_0_0_Pipeline_l_S_t_1_t_fu_359/hadd_16ns_16ns_16_3_no_dsp_1_U18/din0_buf1_reg[11]/C
  -------------------------------------------------------------------    -------------------
    SLICE_X79Y13         FDRE (Prop_AFF_SLICEM_C_Q)
                                                      0.077     0.107 r  bd_0_i/hls_inst/inst/node_0_0_U0/grp_node_0_0_Pipeline_l_S_t_1_t_fu_359/hadd_16ns_16ns_16_3_no_dsp_1_U18/din0_buf1_reg[11]/Q
                         net (fo=25, routed)          0.180     0.287    <hidden>
    SLICE_X79Y13         LUT4 (Prop_F6LUT_SLICEM_I0_O)
                                                      0.123     0.410 r  <hidden>
                         net (fo=1, routed)           0.022     0.432    <hidden>
    SLICE_X79Y13         CARRY8 (Prop_CARRY8_SLICEM_S[5]_CO[7])
                                                      0.166     0.598 r  <hidden>
                         net (fo=30, routed)          0.269     0.867    <hidden>
    SLICE_X79Y18         LUT3 (Prop_E6LUT_SLICEM_I1_O)
                                                      0.037     0.904 f  <hidden>
                         net (fo=1, routed)           0.140     1.044    <hidden>
    SLICE_X79Y19         LUT6 (Prop_A6LUT_SLICEM_I3_O)
                                                      0.038     1.082 r  <hidden>
                         net (fo=1, routed)           0.013     1.095    <hidden>
    SLICE_X79Y19         CARRY8 (Prop_CARRY8_SLICEM_S[0]_CO[0])
                                                      0.071     1.166 r  <hidden>
                         net (fo=1, routed)           0.132     1.298    <hidden>
    SLICE_X79Y18         LUT5 (Prop_B6LUT_SLICEM_I3_O)
                                                      0.125     1.423 r  <hidden>
                         net (fo=2, routed)           0.093     1.516    <hidden>
    SLICE_X80Y18         LUT6 (Prop_B6LUT_SLICEL_I1_O)
                                                      0.090     1.606 r  <hidden>
                         net (fo=1, routed)           0.009     1.615    <hidden>
    SLICE_X80Y18         CARRY8 (Prop_CARRY8_SLICEL_S[1]_CO[7])
                                                      0.186     1.801 r  <hidden>
                         net (fo=1, routed)           0.026     1.827    <hidden>
    SLICE_X80Y19         CARRY8 (Prop_CARRY8_SLICEL_CI_O[4])
                                                      0.086     1.913 f  <hidden>
                         net (fo=4, routed)           0.240     2.153    <hidden>
    SLICE_X82Y20         LUT4 (Prop_A6LUT_SLICEL_I1_O)
                                                      0.124     2.277 r  <hidden>
                         net (fo=1, routed)           0.009     2.286    <hidden>
    SLICE_X82Y20         CARRY8 (Prop_CARRY8_SLICEL_S[0]_CO[0])
                                                      0.069     2.355 f  <hidden>
                         net (fo=24, routed)          0.207     2.562    <hidden>
    SLICE_X83Y20         LUT6 (Prop_F6LUT_SLICEM_I3_O)
                                                      0.098     2.660 f  <hidden>
                         net (fo=1, routed)           0.062     2.722    <hidden>
    SLICE_X83Y20         LUT6 (Prop_B6LUT_SLICEM_I4_O)
                                                      0.149     2.871 r  <hidden>
                         net (fo=23, routed)          0.176     3.047    <hidden>
    SLICE_X81Y22         LUT6 (Prop_G6LUT_SLICEM_I0_O)
                                                      0.100     3.147 r  <hidden>
                         net (fo=1, routed)           0.085     3.232    <hidden>
    SLICE_X82Y22         LUT6 (Prop_D6LUT_SLICEL_I5_O)
                                                      0.089     3.321 f  <hidden>
                         net (fo=4, routed)           0.087     3.408    <hidden>
    SLICE_X81Y22         LUT6 (Prop_F6LUT_SLICEM_I2_O)
                                                      0.037     3.445 r  <hidden>
                         net (fo=9, routed)           0.288     3.733    <hidden>
    SLICE_X80Y21         FDRE                                         r  <hidden>
  -------------------------------------------------------------------    -------------------

                         (clock ap_clk rise edge)     3.330     3.330 r  
                                                      0.000     3.330 r  ap_clk (IN)
                         net (fo=7567, unset)         0.020     3.350    <hidden>
    SLICE_X80Y21         FDRE                                         r  <hidden>
                         clock pessimism              0.000     3.350    
                         clock uncertainty           -0.035     3.315    
    SLICE_X80Y21         FDRE (Setup_AFF_SLICEL_C_R)
                                                     -0.074     3.241    <hidden>
  -------------------------------------------------------------------
                         required time                          3.241    
                         arrival time                          -3.733    
  -------------------------------------------------------------------
                         slack                                 -0.493    

Slack (VIOLATED) :        -0.493ns  (required time - arrival time)
  Source:                 bd_0_i/hls_inst/inst/node_0_0_U0/grp_node_0_0_Pipeline_l_S_t_1_t_fu_359/hadd_16ns_16ns_16_3_no_dsp_1_U18/din0_buf1_reg[11]/C
                            (rising edge-triggered cell FDRE clocked by ap_clk  {rise@0.000ns fall@1.665ns period=3.330ns})
  Destination:            <hidden>
                            (rising edge-triggered cell FDRE clocked by ap_clk  {rise@0.000ns fall@1.665ns period=3.330ns})
  Path Group:             ap_clk
  Path Type:              Setup (Max at Slow Process Corner)
  Requirement:            3.330ns  (ap_clk rise@3.330ns - ap_clk rise@0.000ns)
  Data Path Delay:        3.703ns  (logic 1.665ns (44.958%)  route 2.038ns (55.042%))
  Logic Levels:           16  (CARRY8=5 LUT3=1 LUT4=2 LUT5=1 LUT6=7)
  Clock Path Skew:        -0.010ns (DCD - SCD + CPR)
    Destination Clock Delay (DCD):    0.020ns = ( 3.350 - 3.330 ) 
    Source Clock Delay      (SCD):    0.030ns
    Clock Pessimism Removal (CPR):    0.000ns
  Clock Uncertainty:      0.035ns  ((TSJ^2 + TIJ^2)^1/2 + DJ) / 2 + PE
    Total System Jitter     (TSJ):    0.071ns
    Total Input Jitter      (TIJ):    0.000ns
    Discrete Jitter          (DJ):    0.000ns
    Phase Error              (PE):    0.000ns

    Location             Delay type                Incr(ns)  Path(ns)    Netlist Resource(s)
  -------------------------------------------------------------------    -------------------
                         (clock ap_clk rise edge)     0.000     0.000 r  
                                                      0.000     0.000 r  ap_clk (IN)
                         net (fo=7567, unset)         0.030     0.030    bd_0_i/hls_inst/inst/node_0_0_U0/grp_node_0_0_Pipeline_l_S_t_1_t_fu_359/hadd_16ns_16ns_16_3_no_dsp_1_U18/ap_clk
    SLICE_X79Y13         FDRE                                         r  bd_0_i/hls_inst/inst/node_0_0_U0/grp_node_0_0_Pipeline_l_S_t_1_t_fu_359/hadd_16ns_16ns_16_3_no_dsp_1_U18/din0_buf1_reg[11]/C
  -------------------------------------------------------------------    -------------------
    SLICE_X79Y13         FDRE (Prop_AFF_SLICEM_C_Q)
                                                      0.077     0.107 r  bd_0_i/hls_inst/inst/node_0_0_U0/grp_node_0_0_Pipeline_l_S_t_1_t_fu_359/hadd_16ns_16ns_16_3_no_dsp_1_U18/din0_buf1_reg[11]/Q
                         net (fo=25, routed)          0.180     0.287    <hidden>
    SLICE_X79Y13         LUT4 (Prop_F6LUT_SLICEM_I0_O)
                                                      0.123     0.410 r  <hidden>
                         net (fo=1, routed)           0.022     0.432    <hidden>
    SLICE_X79Y13         CARRY8 (Prop_CARRY8_SLICEM_S[5]_CO[7])
                                                      0.166     0.598 r  <hidden>
                         net (fo=30, routed)          0.269     0.867    <hidden>
    SLICE_X79Y18         LUT3 (Prop_E6LUT_SLICEM_I1_O)
                                                      0.037     0.904 f  <hidden>
                         net (fo=1, routed)           0.140     1.044    <hidden>
    SLICE_X79Y19         LUT6 (Prop_A6LUT_SLICEM_I3_O)
                                                      0.038     1.082 r  <hidden>
                         net (fo=1, routed)           0.013     1.095    <hidden>
    SLICE_X79Y19         CARRY8 (Prop_CARRY8_SLICEM_S[0]_CO[0])
                                                      0.071     1.166 r  <hidden>
                         net (fo=1, routed)           0.132     1.298    <hidden>
    SLICE_X79Y18         LUT5 (Prop_B6LUT_SLICEM_I3_O)
                                                      0.125     1.423 r  <hidden>
                         net (fo=2, routed)           0.093     1.516    <hidden>
    SLICE_X80Y18         LUT6 (Prop_B6LUT_SLICEL_I1_O)
                                                      0.090     1.606 r  <hidden>
                         net (fo=1, routed)           0.009     1.615    <hidden>
    SLICE_X80Y18         CARRY8 (Prop_CARRY8_SLICEL_S[1]_CO[7])
                                                      0.186     1.801 r  <hidden>
                         net (fo=1, routed)           0.026     1.827    <hidden>
    SLICE_X80Y19         CARRY8 (Prop_CARRY8_SLICEL_CI_O[4])
                                                      0.086     1.913 f  <hidden>
                         net (fo=4, routed)           0.240     2.153    <hidden>
    SLICE_X82Y20         LUT4 (Prop_A6LUT_SLICEL_I1_O)
                                                      0.124     2.277 r  <hidden>
                         net (fo=1, routed)           0.009     2.286    <hidden>
    SLICE_X82Y20         CARRY8 (Prop_CARRY8_SLICEL_S[0]_CO[0])
                                                      0.069     2.355 f  <hidden>
                         net (fo=24, routed)          0.207     2.562    <hidden>
    SLICE_X83Y20         LUT6 (Prop_F6LUT_SLICEM_I3_O)
                                                      0.098     2.660 f  <hidden>
                         net (fo=1, routed)           0.062     2.722    <hidden>
    SLICE_X83Y20         LUT6 (Prop_B6LUT_SLICEM_I4_O)
                                                      0.149     2.871 r  <hidden>
                         net (fo=23, routed)          0.176     3.047    <hidden>
    SLICE_X81Y22         LUT6 (Prop_G6LUT_SLICEM_I0_O)
                                                      0.100     3.147 r  <hidden>
                         net (fo=1, routed)           0.085     3.232    <hidden>
    SLICE_X82Y22         LUT6 (Prop_D6LUT_SLICEL_I5_O)
                                                      0.089     3.321 f  <hidden>
                         net (fo=4, routed)           0.087     3.408    <hidden>
    SLICE_X81Y22         LUT6 (Prop_F6LUT_SLICEM_I2_O)
                                                      0.037     3.445 r  <hidden>
                         net (fo=9, routed)           0.288     3.733    <hidden>
    SLICE_X80Y21         FDRE                                         r  <hidden>
  -------------------------------------------------------------------    -------------------

                         (clock ap_clk rise edge)     3.330     3.330 r  
                                                      0.000     3.330 r  ap_clk (IN)
                         net (fo=7567, unset)         0.020     3.350    <hidden>
    SLICE_X80Y21         FDRE                                         r  <hidden>
                         clock pessimism              0.000     3.350    
                         clock uncertainty           -0.035     3.315    
    SLICE_X80Y21         FDRE (Setup_BFF_SLICEL_C_R)
                                                     -0.074     3.241    <hidden>
  -------------------------------------------------------------------
                         required time                          3.241    
                         arrival time                          -3.733    
  -------------------------------------------------------------------
                         slack                                 -0.493    

Slack (VIOLATED) :        -0.493ns  (required time - arrival time)
  Source:                 bd_0_i/hls_inst/inst/node_0_0_U0/grp_node_0_0_Pipeline_l_S_t_1_t_fu_359/hadd_16ns_16ns_16_3_no_dsp_1_U18/din0_buf1_reg[11]/C
                            (rising edge-triggered cell FDRE clocked by ap_clk  {rise@0.000ns fall@1.665ns period=3.330ns})
  Destination:            <hidden>
                            (rising edge-triggered cell FDRE clocked by ap_clk  {rise@0.000ns fall@1.665ns period=3.330ns})
  Path Group:             ap_clk
  Path Type:              Setup (Max at Slow Process Corner)
  Requirement:            3.330ns  (ap_clk rise@3.330ns - ap_clk rise@0.000ns)
  Data Path Delay:        3.703ns  (logic 1.665ns (44.958%)  route 2.038ns (55.042%))
  Logic Levels:           16  (CARRY8=5 LUT3=1 LUT4=2 LUT5=1 LUT6=7)
  Clock Path Skew:        -0.010ns (DCD - SCD + CPR)
    Destination Clock Delay (DCD):    0.020ns = ( 3.350 - 3.330 ) 
    Source Clock Delay      (SCD):    0.030ns
    Clock Pessimism Removal (CPR):    0.000ns
  Clock Uncertainty:      0.035ns  ((TSJ^2 + TIJ^2)^1/2 + DJ) / 2 + PE
    Total System Jitter     (TSJ):    0.071ns
    Total Input Jitter      (TIJ):    0.000ns
    Discrete Jitter          (DJ):    0.000ns
    Phase Error              (PE):    0.000ns

    Location             Delay type                Incr(ns)  Path(ns)    Netlist Resource(s)
  -------------------------------------------------------------------    -------------------
                         (clock ap_clk rise edge)     0.000     0.000 r  
                                                      0.000     0.000 r  ap_clk (IN)
                         net (fo=7567, unset)         0.030     0.030    bd_0_i/hls_inst/inst/node_0_0_U0/grp_node_0_0_Pipeline_l_S_t_1_t_fu_359/hadd_16ns_16ns_16_3_no_dsp_1_U18/ap_clk
    SLICE_X79Y13         FDRE                                         r  bd_0_i/hls_inst/inst/node_0_0_U0/grp_node_0_0_Pipeline_l_S_t_1_t_fu_359/hadd_16ns_16ns_16_3_no_dsp_1_U18/din0_buf1_reg[11]/C
  -------------------------------------------------------------------    -------------------
    SLICE_X79Y13         FDRE (Prop_AFF_SLICEM_C_Q)
                                                      0.077     0.107 r  bd_0_i/hls_inst/inst/node_0_0_U0/grp_node_0_0_Pipeline_l_S_t_1_t_fu_359/hadd_16ns_16ns_16_3_no_dsp_1_U18/din0_buf1_reg[11]/Q
                         net (fo=25, routed)          0.180     0.287    <hidden>
    SLICE_X79Y13         LUT4 (Prop_F6LUT_SLICEM_I0_O)
                                                      0.123     0.410 r  <hidden>
                         net (fo=1, routed)           0.022     0.432    <hidden>
    SLICE_X79Y13         CARRY8 (Prop_CARRY8_SLICEM_S[5]_CO[7])
                                                      0.166     0.598 r  <hidden>
                         net (fo=30, routed)          0.269     0.867    <hidden>
    SLICE_X79Y18         LUT3 (Prop_E6LUT_SLICEM_I1_O)
                                                      0.037     0.904 f  <hidden>
                         net (fo=1, routed)           0.140     1.044    <hidden>
    SLICE_X79Y19         LUT6 (Prop_A6LUT_SLICEM_I3_O)
                                                      0.038     1.082 r  <hidden>
                         net (fo=1, routed)           0.013     1.095    <hidden>
    SLICE_X79Y19         CARRY8 (Prop_CARRY8_SLICEM_S[0]_CO[0])
                                                      0.071     1.166 r  <hidden>
                         net (fo=1, routed)           0.132     1.298    <hidden>
    SLICE_X79Y18         LUT5 (Prop_B6LUT_SLICEM_I3_O)
                                                      0.125     1.423 r  <hidden>
                         net (fo=2, routed)           0.093     1.516    <hidden>
    SLICE_X80Y18         LUT6 (Prop_B6LUT_SLICEL_I1_O)
                                                      0.090     1.606 r  <hidden>
                         net (fo=1, routed)           0.009     1.615    <hidden>
    SLICE_X80Y18         CARRY8 (Prop_CARRY8_SLICEL_S[1]_CO[7])
                                                      0.186     1.801 r  <hidden>
                         net (fo=1, routed)           0.026     1.827    <hidden>
    SLICE_X80Y19         CARRY8 (Prop_CARRY8_SLICEL_CI_O[4])
                                                      0.086     1.913 f  <hidden>
                         net (fo=4, routed)           0.240     2.153    <hidden>
    SLICE_X82Y20         LUT4 (Prop_A6LUT_SLICEL_I1_O)
                                                      0.124     2.277 r  <hidden>
                         net (fo=1, routed)           0.009     2.286    <hidden>
    SLICE_X82Y20         CARRY8 (Prop_CARRY8_SLICEL_S[0]_CO[0])
                                                      0.069     2.355 f  <hidden>
                         net (fo=24, routed)          0.207     2.562    <hidden>
    SLICE_X83Y20         LUT6 (Prop_F6LUT_SLICEM_I3_O)
                                                      0.098     2.660 f  <hidden>
                         net (fo=1, routed)           0.062     2.722    <hidden>
    SLICE_X83Y20         LUT6 (Prop_B6LUT_SLICEM_I4_O)
                                                      0.149     2.871 r  <hidden>
                         net (fo=23, routed)          0.176     3.047    <hidden>
    SLICE_X81Y22         LUT6 (Prop_G6LUT_SLICEM_I0_O)
                                                      0.100     3.147 r  <hidden>
                         net (fo=1, routed)           0.085     3.232    <hidden>
    SLICE_X82Y22         LUT6 (Prop_D6LUT_SLICEL_I5_O)
                                                      0.089     3.321 f  <hidden>
                         net (fo=4, routed)           0.087     3.408    <hidden>
    SLICE_X81Y22         LUT6 (Prop_F6LUT_SLICEM_I2_O)
                                                      0.037     3.445 r  <hidden>
                         net (fo=9, routed)           0.288     3.733    <hidden>
    SLICE_X80Y21         FDRE                                         r  <hidden>
  -------------------------------------------------------------------    -------------------

                         (clock ap_clk rise edge)     3.330     3.330 r  
                                                      0.000     3.330 r  ap_clk (IN)
                         net (fo=7567, unset)         0.020     3.350    <hidden>
    SLICE_X80Y21         FDRE                                         r  <hidden>
                         clock pessimism              0.000     3.350    
                         clock uncertainty           -0.035     3.315    
    SLICE_X80Y21         FDRE (Setup_CFF_SLICEL_C_R)
                                                     -0.074     3.241    <hidden>
  -------------------------------------------------------------------
                         required time                          3.241    
                         arrival time                          -3.733    
  -------------------------------------------------------------------
                         slack                                 -0.493    

Slack (VIOLATED) :        -0.493ns  (required time - arrival time)
  Source:                 bd_0_i/hls_inst/inst/node_0_0_U0/grp_node_0_0_Pipeline_l_S_t_1_t_fu_359/hadd_16ns_16ns_16_3_no_dsp_1_U18/din0_buf1_reg[11]/C
                            (rising edge-triggered cell FDRE clocked by ap_clk  {rise@0.000ns fall@1.665ns period=3.330ns})
  Destination:            <hidden>
                            (rising edge-triggered cell FDRE clocked by ap_clk  {rise@0.000ns fall@1.665ns period=3.330ns})
  Path Group:             ap_clk
  Path Type:              Setup (Max at Slow Process Corner)
  Requirement:            3.330ns  (ap_clk rise@3.330ns - ap_clk rise@0.000ns)
  Data Path Delay:        3.703ns  (logic 1.665ns (44.958%)  route 2.038ns (55.042%))
  Logic Levels:           16  (CARRY8=5 LUT3=1 LUT4=2 LUT5=1 LUT6=7)
  Clock Path Skew:        -0.010ns (DCD - SCD + CPR)
    Destination Clock Delay (DCD):    0.020ns = ( 3.350 - 3.330 ) 
    Source Clock Delay      (SCD):    0.030ns
    Clock Pessimism Removal (CPR):    0.000ns
  Clock Uncertainty:      0.035ns  ((TSJ^2 + TIJ^2)^1/2 + DJ) / 2 + PE
    Total System Jitter     (TSJ):    0.071ns
    Total Input Jitter      (TIJ):    0.000ns
    Discrete Jitter          (DJ):    0.000ns
    Phase Error              (PE):    0.000ns

    Location             Delay type                Incr(ns)  Path(ns)    Netlist Resource(s)
  -------------------------------------------------------------------    -------------------
                         (clock ap_clk rise edge)     0.000     0.000 r  
                                                      0.000     0.000 r  ap_clk (IN)
                         net (fo=7567, unset)         0.030     0.030    bd_0_i/hls_inst/inst/node_0_0_U0/grp_node_0_0_Pipeline_l_S_t_1_t_fu_359/hadd_16ns_16ns_16_3_no_dsp_1_U18/ap_clk
    SLICE_X79Y13         FDRE                                         r  bd_0_i/hls_inst/inst/node_0_0_U0/grp_node_0_0_Pipeline_l_S_t_1_t_fu_359/hadd_16ns_16ns_16_3_no_dsp_1_U18/din0_buf1_reg[11]/C
  -------------------------------------------------------------------    -------------------
    SLICE_X79Y13         FDRE (Prop_AFF_SLICEM_C_Q)
                                                      0.077     0.107 r  bd_0_i/hls_inst/inst/node_0_0_U0/grp_node_0_0_Pipeline_l_S_t_1_t_fu_359/hadd_16ns_16ns_16_3_no_dsp_1_U18/din0_buf1_reg[11]/Q
                         net (fo=25, routed)          0.180     0.287    <hidden>
    SLICE_X79Y13         LUT4 (Prop_F6LUT_SLICEM_I0_O)
                                                      0.123     0.410 r  <hidden>
                         net (fo=1, routed)           0.022     0.432    <hidden>
    SLICE_X79Y13         CARRY8 (Prop_CARRY8_SLICEM_S[5]_CO[7])
                                                      0.166     0.598 r  <hidden>
                         net (fo=30, routed)          0.269     0.867    <hidden>
    SLICE_X79Y18         LUT3 (Prop_E6LUT_SLICEM_I1_O)
                                                      0.037     0.904 f  <hidden>
                         net (fo=1, routed)           0.140     1.044    <hidden>
    SLICE_X79Y19         LUT6 (Prop_A6LUT_SLICEM_I3_O)
                                                      0.038     1.082 r  <hidden>
                         net (fo=1, routed)           0.013     1.095    <hidden>
    SLICE_X79Y19         CARRY8 (Prop_CARRY8_SLICEM_S[0]_CO[0])
                                                      0.071     1.166 r  <hidden>
                         net (fo=1, routed)           0.132     1.298    <hidden>
    SLICE_X79Y18         LUT5 (Prop_B6LUT_SLICEM_I3_O)
                                                      0.125     1.423 r  <hidden>
                         net (fo=2, routed)           0.093     1.516    <hidden>
    SLICE_X80Y18         LUT6 (Prop_B6LUT_SLICEL_I1_O)
                                                      0.090     1.606 r  <hidden>
                         net (fo=1, routed)           0.009     1.615    <hidden>
    SLICE_X80Y18         CARRY8 (Prop_CARRY8_SLICEL_S[1]_CO[7])
                                                      0.186     1.801 r  <hidden>
                         net (fo=1, routed)           0.026     1.827    <hidden>
    SLICE_X80Y19         CARRY8 (Prop_CARRY8_SLICEL_CI_O[4])
                                                      0.086     1.913 f  <hidden>
                         net (fo=4, routed)           0.240     2.153    <hidden>
    SLICE_X82Y20         LUT4 (Prop_A6LUT_SLICEL_I1_O)
                                                      0.124     2.277 r  <hidden>
                         net (fo=1, routed)           0.009     2.286    <hidden>
    SLICE_X82Y20         CARRY8 (Prop_CARRY8_SLICEL_S[0]_CO[0])
                                                      0.069     2.355 f  <hidden>
                         net (fo=24, routed)          0.207     2.562    <hidden>
    SLICE_X83Y20         LUT6 (Prop_F6LUT_SLICEM_I3_O)
                                                      0.098     2.660 f  <hidden>
                         net (fo=1, routed)           0.062     2.722    <hidden>
    SLICE_X83Y20         LUT6 (Prop_B6LUT_SLICEM_I4_O)
                                                      0.149     2.871 r  <hidden>
                         net (fo=23, routed)          0.176     3.047    <hidden>
    SLICE_X81Y22         LUT6 (Prop_G6LUT_SLICEM_I0_O)
                                                      0.100     3.147 r  <hidden>
                         net (fo=1, routed)           0.085     3.232    <hidden>
    SLICE_X82Y22         LUT6 (Prop_D6LUT_SLICEL_I5_O)
                                                      0.089     3.321 f  <hidden>
                         net (fo=4, routed)           0.087     3.408    <hidden>
    SLICE_X81Y22         LUT6 (Prop_F6LUT_SLICEM_I2_O)
                                                      0.037     3.445 r  <hidden>
                         net (fo=9, routed)           0.288     3.733    <hidden>
    SLICE_X80Y21         FDRE                                         r  <hidden>
  -------------------------------------------------------------------    -------------------

                         (clock ap_clk rise edge)     3.330     3.330 r  
                                                      0.000     3.330 r  ap_clk (IN)
                         net (fo=7567, unset)         0.020     3.350    <hidden>
    SLICE_X80Y21         FDRE                                         r  <hidden>
                         clock pessimism              0.000     3.350    
                         clock uncertainty           -0.035     3.315    
    SLICE_X80Y21         FDRE (Setup_DFF_SLICEL_C_R)
                                                     -0.074     3.241    <hidden>
  -------------------------------------------------------------------
                         required time                          3.241    
                         arrival time                          -3.733    
  -------------------------------------------------------------------
                         slack                                 -0.493    

Slack (VIOLATED) :        -0.492ns  (required time - arrival time)
  Source:                 bd_0_i/hls_inst/inst/node_0_0_U0/grp_node_0_0_Pipeline_l_S_t_1_t_fu_359/hadd_16ns_16ns_16_3_no_dsp_1_U18/din0_buf1_reg[11]/C
                            (rising edge-triggered cell FDRE clocked by ap_clk  {rise@0.000ns fall@1.665ns period=3.330ns})
  Destination:            <hidden>
                            (rising edge-triggered cell FDRE clocked by ap_clk  {rise@0.000ns fall@1.665ns period=3.330ns})
  Path Group:             ap_clk
  Path Type:              Setup (Max at Slow Process Corner)
  Requirement:            3.330ns  (ap_clk rise@3.330ns - ap_clk rise@0.000ns)
  Data Path Delay:        3.702ns  (logic 1.665ns (44.970%)  route 2.037ns (55.030%))
  Logic Levels:           16  (CARRY8=5 LUT3=1 LUT4=2 LUT5=1 LUT6=7)
  Clock Path Skew:        -0.010ns (DCD - SCD + CPR)
    Destination Clock Delay (DCD):    0.020ns = ( 3.350 - 3.330 ) 
    Source Clock Delay      (SCD):    0.030ns
    Clock Pessimism Removal (CPR):    0.000ns
  Clock Uncertainty:      0.035ns  ((TSJ^2 + TIJ^2)^1/2 + DJ) / 2 + PE
    Total System Jitter     (TSJ):    0.071ns
    Total Input Jitter      (TIJ):    0.000ns
    Discrete Jitter          (DJ):    0.000ns
    Phase Error              (PE):    0.000ns

    Location             Delay type                Incr(ns)  Path(ns)    Netlist Resource(s)
  -------------------------------------------------------------------    -------------------
                         (clock ap_clk rise edge)     0.000     0.000 r  
                                                      0.000     0.000 r  ap_clk (IN)
                         net (fo=7567, unset)         0.030     0.030    bd_0_i/hls_inst/inst/node_0_0_U0/grp_node_0_0_Pipeline_l_S_t_1_t_fu_359/hadd_16ns_16ns_16_3_no_dsp_1_U18/ap_clk
    SLICE_X79Y13         FDRE                                         r  bd_0_i/hls_inst/inst/node_0_0_U0/grp_node_0_0_Pipeline_l_S_t_1_t_fu_359/hadd_16ns_16ns_16_3_no_dsp_1_U18/din0_buf1_reg[11]/C
  -------------------------------------------------------------------    -------------------
    SLICE_X79Y13         FDRE (Prop_AFF_SLICEM_C_Q)
                                                      0.077     0.107 r  bd_0_i/hls_inst/inst/node_0_0_U0/grp_node_0_0_Pipeline_l_S_t_1_t_fu_359/hadd_16ns_16ns_16_3_no_dsp_1_U18/din0_buf1_reg[11]/Q
                         net (fo=25, routed)          0.180     0.287    <hidden>
    SLICE_X79Y13         LUT4 (Prop_F6LUT_SLICEM_I0_O)
                                                      0.123     0.410 r  <hidden>
                         net (fo=1, routed)           0.022     0.432    <hidden>
    SLICE_X79Y13         CARRY8 (Prop_CARRY8_SLICEM_S[5]_CO[7])
                                                      0.166     0.598 r  <hidden>
                         net (fo=30, routed)          0.269     0.867    <hidden>
    SLICE_X79Y18         LUT3 (Prop_E6LUT_SLICEM_I1_O)
                                                      0.037     0.904 f  <hidden>
                         net (fo=1, routed)           0.140     1.044    <hidden>
    SLICE_X79Y19         LUT6 (Prop_A6LUT_SLICEM_I3_O)
                                                      0.038     1.082 r  <hidden>
                         net (fo=1, routed)           0.013     1.095    <hidden>
    SLICE_X79Y19         CARRY8 (Prop_CARRY8_SLICEM_S[0]_CO[0])
                                                      0.071     1.166 r  <hidden>
                         net (fo=1, routed)           0.132     1.298    <hidden>
    SLICE_X79Y18         LUT5 (Prop_B6LUT_SLICEM_I3_O)
                                                      0.125     1.423 r  <hidden>
                         net (fo=2, routed)           0.093     1.516    <hidden>
    SLICE_X80Y18         LUT6 (Prop_B6LUT_SLICEL_I1_O)
                                                      0.090     1.606 r  <hidden>
                         net (fo=1, routed)           0.009     1.615    <hidden>
    SLICE_X80Y18         CARRY8 (Prop_CARRY8_SLICEL_S[1]_CO[7])
                                                      0.186     1.801 r  <hidden>
                         net (fo=1, routed)           0.026     1.827    <hidden>
    SLICE_X80Y19         CARRY8 (Prop_CARRY8_SLICEL_CI_O[4])
                                                      0.086     1.913 f  <hidden>
                         net (fo=4, routed)           0.240     2.153    <hidden>
    SLICE_X82Y20         LUT4 (Prop_A6LUT_SLICEL_I1_O)
                                                      0.124     2.277 r  <hidden>
                         net (fo=1, routed)           0.009     2.286    <hidden>
    SLICE_X82Y20         CARRY8 (Prop_CARRY8_SLICEL_S[0]_CO[0])
                                                      0.069     2.355 f  <hidden>
                         net (fo=24, routed)          0.207     2.562    <hidden>
    SLICE_X83Y20         LUT6 (Prop_F6LUT_SLICEM_I3_O)
                                                      0.098     2.660 f  <hidden>
                         net (fo=1, routed)           0.062     2.722    <hidden>
    SLICE_X83Y20         LUT6 (Prop_B6LUT_SLICEM_I4_O)
                                                      0.149     2.871 r  <hidden>
                         net (fo=23, routed)          0.176     3.047    <hidden>
    SLICE_X81Y22         LUT6 (Prop_G6LUT_SLICEM_I0_O)
                                                      0.100     3.147 r  <hidden>
                         net (fo=1, routed)           0.085     3.232    <hidden>
    SLICE_X82Y22         LUT6 (Prop_D6LUT_SLICEL_I5_O)
                                                      0.089     3.321 f  <hidden>
                         net (fo=4, routed)           0.087     3.408    <hidden>
    SLICE_X81Y22         LUT6 (Prop_F6LUT_SLICEM_I2_O)
                                                      0.037     3.445 r  <hidden>
                         net (fo=9, routed)           0.287     3.732    <hidden>
    SLICE_X80Y21         FDRE                                         r  <hidden>
  -------------------------------------------------------------------    -------------------

                         (clock ap_clk rise edge)     3.330     3.330 r  
                                                      0.000     3.330 r  ap_clk (IN)
                         net (fo=7567, unset)         0.020     3.350    <hidden>
    SLICE_X80Y21         FDRE                                         r  <hidden>
                         clock pessimism              0.000     3.350    
                         clock uncertainty           -0.035     3.315    
    SLICE_X80Y21         FDRE (Setup_EFF_SLICEL_C_R)
                                                     -0.074     3.241    <hidden>
  -------------------------------------------------------------------
                         required time                          3.241    
                         arrival time                          -3.732    
  -------------------------------------------------------------------
                         slack                                 -0.492    




