Copyright 1986-2022 Xilinx, Inc. All Rights Reserved. Copyright 2022-2025 Advanced Micro Devices, Inc. All Rights Reserved.
--------------------------------------------------------------------------------------------------------------------------------------------------
| Tool Version      : Vivado v.2025.1 (lin64) Build 6140274 Wed May 21 22:58:25 MDT 2025
| Date              : Thu Jul 23 16:55:12 2026
| Host              : zhang-21.ece.cornell.edu running 64-bit Red Hat Enterprise Linux release 8.10 (Ootpa)
| Command           : report_timing -max_paths 10 -file ./report/top_timing_paths_routed.rpt
| Design            : bd_0_wrapper
| Device            : xczu7ev-ffvc1156
| Speed File        : -2  PRODUCTION 1.30 05-15-2022
| Design State      : Routed
| Temperature Grade : E
--------------------------------------------------------------------------------------------------------------------------------------------------

Timing Report

Slack (VIOLATED) :        -0.957ns  (required time - arrival time)
  Source:                 bd_0_i/hls_inst/inst/node_0_0_U0/grp_node_0_0_Pipeline_l_S_t_1_t_fu_340/hadd_16ns_16ns_16_3_no_dsp_1_U1/din1_buf1_reg[6]/C
                            (rising edge-triggered cell FDRE clocked by ap_clk  {rise@0.000ns fall@1.665ns period=3.330ns})
  Destination:            <hidden>
                            (rising edge-triggered cell FDRE clocked by ap_clk  {rise@0.000ns fall@1.665ns period=3.330ns})
  Path Group:             ap_clk
  Path Type:              Setup (Max at Slow Process Corner)
  Requirement:            3.330ns  (ap_clk rise@3.330ns - ap_clk rise@0.000ns)
  Data Path Delay:        4.267ns  (logic 3.117ns (73.043%)  route 1.150ns (26.957%))
  Logic Levels:           13  (CARRY8=2 DSP_A_B_DATA=2 DSP_ALU=2 DSP_M_DATA=1 DSP_MULTIPLIER=1 DSP_OUTPUT=2 DSP_PREADD_DATA=1 LUT2=1 LUT3=1)
  Clock Path Skew:        -0.009ns (DCD - SCD + CPR)
    Destination Clock Delay (DCD):    0.021ns = ( 3.351 - 3.330 ) 
    Source Clock Delay      (SCD):    0.030ns
    Clock Pessimism Removal (CPR):    0.000ns
  Clock Uncertainty:      0.035ns  ((TSJ^2 + TIJ^2)^1/2 + DJ) / 2 + PE
    Total System Jitter     (TSJ):    0.071ns
    Total Input Jitter      (TIJ):    0.000ns
    Discrete Jitter          (DJ):    0.000ns
    Phase Error              (PE):    0.000ns

    Location             Delay type                Incr(ns)  Path(ns)    Netlist Resource(s)
  -------------------------------------------------------------------    -------------------
                         (clock ap_clk rise edge)     0.000     0.000 r  
                                                      0.000     0.000 r  ap_clk (IN)
                         net (fo=6637, unset)         0.030     0.030    bd_0_i/hls_inst/inst/node_0_0_U0/grp_node_0_0_Pipeline_l_S_t_1_t_fu_340/hadd_16ns_16ns_16_3_no_dsp_1_U1/ap_clk
    SLICE_X79Y295        FDRE                                         r  bd_0_i/hls_inst/inst/node_0_0_U0/grp_node_0_0_Pipeline_l_S_t_1_t_fu_340/hadd_16ns_16ns_16_3_no_dsp_1_U1/din1_buf1_reg[6]/C
  -------------------------------------------------------------------    -------------------
    SLICE_X79Y295        FDRE (Prop_GFF_SLICEM_C_Q)
                                                      0.078     0.108 f  bd_0_i/hls_inst/inst/node_0_0_U0/grp_node_0_0_Pipeline_l_S_t_1_t_fu_340/hadd_16ns_16ns_16_3_no_dsp_1_U1/din1_buf1_reg[6]/Q
                         net (fo=14, routed)          0.222     0.330    <hidden>
    DSP48E2_X9Y118       DSP_A_B_DATA (Prop_DSP_A_B_DATA_DSP48E2_B[6]_B2_DATA[6])
                                                      0.151     0.481 r  <hidden>
                         net (fo=1, routed)           0.000     0.481    <hidden>
    DSP48E2_X9Y118       DSP_PREADD_DATA (Prop_DSP_PREADD_DATA_DSP48E2_B2_DATA[6]_B2B1[6])
                                                      0.073     0.554 r  <hidden>
                         net (fo=1, routed)           0.000     0.554    <hidden>
    DSP48E2_X9Y118       DSP_MULTIPLIER (Prop_DSP_MULTIPLIER_DSP48E2_B2B1[6]_V[35])
                                                      0.609     1.163 f  <hidden>
                         net (fo=1, routed)           0.000     1.163    <hidden>
    DSP48E2_X9Y118       DSP_M_DATA (Prop_DSP_M_DATA_DSP48E2_V[35]_V_DATA[35])
                                                      0.046     1.209 r  <hidden>
                         net (fo=1, routed)           0.000     1.209    <hidden>
    DSP48E2_X9Y118       DSP_ALU (Prop_DSP_ALU_DSP48E2_V_DATA[35]_ALU_OUT[47])
                                                      0.571     1.780 r  <hidden>
                         net (fo=1, routed)           0.000     1.780    <hidden>
    DSP48E2_X9Y118       DSP_OUTPUT (Prop_DSP_OUTPUT_DSP48E2_ALU_OUT[47]_PATTERN_DETECT)
                                                      0.363     2.143 f  <hidden>
                         net (fo=2, routed)           0.215     2.358    <hidden>
    SLICE_X78Y297        LUT3 (Prop_A6LUT_SLICEM_I2_O)
                                                      0.053     2.411 r  <hidden>
                         net (fo=1, routed)           0.013     2.424    <hidden>
    SLICE_X78Y297        CARRY8 (Prop_CARRY8_SLICEM_S[0]_CO[2])
                                                      0.115     2.539 f  <hidden>
                         net (fo=1, routed)           0.204     2.743    <hidden>
    DSP48E2_X9Y119       DSP_A_B_DATA (Prop_DSP_A_B_DATA_DSP48E2_B[1]_B_ALU[1])
                                                      0.165     2.908 r  <hidden>
                         net (fo=1, routed)           0.000     2.908    <hidden>
    DSP48E2_X9Y119       DSP_ALU (Prop_DSP_ALU_DSP48E2_B_ALU[1]_ALU_OUT[12])
                                                      0.541     3.449 f  <hidden>
                         net (fo=1, routed)           0.000     3.449    <hidden>
    DSP48E2_X9Y119       DSP_OUTPUT (Prop_DSP_OUTPUT_DSP48E2_ALU_OUT[12]_P[12])
                                                      0.109     3.558 r  <hidden>
                         net (fo=1, routed)           0.316     3.874    <hidden>
    SLICE_X82Y296        CARRY8 (Prop_CARRY8_SLICEL_CI_O[4])
                                                      0.191     4.065 r  <hidden>
                         net (fo=1, routed)           0.125     4.190    <hidden>
    SLICE_X83Y296        LUT2 (Prop_E6LUT_SLICEM_I0_O)
                                                      0.052     4.242 r  <hidden>
                         net (fo=1, routed)           0.055     4.297    <hidden>
    SLICE_X83Y296        FDRE                                         r  <hidden>
  -------------------------------------------------------------------    -------------------

                         (clock ap_clk rise edge)     3.330     3.330 r  
                                                      0.000     3.330 r  ap_clk (IN)
                         net (fo=6637, unset)         0.021     3.351    <hidden>
    SLICE_X83Y296        FDRE                                         r  <hidden>
                         clock pessimism              0.000     3.351    
                         clock uncertainty           -0.035     3.316    
    SLICE_X83Y296        FDRE (Setup_EFF_SLICEM_C_D)
                                                      0.025     3.341    <hidden>
  -------------------------------------------------------------------
                         required time                          3.341    
                         arrival time                          -4.297    
  -------------------------------------------------------------------
                         slack                                 -0.957    

Slack (VIOLATED) :        -0.914ns  (required time - arrival time)
  Source:                 bd_0_i/hls_inst/inst/node_0_0_U0/grp_node_0_0_Pipeline_l_S_t_1_t_fu_340/hadd_16ns_16ns_16_3_no_dsp_1_U1/din1_buf1_reg[6]/C
                            (rising edge-triggered cell FDRE clocked by ap_clk  {rise@0.000ns fall@1.665ns period=3.330ns})
  Destination:            <hidden>
                            (rising edge-triggered cell FDRE clocked by ap_clk  {rise@0.000ns fall@1.665ns period=3.330ns})
  Path Group:             ap_clk
  Path Type:              Setup (Max at Slow Process Corner)
  Requirement:            3.330ns  (ap_clk rise@3.330ns - ap_clk rise@0.000ns)
  Data Path Delay:        4.223ns  (logic 3.073ns (72.762%)  route 1.150ns (27.238%))
  Logic Levels:           13  (CARRY8=2 DSP_A_B_DATA=2 DSP_ALU=2 DSP_M_DATA=1 DSP_MULTIPLIER=1 DSP_OUTPUT=2 DSP_PREADD_DATA=1 LUT2=1 LUT3=1)
  Clock Path Skew:        -0.010ns (DCD - SCD + CPR)
    Destination Clock Delay (DCD):    0.020ns = ( 3.350 - 3.330 ) 
    Source Clock Delay      (SCD):    0.030ns
    Clock Pessimism Removal (CPR):    0.000ns
  Clock Uncertainty:      0.035ns  ((TSJ^2 + TIJ^2)^1/2 + DJ) / 2 + PE
    Total System Jitter     (TSJ):    0.071ns
    Total Input Jitter      (TIJ):    0.000ns
    Discrete Jitter          (DJ):    0.000ns
    Phase Error              (PE):    0.000ns

    Location             Delay type                Incr(ns)  Path(ns)    Netlist Resource(s)
  -------------------------------------------------------------------    -------------------
                         (clock ap_clk rise edge)     0.000     0.000 r  
                                                      0.000     0.000 r  ap_clk (IN)
                         net (fo=6637, unset)         0.030     0.030    bd_0_i/hls_inst/inst/node_0_0_U0/grp_node_0_0_Pipeline_l_S_t_1_t_fu_340/hadd_16ns_16ns_16_3_no_dsp_1_U1/ap_clk
    SLICE_X79Y295        FDRE                                         r  bd_0_i/hls_inst/inst/node_0_0_U0/grp_node_0_0_Pipeline_l_S_t_1_t_fu_340/hadd_16ns_16ns_16_3_no_dsp_1_U1/din1_buf1_reg[6]/C
  -------------------------------------------------------------------    -------------------
    SLICE_X79Y295        FDRE (Prop_GFF_SLICEM_C_Q)
                                                      0.078     0.108 f  bd_0_i/hls_inst/inst/node_0_0_U0/grp_node_0_0_Pipeline_l_S_t_1_t_fu_340/hadd_16ns_16ns_16_3_no_dsp_1_U1/din1_buf1_reg[6]/Q
                         net (fo=14, routed)          0.222     0.330    <hidden>
    DSP48E2_X9Y118       DSP_A_B_DATA (Prop_DSP_A_B_DATA_DSP48E2_B[6]_B2_DATA[6])
                                                      0.151     0.481 r  <hidden>
                         net (fo=1, routed)           0.000     0.481    <hidden>
    DSP48E2_X9Y118       DSP_PREADD_DATA (Prop_DSP_PREADD_DATA_DSP48E2_B2_DATA[6]_B2B1[6])
                                                      0.073     0.554 r  <hidden>
                         net (fo=1, routed)           0.000     0.554    <hidden>
    DSP48E2_X9Y118       DSP_MULTIPLIER (Prop_DSP_MULTIPLIER_DSP48E2_B2B1[6]_V[35])
                                                      0.609     1.163 f  <hidden>
                         net (fo=1, routed)           0.000     1.163    <hidden>
    DSP48E2_X9Y118       DSP_M_DATA (Prop_DSP_M_DATA_DSP48E2_V[35]_V_DATA[35])
                                                      0.046     1.209 r  <hidden>
                         net (fo=1, routed)           0.000     1.209    <hidden>
    DSP48E2_X9Y118       DSP_ALU (Prop_DSP_ALU_DSP48E2_V_DATA[35]_ALU_OUT[47])
                                                      0.571     1.780 r  <hidden>
                         net (fo=1, routed)           0.000     1.780    <hidden>
    DSP48E2_X9Y118       DSP_OUTPUT (Prop_DSP_OUTPUT_DSP48E2_ALU_OUT[47]_PATTERN_DETECT)
                                                      0.363     2.143 f  <hidden>
                         net (fo=2, routed)           0.215     2.358    <hidden>
    SLICE_X78Y297        LUT3 (Prop_A6LUT_SLICEM_I2_O)
                                                      0.053     2.411 r  <hidden>
                         net (fo=1, routed)           0.013     2.424    <hidden>
    SLICE_X78Y297        CARRY8 (Prop_CARRY8_SLICEM_S[0]_CO[2])
                                                      0.115     2.539 f  <hidden>
                         net (fo=1, routed)           0.204     2.743    <hidden>
    DSP48E2_X9Y119       DSP_A_B_DATA (Prop_DSP_A_B_DATA_DSP48E2_B[1]_B_ALU[1])
                                                      0.165     2.908 r  <hidden>
                         net (fo=1, routed)           0.000     2.908    <hidden>
    DSP48E2_X9Y119       DSP_ALU (Prop_DSP_ALU_DSP48E2_B_ALU[1]_ALU_OUT[12])
                                                      0.541     3.449 f  <hidden>
                         net (fo=1, routed)           0.000     3.449    <hidden>
    DSP48E2_X9Y119       DSP_OUTPUT (Prop_DSP_OUTPUT_DSP48E2_ALU_OUT[12]_P[12])
                                                      0.109     3.558 r  <hidden>
                         net (fo=1, routed)           0.316     3.874    <hidden>
    SLICE_X82Y296        CARRY8 (Prop_CARRY8_SLICEL_CI_O[2])
                                                      0.129     4.003 r  <hidden>
                         net (fo=1, routed)           0.162     4.165    <hidden>
    SLICE_X82Y296        LUT2 (Prop_E5LUT_SLICEL_I0_O)
                                                      0.070     4.235 r  <hidden>
                         net (fo=1, routed)           0.018     4.253    <hidden>
    SLICE_X82Y296        FDRE                                         r  <hidden>
  -------------------------------------------------------------------    -------------------

                         (clock ap_clk rise edge)     3.330     3.330 r  
                                                      0.000     3.330 r  ap_clk (IN)
                         net (fo=6637, unset)         0.020     3.350    <hidden>
    SLICE_X82Y296        FDRE                                         r  <hidden>
                         clock pessimism              0.000     3.350    
                         clock uncertainty           -0.035     3.315    
    SLICE_X82Y296        FDRE (Setup_EFF2_SLICEL_C_D)
                                                      0.025     3.340    <hidden>
  -------------------------------------------------------------------
                         required time                          3.340    
                         arrival time                          -4.253    
  -------------------------------------------------------------------
                         slack                                 -0.914    

Slack (VIOLATED) :        -0.913ns  (required time - arrival time)
  Source:                 bd_0_i/hls_inst/inst/node_0_0_U0/grp_node_0_0_Pipeline_l_S_t_1_t_fu_340/hadd_16ns_16ns_16_3_no_dsp_1_U1/din1_buf1_reg[6]/C
                            (rising edge-triggered cell FDRE clocked by ap_clk  {rise@0.000ns fall@1.665ns period=3.330ns})
  Destination:            <hidden>
                            (rising edge-triggered cell FDRE clocked by ap_clk  {rise@0.000ns fall@1.665ns period=3.330ns})
  Path Group:             ap_clk
  Path Type:              Setup (Max at Slow Process Corner)
  Requirement:            3.330ns  (ap_clk rise@3.330ns - ap_clk rise@0.000ns)
  Data Path Delay:        4.222ns  (logic 3.069ns (72.685%)  route 1.153ns (27.315%))
  Logic Levels:           13  (CARRY8=2 DSP_A_B_DATA=2 DSP_ALU=2 DSP_M_DATA=1 DSP_MULTIPLIER=1 DSP_OUTPUT=2 DSP_PREADD_DATA=1 LUT2=1 LUT3=1)
  Clock Path Skew:        -0.010ns (DCD - SCD + CPR)
    Destination Clock Delay (DCD):    0.020ns = ( 3.350 - 3.330 ) 
    Source Clock Delay      (SCD):    0.030ns
    Clock Pessimism Removal (CPR):    0.000ns
  Clock Uncertainty:      0.035ns  ((TSJ^2 + TIJ^2)^1/2 + DJ) / 2 + PE
    Total System Jitter     (TSJ):    0.071ns
    Total Input Jitter      (TIJ):    0.000ns
    Discrete Jitter          (DJ):    0.000ns
    Phase Error              (PE):    0.000ns

    Location             Delay type                Incr(ns)  Path(ns)    Netlist Resource(s)
  -------------------------------------------------------------------    -------------------
                         (clock ap_clk rise edge)     0.000     0.000 r  
                                                      0.000     0.000 r  ap_clk (IN)
                         net (fo=6637, unset)         0.030     0.030    bd_0_i/hls_inst/inst/node_0_0_U0/grp_node_0_0_Pipeline_l_S_t_1_t_fu_340/hadd_16ns_16ns_16_3_no_dsp_1_U1/ap_clk
    SLICE_X79Y295        FDRE                                         r  bd_0_i/hls_inst/inst/node_0_0_U0/grp_node_0_0_Pipeline_l_S_t_1_t_fu_340/hadd_16ns_16ns_16_3_no_dsp_1_U1/din1_buf1_reg[6]/C
  -------------------------------------------------------------------    -------------------
    SLICE_X79Y295        FDRE (Prop_GFF_SLICEM_C_Q)
                                                      0.078     0.108 f  bd_0_i/hls_inst/inst/node_0_0_U0/grp_node_0_0_Pipeline_l_S_t_1_t_fu_340/hadd_16ns_16ns_16_3_no_dsp_1_U1/din1_buf1_reg[6]/Q
                         net (fo=14, routed)          0.222     0.330    <hidden>
    DSP48E2_X9Y118       DSP_A_B_DATA (Prop_DSP_A_B_DATA_DSP48E2_B[6]_B2_DATA[6])
                                                      0.151     0.481 r  <hidden>
                         net (fo=1, routed)           0.000     0.481    <hidden>
    DSP48E2_X9Y118       DSP_PREADD_DATA (Prop_DSP_PREADD_DATA_DSP48E2_B2_DATA[6]_B2B1[6])
                                                      0.073     0.554 r  <hidden>
                         net (fo=1, routed)           0.000     0.554    <hidden>
    DSP48E2_X9Y118       DSP_MULTIPLIER (Prop_DSP_MULTIPLIER_DSP48E2_B2B1[6]_V[35])
                                                      0.609     1.163 f  <hidden>
                         net (fo=1, routed)           0.000     1.163    <hidden>
    DSP48E2_X9Y118       DSP_M_DATA (Prop_DSP_M_DATA_DSP48E2_V[35]_V_DATA[35])
                                                      0.046     1.209 r  <hidden>
                         net (fo=1, routed)           0.000     1.209    <hidden>
    DSP48E2_X9Y118       DSP_ALU (Prop_DSP_ALU_DSP48E2_V_DATA[35]_ALU_OUT[47])
                                                      0.571     1.780 r  <hidden>
                         net (fo=1, routed)           0.000     1.780    <hidden>
    DSP48E2_X9Y118       DSP_OUTPUT (Prop_DSP_OUTPUT_DSP48E2_ALU_OUT[47]_PATTERN_DETECT)
                                                      0.363     2.143 f  <hidden>
                         net (fo=2, routed)           0.215     2.358    <hidden>
    SLICE_X78Y297        LUT3 (Prop_A6LUT_SLICEM_I2_O)
                                                      0.053     2.411 r  <hidden>
                         net (fo=1, routed)           0.013     2.424    <hidden>
    SLICE_X78Y297        CARRY8 (Prop_CARRY8_SLICEM_S[0]_CO[2])
                                                      0.115     2.539 f  <hidden>
                         net (fo=1, routed)           0.204     2.743    <hidden>
    DSP48E2_X9Y119       DSP_A_B_DATA (Prop_DSP_A_B_DATA_DSP48E2_B[1]_B_ALU[1])
                                                      0.165     2.908 r  <hidden>
                         net (fo=1, routed)           0.000     2.908    <hidden>
    DSP48E2_X9Y119       DSP_ALU (Prop_DSP_ALU_DSP48E2_B_ALU[1]_ALU_OUT[12])
                                                      0.541     3.449 f  <hidden>
                         net (fo=1, routed)           0.000     3.449    <hidden>
    DSP48E2_X9Y119       DSP_OUTPUT (Prop_DSP_OUTPUT_DSP48E2_ALU_OUT[12]_P[12])
                                                      0.109     3.558 r  <hidden>
                         net (fo=1, routed)           0.316     3.874    <hidden>
    SLICE_X82Y296        CARRY8 (Prop_CARRY8_SLICEL_CI_O[1])
                                                      0.130     4.004 r  <hidden>
                         net (fo=1, routed)           0.168     4.172    <hidden>
    SLICE_X82Y294        LUT2 (Prop_H5LUT_SLICEL_I0_O)
                                                      0.065     4.237 r  <hidden>
                         net (fo=1, routed)           0.015     4.252    <hidden>
    SLICE_X82Y294        FDRE                                         r  <hidden>
  -------------------------------------------------------------------    -------------------

                         (clock ap_clk rise edge)     3.330     3.330 r  
                                                      0.000     3.330 r  ap_clk (IN)
                         net (fo=6637, unset)         0.020     3.350    <hidden>
    SLICE_X82Y294        FDRE                                         r  <hidden>
                         clock pessimism              0.000     3.350    
                         clock uncertainty           -0.035     3.315    
    SLICE_X82Y294        FDRE (Setup_HFF2_SLICEL_C_D)
                                                      0.025     3.340    <hidden>
  -------------------------------------------------------------------
                         required time                          3.340    
                         arrival time                          -4.252    
  -------------------------------------------------------------------
                         slack                                 -0.913    

Slack (VIOLATED) :        -0.869ns  (required time - arrival time)
  Source:                 bd_0_i/hls_inst/inst/node_0_0_U0/grp_node_0_0_Pipeline_l_S_t_1_t_fu_340/hadd_16ns_16ns_16_3_no_dsp_1_U1/din1_buf1_reg[6]/C
                            (rising edge-triggered cell FDRE clocked by ap_clk  {rise@0.000ns fall@1.665ns period=3.330ns})
  Destination:            <hidden>
                            (rising edge-triggered cell FDRE clocked by ap_clk  {rise@0.000ns fall@1.665ns period=3.330ns})
  Path Group:             ap_clk
  Path Type:              Setup (Max at Slow Process Corner)
  Requirement:            3.330ns  (ap_clk rise@3.330ns - ap_clk rise@0.000ns)
  Data Path Delay:        4.178ns  (logic 3.042ns (72.804%)  route 1.136ns (27.196%))
  Logic Levels:           13  (CARRY8=2 DSP_A_B_DATA=2 DSP_ALU=2 DSP_M_DATA=1 DSP_MULTIPLIER=1 DSP_OUTPUT=2 DSP_PREADD_DATA=1 LUT2=1 LUT3=1)
  Clock Path Skew:        -0.010ns (DCD - SCD + CPR)
    Destination Clock Delay (DCD):    0.020ns = ( 3.350 - 3.330 ) 
    Source Clock Delay      (SCD):    0.030ns
    Clock Pessimism Removal (CPR):    0.000ns
  Clock Uncertainty:      0.035ns  ((TSJ^2 + TIJ^2)^1/2 + DJ) / 2 + PE
    Total System Jitter     (TSJ):    0.071ns
    Total Input Jitter      (TIJ):    0.000ns
    Discrete Jitter          (DJ):    0.000ns
    Phase Error              (PE):    0.000ns

    Location             Delay type                Incr(ns)  Path(ns)    Netlist Resource(s)
  -------------------------------------------------------------------    -------------------
                         (clock ap_clk rise edge)     0.000     0.000 r  
                                                      0.000     0.000 r  ap_clk (IN)
                         net (fo=6637, unset)         0.030     0.030    bd_0_i/hls_inst/inst/node_0_0_U0/grp_node_0_0_Pipeline_l_S_t_1_t_fu_340/hadd_16ns_16ns_16_3_no_dsp_1_U1/ap_clk
    SLICE_X79Y295        FDRE                                         r  bd_0_i/hls_inst/inst/node_0_0_U0/grp_node_0_0_Pipeline_l_S_t_1_t_fu_340/hadd_16ns_16ns_16_3_no_dsp_1_U1/din1_buf1_reg[6]/C
  -------------------------------------------------------------------    -------------------
    SLICE_X79Y295        FDRE (Prop_GFF_SLICEM_C_Q)
                                                      0.078     0.108 f  bd_0_i/hls_inst/inst/node_0_0_U0/grp_node_0_0_Pipeline_l_S_t_1_t_fu_340/hadd_16ns_16ns_16_3_no_dsp_1_U1/din1_buf1_reg[6]/Q
                         net (fo=14, routed)          0.222     0.330    <hidden>
    DSP48E2_X9Y118       DSP_A_B_DATA (Prop_DSP_A_B_DATA_DSP48E2_B[6]_B2_DATA[6])
                                                      0.151     0.481 r  <hidden>
                         net (fo=1, routed)           0.000     0.481    <hidden>
    DSP48E2_X9Y118       DSP_PREADD_DATA (Prop_DSP_PREADD_DATA_DSP48E2_B2_DATA[6]_B2B1[6])
                                                      0.073     0.554 r  <hidden>
                         net (fo=1, routed)           0.000     0.554    <hidden>
    DSP48E2_X9Y118       DSP_MULTIPLIER (Prop_DSP_MULTIPLIER_DSP48E2_B2B1[6]_V[35])
                                                      0.609     1.163 f  <hidden>
                         net (fo=1, routed)           0.000     1.163    <hidden>
    DSP48E2_X9Y118       DSP_M_DATA (Prop_DSP_M_DATA_DSP48E2_V[35]_V_DATA[35])
                                                      0.046     1.209 r  <hidden>
                         net (fo=1, routed)           0.000     1.209    <hidden>
    DSP48E2_X9Y118       DSP_ALU (Prop_DSP_ALU_DSP48E2_V_DATA[35]_ALU_OUT[47])
                                                      0.571     1.780 r  <hidden>
                         net (fo=1, routed)           0.000     1.780    <hidden>
    DSP48E2_X9Y118       DSP_OUTPUT (Prop_DSP_OUTPUT_DSP48E2_ALU_OUT[47]_PATTERN_DETECT)
                                                      0.363     2.143 f  <hidden>
                         net (fo=2, routed)           0.215     2.358    <hidden>
    SLICE_X78Y297        LUT3 (Prop_A6LUT_SLICEM_I2_O)
                                                      0.053     2.411 r  <hidden>
                         net (fo=1, routed)           0.013     2.424    <hidden>
    SLICE_X78Y297        CARRY8 (Prop_CARRY8_SLICEM_S[0]_CO[2])
                                                      0.115     2.539 f  <hidden>
                         net (fo=1, routed)           0.204     2.743    <hidden>
    DSP48E2_X9Y119       DSP_A_B_DATA (Prop_DSP_A_B_DATA_DSP48E2_B[1]_B_ALU[1])
                                                      0.165     2.908 r  <hidden>
                         net (fo=1, routed)           0.000     2.908    <hidden>
    DSP48E2_X9Y119       DSP_ALU (Prop_DSP_ALU_DSP48E2_B_ALU[1]_ALU_OUT[12])
                                                      0.541     3.449 f  <hidden>
                         net (fo=1, routed)           0.000     3.449    <hidden>
    DSP48E2_X9Y119       DSP_OUTPUT (Prop_DSP_OUTPUT_DSP48E2_ALU_OUT[12]_P[12])
                                                      0.109     3.558 r  <hidden>
                         net (fo=1, routed)           0.316     3.874    <hidden>
    SLICE_X82Y296        CARRY8 (Prop_CARRY8_SLICEL_CI_O[3])
                                                      0.133     4.007 r  <hidden>
                         net (fo=1, routed)           0.118     4.125    <hidden>
    SLICE_X82Y297        LUT2 (Prop_A6LUT_SLICEL_I0_O)
                                                      0.035     4.160 r  <hidden>
                         net (fo=1, routed)           0.048     4.208    <hidden>
    SLICE_X82Y297        FDRE                                         r  <hidden>
  -------------------------------------------------------------------    -------------------

                         (clock ap_clk rise edge)     3.330     3.330 r  
                                                      0.000     3.330 r  ap_clk (IN)
                         net (fo=6637, unset)         0.020     3.350    <hidden>
    SLICE_X82Y297        FDRE                                         r  <hidden>
                         clock pessimism              0.000     3.350    
                         clock uncertainty           -0.035     3.315    
    SLICE_X82Y297        FDRE (Setup_AFF_SLICEL_C_D)
                                                      0.025     3.340    <hidden>
  -------------------------------------------------------------------
                         required time                          3.340    
                         arrival time                          -4.208    
  -------------------------------------------------------------------
                         slack                                 -0.869    

Slack (VIOLATED) :        -0.867ns  (required time - arrival time)
  Source:                 bd_0_i/hls_inst/inst/node_0_0_U0/grp_node_0_0_Pipeline_l_S_t_1_t_fu_340/hadd_16ns_16ns_16_3_no_dsp_1_U1/din1_buf1_reg[6]/C
                            (rising edge-triggered cell FDRE clocked by ap_clk  {rise@0.000ns fall@1.665ns period=3.330ns})
  Destination:            <hidden>
                            (rising edge-triggered cell FDRE clocked by ap_clk  {rise@0.000ns fall@1.665ns period=3.330ns})
  Path Group:             ap_clk
  Path Type:              Setup (Max at Slow Process Corner)
  Requirement:            3.330ns  (ap_clk rise@3.330ns - ap_clk rise@0.000ns)
  Data Path Delay:        4.176ns  (logic 3.032ns (72.600%)  route 1.144ns (27.400%))
  Logic Levels:           13  (CARRY8=2 DSP_A_B_DATA=2 DSP_ALU=2 DSP_M_DATA=1 DSP_MULTIPLIER=1 DSP_OUTPUT=2 DSP_PREADD_DATA=1 LUT3=1 LUT6=1)
  Clock Path Skew:        -0.010ns (DCD - SCD + CPR)
    Destination Clock Delay (DCD):    0.020ns = ( 3.350 - 3.330 ) 
    Source Clock Delay      (SCD):    0.030ns
    Clock Pessimism Removal (CPR):    0.000ns
  Clock Uncertainty:      0.035ns  ((TSJ^2 + TIJ^2)^1/2 + DJ) / 2 + PE
    Total System Jitter     (TSJ):    0.071ns
    Total Input Jitter      (TIJ):    0.000ns
    Discrete Jitter          (DJ):    0.000ns
    Phase Error              (PE):    0.000ns

    Location             Delay type                Incr(ns)  Path(ns)    Netlist Resource(s)
  -------------------------------------------------------------------    -------------------
                         (clock ap_clk rise edge)     0.000     0.000 r  
                                                      0.000     0.000 r  ap_clk (IN)
                         net (fo=6637, unset)         0.030     0.030    bd_0_i/hls_inst/inst/node_0_0_U0/grp_node_0_0_Pipeline_l_S_t_1_t_fu_340/hadd_16ns_16ns_16_3_no_dsp_1_U1/ap_clk
    SLICE_X79Y295        FDRE                                         r  bd_0_i/hls_inst/inst/node_0_0_U0/grp_node_0_0_Pipeline_l_S_t_1_t_fu_340/hadd_16ns_16ns_16_3_no_dsp_1_U1/din1_buf1_reg[6]/C
  -------------------------------------------------------------------    -------------------
    SLICE_X79Y295        FDRE (Prop_GFF_SLICEM_C_Q)
                                                      0.078     0.108 f  bd_0_i/hls_inst/inst/node_0_0_U0/grp_node_0_0_Pipeline_l_S_t_1_t_fu_340/hadd_16ns_16ns_16_3_no_dsp_1_U1/din1_buf1_reg[6]/Q
                         net (fo=14, routed)          0.222     0.330    <hidden>
    DSP48E2_X9Y118       DSP_A_B_DATA (Prop_DSP_A_B_DATA_DSP48E2_B[6]_B2_DATA[6])
                                                      0.151     0.481 r  <hidden>
                         net (fo=1, routed)           0.000     0.481    <hidden>
    DSP48E2_X9Y118       DSP_PREADD_DATA (Prop_DSP_PREADD_DATA_DSP48E2_B2_DATA[6]_B2B1[6])
                                                      0.073     0.554 r  <hidden>
                         net (fo=1, routed)           0.000     0.554    <hidden>
    DSP48E2_X9Y118       DSP_MULTIPLIER (Prop_DSP_MULTIPLIER_DSP48E2_B2B1[6]_V[35])
                                                      0.609     1.163 f  <hidden>
                         net (fo=1, routed)           0.000     1.163    <hidden>
    DSP48E2_X9Y118       DSP_M_DATA (Prop_DSP_M_DATA_DSP48E2_V[35]_V_DATA[35])
                                                      0.046     1.209 r  <hidden>
                         net (fo=1, routed)           0.000     1.209    <hidden>
    DSP48E2_X9Y118       DSP_ALU (Prop_DSP_ALU_DSP48E2_V_DATA[35]_ALU_OUT[47])
                                                      0.571     1.780 r  <hidden>
                         net (fo=1, routed)           0.000     1.780    <hidden>
    DSP48E2_X9Y118       DSP_OUTPUT (Prop_DSP_OUTPUT_DSP48E2_ALU_OUT[47]_PATTERN_DETECT)
                                                      0.363     2.143 f  <hidden>
                         net (fo=2, routed)           0.215     2.358    <hidden>
    SLICE_X78Y297        LUT3 (Prop_A6LUT_SLICEM_I2_O)
                                                      0.053     2.411 r  <hidden>
                         net (fo=1, routed)           0.013     2.424    <hidden>
    SLICE_X78Y297        CARRY8 (Prop_CARRY8_SLICEM_S[0]_CO[2])
                                                      0.115     2.539 f  <hidden>
                         net (fo=1, routed)           0.204     2.743    <hidden>
    DSP48E2_X9Y119       DSP_A_B_DATA (Prop_DSP_A_B_DATA_DSP48E2_B[1]_B_ALU[1])
                                                      0.165     2.908 r  <hidden>
                         net (fo=1, routed)           0.000     2.908    <hidden>
    DSP48E2_X9Y119       DSP_ALU (Prop_DSP_ALU_DSP48E2_B_ALU[1]_ALU_OUT[12])
                                                      0.541     3.449 f  <hidden>
                         net (fo=1, routed)           0.000     3.449    <hidden>
    DSP48E2_X9Y119       DSP_OUTPUT (Prop_DSP_OUTPUT_DSP48E2_ALU_OUT[12]_P[12])
                                                      0.109     3.558 r  <hidden>
                         net (fo=1, routed)           0.316     3.874    <hidden>
    SLICE_X82Y296        CARRY8 (Prop_CARRY8_SLICEL_CI_O[0])
                                                      0.108     3.982 r  <hidden>
                         net (fo=1, routed)           0.125     4.107    <hidden>
    SLICE_X82Y294        LUT6 (Prop_D6LUT_SLICEL_I2_O)
                                                      0.050     4.157 r  <hidden>
                         net (fo=1, routed)           0.049     4.206    <hidden>
    SLICE_X82Y294        FDRE                                         r  <hidden>
  -------------------------------------------------------------------    -------------------

                         (clock ap_clk rise edge)     3.330     3.330 r  
                                                      0.000     3.330 r  ap_clk (IN)
                         net (fo=6637, unset)         0.020     3.350    <hidden>
    SLICE_X82Y294        FDRE                                         r  <hidden>
                         clock pessimism              0.000     3.350    
                         clock uncertainty           -0.035     3.315    
    SLICE_X82Y294        FDRE (Setup_DFF_SLICEL_C_D)
                                                      0.025     3.340    <hidden>
  -------------------------------------------------------------------
                         required time                          3.340    
                         arrival time                          -4.206    
  -------------------------------------------------------------------
                         slack                                 -0.867    

Slack (VIOLATED) :        -0.815ns  (required time - arrival time)
  Source:                 bd_0_i/hls_inst/inst/node_0_0_U0/grp_node_0_0_Pipeline_l_S_t_1_t_fu_340/hadd_16ns_16ns_16_3_no_dsp_1_U1/din0_buf1_reg[2]/C
                            (rising edge-triggered cell FDRE clocked by ap_clk  {rise@0.000ns fall@1.665ns period=3.330ns})
  Destination:            <hidden>
                            (rising edge-triggered cell FDRE clocked by ap_clk  {rise@0.000ns fall@1.665ns period=3.330ns})
  Path Group:             ap_clk
  Path Type:              Setup (Max at Slow Process Corner)
  Requirement:            3.330ns  (ap_clk rise@3.330ns - ap_clk rise@0.000ns)
  Data Path Delay:        4.124ns  (logic 1.979ns (47.985%)  route 2.145ns (52.015%))
  Logic Levels:           21  (CARRY8=8 LUT2=1 LUT4=3 LUT5=2 LUT6=7)
  Clock Path Skew:        -0.010ns (DCD - SCD + CPR)
    Destination Clock Delay (DCD):    0.020ns = ( 3.350 - 3.330 ) 
    Source Clock Delay      (SCD):    0.030ns
    Clock Pessimism Removal (CPR):    0.000ns
  Clock Uncertainty:      0.035ns  ((TSJ^2 + TIJ^2)^1/2 + DJ) / 2 + PE
    Total System Jitter     (TSJ):    0.071ns
    Total Input Jitter      (TIJ):    0.000ns
    Discrete Jitter          (DJ):    0.000ns
    Phase Error              (PE):    0.000ns

    Location             Delay type                Incr(ns)  Path(ns)    Netlist Resource(s)
  -------------------------------------------------------------------    -------------------
                         (clock ap_clk rise edge)     0.000     0.000 r  
                                                      0.000     0.000 r  ap_clk (IN)
                         net (fo=6637, unset)         0.030     0.030    bd_0_i/hls_inst/inst/node_0_0_U0/grp_node_0_0_Pipeline_l_S_t_1_t_fu_340/hadd_16ns_16ns_16_3_no_dsp_1_U1/ap_clk
    SLICE_X78Y295        FDRE                                         r  bd_0_i/hls_inst/inst/node_0_0_U0/grp_node_0_0_Pipeline_l_S_t_1_t_fu_340/hadd_16ns_16ns_16_3_no_dsp_1_U1/din0_buf1_reg[2]/C
  -------------------------------------------------------------------    -------------------
    SLICE_X78Y295        FDRE (Prop_HFF2_SLICEM_C_Q)
                                                      0.078     0.108 r  bd_0_i/hls_inst/inst/node_0_0_U0/grp_node_0_0_Pipeline_l_S_t_1_t_fu_340/hadd_16ns_16ns_16_3_no_dsp_1_U1/din0_buf1_reg[2]/Q
                         net (fo=20, routed)          0.284     0.392    <hidden>
    SLICE_X77Y292        LUT4 (Prop_B6LUT_SLICEL_I1_O)
                                                      0.124     0.516 r  <hidden>
                         net (fo=1, routed)           0.009     0.525    <hidden>
    SLICE_X77Y292        CARRY8 (Prop_CARRY8_SLICEL_S[1]_CO[7])
                                                      0.193     0.718 r  <hidden>
                         net (fo=29, routed)          0.167     0.885    <hidden>
    SLICE_X77Y291        LUT6 (Prop_D6LUT_SLICEL_I4_O)
                                                      0.036     0.921 f  <hidden>
                         net (fo=4, routed)           0.141     1.062    <hidden>
    SLICE_X76Y293        LUT4 (Prop_B6LUT_SLICEL_I0_O)
                                                      0.098     1.160 r  <hidden>
                         net (fo=1, routed)           0.009     1.169    <hidden>
    SLICE_X76Y293        CARRY8 (Prop_CARRY8_SLICEL_S[1]_CO[1])
                                                      0.088     1.257 r  <hidden>
                         net (fo=1, routed)           0.121     1.378    <hidden>
    SLICE_X76Y294        LUT5 (Prop_E6LUT_SLICEL_I4_O)
                                                      0.035     1.413 f  <hidden>
                         net (fo=2, routed)           0.189     1.602    <hidden>
    SLICE_X78Y294        LUT6 (Prop_B6LUT_SLICEM_I0_O)
                                                      0.149     1.751 r  <hidden>
                         net (fo=1, routed)           0.016     1.767    <hidden>
    SLICE_X78Y294        CARRY8 (Prop_CARRY8_SLICEM_S[1]_CO[7])
                                                      0.190     1.957 r  <hidden>
                         net (fo=1, routed)           0.026     1.983    <hidden>
    SLICE_X78Y295        CARRY8 (Prop_CARRY8_SLICEM_CI_O[2])
                                                      0.067     2.050 f  <hidden>
                         net (fo=5, routed)           0.265     2.315    <hidden>
    SLICE_X78Y296        LUT4 (Prop_B6LUT_SLICEM_I0_O)
                                                      0.089     2.404 r  <hidden>
                         net (fo=1, routed)           0.016     2.420    <hidden>
    SLICE_X78Y296        CARRY8 (Prop_CARRY8_SLICEM_S[1]_CO[1])
                                                      0.091     2.511 f  <hidden>
                         net (fo=33, routed)          0.234     2.745    <hidden>
    SLICE_X78Y296        LUT2 (Prop_C6LUT_SLICEM_I0_O)
                                                      0.145     2.890 f  <hidden>
                         net (fo=5, routed)           0.091     2.981    <hidden>
    SLICE_X77Y296        LUT6 (Prop_D6LUT_SLICEL_I0_O)
                                                      0.089     3.070 f  <hidden>
                         net (fo=22, routed)          0.068     3.138    <hidden>
    SLICE_X77Y296        LUT5 (Prop_E6LUT_SLICEL_I4_O)
                                                      0.035     3.173 r  <hidden>
                         net (fo=2, routed)           0.136     3.309    <hidden>
    SLICE_X76Y295        LUT6 (Prop_E6LUT_SLICEL_I1_O)
                                                      0.051     3.360 r  <hidden>
                         net (fo=2, routed)           0.084     3.444    <hidden>
    SLICE_X76Y296        LUT6 (Prop_A6LUT_SLICEL_I5_O)
                                                      0.035     3.479 r  <hidden>
                         net (fo=1, routed)           0.009     3.488    <hidden>
    SLICE_X76Y296        CARRY8 (Prop_CARRY8_SLICEL_S[0]_CO[7])
                                                      0.190     3.678 r  <hidden>
                         net (fo=1, routed)           0.026     3.704    <hidden>
    SLICE_X76Y297        CARRY8 (Prop_CARRY8_SLICEL_CI_CO[7])
                                                      0.015     3.719 r  <hidden>
                         net (fo=1, routed)           0.026     3.745    <hidden>
    SLICE_X76Y298        CARRY8 (Prop_CARRY8_SLICEL_CI_O[0])
                                                      0.056     3.801 r  <hidden>
                         net (fo=4, routed)           0.133     3.934    <hidden>
    SLICE_X75Y298        LUT6 (Prop_F6LUT_SLICEL_I1_O)
                                                      0.035     3.969 r  <hidden>
                         net (fo=2, routed)           0.044     4.013    <hidden>
    SLICE_X75Y298        LUT6 (Prop_H6LUT_SLICEL_I0_O)
                                                      0.090     4.103 r  <hidden>
                         net (fo=1, routed)           0.051     4.154    <hidden>
    SLICE_X75Y298        FDRE                                         r  <hidden>
  -------------------------------------------------------------------    -------------------

                         (clock ap_clk rise edge)     3.330     3.330 r  
                                                      0.000     3.330 r  ap_clk (IN)
                         net (fo=6637, unset)         0.020     3.350    <hidden>
    SLICE_X75Y298        FDRE                                         r  <hidden>
                         clock pessimism              0.000     3.350    
                         clock uncertainty           -0.035     3.315    
    SLICE_X75Y298        FDRE (Setup_HFF_SLICEL_C_D)
                                                      0.025     3.340    <hidden>
  -------------------------------------------------------------------
                         required time                          3.340    
                         arrival time                          -4.154    
  -------------------------------------------------------------------
                         slack                                 -0.815    

Slack (VIOLATED) :        -0.812ns  (required time - arrival time)
  Source:                 bd_0_i/hls_inst/inst/node_0_0_U0/grp_node_0_0_Pipeline_l_S_t_1_t_fu_340/hadd_16ns_16ns_16_3_no_dsp_1_U1/din0_buf1_reg[2]/C
                            (rising edge-triggered cell FDRE clocked by ap_clk  {rise@0.000ns fall@1.665ns period=3.330ns})
  Destination:            <hidden>
                            (rising edge-triggered cell FDRE clocked by ap_clk  {rise@0.000ns fall@1.665ns period=3.330ns})
  Path Group:             ap_clk
  Path Type:              Setup (Max at Slow Process Corner)
  Requirement:            3.330ns  (ap_clk rise@3.330ns - ap_clk rise@0.000ns)
  Data Path Delay:        4.121ns  (logic 1.939ns (47.049%)  route 2.182ns (52.951%))
  Logic Levels:           21  (CARRY8=8 LUT2=1 LUT4=3 LUT5=2 LUT6=7)
  Clock Path Skew:        -0.010ns (DCD - SCD + CPR)
    Destination Clock Delay (DCD):    0.020ns = ( 3.350 - 3.330 ) 
    Source Clock Delay      (SCD):    0.030ns
    Clock Pessimism Removal (CPR):    0.000ns
  Clock Uncertainty:      0.035ns  ((TSJ^2 + TIJ^2)^1/2 + DJ) / 2 + PE
    Total System Jitter     (TSJ):    0.071ns
    Total Input Jitter      (TIJ):    0.000ns
    Discrete Jitter          (DJ):    0.000ns
    Phase Error              (PE):    0.000ns

    Location             Delay type                Incr(ns)  Path(ns)    Netlist Resource(s)
  -------------------------------------------------------------------    -------------------
                         (clock ap_clk rise edge)     0.000     0.000 r  
                                                      0.000     0.000 r  ap_clk (IN)
                         net (fo=6637, unset)         0.030     0.030    bd_0_i/hls_inst/inst/node_0_0_U0/grp_node_0_0_Pipeline_l_S_t_1_t_fu_340/hadd_16ns_16ns_16_3_no_dsp_1_U1/ap_clk
    SLICE_X78Y295        FDRE                                         r  bd_0_i/hls_inst/inst/node_0_0_U0/grp_node_0_0_Pipeline_l_S_t_1_t_fu_340/hadd_16ns_16ns_16_3_no_dsp_1_U1/din0_buf1_reg[2]/C
  -------------------------------------------------------------------    -------------------
    SLICE_X78Y295        FDRE (Prop_HFF2_SLICEM_C_Q)
                                                      0.078     0.108 r  bd_0_i/hls_inst/inst/node_0_0_U0/grp_node_0_0_Pipeline_l_S_t_1_t_fu_340/hadd_16ns_16ns_16_3_no_dsp_1_U1/din0_buf1_reg[2]/Q
                         net (fo=20, routed)          0.284     0.392    <hidden>
    SLICE_X77Y292        LUT4 (Prop_B6LUT_SLICEL_I1_O)
                                                      0.124     0.516 r  <hidden>
                         net (fo=1, routed)           0.009     0.525    <hidden>
    SLICE_X77Y292        CARRY8 (Prop_CARRY8_SLICEL_S[1]_CO[7])
                                                      0.193     0.718 r  <hidden>
                         net (fo=29, routed)          0.167     0.885    <hidden>
    SLICE_X77Y291        LUT6 (Prop_D6LUT_SLICEL_I4_O)
                                                      0.036     0.921 f  <hidden>
                         net (fo=4, routed)           0.141     1.062    <hidden>
    SLICE_X76Y293        LUT4 (Prop_B6LUT_SLICEL_I0_O)
                                                      0.098     1.160 r  <hidden>
                         net (fo=1, routed)           0.009     1.169    <hidden>
    SLICE_X76Y293        CARRY8 (Prop_CARRY8_SLICEL_S[1]_CO[1])
                                                      0.088     1.257 r  <hidden>
                         net (fo=1, routed)           0.121     1.378    <hidden>
    SLICE_X76Y294        LUT5 (Prop_E6LUT_SLICEL_I4_O)
                                                      0.035     1.413 f  <hidden>
                         net (fo=2, routed)           0.189     1.602    <hidden>
    SLICE_X78Y294        LUT6 (Prop_B6LUT_SLICEM_I0_O)
                                                      0.149     1.751 r  <hidden>
                         net (fo=1, routed)           0.016     1.767    <hidden>
    SLICE_X78Y294        CARRY8 (Prop_CARRY8_SLICEM_S[1]_CO[7])
                                                      0.190     1.957 r  <hidden>
                         net (fo=1, routed)           0.026     1.983    <hidden>
    SLICE_X78Y295        CARRY8 (Prop_CARRY8_SLICEM_CI_O[2])
                                                      0.067     2.050 f  <hidden>
                         net (fo=5, routed)           0.265     2.315    <hidden>
    SLICE_X78Y296        LUT4 (Prop_B6LUT_SLICEM_I0_O)
                                                      0.089     2.404 r  <hidden>
                         net (fo=1, routed)           0.016     2.420    <hidden>
    SLICE_X78Y296        CARRY8 (Prop_CARRY8_SLICEM_S[1]_CO[1])
                                                      0.091     2.511 f  <hidden>
                         net (fo=33, routed)          0.234     2.745    <hidden>
    SLICE_X78Y296        LUT2 (Prop_C6LUT_SLICEM_I0_O)
                                                      0.145     2.890 f  <hidden>
                         net (fo=5, routed)           0.091     2.981    <hidden>
    SLICE_X77Y296        LUT6 (Prop_D6LUT_SLICEL_I0_O)
                                                      0.089     3.070 f  <hidden>
                         net (fo=22, routed)          0.068     3.138    <hidden>
    SLICE_X77Y296        LUT5 (Prop_E6LUT_SLICEL_I4_O)
                                                      0.035     3.173 r  <hidden>
                         net (fo=2, routed)           0.136     3.309    <hidden>
    SLICE_X76Y295        LUT6 (Prop_E6LUT_SLICEL_I1_O)
                                                      0.051     3.360 r  <hidden>
                         net (fo=2, routed)           0.084     3.444    <hidden>
    SLICE_X76Y296        LUT6 (Prop_A6LUT_SLICEL_I5_O)
                                                      0.035     3.479 r  <hidden>
                         net (fo=1, routed)           0.009     3.488    <hidden>
    SLICE_X76Y296        CARRY8 (Prop_CARRY8_SLICEL_S[0]_CO[7])
                                                      0.190     3.678 r  <hidden>
                         net (fo=1, routed)           0.026     3.704    <hidden>
    SLICE_X76Y297        CARRY8 (Prop_CARRY8_SLICEL_CI_CO[7])
                                                      0.015     3.719 r  <hidden>
                         net (fo=1, routed)           0.026     3.745    <hidden>
    SLICE_X76Y298        CARRY8 (Prop_CARRY8_SLICEL_CI_O[0])
                                                      0.056     3.801 r  <hidden>
                         net (fo=4, routed)           0.127     3.928    <hidden>
    SLICE_X75Y298        LUT6 (Prop_G6LUT_SLICEL_I5_O)
                                                      0.035     3.963 r  <hidden>
                         net (fo=1, routed)           0.089     4.052    <hidden>
    SLICE_X75Y298        LUT6 (Prop_D6LUT_SLICEL_I0_O)
                                                      0.050     4.102 r  <hidden>
                         net (fo=1, routed)           0.049     4.151    <hidden>
    SLICE_X75Y298        FDRE                                         r  <hidden>
  -------------------------------------------------------------------    -------------------

                         (clock ap_clk rise edge)     3.330     3.330 r  
                                                      0.000     3.330 r  ap_clk (IN)
                         net (fo=6637, unset)         0.020     3.350    <hidden>
    SLICE_X75Y298        FDRE                                         r  <hidden>
                         clock pessimism              0.000     3.350    
                         clock uncertainty           -0.035     3.315    
    SLICE_X75Y298        FDRE (Setup_DFF_SLICEL_C_D)
                                                      0.025     3.340    <hidden>
  -------------------------------------------------------------------
                         required time                          3.340    
                         arrival time                          -4.151    
  -------------------------------------------------------------------
                         slack                                 -0.812    

Slack (VIOLATED) :        -0.800ns  (required time - arrival time)
  Source:                 bd_0_i/hls_inst/inst/node_0_0_U0/grp_node_0_0_Pipeline_l_S_t_1_t_fu_340/hadd_16ns_16ns_16_3_no_dsp_1_U1/din0_buf1_reg[2]/C
                            (rising edge-triggered cell FDRE clocked by ap_clk  {rise@0.000ns fall@1.665ns period=3.330ns})
  Destination:            <hidden>
                            (rising edge-triggered cell FDRE clocked by ap_clk  {rise@0.000ns fall@1.665ns period=3.330ns})
  Path Group:             ap_clk
  Path Type:              Setup (Max at Slow Process Corner)
  Requirement:            3.330ns  (ap_clk rise@3.330ns - ap_clk rise@0.000ns)
  Data Path Delay:        4.109ns  (logic 1.924ns (46.819%)  route 2.185ns (53.181%))
  Logic Levels:           21  (CARRY8=8 LUT2=1 LUT4=3 LUT5=2 LUT6=7)
  Clock Path Skew:        -0.010ns (DCD - SCD + CPR)
    Destination Clock Delay (DCD):    0.020ns = ( 3.350 - 3.330 ) 
    Source Clock Delay      (SCD):    0.030ns
    Clock Pessimism Removal (CPR):    0.000ns
  Clock Uncertainty:      0.035ns  ((TSJ^2 + TIJ^2)^1/2 + DJ) / 2 + PE
    Total System Jitter     (TSJ):    0.071ns
    Total Input Jitter      (TIJ):    0.000ns
    Discrete Jitter          (DJ):    0.000ns
    Phase Error              (PE):    0.000ns

    Location             Delay type                Incr(ns)  Path(ns)    Netlist Resource(s)
  -------------------------------------------------------------------    -------------------
                         (clock ap_clk rise edge)     0.000     0.000 r  
                                                      0.000     0.000 r  ap_clk (IN)
                         net (fo=6637, unset)         0.030     0.030    bd_0_i/hls_inst/inst/node_0_0_U0/grp_node_0_0_Pipeline_l_S_t_1_t_fu_340/hadd_16ns_16ns_16_3_no_dsp_1_U1/ap_clk
    SLICE_X78Y295        FDRE                                         r  bd_0_i/hls_inst/inst/node_0_0_U0/grp_node_0_0_Pipeline_l_S_t_1_t_fu_340/hadd_16ns_16ns_16_3_no_dsp_1_U1/din0_buf1_reg[2]/C
  -------------------------------------------------------------------    -------------------
    SLICE_X78Y295        FDRE (Prop_HFF2_SLICEM_C_Q)
                                                      0.078     0.108 r  bd_0_i/hls_inst/inst/node_0_0_U0/grp_node_0_0_Pipeline_l_S_t_1_t_fu_340/hadd_16ns_16ns_16_3_no_dsp_1_U1/din0_buf1_reg[2]/Q
                         net (fo=20, routed)          0.284     0.392    <hidden>
    SLICE_X77Y292        LUT4 (Prop_B6LUT_SLICEL_I1_O)
                                                      0.124     0.516 r  <hidden>
                         net (fo=1, routed)           0.009     0.525    <hidden>
    SLICE_X77Y292        CARRY8 (Prop_CARRY8_SLICEL_S[1]_CO[7])
                                                      0.193     0.718 r  <hidden>
                         net (fo=29, routed)          0.167     0.885    <hidden>
    SLICE_X77Y291        LUT6 (Prop_D6LUT_SLICEL_I4_O)
                                                      0.036     0.921 f  <hidden>
                         net (fo=4, routed)           0.141     1.062    <hidden>
    SLICE_X76Y293        LUT4 (Prop_B6LUT_SLICEL_I0_O)
                                                      0.098     1.160 r  <hidden>
                         net (fo=1, routed)           0.009     1.169    <hidden>
    SLICE_X76Y293        CARRY8 (Prop_CARRY8_SLICEL_S[1]_CO[1])
                                                      0.088     1.257 r  <hidden>
                         net (fo=1, routed)           0.121     1.378    <hidden>
    SLICE_X76Y294        LUT5 (Prop_E6LUT_SLICEL_I4_O)
                                                      0.035     1.413 f  <hidden>
                         net (fo=2, routed)           0.189     1.602    <hidden>
    SLICE_X78Y294        LUT6 (Prop_B6LUT_SLICEM_I0_O)
                                                      0.149     1.751 r  <hidden>
                         net (fo=1, routed)           0.016     1.767    <hidden>
    SLICE_X78Y294        CARRY8 (Prop_CARRY8_SLICEM_S[1]_CO[7])
                                                      0.190     1.957 r  <hidden>
                         net (fo=1, routed)           0.026     1.983    <hidden>
    SLICE_X78Y295        CARRY8 (Prop_CARRY8_SLICEM_CI_O[2])
                                                      0.067     2.050 f  <hidden>
                         net (fo=5, routed)           0.265     2.315    <hidden>
    SLICE_X78Y296        LUT4 (Prop_B6LUT_SLICEM_I0_O)
                                                      0.089     2.404 r  <hidden>
                         net (fo=1, routed)           0.016     2.420    <hidden>
    SLICE_X78Y296        CARRY8 (Prop_CARRY8_SLICEM_S[1]_CO[1])
                                                      0.091     2.511 f  <hidden>
                         net (fo=33, routed)          0.234     2.745    <hidden>
    SLICE_X78Y296        LUT2 (Prop_C6LUT_SLICEM_I0_O)
                                                      0.145     2.890 f  <hidden>
                         net (fo=5, routed)           0.091     2.981    <hidden>
    SLICE_X77Y296        LUT6 (Prop_D6LUT_SLICEL_I0_O)
                                                      0.089     3.070 f  <hidden>
                         net (fo=22, routed)          0.068     3.138    <hidden>
    SLICE_X77Y296        LUT5 (Prop_E6LUT_SLICEL_I4_O)
                                                      0.035     3.173 r  <hidden>
                         net (fo=2, routed)           0.136     3.309    <hidden>
    SLICE_X76Y295        LUT6 (Prop_E6LUT_SLICEL_I1_O)
                                                      0.051     3.360 r  <hidden>
                         net (fo=2, routed)           0.084     3.444    <hidden>
    SLICE_X76Y296        LUT6 (Prop_A6LUT_SLICEL_I5_O)
                                                      0.035     3.479 r  <hidden>
                         net (fo=1, routed)           0.009     3.488    <hidden>
    SLICE_X76Y296        CARRY8 (Prop_CARRY8_SLICEL_S[0]_CO[7])
                                                      0.190     3.678 r  <hidden>
                         net (fo=1, routed)           0.026     3.704    <hidden>
    SLICE_X76Y297        CARRY8 (Prop_CARRY8_SLICEL_CI_CO[7])
                                                      0.015     3.719 r  <hidden>
                         net (fo=1, routed)           0.026     3.745    <hidden>
    SLICE_X76Y298        CARRY8 (Prop_CARRY8_SLICEL_CI_O[0])
                                                      0.056     3.801 r  <hidden>
                         net (fo=4, routed)           0.133     3.934    <hidden>
    SLICE_X75Y298        LUT6 (Prop_F6LUT_SLICEL_I1_O)
                                                      0.035     3.969 r  <hidden>
                         net (fo=2, routed)           0.087     4.056    <hidden>
    SLICE_X76Y298        LUT6 (Prop_G6LUT_SLICEL_I1_O)
                                                      0.035     4.091 r  <hidden>
                         net (fo=1, routed)           0.048     4.139    <hidden>
    SLICE_X76Y298        FDRE                                         r  <hidden>
  -------------------------------------------------------------------    -------------------

                         (clock ap_clk rise edge)     3.330     3.330 r  
                                                      0.000     3.330 r  ap_clk (IN)
                         net (fo=6637, unset)         0.020     3.350    <hidden>
    SLICE_X76Y298        FDRE                                         r  <hidden>
                         clock pessimism              0.000     3.350    
                         clock uncertainty           -0.035     3.315    
    SLICE_X76Y298        FDRE (Setup_GFF_SLICEL_C_D)
                                                      0.025     3.340    <hidden>
  -------------------------------------------------------------------
                         required time                          3.340    
                         arrival time                          -4.139    
  -------------------------------------------------------------------
                         slack                                 -0.800    

Slack (VIOLATED) :        -0.774ns  (required time - arrival time)
  Source:                 bd_0_i/hls_inst/inst/node_0_0_U0/grp_node_0_0_Pipeline_l_S_t_1_t_fu_340/hadd_16ns_16ns_16_3_no_dsp_1_U1/din0_buf1_reg[2]/C
                            (rising edge-triggered cell FDRE clocked by ap_clk  {rise@0.000ns fall@1.665ns period=3.330ns})
  Destination:            <hidden>
                            (rising edge-triggered cell FDRE clocked by ap_clk  {rise@0.000ns fall@1.665ns period=3.330ns})
  Path Group:             ap_clk
  Path Type:              Setup (Max at Slow Process Corner)
  Requirement:            3.330ns  (ap_clk rise@3.330ns - ap_clk rise@0.000ns)
  Data Path Delay:        4.084ns  (logic 1.985ns (48.603%)  route 2.099ns (51.397%))
  Logic Levels:           20  (CARRY8=7 LUT2=1 LUT3=1 LUT4=3 LUT5=2 LUT6=6)
  Clock Path Skew:        -0.010ns (DCD - SCD + CPR)
    Destination Clock Delay (DCD):    0.020ns = ( 3.350 - 3.330 ) 
    Source Clock Delay      (SCD):    0.030ns
    Clock Pessimism Removal (CPR):    0.000ns
  Clock Uncertainty:      0.035ns  ((TSJ^2 + TIJ^2)^1/2 + DJ) / 2 + PE
    Total System Jitter     (TSJ):    0.071ns
    Total Input Jitter      (TIJ):    0.000ns
    Discrete Jitter          (DJ):    0.000ns
    Phase Error              (PE):    0.000ns

    Location             Delay type                Incr(ns)  Path(ns)    Netlist Resource(s)
  -------------------------------------------------------------------    -------------------
                         (clock ap_clk rise edge)     0.000     0.000 r  
                                                      0.000     0.000 r  ap_clk (IN)
                         net (fo=6637, unset)         0.030     0.030    bd_0_i/hls_inst/inst/node_0_0_U0/grp_node_0_0_Pipeline_l_S_t_1_t_fu_340/hadd_16ns_16ns_16_3_no_dsp_1_U1/ap_clk
    SLICE_X78Y295        FDRE                                         r  bd_0_i/hls_inst/inst/node_0_0_U0/grp_node_0_0_Pipeline_l_S_t_1_t_fu_340/hadd_16ns_16ns_16_3_no_dsp_1_U1/din0_buf1_reg[2]/C
  -------------------------------------------------------------------    -------------------
    SLICE_X78Y295        FDRE (Prop_HFF2_SLICEM_C_Q)
                                                      0.078     0.108 r  bd_0_i/hls_inst/inst/node_0_0_U0/grp_node_0_0_Pipeline_l_S_t_1_t_fu_340/hadd_16ns_16ns_16_3_no_dsp_1_U1/din0_buf1_reg[2]/Q
                         net (fo=20, routed)          0.284     0.392    <hidden>
    SLICE_X77Y292        LUT4 (Prop_B6LUT_SLICEL_I1_O)
                                                      0.124     0.516 r  <hidden>
                         net (fo=1, routed)           0.009     0.525    <hidden>
    SLICE_X77Y292        CARRY8 (Prop_CARRY8_SLICEL_S[1]_CO[7])
                                                      0.193     0.718 r  <hidden>
                         net (fo=29, routed)          0.167     0.885    <hidden>
    SLICE_X77Y291        LUT6 (Prop_D6LUT_SLICEL_I4_O)
                                                      0.036     0.921 f  <hidden>
                         net (fo=4, routed)           0.141     1.062    <hidden>
    SLICE_X76Y293        LUT4 (Prop_B6LUT_SLICEL_I0_O)
                                                      0.098     1.160 r  <hidden>
                         net (fo=1, routed)           0.009     1.169    <hidden>
    SLICE_X76Y293        CARRY8 (Prop_CARRY8_SLICEL_S[1]_CO[1])
                                                      0.088     1.257 r  <hidden>
                         net (fo=1, routed)           0.121     1.378    <hidden>
    SLICE_X76Y294        LUT5 (Prop_E6LUT_SLICEL_I4_O)
                                                      0.035     1.413 f  <hidden>
                         net (fo=2, routed)           0.189     1.602    <hidden>
    SLICE_X78Y294        LUT6 (Prop_B6LUT_SLICEM_I0_O)
                                                      0.149     1.751 r  <hidden>
                         net (fo=1, routed)           0.016     1.767    <hidden>
    SLICE_X78Y294        CARRY8 (Prop_CARRY8_SLICEM_S[1]_CO[7])
                                                      0.190     1.957 r  <hidden>
                         net (fo=1, routed)           0.026     1.983    <hidden>
    SLICE_X78Y295        CARRY8 (Prop_CARRY8_SLICEM_CI_O[2])
                                                      0.067     2.050 f  <hidden>
                         net (fo=5, routed)           0.265     2.315    <hidden>
    SLICE_X78Y296        LUT4 (Prop_B6LUT_SLICEM_I0_O)
                                                      0.089     2.404 r  <hidden>
                         net (fo=1, routed)           0.016     2.420    <hidden>
    SLICE_X78Y296        CARRY8 (Prop_CARRY8_SLICEM_S[1]_CO[1])
                                                      0.091     2.511 f  <hidden>
                         net (fo=33, routed)          0.234     2.745    <hidden>
    SLICE_X78Y296        LUT2 (Prop_C6LUT_SLICEM_I0_O)
                                                      0.145     2.890 f  <hidden>
                         net (fo=5, routed)           0.091     2.981    <hidden>
    SLICE_X77Y296        LUT6 (Prop_D6LUT_SLICEL_I0_O)
                                                      0.089     3.070 f  <hidden>
                         net (fo=22, routed)          0.068     3.138    <hidden>
    SLICE_X77Y296        LUT5 (Prop_E6LUT_SLICEL_I4_O)
                                                      0.035     3.173 r  <hidden>
                         net (fo=2, routed)           0.136     3.309    <hidden>
    SLICE_X76Y295        LUT6 (Prop_E6LUT_SLICEL_I1_O)
                                                      0.051     3.360 r  <hidden>
                         net (fo=2, routed)           0.084     3.444    <hidden>
    SLICE_X76Y296        LUT6 (Prop_A6LUT_SLICEL_I5_O)
                                                      0.035     3.479 r  <hidden>
                         net (fo=1, routed)           0.009     3.488    <hidden>
    SLICE_X76Y296        CARRY8 (Prop_CARRY8_SLICEL_S[0]_CO[7])
                                                      0.190     3.678 r  <hidden>
                         net (fo=1, routed)           0.026     3.704    <hidden>
    SLICE_X76Y297        CARRY8 (Prop_CARRY8_SLICEL_CI_O[7])
                                                      0.116     3.820 r  <hidden>
                         net (fo=1, routed)           0.119     3.939    <hidden>
    SLICE_X77Y297        LUT3 (Prop_A6LUT_SLICEL_I0_O)
                                                      0.050     3.989 r  <hidden>
                         net (fo=1, routed)           0.040     4.029    <hidden>
    SLICE_X77Y297        LUT6 (Prop_D6LUT_SLICEL_I0_O)
                                                      0.036     4.065 r  <hidden>
                         net (fo=1, routed)           0.049     4.114    <hidden>
    SLICE_X77Y297        FDRE                                         r  <hidden>
  -------------------------------------------------------------------    -------------------

                         (clock ap_clk rise edge)     3.330     3.330 r  
                                                      0.000     3.330 r  ap_clk (IN)
                         net (fo=6637, unset)         0.020     3.350    <hidden>
    SLICE_X77Y297        FDRE                                         r  <hidden>
                         clock pessimism              0.000     3.350    
                         clock uncertainty           -0.035     3.315    
    SLICE_X77Y297        FDRE (Setup_DFF_SLICEL_C_D)
                                                      0.025     3.340    <hidden>
  -------------------------------------------------------------------
                         required time                          3.340    
                         arrival time                          -4.114    
  -------------------------------------------------------------------
                         slack                                 -0.774    

Slack (VIOLATED) :        -0.754ns  (required time - arrival time)
  Source:                 bd_0_i/hls_inst/inst/node_0_0_U0/grp_node_0_0_Pipeline_l_S_t_1_t_fu_340/hadd_16ns_16ns_16_3_no_dsp_1_U1/din0_buf1_reg[2]/C
                            (rising edge-triggered cell FDRE clocked by ap_clk  {rise@0.000ns fall@1.665ns period=3.330ns})
  Destination:            <hidden>
                            (rising edge-triggered cell FDRE clocked by ap_clk  {rise@0.000ns fall@1.665ns period=3.330ns})
  Path Group:             ap_clk
  Path Type:              Setup (Max at Slow Process Corner)
  Requirement:            3.330ns  (ap_clk rise@3.330ns - ap_clk rise@0.000ns)
  Data Path Delay:        4.064ns  (logic 1.924ns (47.341%)  route 2.140ns (52.659%))
  Logic Levels:           21  (CARRY8=8 LUT2=1 LUT4=3 LUT5=2 LUT6=7)
  Clock Path Skew:        -0.010ns (DCD - SCD + CPR)
    Destination Clock Delay (DCD):    0.020ns = ( 3.350 - 3.330 ) 
    Source Clock Delay      (SCD):    0.030ns
    Clock Pessimism Removal (CPR):    0.000ns
  Clock Uncertainty:      0.035ns  ((TSJ^2 + TIJ^2)^1/2 + DJ) / 2 + PE
    Total System Jitter     (TSJ):    0.071ns
    Total Input Jitter      (TIJ):    0.000ns
    Discrete Jitter          (DJ):    0.000ns
    Phase Error              (PE):    0.000ns

    Location             Delay type                Incr(ns)  Path(ns)    Netlist Resource(s)
  -------------------------------------------------------------------    -------------------
                         (clock ap_clk rise edge)     0.000     0.000 r  
                                                      0.000     0.000 r  ap_clk (IN)
                         net (fo=6637, unset)         0.030     0.030    bd_0_i/hls_inst/inst/node_0_0_U0/grp_node_0_0_Pipeline_l_S_t_1_t_fu_340/hadd_16ns_16ns_16_3_no_dsp_1_U1/ap_clk
    SLICE_X78Y295        FDRE                                         r  bd_0_i/hls_inst/inst/node_0_0_U0/grp_node_0_0_Pipeline_l_S_t_1_t_fu_340/hadd_16ns_16ns_16_3_no_dsp_1_U1/din0_buf1_reg[2]/C
  -------------------------------------------------------------------    -------------------
    SLICE_X78Y295        FDRE (Prop_HFF2_SLICEM_C_Q)
                                                      0.078     0.108 r  bd_0_i/hls_inst/inst/node_0_0_U0/grp_node_0_0_Pipeline_l_S_t_1_t_fu_340/hadd_16ns_16ns_16_3_no_dsp_1_U1/din0_buf1_reg[2]/Q
                         net (fo=20, routed)          0.284     0.392    <hidden>
    SLICE_X77Y292        LUT4 (Prop_B6LUT_SLICEL_I1_O)
                                                      0.124     0.516 r  <hidden>
                         net (fo=1, routed)           0.009     0.525    <hidden>
    SLICE_X77Y292        CARRY8 (Prop_CARRY8_SLICEL_S[1]_CO[7])
                                                      0.193     0.718 r  <hidden>
                         net (fo=29, routed)          0.167     0.885    <hidden>
    SLICE_X77Y291        LUT6 (Prop_D6LUT_SLICEL_I4_O)
                                                      0.036     0.921 f  <hidden>
                         net (fo=4, routed)           0.141     1.062    <hidden>
    SLICE_X76Y293        LUT4 (Prop_B6LUT_SLICEL_I0_O)
                                                      0.098     1.160 r  <hidden>
                         net (fo=1, routed)           0.009     1.169    <hidden>
    SLICE_X76Y293        CARRY8 (Prop_CARRY8_SLICEL_S[1]_CO[1])
                                                      0.088     1.257 r  <hidden>
                         net (fo=1, routed)           0.121     1.378    <hidden>
    SLICE_X76Y294        LUT5 (Prop_E6LUT_SLICEL_I4_O)
                                                      0.035     1.413 f  <hidden>
                         net (fo=2, routed)           0.189     1.602    <hidden>
    SLICE_X78Y294        LUT6 (Prop_B6LUT_SLICEM_I0_O)
                                                      0.149     1.751 r  <hidden>
                         net (fo=1, routed)           0.016     1.767    <hidden>
    SLICE_X78Y294        CARRY8 (Prop_CARRY8_SLICEM_S[1]_CO[7])
                                                      0.190     1.957 r  <hidden>
                         net (fo=1, routed)           0.026     1.983    <hidden>
    SLICE_X78Y295        CARRY8 (Prop_CARRY8_SLICEM_CI_O[2])
                                                      0.067     2.050 f  <hidden>
                         net (fo=5, routed)           0.265     2.315    <hidden>
    SLICE_X78Y296        LUT4 (Prop_B6LUT_SLICEM_I0_O)
                                                      0.089     2.404 r  <hidden>
                         net (fo=1, routed)           0.016     2.420    <hidden>
    SLICE_X78Y296        CARRY8 (Prop_CARRY8_SLICEM_S[1]_CO[1])
                                                      0.091     2.511 f  <hidden>
                         net (fo=33, routed)          0.234     2.745    <hidden>
    SLICE_X78Y296        LUT2 (Prop_C6LUT_SLICEM_I0_O)
                                                      0.145     2.890 f  <hidden>
                         net (fo=5, routed)           0.091     2.981    <hidden>
    SLICE_X77Y296        LUT6 (Prop_D6LUT_SLICEL_I0_O)
                                                      0.089     3.070 f  <hidden>
                         net (fo=22, routed)          0.068     3.138    <hidden>
    SLICE_X77Y296        LUT5 (Prop_E6LUT_SLICEL_I4_O)
                                                      0.035     3.173 r  <hidden>
                         net (fo=2, routed)           0.136     3.309    <hidden>
    SLICE_X76Y295        LUT6 (Prop_E6LUT_SLICEL_I1_O)
                                                      0.051     3.360 r  <hidden>
                         net (fo=2, routed)           0.084     3.444    <hidden>
    SLICE_X76Y296        LUT6 (Prop_A6LUT_SLICEL_I5_O)
                                                      0.035     3.479 r  <hidden>
                         net (fo=1, routed)           0.009     3.488    <hidden>
    SLICE_X76Y296        CARRY8 (Prop_CARRY8_SLICEL_S[0]_CO[7])
                                                      0.190     3.678 r  <hidden>
                         net (fo=1, routed)           0.026     3.704    <hidden>
    SLICE_X76Y297        CARRY8 (Prop_CARRY8_SLICEL_CI_CO[7])
                                                      0.015     3.719 r  <hidden>
                         net (fo=1, routed)           0.026     3.745    <hidden>
    SLICE_X76Y298        CARRY8 (Prop_CARRY8_SLICEL_CI_O[0])
                                                      0.056     3.801 r  <hidden>
                         net (fo=4, routed)           0.135     3.936    <hidden>
    SLICE_X75Y298        LUT6 (Prop_E6LUT_SLICEL_I5_O)
                                                      0.035     3.971 r  <hidden>
                         net (fo=1, routed)           0.038     4.009    <hidden>
    SLICE_X75Y298        LUT6 (Prop_C6LUT_SLICEL_I0_O)
                                                      0.035     4.044 r  <hidden>
                         net (fo=1, routed)           0.050     4.094    <hidden>
    SLICE_X75Y298        FDRE                                         r  <hidden>
  -------------------------------------------------------------------    -------------------

                         (clock ap_clk rise edge)     3.330     3.330 r  
                                                      0.000     3.330 r  ap_clk (IN)
                         net (fo=6637, unset)         0.020     3.350    <hidden>
    SLICE_X75Y298        FDRE                                         r  <hidden>
                         clock pessimism              0.000     3.350    
                         clock uncertainty           -0.035     3.315    
    SLICE_X75Y298        FDRE (Setup_CFF_SLICEL_C_D)
                                                      0.025     3.340    <hidden>
  -------------------------------------------------------------------
                         required time                          3.340    
                         arrival time                          -4.094    
  -------------------------------------------------------------------
                         slack                                 -0.754    




