Copyright 1986-2022 Xilinx, Inc. All Rights Reserved. Copyright 2022-2025 Advanced Micro Devices, Inc. All Rights Reserved.
--------------------------------------------------------------------------------------------------------------------------------------------------
| Tool Version      : Vivado v.2025.1 (lin64) Build 6140274 Wed May 21 22:58:25 MDT 2025
| Date              : Thu Jul 23 16:29:33 2026
| Host              : zhang-21.ece.cornell.edu running 64-bit Red Hat Enterprise Linux release 8.10 (Ootpa)
| Command           : report_timing_summary -file ./report/node_0_0_timing_routed.rpt
| Design            : bd_0_wrapper
| Device            : xczu7ev-ffvc1156
| Speed File        : -2  PRODUCTION 1.30 05-15-2022
| Design State      : Routed
| Temperature Grade : E
--------------------------------------------------------------------------------------------------------------------------------------------------

Timing Summary Report

------------------------------------------------------------------------------------------------
| Timer Settings
| --------------
------------------------------------------------------------------------------------------------

  Enable Multi Corner Analysis               :  Yes
  Enable Pessimism Removal                   :  Yes
  Pessimism Removal Resolution               :  Nearest Common Node
  Enable Input Delay Default Clock           :  No
  Enable Preset / Clear Arcs                 :  No
  Disable Flight Delays                      :  No
  Ignore I/O Paths                           :  No
  Timing Early Launch at Borrowing Latches   :  No
  Borrow Time for Max Delay Exceptions       :  Yes
  Merge Timing Exceptions                    :  Yes
  Inter-SLR Compensation                     :  Conservative

  Corner  Analyze    Analyze    
  Name    Max Paths  Min Paths  
  ------  ---------  ---------  
  Slow    Yes        Yes        
  Fast    Yes        Yes        


------------------------------------------------------------------------------------------------
| Report Methodology
| ------------------
------------------------------------------------------------------------------------------------

Rule       Severity  Description                    Violations  
---------  --------  -----------------------------  ----------  
TIMING-16  Warning   Large setup violation          5           
TIMING-18  Warning   Missing input or output delay  957         

Note: This report is based on the most recent report_methodology run and may not be up-to-date. Run report_methodology on the current design for the latest report.



check_timing report

Table of Contents
-----------------
1. checking no_clock (0)
2. checking constant_clock (0)
3. checking pulse_width_clock (0)
4. checking unconstrained_internal_endpoints (0)
5. checking no_input_delay (398)
6. checking no_output_delay (223)
7. checking multiple_clock (0)
8. checking generated_clocks (0)
9. checking loops (0)
10. checking partial_input_delay (0)
11. checking partial_output_delay (0)
12. checking latch_loops (0)

1. checking no_clock (0)
------------------------
 There are 0 register/latch pins with no clock.


2. checking constant_clock (0)
------------------------------
 There are 0 register/latch pins with constant_clock.


3. checking pulse_width_clock (0)
---------------------------------
 There are 0 register/latch pins which need pulse_width check


4. checking unconstrained_internal_endpoints (0)
------------------------------------------------
 There are 0 pins that are not constrained for maximum delay.

 There are 0 pins that are not constrained for maximum delay due to constant clock.


5. checking no_input_delay (398)
--------------------------------
 There are 398 input ports with no input delay specified. (HIGH)

 There are 0 input ports with no input delay but user has a false path constraint.


6. checking no_output_delay (223)
---------------------------------
 There are 223 ports with no output delay specified. (HIGH)

 There are 0 ports with no output delay but user has a false path constraint

 There are 0 ports with no output delay but with a timing clock defined on it or propagating through it


7. checking multiple_clock (0)
------------------------------
 There are 0 register/latch pins with multiple clocks.


8. checking generated_clocks (0)
--------------------------------
 There are 0 generated clocks that are not connected to a clock source.


9. checking loops (0)
---------------------
 There are 0 combinational loops in the design.


10. checking partial_input_delay (0)
------------------------------------
 There are 0 input ports with partial input delay specified.


11. checking partial_output_delay (0)
-------------------------------------
 There are 0 ports with partial output delay specified.


12. checking latch_loops (0)
----------------------------
 There are 0 combinational latch loops in the design through latch input



------------------------------------------------------------------------------------------------
| Design Timing Summary
| ---------------------
------------------------------------------------------------------------------------------------

    WNS(ns)      TNS(ns)  TNS Failing Endpoints  TNS Total Endpoints      WHS(ns)      THS(ns)  THS Failing Endpoints  THS Total Endpoints     WPWS(ns)     TPWS(ns)  TPWS Failing Endpoints  TPWS Total Endpoints  
    -------      -------  ---------------------  -------------------      -------      -------  ---------------------  -------------------     --------     --------  ----------------------  --------------------  
     -1.132      -76.966                    253                 6483        0.041        0.000                      0                 6483        1.133        0.000                       0                  2721  


Timing constraints are not met.


------------------------------------------------------------------------------------------------
| Clock Summary
| -------------
------------------------------------------------------------------------------------------------

Clock   Waveform(ns)         Period(ns)      Frequency(MHz)
-----   ------------         ----------      --------------
ap_clk  {0.000 1.665}        3.330           300.300         


------------------------------------------------------------------------------------------------
| Intra Clock Table
| -----------------
------------------------------------------------------------------------------------------------

Clock             WNS(ns)      TNS(ns)  TNS Failing Endpoints  TNS Total Endpoints      WHS(ns)      THS(ns)  THS Failing Endpoints  THS Total Endpoints     WPWS(ns)     TPWS(ns)  TPWS Failing Endpoints  TPWS Total Endpoints  
-----             -------      -------  ---------------------  -------------------      -------      -------  ---------------------  -------------------     --------     --------  ----------------------  --------------------  
ap_clk             -1.132      -76.966                    253                 6483        0.041        0.000                      0                 6483        1.133        0.000                       0                  2721  


------------------------------------------------------------------------------------------------
| Inter Clock Table
| -----------------
------------------------------------------------------------------------------------------------

From Clock    To Clock          WNS(ns)      TNS(ns)  TNS Failing Endpoints  TNS Total Endpoints      WHS(ns)      THS(ns)  THS Failing Endpoints  THS Total Endpoints  
----------    --------          -------      -------  ---------------------  -------------------      -------      -------  ---------------------  -------------------  


------------------------------------------------------------------------------------------------
| Other Path Groups Table
| -----------------------
------------------------------------------------------------------------------------------------

Path Group    From Clock    To Clock          WNS(ns)      TNS(ns)  TNS Failing Endpoints  TNS Total Endpoints      WHS(ns)      THS(ns)  THS Failing Endpoints  THS Total Endpoints  
----------    ----------    --------          -------      -------  ---------------------  -------------------      -------      -------  ---------------------  -------------------  


------------------------------------------------------------------------------------------------
| Timing Details
| --------------
------------------------------------------------------------------------------------------------


---------------------------------------------------------------------------------------------------
From Clock:  ap_clk
  To Clock:  ap_clk

Setup :          253  Failing Endpoints,  Worst Slack       -1.132ns,  Total Violation      -76.966ns
Hold  :            0  Failing Endpoints,  Worst Slack        0.041ns,  Total Violation        0.000ns
PW    :            0  Failing Endpoints,  Worst Slack        1.133ns,  Total Violation        0.000ns
---------------------------------------------------------------------------------------------------


Max Delay Paths
--------------------------------------------------------------------------------------
Slack (VIOLATED) :        -1.132ns  (required time - arrival time)
  Source:                 bd_0_i/hls_inst/inst/grp_node_0_0_Pipeline_l_S_t_1_t_fu_256/hadd_16ns_16ns_16_3_no_dsp_1_U1/din0_buf1_reg[7]_replica/C
                            (rising edge-triggered cell FDRE clocked by ap_clk  {rise@0.000ns fall@1.665ns period=3.330ns})
  Destination:            <hidden>
                            (rising edge-triggered cell FDRE clocked by ap_clk  {rise@0.000ns fall@1.665ns period=3.330ns})
  Path Group:             ap_clk
  Path Type:              Setup (Max at Slow Process Corner)
  Requirement:            3.330ns  (ap_clk rise@3.330ns - ap_clk rise@0.000ns)
  Data Path Delay:        4.445ns  (logic 3.085ns (69.402%)  route 1.360ns (30.598%))
  Logic Levels:           13  (CARRY8=2 DSP_A_B_DATA=2 DSP_ALU=2 DSP_M_DATA=1 DSP_MULTIPLIER=1 DSP_OUTPUT=2 DSP_PREADD_DATA=1 LUT2=1 LUT3=1)
  Clock Path Skew:        -0.007ns (DCD - SCD + CPR)
    Destination Clock Delay (DCD):    0.021ns = ( 3.351 - 3.330 ) 
    Source Clock Delay      (SCD):    0.028ns
    Clock Pessimism Removal (CPR):    0.000ns
  Clock Uncertainty:      0.035ns  ((TSJ^2 + TIJ^2)^1/2 + DJ) / 2 + PE
    Total System Jitter     (TSJ):    0.071ns
    Total Input Jitter      (TIJ):    0.000ns
    Discrete Jitter          (DJ):    0.000ns
    Phase Error              (PE):    0.000ns

    Location             Delay type                Incr(ns)  Path(ns)    Netlist Resource(s)
  -------------------------------------------------------------------    -------------------
                         (clock ap_clk rise edge)     0.000     0.000 r  
                                                      0.000     0.000 r  ap_clk (IN)
                         net (fo=2732, unset)         0.028     0.028    bd_0_i/hls_inst/inst/grp_node_0_0_Pipeline_l_S_t_1_t_fu_256/hadd_16ns_16ns_16_3_no_dsp_1_U1/ap_clk
    SLICE_X62Y145        FDRE                                         r  bd_0_i/hls_inst/inst/grp_node_0_0_Pipeline_l_S_t_1_t_fu_256/hadd_16ns_16ns_16_3_no_dsp_1_U1/din0_buf1_reg[7]_replica/C
  -------------------------------------------------------------------    -------------------
    SLICE_X62Y145        FDRE (Prop_AFF2_SLICEL_C_Q)
                                                      0.081     0.109 f  bd_0_i/hls_inst/inst/grp_node_0_0_Pipeline_l_S_t_1_t_fu_256/hadd_16ns_16ns_16_3_no_dsp_1_U1/din0_buf1_reg[7]_replica/Q
                         net (fo=3, routed)           0.236     0.345    <hidden>
    DSP48E2_X6Y58        DSP_A_B_DATA (Prop_DSP_A_B_DATA_DSP48E2_A[7]_A2_DATA[7])
                                                      0.192     0.537 r  <hidden>
                         net (fo=1, routed)           0.000     0.537    <hidden>
    DSP48E2_X6Y58        DSP_PREADD_DATA (Prop_DSP_PREADD_DATA_DSP48E2_A2_DATA[7]_A2A1[7])
                                                      0.076     0.613 r  <hidden>
                         net (fo=1, routed)           0.000     0.613    <hidden>
    DSP48E2_X6Y58        DSP_MULTIPLIER (Prop_DSP_MULTIPLIER_DSP48E2_A2A1[7]_U[28])
                                                      0.505     1.118 f  <hidden>
                         net (fo=1, routed)           0.000     1.118    <hidden>
    DSP48E2_X6Y58        DSP_M_DATA (Prop_DSP_M_DATA_DSP48E2_U[28]_U_DATA[28])
                                                      0.047     1.165 r  <hidden>
                         net (fo=1, routed)           0.000     1.165    <hidden>
    DSP48E2_X6Y58        DSP_ALU (Prop_DSP_ALU_DSP48E2_U_DATA[28]_ALU_OUT[47])
                                                      0.585     1.750 r  <hidden>
                         net (fo=1, routed)           0.000     1.750    <hidden>
    DSP48E2_X6Y58        DSP_OUTPUT (Prop_DSP_OUTPUT_DSP48E2_ALU_OUT[47]_PATTERN_DETECT)
                                                      0.363     2.113 f  <hidden>
                         net (fo=2, routed)           0.276     2.389    <hidden>
    SLICE_X62Y146        LUT3 (Prop_A6LUT_SLICEL_I2_O)
                                                      0.050     2.439 r  <hidden>
                         net (fo=1, routed)           0.009     2.448    <hidden>
    SLICE_X62Y146        CARRY8 (Prop_CARRY8_SLICEL_S[0]_CO[2])
                                                      0.113     2.561 f  <hidden>
                         net (fo=1, routed)           0.397     2.958    <hidden>
    DSP48E2_X5Y58        DSP_A_B_DATA (Prop_DSP_A_B_DATA_DSP48E2_B[1]_B_ALU[1])
                                                      0.165     3.123 r  <hidden>
                         net (fo=1, routed)           0.000     3.123    <hidden>
    DSP48E2_X5Y58        DSP_ALU (Prop_DSP_ALU_DSP48E2_B_ALU[1]_ALU_OUT[12])
                                                      0.541     3.664 f  <hidden>
                         net (fo=1, routed)           0.000     3.664    <hidden>
    DSP48E2_X5Y58        DSP_OUTPUT (Prop_DSP_OUTPUT_DSP48E2_ALU_OUT[12]_P[12])
                                                      0.109     3.773 r  <hidden>
                         net (fo=1, routed)           0.247     4.020    <hidden>
    SLICE_X57Y147        CARRY8 (Prop_CARRY8_SLICEM_CI_O[3])
                                                      0.135     4.155 r  <hidden>
                         net (fo=1, routed)           0.128     4.283    <hidden>
    SLICE_X57Y146        LUT2 (Prop_F6LUT_SLICEM_I0_O)
                                                      0.123     4.406 r  <hidden>
                         net (fo=1, routed)           0.067     4.473    <hidden>
    SLICE_X57Y146        FDRE                                         r  <hidden>
  -------------------------------------------------------------------    -------------------

                         (clock ap_clk rise edge)     3.330     3.330 r  
                                                      0.000     3.330 r  ap_clk (IN)
                         net (fo=2732, unset)         0.021     3.351    <hidden>
    SLICE_X57Y146        FDRE                                         r  <hidden>
                         clock pessimism              0.000     3.351    
                         clock uncertainty           -0.035     3.316    
    SLICE_X57Y146        FDRE (Setup_FFF_SLICEM_C_D)
                                                      0.025     3.341    <hidden>
  -------------------------------------------------------------------
                         required time                          3.341    
                         arrival time                          -4.473    
  -------------------------------------------------------------------
                         slack                                 -1.132    





Min Delay Paths
--------------------------------------------------------------------------------------
Slack (MET) :             0.041ns  (arrival time - required time)
  Source:                 bd_0_i/hls_inst/inst/grp_node_0_0_Pipeline_l_S_t_1_t_fu_256/t_fu_322_reg[2]/C
                            (rising edge-triggered cell FDRE clocked by ap_clk  {rise@0.000ns fall@1.665ns period=3.330ns})
  Destination:            bd_0_i/hls_inst/inst/grp_node_0_0_Pipeline_l_S_t_1_t_fu_256/t_fu_322_reg[3]/D
                            (rising edge-triggered cell FDRE clocked by ap_clk  {rise@0.000ns fall@1.665ns period=3.330ns})
  Path Group:             ap_clk
  Path Type:              Hold (Min at Fast Process Corner)
  Requirement:            0.000ns  (ap_clk rise@0.000ns - ap_clk rise@0.000ns)
  Data Path Delay:        0.094ns  (logic 0.059ns (62.805%)  route 0.035ns (37.195%))
  Logic Levels:           1  (LUT5=1)
  Clock Path Skew:        0.006ns (DCD - SCD - CPR)
    Destination Clock Delay (DCD):    0.018ns
    Source Clock Delay      (SCD):    0.012ns
    Clock Pessimism Removal (CPR):    -0.000ns

    Location             Delay type                Incr(ns)  Path(ns)    Netlist Resource(s)
  -------------------------------------------------------------------    -------------------
                         (clock ap_clk rise edge)     0.000     0.000 r  
                                                      0.000     0.000 r  ap_clk (IN)
                         net (fo=2732, unset)         0.012     0.012    bd_0_i/hls_inst/inst/grp_node_0_0_Pipeline_l_S_t_1_t_fu_256/ap_clk
    SLICE_X66Y156        FDRE                                         r  bd_0_i/hls_inst/inst/grp_node_0_0_Pipeline_l_S_t_1_t_fu_256/t_fu_322_reg[2]/C
  -------------------------------------------------------------------    -------------------
    SLICE_X66Y156        FDRE (Prop_BFF_SLICEL_C_Q)
                                                      0.039     0.051 r  bd_0_i/hls_inst/inst/grp_node_0_0_Pipeline_l_S_t_1_t_fu_256/t_fu_322_reg[2]/Q
                         net (fo=5, routed)           0.028     0.079    bd_0_i/hls_inst/inst/grp_node_0_0_Pipeline_l_S_t_1_t_fu_256/flow_control_loop_pipe_sequential_init_U/t_fu_322_reg[2]
    SLICE_X66Y156        LUT5 (Prop_A5LUT_SLICEL_I4_O)
                                                      0.020     0.099 r  bd_0_i/hls_inst/inst/grp_node_0_0_Pipeline_l_S_t_1_t_fu_256/flow_control_loop_pipe_sequential_init_U/t_fu_322[3]_i_1/O
                         net (fo=1, routed)           0.007     0.106    bd_0_i/hls_inst/inst/grp_node_0_0_Pipeline_l_S_t_1_t_fu_256/t_2_fu_8710_p2[3]
    SLICE_X66Y156        FDRE                                         r  bd_0_i/hls_inst/inst/grp_node_0_0_Pipeline_l_S_t_1_t_fu_256/t_fu_322_reg[3]/D
  -------------------------------------------------------------------    -------------------

                         (clock ap_clk rise edge)     0.000     0.000 r  
                                                      0.000     0.000 r  ap_clk (IN)
                         net (fo=2732, unset)         0.018     0.018    bd_0_i/hls_inst/inst/grp_node_0_0_Pipeline_l_S_t_1_t_fu_256/ap_clk
    SLICE_X66Y156        FDRE                                         r  bd_0_i/hls_inst/inst/grp_node_0_0_Pipeline_l_S_t_1_t_fu_256/t_fu_322_reg[3]/C
                         clock pessimism              0.000     0.018    
    SLICE_X66Y156        FDRE (Hold_AFF2_SLICEL_C_D)
                                                      0.047     0.065    bd_0_i/hls_inst/inst/grp_node_0_0_Pipeline_l_S_t_1_t_fu_256/t_fu_322_reg[3]
  -------------------------------------------------------------------
                         required time                         -0.065    
                         arrival time                           0.106    
  -------------------------------------------------------------------
                         slack                                  0.041    





Pulse Width Checks
--------------------------------------------------------------------------------------
Clock Name:         ap_clk
Waveform(ns):       { 0.000 1.665 }
Period(ns):         3.330
Sources:            { ap_clk }

Check Type        Corner  Lib Pin     Reference Pin  Required(ns)  Actual(ns)  Slack(ns)  Location       Pin
Min Period        n/a     SRL16E/CLK  n/a            1.064         3.330       2.266      SLICE_X63Y186  bd_0_i/hls_inst/inst/grp_node_0_0_Pipeline_l_S_t_1_t_fu_256/empty_38_fu_478_reg[0]_srl2___grp_node_0_0_Pipeline_l_S_t_1_t_fu_256_empty_39_fu_482_reg_r/CLK
Low Pulse Width   Slow    SRL16E/CLK  n/a            0.532         1.665       1.133      SLICE_X63Y186  bd_0_i/hls_inst/inst/grp_node_0_0_Pipeline_l_S_t_1_t_fu_256/empty_38_fu_478_reg[0]_srl2___grp_node_0_0_Pipeline_l_S_t_1_t_fu_256_empty_39_fu_482_reg_r/CLK
High Pulse Width  Slow    SRL16E/CLK  n/a            0.532         1.665       1.133      SLICE_X63Y186  bd_0_i/hls_inst/inst/grp_node_0_0_Pipeline_l_S_t_1_t_fu_256/empty_38_fu_478_reg[0]_srl2___grp_node_0_0_Pipeline_l_S_t_1_t_fu_256_empty_39_fu_482_reg_r/CLK



