Copyright 1986-2022 Xilinx, Inc. All Rights Reserved. Copyright 2022-2025 Advanced Micro Devices, Inc. All Rights Reserved.
--------------------------------------------------------------------------------------------------------------------------------------------------
| Tool Version      : Vivado v.2025.1 (lin64) Build 6140274 Wed May 21 22:58:25 MDT 2025
| Date              : Thu Jul 23 16:24:51 2026
| Host              : zhang-21.ece.cornell.edu running 64-bit Red Hat Enterprise Linux release 8.10 (Ootpa)
| Command           : report_timing_summary -file ./report/node_0_0_timing_synth.rpt
| Design            : bd_0_wrapper
| Device            : xczu7ev-ffvc1156
| Speed File        : -2  PRODUCTION 1.30 05-15-2022
| Design State      : Synthesized
| Temperature Grade : E
--------------------------------------------------------------------------------------------------------------------------------------------------

Timing Summary Report

------------------------------------------------------------------------------------------------
| Timer Settings
| --------------
------------------------------------------------------------------------------------------------

  Enable Multi Corner Analysis               :  Yes
  Enable Pessimism Removal                   :  Yes
  Pessimism Removal Resolution               :  Nearest Common Node
  Enable Input Delay Default Clock           :  No
  Enable Preset / Clear Arcs                 :  No
  Disable Flight Delays                      :  No
  Ignore I/O Paths                           :  No
  Timing Early Launch at Borrowing Latches   :  No
  Borrow Time for Max Delay Exceptions       :  Yes
  Merge Timing Exceptions                    :  Yes
  Inter-SLR Compensation                     :  Conservative

  Corner  Analyze    Analyze    
  Name    Max Paths  Min Paths  
  ------  ---------  ---------  
  Slow    Yes        Yes        
  Fast    Yes        Yes        


------------------------------------------------------------------------------------------------
| Report Methodology
| ------------------
------------------------------------------------------------------------------------------------

No report available as report_methodology has not been run prior. Run report_methodology on the current design for the summary of methodology violations.



check_timing report

Table of Contents
-----------------
1. checking no_clock (0)
2. checking constant_clock (0)
3. checking pulse_width_clock (0)
4. checking unconstrained_internal_endpoints (0)
5. checking no_input_delay (398)
6. checking no_output_delay (223)
7. checking multiple_clock (0)
8. checking generated_clocks (0)
9. checking loops (0)
10. checking partial_input_delay (0)
11. checking partial_output_delay (0)
12. checking latch_loops (0)

1. checking no_clock (0)
------------------------
 There are 0 register/latch pins with no clock.


2. checking constant_clock (0)
------------------------------
 There are 0 register/latch pins with constant_clock.


3. checking pulse_width_clock (0)
---------------------------------
 There are 0 register/latch pins which need pulse_width check


4. checking unconstrained_internal_endpoints (0)
------------------------------------------------
 There are 0 pins that are not constrained for maximum delay.

 There are 0 pins that are not constrained for maximum delay due to constant clock.


5. checking no_input_delay (398)
--------------------------------
 There are 398 input ports with no input delay specified. (HIGH)

 There are 0 input ports with no input delay but user has a false path constraint.


6. checking no_output_delay (223)
---------------------------------
 There are 223 ports with no output delay specified. (HIGH)

 There are 0 ports with no output delay but user has a false path constraint

 There are 0 ports with no output delay but with a timing clock defined on it or propagating through it


7. checking multiple_clock (0)
------------------------------
 There are 0 register/latch pins with multiple clocks.


8. checking generated_clocks (0)
--------------------------------
 There are 0 generated clocks that are not connected to a clock source.


9. checking loops (0)
---------------------
 There are 0 combinational loops in the design.


10. checking partial_input_delay (0)
------------------------------------
 There are 0 input ports with partial input delay specified.


11. checking partial_output_delay (0)
-------------------------------------
 There are 0 ports with partial output delay specified.


12. checking latch_loops (0)
----------------------------
 There are 0 combinational latch loops in the design through latch input



------------------------------------------------------------------------------------------------
| Design Timing Summary
| ---------------------
------------------------------------------------------------------------------------------------

    WNS(ns)      TNS(ns)  TNS Failing Endpoints  TNS Total Endpoints      WHS(ns)      THS(ns)  THS Failing Endpoints  THS Total Endpoints     WPWS(ns)     TPWS(ns)  TPWS Failing Endpoints  TPWS Total Endpoints  
    -------      -------  ---------------------  -------------------      -------      -------  ---------------------  -------------------     --------     --------  ----------------------  --------------------  
     -1.430      -56.929                     64                 6412        0.067        0.000                      0                 6412        1.133        0.000                       0                  2687  


Timing constraints are not met.


------------------------------------------------------------------------------------------------
| Clock Summary
| -------------
------------------------------------------------------------------------------------------------

Clock   Waveform(ns)         Period(ns)      Frequency(MHz)
-----   ------------         ----------      --------------
ap_clk  {0.000 1.665}        3.330           300.300         


------------------------------------------------------------------------------------------------
| Intra Clock Table
| -----------------
------------------------------------------------------------------------------------------------

Clock             WNS(ns)      TNS(ns)  TNS Failing Endpoints  TNS Total Endpoints      WHS(ns)      THS(ns)  THS Failing Endpoints  THS Total Endpoints     WPWS(ns)     TPWS(ns)  TPWS Failing Endpoints  TPWS Total Endpoints  
-----             -------      -------  ---------------------  -------------------      -------      -------  ---------------------  -------------------     --------     --------  ----------------------  --------------------  
ap_clk             -1.430      -56.929                     64                 6412        0.067        0.000                      0                 6412        1.133        0.000                       0                  2687  


------------------------------------------------------------------------------------------------
| Inter Clock Table
| -----------------
------------------------------------------------------------------------------------------------

From Clock    To Clock          WNS(ns)      TNS(ns)  TNS Failing Endpoints  TNS Total Endpoints      WHS(ns)      THS(ns)  THS Failing Endpoints  THS Total Endpoints  
----------    --------          -------      -------  ---------------------  -------------------      -------      -------  ---------------------  -------------------  


------------------------------------------------------------------------------------------------
| Other Path Groups Table
| -----------------------
------------------------------------------------------------------------------------------------

Path Group    From Clock    To Clock          WNS(ns)      TNS(ns)  TNS Failing Endpoints  TNS Total Endpoints      WHS(ns)      THS(ns)  THS Failing Endpoints  THS Total Endpoints  
----------    ----------    --------          -------      -------  ---------------------  -------------------      -------      -------  ---------------------  -------------------  


------------------------------------------------------------------------------------------------
| Timing Details
| --------------
------------------------------------------------------------------------------------------------


---------------------------------------------------------------------------------------------------
From Clock:  ap_clk
  To Clock:  ap_clk

Setup :           64  Failing Endpoints,  Worst Slack       -1.430ns,  Total Violation      -56.929ns
Hold  :            0  Failing Endpoints,  Worst Slack        0.067ns,  Total Violation        0.000ns
PW    :            0  Failing Endpoints,  Worst Slack        1.133ns,  Total Violation        0.000ns
---------------------------------------------------------------------------------------------------


Max Delay Paths
--------------------------------------------------------------------------------------
Slack (VIOLATED) :        -1.430ns  (required time - arrival time)
  Source:                 bd_0_i/hls_inst/inst/grp_node_0_0_Pipeline_l_S_t_1_t_fu_256/hadd_16ns_16ns_16_3_no_dsp_1_U1/din1_buf1_reg[0]/C
                            (rising edge-triggered cell FDRE clocked by ap_clk  {rise@0.000ns fall@1.665ns period=3.330ns})
  Destination:            <hidden>
                            (rising edge-triggered cell FDRE clocked by ap_clk  {rise@0.000ns fall@1.665ns period=3.330ns})
  Path Group:             ap_clk
  Path Type:              Setup (Max at Slow Process Corner)
  Requirement:            3.330ns  (ap_clk rise@3.330ns - ap_clk rise@0.000ns)
  Data Path Delay:        4.741ns  (logic 1.695ns (35.752%)  route 3.046ns (64.248%))
  Logic Levels:           22  (CARRY8=8 LUT4=3 LUT5=5 LUT6=6)
  Clock Path Skew:        -0.009ns (DCD - SCD + CPR)
    Destination Clock Delay (DCD):    0.021ns = ( 3.351 - 3.330 ) 
    Source Clock Delay      (SCD):    0.030ns
    Clock Pessimism Removal (CPR):    0.000ns
  Clock Uncertainty:      0.035ns  ((TSJ^2 + TIJ^2)^1/2 + DJ) / 2 + PE
    Total System Jitter     (TSJ):    0.071ns
    Total Input Jitter      (TIJ):    0.000ns
    Discrete Jitter          (DJ):    0.000ns
    Phase Error              (PE):    0.000ns

    Location             Delay type                Incr(ns)  Path(ns)    Netlist Resource(s)
  -------------------------------------------------------------------    -------------------
                         (clock ap_clk rise edge)     0.000     0.000 r  
                                                      0.000     0.000 r  ap_clk (IN)
                         net (fo=2698, unset)         0.030     0.030    bd_0_i/hls_inst/inst/grp_node_0_0_Pipeline_l_S_t_1_t_fu_256/hadd_16ns_16ns_16_3_no_dsp_1_U1/ap_clk
                         FDRE                                         r  bd_0_i/hls_inst/inst/grp_node_0_0_Pipeline_l_S_t_1_t_fu_256/hadd_16ns_16ns_16_3_no_dsp_1_U1/din1_buf1_reg[0]/C
  -------------------------------------------------------------------    -------------------
                         FDRE (Prop_FDRE_C_Q)         0.077     0.107 r  bd_0_i/hls_inst/inst/grp_node_0_0_Pipeline_l_S_t_1_t_fu_256/hadd_16ns_16ns_16_3_no_dsp_1_U1/din1_buf1_reg[0]/Q
                         net (fo=21, unplaced)        0.142     0.249    <hidden>
                         LUT4 (Prop_LUT4_I0_O)        0.139     0.388 r  <hidden>
                         net (fo=1, unplaced)         0.260     0.648    <hidden>
                         CARRY8 (Prop_CARRY8_DI[0]_CO[7])
                                                      0.140     0.788 r  <hidden>
                         net (fo=29, unplaced)        0.173     0.961    <hidden>
                         LUT6 (Prop_LUT6_I4_O)        0.038     0.999 f  <hidden>
                         net (fo=4, unplaced)         0.153     1.152    <hidden>
                         LUT4 (Prop_LUT4_I0_O)        0.100     1.252 r  <hidden>
                         net (fo=1, unplaced)         0.023     1.275    <hidden>
                         CARRY8 (Prop_CARRY8_S[1]_CO[1])
                                                      0.091     1.366 r  <hidden>
                         net (fo=1, unplaced)         0.184     1.550    <hidden>
                         LUT5 (Prop_LUT5_I1_O)        0.038     1.588 r  <hidden>
                         net (fo=1, unplaced)         0.186     1.774    <hidden>
                         LUT6 (Prop_LUT6_I5_O)        0.038     1.812 r  <hidden>
                         net (fo=2, unplaced)         0.186     1.998    <hidden>
                         LUT6 (Prop_LUT6_I0_O)        0.037     2.035 r  <hidden>
                         net (fo=1, unplaced)         0.023     2.058    <hidden>
                         CARRY8 (Prop_CARRY8_S[1]_CO[7])
                                                      0.197     2.255 r  <hidden>
                         net (fo=1, unplaced)         0.005     2.260    <hidden>
                         CARRY8 (Prop_CARRY8_CI_O[4])
                                                      0.086     2.346 f  <hidden>
                         net (fo=4, unplaced)         0.196     2.542    <hidden>
                         LUT4 (Prop_LUT4_I0_O)        0.100     2.642 r  <hidden>
                         net (fo=1, unplaced)         0.020     2.662    <hidden>
                         CARRY8 (Prop_CARRY8_S[0]_CO[0])
                                                      0.071     2.733 r  <hidden>
                         net (fo=24, unplaced)        0.239     2.972    <hidden>
                         LUT5 (Prop_LUT5_I3_O)        0.038     3.010 r  <hidden>
                         net (fo=2, unplaced)         0.186     3.196    <hidden>
                         LUT5 (Prop_LUT5_I4_O)        0.038     3.234 f  <hidden>
                         net (fo=21, unplaced)        0.236     3.470    <hidden>
                         LUT5 (Prop_LUT5_I4_O)        0.038     3.508 r  <hidden>
                         net (fo=1, unplaced)         0.186     3.694    <hidden>
                         LUT6 (Prop_LUT6_I5_O)        0.038     3.732 r  <hidden>
                         net (fo=2, unplaced)         0.186     3.918    <hidden>
                         LUT5 (Prop_LUT5_I2_O)        0.038     3.956 r  <hidden>
                         net (fo=1, unplaced)         0.020     3.976    <hidden>
                         CARRY8 (Prop_CARRY8_S[0]_CO[7])
                                                      0.199     4.175 r  <hidden>
                         net (fo=1, unplaced)         0.005     4.180    <hidden>
                         CARRY8 (Prop_CARRY8_CI_CO[7])
                                                      0.022     4.202 r  <hidden>
                         net (fo=1, unplaced)         0.005     4.207    <hidden>
                         CARRY8 (Prop_CARRY8_CI_O[0])
                                                      0.056     4.263 r  <hidden>
                         net (fo=4, unplaced)         0.198     4.461    <hidden>
                         LUT6 (Prop_LUT6_I1_O)        0.038     4.499 r  <hidden>
                         net (fo=2, unplaced)         0.186     4.685    <hidden>
                         LUT6 (Prop_LUT6_I0_O)        0.038     4.723 r  <hidden>
                         net (fo=1, unplaced)         0.048     4.771    <hidden>
                         FDRE                                         r  <hidden>
  -------------------------------------------------------------------    -------------------

                         (clock ap_clk rise edge)     3.330     3.330 r  
                                                      0.000     3.330 r  ap_clk (IN)
                         net (fo=2698, unset)         0.021     3.351    <hidden>
                         FDRE                                         r  <hidden>
                         clock pessimism              0.000     3.351    
                         clock uncertainty           -0.035     3.316    
                         FDRE (Setup_FDRE_C_D)        0.025     3.341    <hidden>
  -------------------------------------------------------------------
                         required time                          3.341    
                         arrival time                          -4.771    
  -------------------------------------------------------------------
                         slack                                 -1.430    





Min Delay Paths
--------------------------------------------------------------------------------------
Slack (MET) :             0.067ns  (arrival time - required time)
  Source:                 bd_0_i/hls_inst/inst/v122_fu_110_reg[17]/C
                            (rising edge-triggered cell FDRE clocked by ap_clk  {rise@0.000ns fall@1.665ns period=3.330ns})
  Destination:            bd_0_i/hls_inst/inst/v122_fu_110_reg[17]/D
                            (rising edge-triggered cell FDRE clocked by ap_clk  {rise@0.000ns fall@1.665ns period=3.330ns})
  Path Group:             ap_clk
  Path Type:              Hold (Min at Fast Process Corner)
  Requirement:            0.000ns  (ap_clk rise@0.000ns - ap_clk rise@0.000ns)
  Data Path Delay:        0.119ns  (logic 0.056ns (47.059%)  route 0.063ns (52.941%))
  Logic Levels:           1  (CARRY8=1)
  Clock Path Skew:        0.006ns (DCD - SCD - CPR)
    Destination Clock Delay (DCD):    0.019ns
    Source Clock Delay      (SCD):    0.013ns
    Clock Pessimism Removal (CPR):    -0.000ns

    Location             Delay type                Incr(ns)  Path(ns)    Netlist Resource(s)
  -------------------------------------------------------------------    -------------------
                         (clock ap_clk rise edge)     0.000     0.000 r  
                                                      0.000     0.000 r  ap_clk (IN)
                         net (fo=2698, unset)         0.013     0.013    bd_0_i/hls_inst/inst/ap_clk
                         FDRE                                         r  bd_0_i/hls_inst/inst/v122_fu_110_reg[17]/C
  -------------------------------------------------------------------    -------------------
                         FDRE (Prop_FDRE_C_Q)         0.038     0.051 r  bd_0_i/hls_inst/inst/v122_fu_110_reg[17]/Q
                         net (fo=3, unplaced)         0.056     0.107    bd_0_i/hls_inst/inst/v122_fu_110_reg[17]
                         CARRY8 (Prop_CARRY8_S[1]_O[1])
                                                      0.018     0.125 r  bd_0_i/hls_inst/inst/v122_fu_110_reg[16]_i_1/O[1]
                         net (fo=1, unplaced)         0.007     0.132    bd_0_i/hls_inst/inst/v122_fu_110_reg[16]_i_1_n_14
                         FDRE                                         r  bd_0_i/hls_inst/inst/v122_fu_110_reg[17]/D
  -------------------------------------------------------------------    -------------------

                         (clock ap_clk rise edge)     0.000     0.000 r  
                                                      0.000     0.000 r  ap_clk (IN)
                         net (fo=2698, unset)         0.019     0.019    bd_0_i/hls_inst/inst/ap_clk
                         FDRE                                         r  bd_0_i/hls_inst/inst/v122_fu_110_reg[17]/C
                         clock pessimism              0.000     0.019    
                         FDRE (Hold_FDRE_C_D)         0.046     0.065    bd_0_i/hls_inst/inst/v122_fu_110_reg[17]
  -------------------------------------------------------------------
                         required time                         -0.065    
                         arrival time                           0.132    
  -------------------------------------------------------------------
                         slack                                  0.067    





Pulse Width Checks
--------------------------------------------------------------------------------------
Clock Name:         ap_clk
Waveform(ns):       { 0.000 1.665 }
Period(ns):         3.330
Sources:            { ap_clk }

Check Type        Corner  Lib Pin     Reference Pin  Required(ns)  Actual(ns)  Slack(ns)  Location  Pin
Min Period        n/a     SRL16E/CLK  n/a            1.064         3.330       2.266                bd_0_i/hls_inst/inst/grp_node_0_0_Pipeline_l_S_t_1_t_fu_256/empty_38_fu_478_reg[0]_srl2___grp_node_0_0_Pipeline_l_S_t_1_t_fu_256_empty_39_fu_482_reg_r/CLK
Low Pulse Width   Slow    SRL16E/CLK  n/a            0.532         1.665       1.133                bd_0_i/hls_inst/inst/grp_node_0_0_Pipeline_l_S_t_1_t_fu_256/empty_38_fu_478_reg[0]_srl2___grp_node_0_0_Pipeline_l_S_t_1_t_fu_256_empty_39_fu_482_reg_r/CLK
High Pulse Width  Slow    SRL16E/CLK  n/a            0.532         1.665       1.133                bd_0_i/hls_inst/inst/grp_node_0_0_Pipeline_l_S_t_1_t_fu_256/empty_38_fu_478_reg[0]_srl2___grp_node_0_0_Pipeline_l_S_t_1_t_fu_256_empty_39_fu_482_reg_r/CLK



