================================================================
== Vivado Place & Route Results
================================================================
+ General Information:
    * Date:            Wed Jul 22 13:00:51 EDT 2026
    * Version:         2025.1 (Build 6135595 on May 21 2025)
    * Project:         pnr_nb_node
    * Solution:        hls (Vivado IP Flow Target)
    * Product family:  zynquplus
    * Target device:   xczu7ev-ffvc1156-2-e


================================================================
== Run Constraints & Options
================================================================
+ Design Constraints & Options:
    * Place & Route target clock:  3.33 ns
    * C-Synthesis target clock:    3.33 ns
    * C-Synthesis uncertainty:     27%

+ RTL Synthesis Options:
    * config_export -vivado_synth_strategy:     default
    * config_export -vivado_synth_design_args:  -directive sdx_optimization_effort_high

+ Place & Route Options:
    * config_export -vivado_impl_strategy:  default
    * config_export -vivado_phys_opt:       auto

+ Reporting Options:
    * config_export -vivado_report_level:      2
    * config_export -vivado_max_timing_paths:  10


================================================================
== Place & Route Resource Summary
================================================================
LUT:              1545
FF:               1592
DSP:              6
BRAM:             2
URAM:             0
SRL:              0


================================================================
== Place & Route Timing Summary
================================================================
* Timing was met
+----------------+-------------+
| Timing         | Period (ns) |
+----------------+-------------+
| Target         | 3.330       |
| Post-Synthesis | 2.620       |
| Post-Route     | 2.851       |
+----------------+-------------+


================================================================
== Place & Route Resources
================================================================
+--------------------------------------------------+------+------+-----+------+------+-----+--------+------+---------+----------+--------+
| Name                                             | LUT  | FF   | DSP | BRAM | URAM | SRL | Pragma | Impl | Latency | Variable | Source |
+--------------------------------------------------+------+------+-----+------+------+-----+--------+------+---------+----------+--------+
| inst                                             | 1545 | 1592 | 6   | 2    |      |     |        |      |         |          |        |
|   (inst)                                         | 530  | 1052 |     |      |      |     |        |      |         |          |        |
|   cmpq_U                                         |      |      |     |      |      |     |        |      |         |          |        |
|   drf_U                                          |      |      |     |      |      |     |        |      |         |          |        |
|   drf_full_U                                     |      |      |     |      |      |     |        |      |         |          |        |
|   grp_node_0_0_Outline_VITIS_LOOP_115_10_fu_1500 |      |      |     |      |      |     |        |      |         |          |        |
|   grp_node_0_0_Outline_VITIS_LOOP_119_11_fu_1506 |      |      |     |      |      |     |        |      |         |          |        |
|   grp_node_0_0_Outline_VITIS_LOOP_123_12_fu_1512 |      |      |     |      |      |     |        |      |         |          |        |
|   grp_node_0_0_Outline_VITIS_LOOP_127_13_fu_1518 |      |      |     |      |      |     |        |      |         |          |        |
|   grp_node_0_0_Outline_VITIS_LOOP_131_14_fu_1524 |      |      |     |      |      |     |        |      |         |          |        |
|   grp_node_0_0_Outline_VITIS_LOOP_135_15_fu_1530 |      |      |     |      |      |     |        |      |         |          |        |
|   grp_node_0_0_Outline_VITIS_LOOP_139_16_fu_1536 |      |      |     |      |      |     |        |      |         |          |        |
|   grp_node_0_0_Outline_VITIS_LOOP_143_17_fu_1542 |      |      |     |      |      |     |        |      |         |          |        |
|   grp_node_0_0_Outline_VITIS_LOOP_147_18_fu_1548 |      |      |     |      |      |     |        |      |         |          |        |
|   grp_node_0_0_Outline_VITIS_LOOP_151_19_fu_1554 |      |      |     |      |      |     |        |      |         |          |        |
|   grp_node_0_0_Outline_VITIS_LOOP_155_20_fu_1560 |      |      |     |      |      |     |        |      |         |          |        |
|   grp_node_0_0_Outline_VITIS_LOOP_273_22_fu_1583 |      |      |     |      |      |     |        |      |         |          |        |
|   grp_node_0_0_Outline_VITIS_LOOP_277_23_fu_1591 |      |      |     |      |      |     |        |      |         |          |        |
|   grp_node_0_0_Outline_VITIS_LOOP_281_24_fu_1599 |      |      |     |      |      |     |        |      |         |          |        |
|   grp_node_0_0_Outline_VITIS_LOOP_352_26_fu_1607 |      |      |     |      |      |     |        |      |         |          |        |
|   grp_node_0_0_Outline_VITIS_LOOP_37_1_fu_1454   |      |      |     |      |      |     |        |      |         |          |        |
|   grp_node_0_0_Outline_VITIS_LOOP_41_2_fu_1460   |      |      |     |      |      |     |        |      |         |          |        |
|   grp_node_0_0_Outline_VITIS_LOOP_45_3_fu_1466   |      |      |     |      |      |     |        |      |         |          |        |
|   grp_node_0_0_Outline_VITIS_LOOP_534_27_fu_1649 |      |      |     |      |      |     |        |      |         |          |        |
|   grp_node_0_0_Outline_VITIS_LOOP_538_28_fu_1657 |      |      |     |      |      |     |        |      |         |          |        |
|   grp_node_0_0_Outline_VITIS_LOOP_79_4_fu_1472   |      |      |     |      |      |     |        |      |         |          |        |
|   grp_node_0_0_Outline_VITIS_LOOP_85_6_fu_1478   |      |      |     |      |      |     |        |      |         |          |        |
|   grp_node_0_0_Outline_VITIS_LOOP_93_7_fu_1486   |      |      |     |      |      |     |        |      |         |          |        |
|   grp_node_0_0_Outline_VITIS_LOOP_99_9_fu_1492   |      |      |     |      |      |     |        |      |         |          |        |
|   grp_node_0_0_Outline_l_S_d_0_d_fu_1566         | 59   | 37   |     |      |      |     |        |      |         |          |        |
|   grp_node_0_0_Outline_l_S_d_1_d1_fu_1615        |      |      |     |      |      |     |        |      |         |          |        |
|   grp_node_0_0_Outline_l_S_d_2_d2_fu_1636        |      |      |     |      |      |     |        |      |         |          |        |
|   hadd_16ns_16ns_16_5_full_dsp_1_U93             | 93   | 93   | 2   |      |      |     |        |      |         |          |        |
|   hcmp_16ns_16ns_1_2_no_dsp_1_U96                |      |      |     |      |      |     |        |      |         |          |        |
|   hcmp_16ns_16ns_1_2_no_dsp_1_U97                |      |      |     |      |      |     |        |      |         |          |        |
|   hmul_16ns_16ns_16_4_max_dsp_1_U95              |      |      |     |      |      |     |        |      |         |          |        |
|   hold_v_U                                       | 89   | 32   |     |      |      |     |        |      |         |          |        |
|   hsub_16ns_16ns_16_5_full_dsp_1_U94             | 93   | 61   | 2   |      |      |     |        |      |         |          |        |
|   irf_U                                          |      |      |     |      |      |     |        |      |         |          |        |
|   rbuf_U                                         |      |      |     |      |      |     |        |      |         |          |        |
|   resq_U                                         |      |      |     |      |      |     |        |      |         |          |        |
|   sb_cmp_U                                       |      |      |     |      |      |     |        |      |         |          |        |
|   sb_dir_U                                       |      |      |     |      |      |     |        |      |         |          |        |
|   sb_dst_U                                       |      |      |     |      |      |     |        |      |         |          |        |
|   sb_id_U                                        |      |      |     |      |      |     |        |      |         |          |        |
|   sb_inj_U                                       |      |      |     |      |      |     |        |      |         |          |        |
|   sb_ix_U                                        |      |      |     |      |      |     |        |      |         |          |        |
|   sb_rtr_U                                       |      |      |     |      |      |     |        |      |         |          |        |
|   sb_rvld_U                                      |      |      |     |      |      |     |        |      |         |          |        |
|   sb_v_U                                         |      |      |     |      |      |     |        |      |         |          |        |
+--------------------------------------------------+------+------+-----+------+------+-----+--------+------+---------+----------+--------+


================================================================
== Place & Route Fail Fast
================================================================
+-----------------------------------------------------------+-----------+--------+--------+
| Criteria                                                  | Guideline | Actual | Status |
+-----------------------------------------------------------+-----------+--------+--------+
| LUT                                                       | 70%       | 0.67%  | OK     |
| FD                                                        | 50%       | 0.35%  | OK     |
| LUTRAM+SRL                                                | 25%       | 0.06%  | OK     |
| CARRY8                                                    | 25%       | 0.11%  | OK     |
| MUXF7                                                     | 15%       | 0.00%  | OK     |
| DSP                                                       | 80%       | 0.35%  | OK     |
| RAMB/FIFO                                                 | 80%       | 0.32%  | OK     |
| URAM                                                      | 80%       | 0.00%  | OK     |
| DSP+RAMB+URAM (Avg)                                       | 70%       | 0.33%  | OK     |
| BUFGCE* + BUFGCTRL                                        | 24        | 0      | OK     |
| DONT_TOUCH (cells/nets)                                   | 0         | 0      | OK     |
| MARK_DEBUG (nets)                                         | 0         | 0      | OK     |
| Control Sets                                              | 4320      | 129    | OK     |
| Average Fanout for modules > 100k cells                   | 4         | 1.72   | OK     |
| Max Average Fanout for modules > 100k cells               | 4         | 0      | OK     |
| Non-FD high fanout nets > 10k loads                       | 0         | 0      | OK     |
+-----------------------------------------------------------+-----------+--------+--------+
| TIMING-6 (No common primary clock between related clocks) | 0         | 0      | OK     |
| TIMING-7 (No common node between related clocks)          | 0         | 0      | OK     |
| TIMING-8 (No common period between related clocks)        | 0         | 0      | OK     |
| TIMING-14 (LUT on the clock tree)                         | 0         | 0      | OK     |
| TIMING-35 (No common node in paths with the same clock)   | 0         | 0      | OK     |
+-----------------------------------------------------------+-----------+--------+--------+
| Number of paths above max LUT budgeting (0.300ns)         | 0         | 0      | OK     |
| Number of paths above max Net budgeting (0.208ns)         | 0         | 0      | OK     |
+-----------------------------------------------------------+-----------+--------+--------+


================================================================
== Place & Route Timing Paths
================================================================
* Timing was met
+-------+---------------------+--------------------------------------------------------------------------------------------------------------------------------------------------------------------+--------------------------------------------------------------------------------------------------------------------------------------------------------------------------------------------------------------+--------------+------------+---------------------+---------------------+---------------------+
| Path  |               SLACK | STARTPOINT PIN                                                                                                                                                     | ENDPOINT PIN                                                                                                                                                                                                 | LOGIC LEVELS | MAX FANOUT |      DATAPATH DELAY |      DATAPATH LOGIC |        DATAPATH NET |
|       |                     |                                                                                                                                                                    |                                                                                                                                                                                                              |              |            |                     |               DELAY |               DELAY |
+-------+---------------------+--------------------------------------------------------------------------------------------------------------------------------------------------------------------+--------------------------------------------------------------------------------------------------------------------------------------------------------------------------------------------------------------+--------------+------------+---------------------+---------------------+---------------------+
| Path1 | 0.47860869765281677 | hadd_16ns_16ns_16_5_full_dsp_1_U93/node_0_0_hadd_16ns_16ns_16_5_full_dsp_1_ip_u/U0/i_synth/ADDSUB_OP.ADDSUB/DSP.OP/B_IP_DELAY/i_pipe/opt_has_pipe.first_q_reg[6]/C | hadd_16ns_16ns_16_5_full_dsp_1_U93/node_0_0_hadd_16ns_16ns_16_5_full_dsp_1_ip_u/U0/i_synth/ADDSUB_OP.ADDSUB/DSP.OP/DSP48E1_BODY_HP.ALIGN_ADD/DSP2/i_no_versal_es1_workaround.DSP/DSP_OUTPUT_INST/ALU_OUT[10] |            7 |          2 | 2.70503592491149902 | 2.17799997329711914 | 0.52703595161437988 |
| Path2 | 0.47860869765281677 | hadd_16ns_16ns_16_5_full_dsp_1_U93/node_0_0_hadd_16ns_16ns_16_5_full_dsp_1_ip_u/U0/i_synth/ADDSUB_OP.ADDSUB/DSP.OP/B_IP_DELAY/i_pipe/opt_has_pipe.first_q_reg[6]/C | hadd_16ns_16ns_16_5_full_dsp_1_U93/node_0_0_hadd_16ns_16ns_16_5_full_dsp_1_ip_u/U0/i_synth/ADDSUB_OP.ADDSUB/DSP.OP/DSP48E1_BODY_HP.ALIGN_ADD/DSP2/i_no_versal_es1_workaround.DSP/DSP_OUTPUT_INST/ALU_OUT[11] |            7 |          2 | 2.70503592491149902 | 2.17799997329711914 | 0.52703595161437988 |
| Path3 | 0.47860869765281677 | hadd_16ns_16ns_16_5_full_dsp_1_U93/node_0_0_hadd_16ns_16ns_16_5_full_dsp_1_ip_u/U0/i_synth/ADDSUB_OP.ADDSUB/DSP.OP/B_IP_DELAY/i_pipe/opt_has_pipe.first_q_reg[6]/C | hadd_16ns_16ns_16_5_full_dsp_1_U93/node_0_0_hadd_16ns_16ns_16_5_full_dsp_1_ip_u/U0/i_synth/ADDSUB_OP.ADDSUB/DSP.OP/DSP48E1_BODY_HP.ALIGN_ADD/DSP2/i_no_versal_es1_workaround.DSP/DSP_OUTPUT_INST/ALU_OUT[12] |            7 |          2 | 2.70503592491149902 | 2.17799997329711914 | 0.52703595161437988 |
| Path4 | 0.47860869765281677 | hadd_16ns_16ns_16_5_full_dsp_1_U93/node_0_0_hadd_16ns_16ns_16_5_full_dsp_1_ip_u/U0/i_synth/ADDSUB_OP.ADDSUB/DSP.OP/B_IP_DELAY/i_pipe/opt_has_pipe.first_q_reg[6]/C | hadd_16ns_16ns_16_5_full_dsp_1_U93/node_0_0_hadd_16ns_16ns_16_5_full_dsp_1_ip_u/U0/i_synth/ADDSUB_OP.ADDSUB/DSP.OP/DSP48E1_BODY_HP.ALIGN_ADD/DSP2/i_no_versal_es1_workaround.DSP/DSP_OUTPUT_INST/ALU_OUT[13] |            7 |          2 | 2.70503592491149902 | 2.17799997329711914 | 0.52703595161437988 |
| Path5 | 0.47860869765281677 | hadd_16ns_16ns_16_5_full_dsp_1_U93/node_0_0_hadd_16ns_16ns_16_5_full_dsp_1_ip_u/U0/i_synth/ADDSUB_OP.ADDSUB/DSP.OP/B_IP_DELAY/i_pipe/opt_has_pipe.first_q_reg[6]/C | hadd_16ns_16ns_16_5_full_dsp_1_U93/node_0_0_hadd_16ns_16ns_16_5_full_dsp_1_ip_u/U0/i_synth/ADDSUB_OP.ADDSUB/DSP.OP/DSP48E1_BODY_HP.ALIGN_ADD/DSP2/i_no_versal_es1_workaround.DSP/DSP_OUTPUT_INST/ALU_OUT[14] |            7 |          2 | 2.70503592491149902 | 2.17799997329711914 | 0.52703595161437988 |
+-------+---------------------+--------------------------------------------------------------------------------------------------------------------------------------------------------------------+--------------------------------------------------------------------------------------------------------------------------------------------------------------------------------------------------------------+--------------+------------+---------------------+---------------------+---------------------+

    +-------------------------------------------------------------------------------------------------------------------------------------------------------------------------------------------------------+------------------------+
    | Path1 Cells                                                                                                                                                                                           | Primitive Type         |
    +-------------------------------------------------------------------------------------------------------------------------------------------------------------------------------------------------------+------------------------+
    | hadd_16ns_16ns_16_5_full_dsp_1_U93/node_0_0_hadd_16ns_16ns_16_5_full_dsp_1_ip_u/U0/i_synth/ADDSUB_OP.ADDSUB/DSP.OP/B_IP_DELAY/i_pipe/opt_has_pipe.first_q_reg[6]                                      | REGISTER.SDR.FDRE      |
    | hadd_16ns_16ns_16_5_full_dsp_1_U93/node_0_0_hadd_16ns_16ns_16_5_full_dsp_1_ip_u/U0/i_synth/ADDSUB_OP.ADDSUB/DSP.OP/DSP48E1_BODY_HP.ALIGN_ADD/DSP2/i_no_versal_es1_workaround.DSP/DSP_A_B_DATA_INST    | ARITHMETIC.DSP.DSP48E2 |
    | hadd_16ns_16ns_16_5_full_dsp_1_U93/node_0_0_hadd_16ns_16ns_16_5_full_dsp_1_ip_u/U0/i_synth/ADDSUB_OP.ADDSUB/DSP.OP/DSP48E1_BODY_HP.ALIGN_ADD/DSP2/i_no_versal_es1_workaround.DSP/DSP_PREADD_DATA_INST | ARITHMETIC.DSP.DSP48E2 |
    | hadd_16ns_16ns_16_5_full_dsp_1_U93/node_0_0_hadd_16ns_16ns_16_5_full_dsp_1_ip_u/U0/i_synth/ADDSUB_OP.ADDSUB/DSP.OP/DSP48E1_BODY_HP.ALIGN_ADD/DSP2/i_no_versal_es1_workaround.DSP/DSP_PREADD_INST      | ARITHMETIC.DSP.DSP48E2 |
    | hadd_16ns_16ns_16_5_full_dsp_1_U93/node_0_0_hadd_16ns_16ns_16_5_full_dsp_1_ip_u/U0/i_synth/ADDSUB_OP.ADDSUB/DSP.OP/DSP48E1_BODY_HP.ALIGN_ADD/DSP2/i_no_versal_es1_workaround.DSP/DSP_MULTIPLIER_INST  | ARITHMETIC.DSP.DSP48E2 |
    | hadd_16ns_16ns_16_5_full_dsp_1_U93/node_0_0_hadd_16ns_16ns_16_5_full_dsp_1_ip_u/U0/i_synth/ADDSUB_OP.ADDSUB/DSP.OP/DSP48E1_BODY_HP.ALIGN_ADD/DSP2/i_no_versal_es1_workaround.DSP/DSP_M_DATA_INST      | ARITHMETIC.DSP.DSP48E2 |
    | hadd_16ns_16ns_16_5_full_dsp_1_U93/node_0_0_hadd_16ns_16ns_16_5_full_dsp_1_ip_u/U0/i_synth/ADDSUB_OP.ADDSUB/DSP.OP/DSP48E1_BODY_HP.ALIGN_ADD/DSP2/i_no_versal_es1_workaround.DSP/DSP_ALU_INST         | ARITHMETIC.DSP.DSP48E2 |
    | hadd_16ns_16ns_16_5_full_dsp_1_U93/node_0_0_hadd_16ns_16ns_16_5_full_dsp_1_ip_u/U0/i_synth/ADDSUB_OP.ADDSUB/DSP.OP/DSP48E1_BODY_HP.ALIGN_ADD/DSP2/i_no_versal_es1_workaround.DSP/DSP_OUTPUT_INST      | ARITHMETIC.DSP.DSP48E2 |
    | hadd_16ns_16ns_16_5_full_dsp_1_U93/node_0_0_hadd_16ns_16ns_16_5_full_dsp_1_ip_u/U0/i_synth/ADDSUB_OP.ADDSUB/DSP.OP/B_IP_DELAY/i_pipe/opt_has_pipe.first_q_reg[6]                                      | REGISTER.SDR.FDRE      |
    | hadd_16ns_16ns_16_5_full_dsp_1_U93/node_0_0_hadd_16ns_16ns_16_5_full_dsp_1_ip_u/U0/i_synth/ADDSUB_OP.ADDSUB/DSP.OP/DSP48E1_BODY_HP.ALIGN_ADD/DSP2/i_no_versal_es1_workaround.DSP/DSP_A_B_DATA_INST    | ARITHMETIC.DSP.DSP48E2 |
    | hadd_16ns_16ns_16_5_full_dsp_1_U93/node_0_0_hadd_16ns_16ns_16_5_full_dsp_1_ip_u/U0/i_synth/ADDSUB_OP.ADDSUB/DSP.OP/DSP48E1_BODY_HP.ALIGN_ADD/DSP2/i_no_versal_es1_workaround.DSP/DSP_PREADD_DATA_INST | ARITHMETIC.DSP.DSP48E2 |
    | hadd_16ns_16ns_16_5_full_dsp_1_U93/node_0_0_hadd_16ns_16ns_16_5_full_dsp_1_ip_u/U0/i_synth/ADDSUB_OP.ADDSUB/DSP.OP/DSP48E1_BODY_HP.ALIGN_ADD/DSP2/i_no_versal_es1_workaround.DSP/DSP_PREADD_INST      | ARITHMETIC.DSP.DSP48E2 |
    | hadd_16ns_16ns_16_5_full_dsp_1_U93/node_0_0_hadd_16ns_16ns_16_5_full_dsp_1_ip_u/U0/i_synth/ADDSUB_OP.ADDSUB/DSP.OP/DSP48E1_BODY_HP.ALIGN_ADD/DSP2/i_no_versal_es1_workaround.DSP/DSP_MULTIPLIER_INST  | ARITHMETIC.DSP.DSP48E2 |
    | hadd_16ns_16ns_16_5_full_dsp_1_U93/node_0_0_hadd_16ns_16ns_16_5_full_dsp_1_ip_u/U0/i_synth/ADDSUB_OP.ADDSUB/DSP.OP/DSP48E1_BODY_HP.ALIGN_ADD/DSP2/i_no_versal_es1_workaround.DSP/DSP_M_DATA_INST      | ARITHMETIC.DSP.DSP48E2 |
    | hadd_16ns_16ns_16_5_full_dsp_1_U93/node_0_0_hadd_16ns_16ns_16_5_full_dsp_1_ip_u/U0/i_synth/ADDSUB_OP.ADDSUB/DSP.OP/DSP48E1_BODY_HP.ALIGN_ADD/DSP2/i_no_versal_es1_workaround.DSP/DSP_ALU_INST         | ARITHMETIC.DSP.DSP48E2 |
    | hadd_16ns_16ns_16_5_full_dsp_1_U93/node_0_0_hadd_16ns_16ns_16_5_full_dsp_1_ip_u/U0/i_synth/ADDSUB_OP.ADDSUB/DSP.OP/DSP48E1_BODY_HP.ALIGN_ADD/DSP2/i_no_versal_es1_workaround.DSP/DSP_OUTPUT_INST      | ARITHMETIC.DSP.DSP48E2 |
    | hadd_16ns_16ns_16_5_full_dsp_1_U93/node_0_0_hadd_16ns_16ns_16_5_full_dsp_1_ip_u/U0/i_synth/ADDSUB_OP.ADDSUB/DSP.OP/B_IP_DELAY/i_pipe/opt_has_pipe.first_q_reg[6]                                      | REGISTER.SDR.FDRE      |
    | hadd_16ns_16ns_16_5_full_dsp_1_U93/node_0_0_hadd_16ns_16ns_16_5_full_dsp_1_ip_u/U0/i_synth/ADDSUB_OP.ADDSUB/DSP.OP/DSP48E1_BODY_HP.ALIGN_ADD/DSP2/i_no_versal_es1_workaround.DSP/DSP_A_B_DATA_INST    | ARITHMETIC.DSP.DSP48E2 |
    | hadd_16ns_16ns_16_5_full_dsp_1_U93/node_0_0_hadd_16ns_16ns_16_5_full_dsp_1_ip_u/U0/i_synth/ADDSUB_OP.ADDSUB/DSP.OP/DSP48E1_BODY_HP.ALIGN_ADD/DSP2/i_no_versal_es1_workaround.DSP/DSP_PREADD_DATA_INST | ARITHMETIC.DSP.DSP48E2 |
    | hadd_16ns_16ns_16_5_full_dsp_1_U93/node_0_0_hadd_16ns_16ns_16_5_full_dsp_1_ip_u/U0/i_synth/ADDSUB_OP.ADDSUB/DSP.OP/DSP48E1_BODY_HP.ALIGN_ADD/DSP2/i_no_versal_es1_workaround.DSP/DSP_PREADD_INST      | ARITHMETIC.DSP.DSP48E2 |
    | hadd_16ns_16ns_16_5_full_dsp_1_U93/node_0_0_hadd_16ns_16ns_16_5_full_dsp_1_ip_u/U0/i_synth/ADDSUB_OP.ADDSUB/DSP.OP/DSP48E1_BODY_HP.ALIGN_ADD/DSP2/i_no_versal_es1_workaround.DSP/DSP_MULTIPLIER_INST  | ARITHMETIC.DSP.DSP48E2 |
    | hadd_16ns_16ns_16_5_full_dsp_1_U93/node_0_0_hadd_16ns_16ns_16_5_full_dsp_1_ip_u/U0/i_synth/ADDSUB_OP.ADDSUB/DSP.OP/DSP48E1_BODY_HP.ALIGN_ADD/DSP2/i_no_versal_es1_workaround.DSP/DSP_M_DATA_INST      | ARITHMETIC.DSP.DSP48E2 |
    | hadd_16ns_16ns_16_5_full_dsp_1_U93/node_0_0_hadd_16ns_16ns_16_5_full_dsp_1_ip_u/U0/i_synth/ADDSUB_OP.ADDSUB/DSP.OP/DSP48E1_BODY_HP.ALIGN_ADD/DSP2/i_no_versal_es1_workaround.DSP/DSP_ALU_INST         | ARITHMETIC.DSP.DSP48E2 |
    | hadd_16ns_16ns_16_5_full_dsp_1_U93/node_0_0_hadd_16ns_16ns_16_5_full_dsp_1_ip_u/U0/i_synth/ADDSUB_OP.ADDSUB/DSP.OP/DSP48E1_BODY_HP.ALIGN_ADD/DSP2/i_no_versal_es1_workaround.DSP/DSP_OUTPUT_INST      | ARITHMETIC.DSP.DSP48E2 |
    | hadd_16ns_16ns_16_5_full_dsp_1_U93/node_0_0_hadd_16ns_16ns_16_5_full_dsp_1_ip_u/U0/i_synth/ADDSUB_OP.ADDSUB/DSP.OP/B_IP_DELAY/i_pipe/opt_has_pipe.first_q_reg[6]                                      | REGISTER.SDR.FDRE      |
    | hadd_16ns_16ns_16_5_full_dsp_1_U93/node_0_0_hadd_16ns_16ns_16_5_full_dsp_1_ip_u/U0/i_synth/ADDSUB_OP.ADDSUB/DSP.OP/DSP48E1_BODY_HP.ALIGN_ADD/DSP2/i_no_versal_es1_workaround.DSP/DSP_A_B_DATA_INST    | ARITHMETIC.DSP.DSP48E2 |
    | hadd_16ns_16ns_16_5_full_dsp_1_U93/node_0_0_hadd_16ns_16ns_16_5_full_dsp_1_ip_u/U0/i_synth/ADDSUB_OP.ADDSUB/DSP.OP/DSP48E1_BODY_HP.ALIGN_ADD/DSP2/i_no_versal_es1_workaround.DSP/DSP_PREADD_DATA_INST | ARITHMETIC.DSP.DSP48E2 |
    | hadd_16ns_16ns_16_5_full_dsp_1_U93/node_0_0_hadd_16ns_16ns_16_5_full_dsp_1_ip_u/U0/i_synth/ADDSUB_OP.ADDSUB/DSP.OP/DSP48E1_BODY_HP.ALIGN_ADD/DSP2/i_no_versal_es1_workaround.DSP/DSP_PREADD_INST      | ARITHMETIC.DSP.DSP48E2 |
    | hadd_16ns_16ns_16_5_full_dsp_1_U93/node_0_0_hadd_16ns_16ns_16_5_full_dsp_1_ip_u/U0/i_synth/ADDSUB_OP.ADDSUB/DSP.OP/DSP48E1_BODY_HP.ALIGN_ADD/DSP2/i_no_versal_es1_workaround.DSP/DSP_MULTIPLIER_INST  | ARITHMETIC.DSP.DSP48E2 |
    | hadd_16ns_16ns_16_5_full_dsp_1_U93/node_0_0_hadd_16ns_16ns_16_5_full_dsp_1_ip_u/U0/i_synth/ADDSUB_OP.ADDSUB/DSP.OP/DSP48E1_BODY_HP.ALIGN_ADD/DSP2/i_no_versal_es1_workaround.DSP/DSP_M_DATA_INST      | ARITHMETIC.DSP.DSP48E2 |
    | hadd_16ns_16ns_16_5_full_dsp_1_U93/node_0_0_hadd_16ns_16ns_16_5_full_dsp_1_ip_u/U0/i_synth/ADDSUB_OP.ADDSUB/DSP.OP/DSP48E1_BODY_HP.ALIGN_ADD/DSP2/i_no_versal_es1_workaround.DSP/DSP_ALU_INST         | ARITHMETIC.DSP.DSP48E2 |
    | hadd_16ns_16ns_16_5_full_dsp_1_U93/node_0_0_hadd_16ns_16ns_16_5_full_dsp_1_ip_u/U0/i_synth/ADDSUB_OP.ADDSUB/DSP.OP/DSP48E1_BODY_HP.ALIGN_ADD/DSP2/i_no_versal_es1_workaround.DSP/DSP_OUTPUT_INST      | ARITHMETIC.DSP.DSP48E2 |
    | hadd_16ns_16ns_16_5_full_dsp_1_U93/node_0_0_hadd_16ns_16ns_16_5_full_dsp_1_ip_u/U0/i_synth/ADDSUB_OP.ADDSUB/DSP.OP/B_IP_DELAY/i_pipe/opt_has_pipe.first_q_reg[6]                                      | REGISTER.SDR.FDRE      |
    | hadd_16ns_16ns_16_5_full_dsp_1_U93/node_0_0_hadd_16ns_16ns_16_5_full_dsp_1_ip_u/U0/i_synth/ADDSUB_OP.ADDSUB/DSP.OP/DSP48E1_BODY_HP.ALIGN_ADD/DSP2/i_no_versal_es1_workaround.DSP/DSP_A_B_DATA_INST    | ARITHMETIC.DSP.DSP48E2 |
    | hadd_16ns_16ns_16_5_full_dsp_1_U93/node_0_0_hadd_16ns_16ns_16_5_full_dsp_1_ip_u/U0/i_synth/ADDSUB_OP.ADDSUB/DSP.OP/DSP48E1_BODY_HP.ALIGN_ADD/DSP2/i_no_versal_es1_workaround.DSP/DSP_PREADD_DATA_INST | ARITHMETIC.DSP.DSP48E2 |
    | hadd_16ns_16ns_16_5_full_dsp_1_U93/node_0_0_hadd_16ns_16ns_16_5_full_dsp_1_ip_u/U0/i_synth/ADDSUB_OP.ADDSUB/DSP.OP/DSP48E1_BODY_HP.ALIGN_ADD/DSP2/i_no_versal_es1_workaround.DSP/DSP_PREADD_INST      | ARITHMETIC.DSP.DSP48E2 |
    | hadd_16ns_16ns_16_5_full_dsp_1_U93/node_0_0_hadd_16ns_16ns_16_5_full_dsp_1_ip_u/U0/i_synth/ADDSUB_OP.ADDSUB/DSP.OP/DSP48E1_BODY_HP.ALIGN_ADD/DSP2/i_no_versal_es1_workaround.DSP/DSP_MULTIPLIER_INST  | ARITHMETIC.DSP.DSP48E2 |
    | hadd_16ns_16ns_16_5_full_dsp_1_U93/node_0_0_hadd_16ns_16ns_16_5_full_dsp_1_ip_u/U0/i_synth/ADDSUB_OP.ADDSUB/DSP.OP/DSP48E1_BODY_HP.ALIGN_ADD/DSP2/i_no_versal_es1_workaround.DSP/DSP_M_DATA_INST      | ARITHMETIC.DSP.DSP48E2 |
    | hadd_16ns_16ns_16_5_full_dsp_1_U93/node_0_0_hadd_16ns_16ns_16_5_full_dsp_1_ip_u/U0/i_synth/ADDSUB_OP.ADDSUB/DSP.OP/DSP48E1_BODY_HP.ALIGN_ADD/DSP2/i_no_versal_es1_workaround.DSP/DSP_ALU_INST         | ARITHMETIC.DSP.DSP48E2 |
    | hadd_16ns_16ns_16_5_full_dsp_1_U93/node_0_0_hadd_16ns_16ns_16_5_full_dsp_1_ip_u/U0/i_synth/ADDSUB_OP.ADDSUB/DSP.OP/DSP48E1_BODY_HP.ALIGN_ADD/DSP2/i_no_versal_es1_workaround.DSP/DSP_OUTPUT_INST      | ARITHMETIC.DSP.DSP48E2 |
    +-------------------------------------------------------------------------------------------------------------------------------------------------------------------------------------------------------+------------------------+

    +-------------------------------------------------------------------------------------------------------------------------------------------------------------------------------------------------------+------------------------+
    | Path2 Cells                                                                                                                                                                                           | Primitive Type         |
    +-------------------------------------------------------------------------------------------------------------------------------------------------------------------------------------------------------+------------------------+
    | hadd_16ns_16ns_16_5_full_dsp_1_U93/node_0_0_hadd_16ns_16ns_16_5_full_dsp_1_ip_u/U0/i_synth/ADDSUB_OP.ADDSUB/DSP.OP/B_IP_DELAY/i_pipe/opt_has_pipe.first_q_reg[6]                                      | REGISTER.SDR.FDRE      |
    | hadd_16ns_16ns_16_5_full_dsp_1_U93/node_0_0_hadd_16ns_16ns_16_5_full_dsp_1_ip_u/U0/i_synth/ADDSUB_OP.ADDSUB/DSP.OP/DSP48E1_BODY_HP.ALIGN_ADD/DSP2/i_no_versal_es1_workaround.DSP/DSP_A_B_DATA_INST    | ARITHMETIC.DSP.DSP48E2 |
    | hadd_16ns_16ns_16_5_full_dsp_1_U93/node_0_0_hadd_16ns_16ns_16_5_full_dsp_1_ip_u/U0/i_synth/ADDSUB_OP.ADDSUB/DSP.OP/DSP48E1_BODY_HP.ALIGN_ADD/DSP2/i_no_versal_es1_workaround.DSP/DSP_PREADD_DATA_INST | ARITHMETIC.DSP.DSP48E2 |
    | hadd_16ns_16ns_16_5_full_dsp_1_U93/node_0_0_hadd_16ns_16ns_16_5_full_dsp_1_ip_u/U0/i_synth/ADDSUB_OP.ADDSUB/DSP.OP/DSP48E1_BODY_HP.ALIGN_ADD/DSP2/i_no_versal_es1_workaround.DSP/DSP_PREADD_INST      | ARITHMETIC.DSP.DSP48E2 |
    | hadd_16ns_16ns_16_5_full_dsp_1_U93/node_0_0_hadd_16ns_16ns_16_5_full_dsp_1_ip_u/U0/i_synth/ADDSUB_OP.ADDSUB/DSP.OP/DSP48E1_BODY_HP.ALIGN_ADD/DSP2/i_no_versal_es1_workaround.DSP/DSP_MULTIPLIER_INST  | ARITHMETIC.DSP.DSP48E2 |
    | hadd_16ns_16ns_16_5_full_dsp_1_U93/node_0_0_hadd_16ns_16ns_16_5_full_dsp_1_ip_u/U0/i_synth/ADDSUB_OP.ADDSUB/DSP.OP/DSP48E1_BODY_HP.ALIGN_ADD/DSP2/i_no_versal_es1_workaround.DSP/DSP_M_DATA_INST      | ARITHMETIC.DSP.DSP48E2 |
    | hadd_16ns_16ns_16_5_full_dsp_1_U93/node_0_0_hadd_16ns_16ns_16_5_full_dsp_1_ip_u/U0/i_synth/ADDSUB_OP.ADDSUB/DSP.OP/DSP48E1_BODY_HP.ALIGN_ADD/DSP2/i_no_versal_es1_workaround.DSP/DSP_ALU_INST         | ARITHMETIC.DSP.DSP48E2 |
    | hadd_16ns_16ns_16_5_full_dsp_1_U93/node_0_0_hadd_16ns_16ns_16_5_full_dsp_1_ip_u/U0/i_synth/ADDSUB_OP.ADDSUB/DSP.OP/DSP48E1_BODY_HP.ALIGN_ADD/DSP2/i_no_versal_es1_workaround.DSP/DSP_OUTPUT_INST      | ARITHMETIC.DSP.DSP48E2 |
    | hadd_16ns_16ns_16_5_full_dsp_1_U93/node_0_0_hadd_16ns_16ns_16_5_full_dsp_1_ip_u/U0/i_synth/ADDSUB_OP.ADDSUB/DSP.OP/B_IP_DELAY/i_pipe/opt_has_pipe.first_q_reg[6]                                      | REGISTER.SDR.FDRE      |
    | hadd_16ns_16ns_16_5_full_dsp_1_U93/node_0_0_hadd_16ns_16ns_16_5_full_dsp_1_ip_u/U0/i_synth/ADDSUB_OP.ADDSUB/DSP.OP/DSP48E1_BODY_HP.ALIGN_ADD/DSP2/i_no_versal_es1_workaround.DSP/DSP_A_B_DATA_INST    | ARITHMETIC.DSP.DSP48E2 |
    | hadd_16ns_16ns_16_5_full_dsp_1_U93/node_0_0_hadd_16ns_16ns_16_5_full_dsp_1_ip_u/U0/i_synth/ADDSUB_OP.ADDSUB/DSP.OP/DSP48E1_BODY_HP.ALIGN_ADD/DSP2/i_no_versal_es1_workaround.DSP/DSP_PREADD_DATA_INST | ARITHMETIC.DSP.DSP48E2 |
    | hadd_16ns_16ns_16_5_full_dsp_1_U93/node_0_0_hadd_16ns_16ns_16_5_full_dsp_1_ip_u/U0/i_synth/ADDSUB_OP.ADDSUB/DSP.OP/DSP48E1_BODY_HP.ALIGN_ADD/DSP2/i_no_versal_es1_workaround.DSP/DSP_PREADD_INST      | ARITHMETIC.DSP.DSP48E2 |
    | hadd_16ns_16ns_16_5_full_dsp_1_U93/node_0_0_hadd_16ns_16ns_16_5_full_dsp_1_ip_u/U0/i_synth/ADDSUB_OP.ADDSUB/DSP.OP/DSP48E1_BODY_HP.ALIGN_ADD/DSP2/i_no_versal_es1_workaround.DSP/DSP_MULTIPLIER_INST  | ARITHMETIC.DSP.DSP48E2 |
    | hadd_16ns_16ns_16_5_full_dsp_1_U93/node_0_0_hadd_16ns_16ns_16_5_full_dsp_1_ip_u/U0/i_synth/ADDSUB_OP.ADDSUB/DSP.OP/DSP48E1_BODY_HP.ALIGN_ADD/DSP2/i_no_versal_es1_workaround.DSP/DSP_M_DATA_INST      | ARITHMETIC.DSP.DSP48E2 |
    | hadd_16ns_16ns_16_5_full_dsp_1_U93/node_0_0_hadd_16ns_16ns_16_5_full_dsp_1_ip_u/U0/i_synth/ADDSUB_OP.ADDSUB/DSP.OP/DSP48E1_BODY_HP.ALIGN_ADD/DSP2/i_no_versal_es1_workaround.DSP/DSP_ALU_INST         | ARITHMETIC.DSP.DSP48E2 |
    | hadd_16ns_16ns_16_5_full_dsp_1_U93/node_0_0_hadd_16ns_16ns_16_5_full_dsp_1_ip_u/U0/i_synth/ADDSUB_OP.ADDSUB/DSP.OP/DSP48E1_BODY_HP.ALIGN_ADD/DSP2/i_no_versal_es1_workaround.DSP/DSP_OUTPUT_INST      | ARITHMETIC.DSP.DSP48E2 |
    | hadd_16ns_16ns_16_5_full_dsp_1_U93/node_0_0_hadd_16ns_16ns_16_5_full_dsp_1_ip_u/U0/i_synth/ADDSUB_OP.ADDSUB/DSP.OP/B_IP_DELAY/i_pipe/opt_has_pipe.first_q_reg[6]                                      | REGISTER.SDR.FDRE      |
    | hadd_16ns_16ns_16_5_full_dsp_1_U93/node_0_0_hadd_16ns_16ns_16_5_full_dsp_1_ip_u/U0/i_synth/ADDSUB_OP.ADDSUB/DSP.OP/DSP48E1_BODY_HP.ALIGN_ADD/DSP2/i_no_versal_es1_workaround.DSP/DSP_A_B_DATA_INST    | ARITHMETIC.DSP.DSP48E2 |
    | hadd_16ns_16ns_16_5_full_dsp_1_U93/node_0_0_hadd_16ns_16ns_16_5_full_dsp_1_ip_u/U0/i_synth/ADDSUB_OP.ADDSUB/DSP.OP/DSP48E1_BODY_HP.ALIGN_ADD/DSP2/i_no_versal_es1_workaround.DSP/DSP_PREADD_DATA_INST | ARITHMETIC.DSP.DSP48E2 |
    | hadd_16ns_16ns_16_5_full_dsp_1_U93/node_0_0_hadd_16ns_16ns_16_5_full_dsp_1_ip_u/U0/i_synth/ADDSUB_OP.ADDSUB/DSP.OP/DSP48E1_BODY_HP.ALIGN_ADD/DSP2/i_no_versal_es1_workaround.DSP/DSP_PREADD_INST      | ARITHMETIC.DSP.DSP48E2 |
    | hadd_16ns_16ns_16_5_full_dsp_1_U93/node_0_0_hadd_16ns_16ns_16_5_full_dsp_1_ip_u/U0/i_synth/ADDSUB_OP.ADDSUB/DSP.OP/DSP48E1_BODY_HP.ALIGN_ADD/DSP2/i_no_versal_es1_workaround.DSP/DSP_MULTIPLIER_INST  | ARITHMETIC.DSP.DSP48E2 |
    | hadd_16ns_16ns_16_5_full_dsp_1_U93/node_0_0_hadd_16ns_16ns_16_5_full_dsp_1_ip_u/U0/i_synth/ADDSUB_OP.ADDSUB/DSP.OP/DSP48E1_BODY_HP.ALIGN_ADD/DSP2/i_no_versal_es1_workaround.DSP/DSP_M_DATA_INST      | ARITHMETIC.DSP.DSP48E2 |
    | hadd_16ns_16ns_16_5_full_dsp_1_U93/node_0_0_hadd_16ns_16ns_16_5_full_dsp_1_ip_u/U0/i_synth/ADDSUB_OP.ADDSUB/DSP.OP/DSP48E1_BODY_HP.ALIGN_ADD/DSP2/i_no_versal_es1_workaround.DSP/DSP_ALU_INST         | ARITHMETIC.DSP.DSP48E2 |
    | hadd_16ns_16ns_16_5_full_dsp_1_U93/node_0_0_hadd_16ns_16ns_16_5_full_dsp_1_ip_u/U0/i_synth/ADDSUB_OP.ADDSUB/DSP.OP/DSP48E1_BODY_HP.ALIGN_ADD/DSP2/i_no_versal_es1_workaround.DSP/DSP_OUTPUT_INST      | ARITHMETIC.DSP.DSP48E2 |
    | hadd_16ns_16ns_16_5_full_dsp_1_U93/node_0_0_hadd_16ns_16ns_16_5_full_dsp_1_ip_u/U0/i_synth/ADDSUB_OP.ADDSUB/DSP.OP/B_IP_DELAY/i_pipe/opt_has_pipe.first_q_reg[6]                                      | REGISTER.SDR.FDRE      |
    | hadd_16ns_16ns_16_5_full_dsp_1_U93/node_0_0_hadd_16ns_16ns_16_5_full_dsp_1_ip_u/U0/i_synth/ADDSUB_OP.ADDSUB/DSP.OP/DSP48E1_BODY_HP.ALIGN_ADD/DSP2/i_no_versal_es1_workaround.DSP/DSP_A_B_DATA_INST    | ARITHMETIC.DSP.DSP48E2 |
    | hadd_16ns_16ns_16_5_full_dsp_1_U93/node_0_0_hadd_16ns_16ns_16_5_full_dsp_1_ip_u/U0/i_synth/ADDSUB_OP.ADDSUB/DSP.OP/DSP48E1_BODY_HP.ALIGN_ADD/DSP2/i_no_versal_es1_workaround.DSP/DSP_PREADD_DATA_INST | ARITHMETIC.DSP.DSP48E2 |
    | hadd_16ns_16ns_16_5_full_dsp_1_U93/node_0_0_hadd_16ns_16ns_16_5_full_dsp_1_ip_u/U0/i_synth/ADDSUB_OP.ADDSUB/DSP.OP/DSP48E1_BODY_HP.ALIGN_ADD/DSP2/i_no_versal_es1_workaround.DSP/DSP_PREADD_INST      | ARITHMETIC.DSP.DSP48E2 |
    | hadd_16ns_16ns_16_5_full_dsp_1_U93/node_0_0_hadd_16ns_16ns_16_5_full_dsp_1_ip_u/U0/i_synth/ADDSUB_OP.ADDSUB/DSP.OP/DSP48E1_BODY_HP.ALIGN_ADD/DSP2/i_no_versal_es1_workaround.DSP/DSP_MULTIPLIER_INST  | ARITHMETIC.DSP.DSP48E2 |
    | hadd_16ns_16ns_16_5_full_dsp_1_U93/node_0_0_hadd_16ns_16ns_16_5_full_dsp_1_ip_u/U0/i_synth/ADDSUB_OP.ADDSUB/DSP.OP/DSP48E1_BODY_HP.ALIGN_ADD/DSP2/i_no_versal_es1_workaround.DSP/DSP_M_DATA_INST      | ARITHMETIC.DSP.DSP48E2 |
    | hadd_16ns_16ns_16_5_full_dsp_1_U93/node_0_0_hadd_16ns_16ns_16_5_full_dsp_1_ip_u/U0/i_synth/ADDSUB_OP.ADDSUB/DSP.OP/DSP48E1_BODY_HP.ALIGN_ADD/DSP2/i_no_versal_es1_workaround.DSP/DSP_ALU_INST         | ARITHMETIC.DSP.DSP48E2 |
    | hadd_16ns_16ns_16_5_full_dsp_1_U93/node_0_0_hadd_16ns_16ns_16_5_full_dsp_1_ip_u/U0/i_synth/ADDSUB_OP.ADDSUB/DSP.OP/DSP48E1_BODY_HP.ALIGN_ADD/DSP2/i_no_versal_es1_workaround.DSP/DSP_OUTPUT_INST      | ARITHMETIC.DSP.DSP48E2 |
    | hadd_16ns_16ns_16_5_full_dsp_1_U93/node_0_0_hadd_16ns_16ns_16_5_full_dsp_1_ip_u/U0/i_synth/ADDSUB_OP.ADDSUB/DSP.OP/B_IP_DELAY/i_pipe/opt_has_pipe.first_q_reg[6]                                      | REGISTER.SDR.FDRE      |
    | hadd_16ns_16ns_16_5_full_dsp_1_U93/node_0_0_hadd_16ns_16ns_16_5_full_dsp_1_ip_u/U0/i_synth/ADDSUB_OP.ADDSUB/DSP.OP/DSP48E1_BODY_HP.ALIGN_ADD/DSP2/i_no_versal_es1_workaround.DSP/DSP_A_B_DATA_INST    | ARITHMETIC.DSP.DSP48E2 |
    | hadd_16ns_16ns_16_5_full_dsp_1_U93/node_0_0_hadd_16ns_16ns_16_5_full_dsp_1_ip_u/U0/i_synth/ADDSUB_OP.ADDSUB/DSP.OP/DSP48E1_BODY_HP.ALIGN_ADD/DSP2/i_no_versal_es1_workaround.DSP/DSP_PREADD_DATA_INST | ARITHMETIC.DSP.DSP48E2 |
    | hadd_16ns_16ns_16_5_full_dsp_1_U93/node_0_0_hadd_16ns_16ns_16_5_full_dsp_1_ip_u/U0/i_synth/ADDSUB_OP.ADDSUB/DSP.OP/DSP48E1_BODY_HP.ALIGN_ADD/DSP2/i_no_versal_es1_workaround.DSP/DSP_PREADD_INST      | ARITHMETIC.DSP.DSP48E2 |
    | hadd_16ns_16ns_16_5_full_dsp_1_U93/node_0_0_hadd_16ns_16ns_16_5_full_dsp_1_ip_u/U0/i_synth/ADDSUB_OP.ADDSUB/DSP.OP/DSP48E1_BODY_HP.ALIGN_ADD/DSP2/i_no_versal_es1_workaround.DSP/DSP_MULTIPLIER_INST  | ARITHMETIC.DSP.DSP48E2 |
    | hadd_16ns_16ns_16_5_full_dsp_1_U93/node_0_0_hadd_16ns_16ns_16_5_full_dsp_1_ip_u/U0/i_synth/ADDSUB_OP.ADDSUB/DSP.OP/DSP48E1_BODY_HP.ALIGN_ADD/DSP2/i_no_versal_es1_workaround.DSP/DSP_M_DATA_INST      | ARITHMETIC.DSP.DSP48E2 |
    | hadd_16ns_16ns_16_5_full_dsp_1_U93/node_0_0_hadd_16ns_16ns_16_5_full_dsp_1_ip_u/U0/i_synth/ADDSUB_OP.ADDSUB/DSP.OP/DSP48E1_BODY_HP.ALIGN_ADD/DSP2/i_no_versal_es1_workaround.DSP/DSP_ALU_INST         | ARITHMETIC.DSP.DSP48E2 |
    | hadd_16ns_16ns_16_5_full_dsp_1_U93/node_0_0_hadd_16ns_16ns_16_5_full_dsp_1_ip_u/U0/i_synth/ADDSUB_OP.ADDSUB/DSP.OP/DSP48E1_BODY_HP.ALIGN_ADD/DSP2/i_no_versal_es1_workaround.DSP/DSP_OUTPUT_INST      | ARITHMETIC.DSP.DSP48E2 |
    +-------------------------------------------------------------------------------------------------------------------------------------------------------------------------------------------------------+------------------------+

    +-------------------------------------------------------------------------------------------------------------------------------------------------------------------------------------------------------+------------------------+
    | Path3 Cells                                                                                                                                                                                           | Primitive Type         |
    +-------------------------------------------------------------------------------------------------------------------------------------------------------------------------------------------------------+------------------------+
    | hadd_16ns_16ns_16_5_full_dsp_1_U93/node_0_0_hadd_16ns_16ns_16_5_full_dsp_1_ip_u/U0/i_synth/ADDSUB_OP.ADDSUB/DSP.OP/B_IP_DELAY/i_pipe/opt_has_pipe.first_q_reg[6]                                      | REGISTER.SDR.FDRE      |
    | hadd_16ns_16ns_16_5_full_dsp_1_U93/node_0_0_hadd_16ns_16ns_16_5_full_dsp_1_ip_u/U0/i_synth/ADDSUB_OP.ADDSUB/DSP.OP/DSP48E1_BODY_HP.ALIGN_ADD/DSP2/i_no_versal_es1_workaround.DSP/DSP_A_B_DATA_INST    | ARITHMETIC.DSP.DSP48E2 |
    | hadd_16ns_16ns_16_5_full_dsp_1_U93/node_0_0_hadd_16ns_16ns_16_5_full_dsp_1_ip_u/U0/i_synth/ADDSUB_OP.ADDSUB/DSP.OP/DSP48E1_BODY_HP.ALIGN_ADD/DSP2/i_no_versal_es1_workaround.DSP/DSP_PREADD_DATA_INST | ARITHMETIC.DSP.DSP48E2 |
    | hadd_16ns_16ns_16_5_full_dsp_1_U93/node_0_0_hadd_16ns_16ns_16_5_full_dsp_1_ip_u/U0/i_synth/ADDSUB_OP.ADDSUB/DSP.OP/DSP48E1_BODY_HP.ALIGN_ADD/DSP2/i_no_versal_es1_workaround.DSP/DSP_PREADD_INST      | ARITHMETIC.DSP.DSP48E2 |
    | hadd_16ns_16ns_16_5_full_dsp_1_U93/node_0_0_hadd_16ns_16ns_16_5_full_dsp_1_ip_u/U0/i_synth/ADDSUB_OP.ADDSUB/DSP.OP/DSP48E1_BODY_HP.ALIGN_ADD/DSP2/i_no_versal_es1_workaround.DSP/DSP_MULTIPLIER_INST  | ARITHMETIC.DSP.DSP48E2 |
    | hadd_16ns_16ns_16_5_full_dsp_1_U93/node_0_0_hadd_16ns_16ns_16_5_full_dsp_1_ip_u/U0/i_synth/ADDSUB_OP.ADDSUB/DSP.OP/DSP48E1_BODY_HP.ALIGN_ADD/DSP2/i_no_versal_es1_workaround.DSP/DSP_M_DATA_INST      | ARITHMETIC.DSP.DSP48E2 |
    | hadd_16ns_16ns_16_5_full_dsp_1_U93/node_0_0_hadd_16ns_16ns_16_5_full_dsp_1_ip_u/U0/i_synth/ADDSUB_OP.ADDSUB/DSP.OP/DSP48E1_BODY_HP.ALIGN_ADD/DSP2/i_no_versal_es1_workaround.DSP/DSP_ALU_INST         | ARITHMETIC.DSP.DSP48E2 |
    | hadd_16ns_16ns_16_5_full_dsp_1_U93/node_0_0_hadd_16ns_16ns_16_5_full_dsp_1_ip_u/U0/i_synth/ADDSUB_OP.ADDSUB/DSP.OP/DSP48E1_BODY_HP.ALIGN_ADD/DSP2/i_no_versal_es1_workaround.DSP/DSP_OUTPUT_INST      | ARITHMETIC.DSP.DSP48E2 |
    | hadd_16ns_16ns_16_5_full_dsp_1_U93/node_0_0_hadd_16ns_16ns_16_5_full_dsp_1_ip_u/U0/i_synth/ADDSUB_OP.ADDSUB/DSP.OP/B_IP_DELAY/i_pipe/opt_has_pipe.first_q_reg[6]                                      | REGISTER.SDR.FDRE      |
    | hadd_16ns_16ns_16_5_full_dsp_1_U93/node_0_0_hadd_16ns_16ns_16_5_full_dsp_1_ip_u/U0/i_synth/ADDSUB_OP.ADDSUB/DSP.OP/DSP48E1_BODY_HP.ALIGN_ADD/DSP2/i_no_versal_es1_workaround.DSP/DSP_A_B_DATA_INST    | ARITHMETIC.DSP.DSP48E2 |
    | hadd_16ns_16ns_16_5_full_dsp_1_U93/node_0_0_hadd_16ns_16ns_16_5_full_dsp_1_ip_u/U0/i_synth/ADDSUB_OP.ADDSUB/DSP.OP/DSP48E1_BODY_HP.ALIGN_ADD/DSP2/i_no_versal_es1_workaround.DSP/DSP_PREADD_DATA_INST | ARITHMETIC.DSP.DSP48E2 |
    | hadd_16ns_16ns_16_5_full_dsp_1_U93/node_0_0_hadd_16ns_16ns_16_5_full_dsp_1_ip_u/U0/i_synth/ADDSUB_OP.ADDSUB/DSP.OP/DSP48E1_BODY_HP.ALIGN_ADD/DSP2/i_no_versal_es1_workaround.DSP/DSP_PREADD_INST      | ARITHMETIC.DSP.DSP48E2 |
    | hadd_16ns_16ns_16_5_full_dsp_1_U93/node_0_0_hadd_16ns_16ns_16_5_full_dsp_1_ip_u/U0/i_synth/ADDSUB_OP.ADDSUB/DSP.OP/DSP48E1_BODY_HP.ALIGN_ADD/DSP2/i_no_versal_es1_workaround.DSP/DSP_MULTIPLIER_INST  | ARITHMETIC.DSP.DSP48E2 |
    | hadd_16ns_16ns_16_5_full_dsp_1_U93/node_0_0_hadd_16ns_16ns_16_5_full_dsp_1_ip_u/U0/i_synth/ADDSUB_OP.ADDSUB/DSP.OP/DSP48E1_BODY_HP.ALIGN_ADD/DSP2/i_no_versal_es1_workaround.DSP/DSP_M_DATA_INST      | ARITHMETIC.DSP.DSP48E2 |
    | hadd_16ns_16ns_16_5_full_dsp_1_U93/node_0_0_hadd_16ns_16ns_16_5_full_dsp_1_ip_u/U0/i_synth/ADDSUB_OP.ADDSUB/DSP.OP/DSP48E1_BODY_HP.ALIGN_ADD/DSP2/i_no_versal_es1_workaround.DSP/DSP_ALU_INST         | ARITHMETIC.DSP.DSP48E2 |
    | hadd_16ns_16ns_16_5_full_dsp_1_U93/node_0_0_hadd_16ns_16ns_16_5_full_dsp_1_ip_u/U0/i_synth/ADDSUB_OP.ADDSUB/DSP.OP/DSP48E1_BODY_HP.ALIGN_ADD/DSP2/i_no_versal_es1_workaround.DSP/DSP_OUTPUT_INST      | ARITHMETIC.DSP.DSP48E2 |
    | hadd_16ns_16ns_16_5_full_dsp_1_U93/node_0_0_hadd_16ns_16ns_16_5_full_dsp_1_ip_u/U0/i_synth/ADDSUB_OP.ADDSUB/DSP.OP/B_IP_DELAY/i_pipe/opt_has_pipe.first_q_reg[6]                                      | REGISTER.SDR.FDRE      |
    | hadd_16ns_16ns_16_5_full_dsp_1_U93/node_0_0_hadd_16ns_16ns_16_5_full_dsp_1_ip_u/U0/i_synth/ADDSUB_OP.ADDSUB/DSP.OP/DSP48E1_BODY_HP.ALIGN_ADD/DSP2/i_no_versal_es1_workaround.DSP/DSP_A_B_DATA_INST    | ARITHMETIC.DSP.DSP48E2 |
    | hadd_16ns_16ns_16_5_full_dsp_1_U93/node_0_0_hadd_16ns_16ns_16_5_full_dsp_1_ip_u/U0/i_synth/ADDSUB_OP.ADDSUB/DSP.OP/DSP48E1_BODY_HP.ALIGN_ADD/DSP2/i_no_versal_es1_workaround.DSP/DSP_PREADD_DATA_INST | ARITHMETIC.DSP.DSP48E2 |
    | hadd_16ns_16ns_16_5_full_dsp_1_U93/node_0_0_hadd_16ns_16ns_16_5_full_dsp_1_ip_u/U0/i_synth/ADDSUB_OP.ADDSUB/DSP.OP/DSP48E1_BODY_HP.ALIGN_ADD/DSP2/i_no_versal_es1_workaround.DSP/DSP_PREADD_INST      | ARITHMETIC.DSP.DSP48E2 |
    | hadd_16ns_16ns_16_5_full_dsp_1_U93/node_0_0_hadd_16ns_16ns_16_5_full_dsp_1_ip_u/U0/i_synth/ADDSUB_OP.ADDSUB/DSP.OP/DSP48E1_BODY_HP.ALIGN_ADD/DSP2/i_no_versal_es1_workaround.DSP/DSP_MULTIPLIER_INST  | ARITHMETIC.DSP.DSP48E2 |
    | hadd_16ns_16ns_16_5_full_dsp_1_U93/node_0_0_hadd_16ns_16ns_16_5_full_dsp_1_ip_u/U0/i_synth/ADDSUB_OP.ADDSUB/DSP.OP/DSP48E1_BODY_HP.ALIGN_ADD/DSP2/i_no_versal_es1_workaround.DSP/DSP_M_DATA_INST      | ARITHMETIC.DSP.DSP48E2 |
    | hadd_16ns_16ns_16_5_full_dsp_1_U93/node_0_0_hadd_16ns_16ns_16_5_full_dsp_1_ip_u/U0/i_synth/ADDSUB_OP.ADDSUB/DSP.OP/DSP48E1_BODY_HP.ALIGN_ADD/DSP2/i_no_versal_es1_workaround.DSP/DSP_ALU_INST         | ARITHMETIC.DSP.DSP48E2 |
    | hadd_16ns_16ns_16_5_full_dsp_1_U93/node_0_0_hadd_16ns_16ns_16_5_full_dsp_1_ip_u/U0/i_synth/ADDSUB_OP.ADDSUB/DSP.OP/DSP48E1_BODY_HP.ALIGN_ADD/DSP2/i_no_versal_es1_workaround.DSP/DSP_OUTPUT_INST      | ARITHMETIC.DSP.DSP48E2 |
    | hadd_16ns_16ns_16_5_full_dsp_1_U93/node_0_0_hadd_16ns_16ns_16_5_full_dsp_1_ip_u/U0/i_synth/ADDSUB_OP.ADDSUB/DSP.OP/B_IP_DELAY/i_pipe/opt_has_pipe.first_q_reg[6]                                      | REGISTER.SDR.FDRE      |
    | hadd_16ns_16ns_16_5_full_dsp_1_U93/node_0_0_hadd_16ns_16ns_16_5_full_dsp_1_ip_u/U0/i_synth/ADDSUB_OP.ADDSUB/DSP.OP/DSP48E1_BODY_HP.ALIGN_ADD/DSP2/i_no_versal_es1_workaround.DSP/DSP_A_B_DATA_INST    | ARITHMETIC.DSP.DSP48E2 |
    | hadd_16ns_16ns_16_5_full_dsp_1_U93/node_0_0_hadd_16ns_16ns_16_5_full_dsp_1_ip_u/U0/i_synth/ADDSUB_OP.ADDSUB/DSP.OP/DSP48E1_BODY_HP.ALIGN_ADD/DSP2/i_no_versal_es1_workaround.DSP/DSP_PREADD_DATA_INST | ARITHMETIC.DSP.DSP48E2 |
    | hadd_16ns_16ns_16_5_full_dsp_1_U93/node_0_0_hadd_16ns_16ns_16_5_full_dsp_1_ip_u/U0/i_synth/ADDSUB_OP.ADDSUB/DSP.OP/DSP48E1_BODY_HP.ALIGN_ADD/DSP2/i_no_versal_es1_workaround.DSP/DSP_PREADD_INST      | ARITHMETIC.DSP.DSP48E2 |
    | hadd_16ns_16ns_16_5_full_dsp_1_U93/node_0_0_hadd_16ns_16ns_16_5_full_dsp_1_ip_u/U0/i_synth/ADDSUB_OP.ADDSUB/DSP.OP/DSP48E1_BODY_HP.ALIGN_ADD/DSP2/i_no_versal_es1_workaround.DSP/DSP_MULTIPLIER_INST  | ARITHMETIC.DSP.DSP48E2 |
    | hadd_16ns_16ns_16_5_full_dsp_1_U93/node_0_0_hadd_16ns_16ns_16_5_full_dsp_1_ip_u/U0/i_synth/ADDSUB_OP.ADDSUB/DSP.OP/DSP48E1_BODY_HP.ALIGN_ADD/DSP2/i_no_versal_es1_workaround.DSP/DSP_M_DATA_INST      | ARITHMETIC.DSP.DSP48E2 |
    | hadd_16ns_16ns_16_5_full_dsp_1_U93/node_0_0_hadd_16ns_16ns_16_5_full_dsp_1_ip_u/U0/i_synth/ADDSUB_OP.ADDSUB/DSP.OP/DSP48E1_BODY_HP.ALIGN_ADD/DSP2/i_no_versal_es1_workaround.DSP/DSP_ALU_INST         | ARITHMETIC.DSP.DSP48E2 |
    | hadd_16ns_16ns_16_5_full_dsp_1_U93/node_0_0_hadd_16ns_16ns_16_5_full_dsp_1_ip_u/U0/i_synth/ADDSUB_OP.ADDSUB/DSP.OP/DSP48E1_BODY_HP.ALIGN_ADD/DSP2/i_no_versal_es1_workaround.DSP/DSP_OUTPUT_INST      | ARITHMETIC.DSP.DSP48E2 |
    | hadd_16ns_16ns_16_5_full_dsp_1_U93/node_0_0_hadd_16ns_16ns_16_5_full_dsp_1_ip_u/U0/i_synth/ADDSUB_OP.ADDSUB/DSP.OP/B_IP_DELAY/i_pipe/opt_has_pipe.first_q_reg[6]                                      | REGISTER.SDR.FDRE      |
    | hadd_16ns_16ns_16_5_full_dsp_1_U93/node_0_0_hadd_16ns_16ns_16_5_full_dsp_1_ip_u/U0/i_synth/ADDSUB_OP.ADDSUB/DSP.OP/DSP48E1_BODY_HP.ALIGN_ADD/DSP2/i_no_versal_es1_workaround.DSP/DSP_A_B_DATA_INST    | ARITHMETIC.DSP.DSP48E2 |
    | hadd_16ns_16ns_16_5_full_dsp_1_U93/node_0_0_hadd_16ns_16ns_16_5_full_dsp_1_ip_u/U0/i_synth/ADDSUB_OP.ADDSUB/DSP.OP/DSP48E1_BODY_HP.ALIGN_ADD/DSP2/i_no_versal_es1_workaround.DSP/DSP_PREADD_DATA_INST | ARITHMETIC.DSP.DSP48E2 |
    | hadd_16ns_16ns_16_5_full_dsp_1_U93/node_0_0_hadd_16ns_16ns_16_5_full_dsp_1_ip_u/U0/i_synth/ADDSUB_OP.ADDSUB/DSP.OP/DSP48E1_BODY_HP.ALIGN_ADD/DSP2/i_no_versal_es1_workaround.DSP/DSP_PREADD_INST      | ARITHMETIC.DSP.DSP48E2 |
    | hadd_16ns_16ns_16_5_full_dsp_1_U93/node_0_0_hadd_16ns_16ns_16_5_full_dsp_1_ip_u/U0/i_synth/ADDSUB_OP.ADDSUB/DSP.OP/DSP48E1_BODY_HP.ALIGN_ADD/DSP2/i_no_versal_es1_workaround.DSP/DSP_MULTIPLIER_INST  | ARITHMETIC.DSP.DSP48E2 |
    | hadd_16ns_16ns_16_5_full_dsp_1_U93/node_0_0_hadd_16ns_16ns_16_5_full_dsp_1_ip_u/U0/i_synth/ADDSUB_OP.ADDSUB/DSP.OP/DSP48E1_BODY_HP.ALIGN_ADD/DSP2/i_no_versal_es1_workaround.DSP/DSP_M_DATA_INST      | ARITHMETIC.DSP.DSP48E2 |
    | hadd_16ns_16ns_16_5_full_dsp_1_U93/node_0_0_hadd_16ns_16ns_16_5_full_dsp_1_ip_u/U0/i_synth/ADDSUB_OP.ADDSUB/DSP.OP/DSP48E1_BODY_HP.ALIGN_ADD/DSP2/i_no_versal_es1_workaround.DSP/DSP_ALU_INST         | ARITHMETIC.DSP.DSP48E2 |
    | hadd_16ns_16ns_16_5_full_dsp_1_U93/node_0_0_hadd_16ns_16ns_16_5_full_dsp_1_ip_u/U0/i_synth/ADDSUB_OP.ADDSUB/DSP.OP/DSP48E1_BODY_HP.ALIGN_ADD/DSP2/i_no_versal_es1_workaround.DSP/DSP_OUTPUT_INST      | ARITHMETIC.DSP.DSP48E2 |
    +-------------------------------------------------------------------------------------------------------------------------------------------------------------------------------------------------------+------------------------+

    +-------------------------------------------------------------------------------------------------------------------------------------------------------------------------------------------------------+------------------------+
    | Path4 Cells                                                                                                                                                                                           | Primitive Type         |
    +-------------------------------------------------------------------------------------------------------------------------------------------------------------------------------------------------------+------------------------+
    | hadd_16ns_16ns_16_5_full_dsp_1_U93/node_0_0_hadd_16ns_16ns_16_5_full_dsp_1_ip_u/U0/i_synth/ADDSUB_OP.ADDSUB/DSP.OP/B_IP_DELAY/i_pipe/opt_has_pipe.first_q_reg[6]                                      | REGISTER.SDR.FDRE      |
    | hadd_16ns_16ns_16_5_full_dsp_1_U93/node_0_0_hadd_16ns_16ns_16_5_full_dsp_1_ip_u/U0/i_synth/ADDSUB_OP.ADDSUB/DSP.OP/DSP48E1_BODY_HP.ALIGN_ADD/DSP2/i_no_versal_es1_workaround.DSP/DSP_A_B_DATA_INST    | ARITHMETIC.DSP.DSP48E2 |
    | hadd_16ns_16ns_16_5_full_dsp_1_U93/node_0_0_hadd_16ns_16ns_16_5_full_dsp_1_ip_u/U0/i_synth/ADDSUB_OP.ADDSUB/DSP.OP/DSP48E1_BODY_HP.ALIGN_ADD/DSP2/i_no_versal_es1_workaround.DSP/DSP_PREADD_DATA_INST | ARITHMETIC.DSP.DSP48E2 |
    | hadd_16ns_16ns_16_5_full_dsp_1_U93/node_0_0_hadd_16ns_16ns_16_5_full_dsp_1_ip_u/U0/i_synth/ADDSUB_OP.ADDSUB/DSP.OP/DSP48E1_BODY_HP.ALIGN_ADD/DSP2/i_no_versal_es1_workaround.DSP/DSP_PREADD_INST      | ARITHMETIC.DSP.DSP48E2 |
    | hadd_16ns_16ns_16_5_full_dsp_1_U93/node_0_0_hadd_16ns_16ns_16_5_full_dsp_1_ip_u/U0/i_synth/ADDSUB_OP.ADDSUB/DSP.OP/DSP48E1_BODY_HP.ALIGN_ADD/DSP2/i_no_versal_es1_workaround.DSP/DSP_MULTIPLIER_INST  | ARITHMETIC.DSP.DSP48E2 |
    | hadd_16ns_16ns_16_5_full_dsp_1_U93/node_0_0_hadd_16ns_16ns_16_5_full_dsp_1_ip_u/U0/i_synth/ADDSUB_OP.ADDSUB/DSP.OP/DSP48E1_BODY_HP.ALIGN_ADD/DSP2/i_no_versal_es1_workaround.DSP/DSP_M_DATA_INST      | ARITHMETIC.DSP.DSP48E2 |
    | hadd_16ns_16ns_16_5_full_dsp_1_U93/node_0_0_hadd_16ns_16ns_16_5_full_dsp_1_ip_u/U0/i_synth/ADDSUB_OP.ADDSUB/DSP.OP/DSP48E1_BODY_HP.ALIGN_ADD/DSP2/i_no_versal_es1_workaround.DSP/DSP_ALU_INST         | ARITHMETIC.DSP.DSP48E2 |
    | hadd_16ns_16ns_16_5_full_dsp_1_U93/node_0_0_hadd_16ns_16ns_16_5_full_dsp_1_ip_u/U0/i_synth/ADDSUB_OP.ADDSUB/DSP.OP/DSP48E1_BODY_HP.ALIGN_ADD/DSP2/i_no_versal_es1_workaround.DSP/DSP_OUTPUT_INST      | ARITHMETIC.DSP.DSP48E2 |
    | hadd_16ns_16ns_16_5_full_dsp_1_U93/node_0_0_hadd_16ns_16ns_16_5_full_dsp_1_ip_u/U0/i_synth/ADDSUB_OP.ADDSUB/DSP.OP/B_IP_DELAY/i_pipe/opt_has_pipe.first_q_reg[6]                                      | REGISTER.SDR.FDRE      |
    | hadd_16ns_16ns_16_5_full_dsp_1_U93/node_0_0_hadd_16ns_16ns_16_5_full_dsp_1_ip_u/U0/i_synth/ADDSUB_OP.ADDSUB/DSP.OP/DSP48E1_BODY_HP.ALIGN_ADD/DSP2/i_no_versal_es1_workaround.DSP/DSP_A_B_DATA_INST    | ARITHMETIC.DSP.DSP48E2 |
    | hadd_16ns_16ns_16_5_full_dsp_1_U93/node_0_0_hadd_16ns_16ns_16_5_full_dsp_1_ip_u/U0/i_synth/ADDSUB_OP.ADDSUB/DSP.OP/DSP48E1_BODY_HP.ALIGN_ADD/DSP2/i_no_versal_es1_workaround.DSP/DSP_PREADD_DATA_INST | ARITHMETIC.DSP.DSP48E2 |
    | hadd_16ns_16ns_16_5_full_dsp_1_U93/node_0_0_hadd_16ns_16ns_16_5_full_dsp_1_ip_u/U0/i_synth/ADDSUB_OP.ADDSUB/DSP.OP/DSP48E1_BODY_HP.ALIGN_ADD/DSP2/i_no_versal_es1_workaround.DSP/DSP_PREADD_INST      | ARITHMETIC.DSP.DSP48E2 |
    | hadd_16ns_16ns_16_5_full_dsp_1_U93/node_0_0_hadd_16ns_16ns_16_5_full_dsp_1_ip_u/U0/i_synth/ADDSUB_OP.ADDSUB/DSP.OP/DSP48E1_BODY_HP.ALIGN_ADD/DSP2/i_no_versal_es1_workaround.DSP/DSP_MULTIPLIER_INST  | ARITHMETIC.DSP.DSP48E2 |
    | hadd_16ns_16ns_16_5_full_dsp_1_U93/node_0_0_hadd_16ns_16ns_16_5_full_dsp_1_ip_u/U0/i_synth/ADDSUB_OP.ADDSUB/DSP.OP/DSP48E1_BODY_HP.ALIGN_ADD/DSP2/i_no_versal_es1_workaround.DSP/DSP_M_DATA_INST      | ARITHMETIC.DSP.DSP48E2 |
    | hadd_16ns_16ns_16_5_full_dsp_1_U93/node_0_0_hadd_16ns_16ns_16_5_full_dsp_1_ip_u/U0/i_synth/ADDSUB_OP.ADDSUB/DSP.OP/DSP48E1_BODY_HP.ALIGN_ADD/DSP2/i_no_versal_es1_workaround.DSP/DSP_ALU_INST         | ARITHMETIC.DSP.DSP48E2 |
    | hadd_16ns_16ns_16_5_full_dsp_1_U93/node_0_0_hadd_16ns_16ns_16_5_full_dsp_1_ip_u/U0/i_synth/ADDSUB_OP.ADDSUB/DSP.OP/DSP48E1_BODY_HP.ALIGN_ADD/DSP2/i_no_versal_es1_workaround.DSP/DSP_OUTPUT_INST      | ARITHMETIC.DSP.DSP48E2 |
    | hadd_16ns_16ns_16_5_full_dsp_1_U93/node_0_0_hadd_16ns_16ns_16_5_full_dsp_1_ip_u/U0/i_synth/ADDSUB_OP.ADDSUB/DSP.OP/B_IP_DELAY/i_pipe/opt_has_pipe.first_q_reg[6]                                      | REGISTER.SDR.FDRE      |
    | hadd_16ns_16ns_16_5_full_dsp_1_U93/node_0_0_hadd_16ns_16ns_16_5_full_dsp_1_ip_u/U0/i_synth/ADDSUB_OP.ADDSUB/DSP.OP/DSP48E1_BODY_HP.ALIGN_ADD/DSP2/i_no_versal_es1_workaround.DSP/DSP_A_B_DATA_INST    | ARITHMETIC.DSP.DSP48E2 |
    | hadd_16ns_16ns_16_5_full_dsp_1_U93/node_0_0_hadd_16ns_16ns_16_5_full_dsp_1_ip_u/U0/i_synth/ADDSUB_OP.ADDSUB/DSP.OP/DSP48E1_BODY_HP.ALIGN_ADD/DSP2/i_no_versal_es1_workaround.DSP/DSP_PREADD_DATA_INST | ARITHMETIC.DSP.DSP48E2 |
    | hadd_16ns_16ns_16_5_full_dsp_1_U93/node_0_0_hadd_16ns_16ns_16_5_full_dsp_1_ip_u/U0/i_synth/ADDSUB_OP.ADDSUB/DSP.OP/DSP48E1_BODY_HP.ALIGN_ADD/DSP2/i_no_versal_es1_workaround.DSP/DSP_PREADD_INST      | ARITHMETIC.DSP.DSP48E2 |
    | hadd_16ns_16ns_16_5_full_dsp_1_U93/node_0_0_hadd_16ns_16ns_16_5_full_dsp_1_ip_u/U0/i_synth/ADDSUB_OP.ADDSUB/DSP.OP/DSP48E1_BODY_HP.ALIGN_ADD/DSP2/i_no_versal_es1_workaround.DSP/DSP_MULTIPLIER_INST  | ARITHMETIC.DSP.DSP48E2 |
    | hadd_16ns_16ns_16_5_full_dsp_1_U93/node_0_0_hadd_16ns_16ns_16_5_full_dsp_1_ip_u/U0/i_synth/ADDSUB_OP.ADDSUB/DSP.OP/DSP48E1_BODY_HP.ALIGN_ADD/DSP2/i_no_versal_es1_workaround.DSP/DSP_M_DATA_INST      | ARITHMETIC.DSP.DSP48E2 |
    | hadd_16ns_16ns_16_5_full_dsp_1_U93/node_0_0_hadd_16ns_16ns_16_5_full_dsp_1_ip_u/U0/i_synth/ADDSUB_OP.ADDSUB/DSP.OP/DSP48E1_BODY_HP.ALIGN_ADD/DSP2/i_no_versal_es1_workaround.DSP/DSP_ALU_INST         | ARITHMETIC.DSP.DSP48E2 |
    | hadd_16ns_16ns_16_5_full_dsp_1_U93/node_0_0_hadd_16ns_16ns_16_5_full_dsp_1_ip_u/U0/i_synth/ADDSUB_OP.ADDSUB/DSP.OP/DSP48E1_BODY_HP.ALIGN_ADD/DSP2/i_no_versal_es1_workaround.DSP/DSP_OUTPUT_INST      | ARITHMETIC.DSP.DSP48E2 |
    | hadd_16ns_16ns_16_5_full_dsp_1_U93/node_0_0_hadd_16ns_16ns_16_5_full_dsp_1_ip_u/U0/i_synth/ADDSUB_OP.ADDSUB/DSP.OP/B_IP_DELAY/i_pipe/opt_has_pipe.first_q_reg[6]                                      | REGISTER.SDR.FDRE      |
    | hadd_16ns_16ns_16_5_full_dsp_1_U93/node_0_0_hadd_16ns_16ns_16_5_full_dsp_1_ip_u/U0/i_synth/ADDSUB_OP.ADDSUB/DSP.OP/DSP48E1_BODY_HP.ALIGN_ADD/DSP2/i_no_versal_es1_workaround.DSP/DSP_A_B_DATA_INST    | ARITHMETIC.DSP.DSP48E2 |
    | hadd_16ns_16ns_16_5_full_dsp_1_U93/node_0_0_hadd_16ns_16ns_16_5_full_dsp_1_ip_u/U0/i_synth/ADDSUB_OP.ADDSUB/DSP.OP/DSP48E1_BODY_HP.ALIGN_ADD/DSP2/i_no_versal_es1_workaround.DSP/DSP_PREADD_DATA_INST | ARITHMETIC.DSP.DSP48E2 |
    | hadd_16ns_16ns_16_5_full_dsp_1_U93/node_0_0_hadd_16ns_16ns_16_5_full_dsp_1_ip_u/U0/i_synth/ADDSUB_OP.ADDSUB/DSP.OP/DSP48E1_BODY_HP.ALIGN_ADD/DSP2/i_no_versal_es1_workaround.DSP/DSP_PREADD_INST      | ARITHMETIC.DSP.DSP48E2 |
    | hadd_16ns_16ns_16_5_full_dsp_1_U93/node_0_0_hadd_16ns_16ns_16_5_full_dsp_1_ip_u/U0/i_synth/ADDSUB_OP.ADDSUB/DSP.OP/DSP48E1_BODY_HP.ALIGN_ADD/DSP2/i_no_versal_es1_workaround.DSP/DSP_MULTIPLIER_INST  | ARITHMETIC.DSP.DSP48E2 |
    | hadd_16ns_16ns_16_5_full_dsp_1_U93/node_0_0_hadd_16ns_16ns_16_5_full_dsp_1_ip_u/U0/i_synth/ADDSUB_OP.ADDSUB/DSP.OP/DSP48E1_BODY_HP.ALIGN_ADD/DSP2/i_no_versal_es1_workaround.DSP/DSP_M_DATA_INST      | ARITHMETIC.DSP.DSP48E2 |
    | hadd_16ns_16ns_16_5_full_dsp_1_U93/node_0_0_hadd_16ns_16ns_16_5_full_dsp_1_ip_u/U0/i_synth/ADDSUB_OP.ADDSUB/DSP.OP/DSP48E1_BODY_HP.ALIGN_ADD/DSP2/i_no_versal_es1_workaround.DSP/DSP_ALU_INST         | ARITHMETIC.DSP.DSP48E2 |
    | hadd_16ns_16ns_16_5_full_dsp_1_U93/node_0_0_hadd_16ns_16ns_16_5_full_dsp_1_ip_u/U0/i_synth/ADDSUB_OP.ADDSUB/DSP.OP/DSP48E1_BODY_HP.ALIGN_ADD/DSP2/i_no_versal_es1_workaround.DSP/DSP_OUTPUT_INST      | ARITHMETIC.DSP.DSP48E2 |
    | hadd_16ns_16ns_16_5_full_dsp_1_U93/node_0_0_hadd_16ns_16ns_16_5_full_dsp_1_ip_u/U0/i_synth/ADDSUB_OP.ADDSUB/DSP.OP/B_IP_DELAY/i_pipe/opt_has_pipe.first_q_reg[6]                                      | REGISTER.SDR.FDRE      |
    | hadd_16ns_16ns_16_5_full_dsp_1_U93/node_0_0_hadd_16ns_16ns_16_5_full_dsp_1_ip_u/U0/i_synth/ADDSUB_OP.ADDSUB/DSP.OP/DSP48E1_BODY_HP.ALIGN_ADD/DSP2/i_no_versal_es1_workaround.DSP/DSP_A_B_DATA_INST    | ARITHMETIC.DSP.DSP48E2 |
    | hadd_16ns_16ns_16_5_full_dsp_1_U93/node_0_0_hadd_16ns_16ns_16_5_full_dsp_1_ip_u/U0/i_synth/ADDSUB_OP.ADDSUB/DSP.OP/DSP48E1_BODY_HP.ALIGN_ADD/DSP2/i_no_versal_es1_workaround.DSP/DSP_PREADD_DATA_INST | ARITHMETIC.DSP.DSP48E2 |
    | hadd_16ns_16ns_16_5_full_dsp_1_U93/node_0_0_hadd_16ns_16ns_16_5_full_dsp_1_ip_u/U0/i_synth/ADDSUB_OP.ADDSUB/DSP.OP/DSP48E1_BODY_HP.ALIGN_ADD/DSP2/i_no_versal_es1_workaround.DSP/DSP_PREADD_INST      | ARITHMETIC.DSP.DSP48E2 |
    | hadd_16ns_16ns_16_5_full_dsp_1_U93/node_0_0_hadd_16ns_16ns_16_5_full_dsp_1_ip_u/U0/i_synth/ADDSUB_OP.ADDSUB/DSP.OP/DSP48E1_BODY_HP.ALIGN_ADD/DSP2/i_no_versal_es1_workaround.DSP/DSP_MULTIPLIER_INST  | ARITHMETIC.DSP.DSP48E2 |
    | hadd_16ns_16ns_16_5_full_dsp_1_U93/node_0_0_hadd_16ns_16ns_16_5_full_dsp_1_ip_u/U0/i_synth/ADDSUB_OP.ADDSUB/DSP.OP/DSP48E1_BODY_HP.ALIGN_ADD/DSP2/i_no_versal_es1_workaround.DSP/DSP_M_DATA_INST      | ARITHMETIC.DSP.DSP48E2 |
    | hadd_16ns_16ns_16_5_full_dsp_1_U93/node_0_0_hadd_16ns_16ns_16_5_full_dsp_1_ip_u/U0/i_synth/ADDSUB_OP.ADDSUB/DSP.OP/DSP48E1_BODY_HP.ALIGN_ADD/DSP2/i_no_versal_es1_workaround.DSP/DSP_ALU_INST         | ARITHMETIC.DSP.DSP48E2 |
    | hadd_16ns_16ns_16_5_full_dsp_1_U93/node_0_0_hadd_16ns_16ns_16_5_full_dsp_1_ip_u/U0/i_synth/ADDSUB_OP.ADDSUB/DSP.OP/DSP48E1_BODY_HP.ALIGN_ADD/DSP2/i_no_versal_es1_workaround.DSP/DSP_OUTPUT_INST      | ARITHMETIC.DSP.DSP48E2 |
    +-------------------------------------------------------------------------------------------------------------------------------------------------------------------------------------------------------+------------------------+

    +-------------------------------------------------------------------------------------------------------------------------------------------------------------------------------------------------------+------------------------+
    | Path5 Cells                                                                                                                                                                                           | Primitive Type         |
    +-------------------------------------------------------------------------------------------------------------------------------------------------------------------------------------------------------+------------------------+
    | hadd_16ns_16ns_16_5_full_dsp_1_U93/node_0_0_hadd_16ns_16ns_16_5_full_dsp_1_ip_u/U0/i_synth/ADDSUB_OP.ADDSUB/DSP.OP/B_IP_DELAY/i_pipe/opt_has_pipe.first_q_reg[6]                                      | REGISTER.SDR.FDRE      |
    | hadd_16ns_16ns_16_5_full_dsp_1_U93/node_0_0_hadd_16ns_16ns_16_5_full_dsp_1_ip_u/U0/i_synth/ADDSUB_OP.ADDSUB/DSP.OP/DSP48E1_BODY_HP.ALIGN_ADD/DSP2/i_no_versal_es1_workaround.DSP/DSP_A_B_DATA_INST    | ARITHMETIC.DSP.DSP48E2 |
    | hadd_16ns_16ns_16_5_full_dsp_1_U93/node_0_0_hadd_16ns_16ns_16_5_full_dsp_1_ip_u/U0/i_synth/ADDSUB_OP.ADDSUB/DSP.OP/DSP48E1_BODY_HP.ALIGN_ADD/DSP2/i_no_versal_es1_workaround.DSP/DSP_PREADD_DATA_INST | ARITHMETIC.DSP.DSP48E2 |
    | hadd_16ns_16ns_16_5_full_dsp_1_U93/node_0_0_hadd_16ns_16ns_16_5_full_dsp_1_ip_u/U0/i_synth/ADDSUB_OP.ADDSUB/DSP.OP/DSP48E1_BODY_HP.ALIGN_ADD/DSP2/i_no_versal_es1_workaround.DSP/DSP_PREADD_INST      | ARITHMETIC.DSP.DSP48E2 |
    | hadd_16ns_16ns_16_5_full_dsp_1_U93/node_0_0_hadd_16ns_16ns_16_5_full_dsp_1_ip_u/U0/i_synth/ADDSUB_OP.ADDSUB/DSP.OP/DSP48E1_BODY_HP.ALIGN_ADD/DSP2/i_no_versal_es1_workaround.DSP/DSP_MULTIPLIER_INST  | ARITHMETIC.DSP.DSP48E2 |
    | hadd_16ns_16ns_16_5_full_dsp_1_U93/node_0_0_hadd_16ns_16ns_16_5_full_dsp_1_ip_u/U0/i_synth/ADDSUB_OP.ADDSUB/DSP.OP/DSP48E1_BODY_HP.ALIGN_ADD/DSP2/i_no_versal_es1_workaround.DSP/DSP_M_DATA_INST      | ARITHMETIC.DSP.DSP48E2 |
    | hadd_16ns_16ns_16_5_full_dsp_1_U93/node_0_0_hadd_16ns_16ns_16_5_full_dsp_1_ip_u/U0/i_synth/ADDSUB_OP.ADDSUB/DSP.OP/DSP48E1_BODY_HP.ALIGN_ADD/DSP2/i_no_versal_es1_workaround.DSP/DSP_ALU_INST         | ARITHMETIC.DSP.DSP48E2 |
    | hadd_16ns_16ns_16_5_full_dsp_1_U93/node_0_0_hadd_16ns_16ns_16_5_full_dsp_1_ip_u/U0/i_synth/ADDSUB_OP.ADDSUB/DSP.OP/DSP48E1_BODY_HP.ALIGN_ADD/DSP2/i_no_versal_es1_workaround.DSP/DSP_OUTPUT_INST      | ARITHMETIC.DSP.DSP48E2 |
    | hadd_16ns_16ns_16_5_full_dsp_1_U93/node_0_0_hadd_16ns_16ns_16_5_full_dsp_1_ip_u/U0/i_synth/ADDSUB_OP.ADDSUB/DSP.OP/B_IP_DELAY/i_pipe/opt_has_pipe.first_q_reg[6]                                      | REGISTER.SDR.FDRE      |
    | hadd_16ns_16ns_16_5_full_dsp_1_U93/node_0_0_hadd_16ns_16ns_16_5_full_dsp_1_ip_u/U0/i_synth/ADDSUB_OP.ADDSUB/DSP.OP/DSP48E1_BODY_HP.ALIGN_ADD/DSP2/i_no_versal_es1_workaround.DSP/DSP_A_B_DATA_INST    | ARITHMETIC.DSP.DSP48E2 |
    | hadd_16ns_16ns_16_5_full_dsp_1_U93/node_0_0_hadd_16ns_16ns_16_5_full_dsp_1_ip_u/U0/i_synth/ADDSUB_OP.ADDSUB/DSP.OP/DSP48E1_BODY_HP.ALIGN_ADD/DSP2/i_no_versal_es1_workaround.DSP/DSP_PREADD_DATA_INST | ARITHMETIC.DSP.DSP48E2 |
    | hadd_16ns_16ns_16_5_full_dsp_1_U93/node_0_0_hadd_16ns_16ns_16_5_full_dsp_1_ip_u/U0/i_synth/ADDSUB_OP.ADDSUB/DSP.OP/DSP48E1_BODY_HP.ALIGN_ADD/DSP2/i_no_versal_es1_workaround.DSP/DSP_PREADD_INST      | ARITHMETIC.DSP.DSP48E2 |
    | hadd_16ns_16ns_16_5_full_dsp_1_U93/node_0_0_hadd_16ns_16ns_16_5_full_dsp_1_ip_u/U0/i_synth/ADDSUB_OP.ADDSUB/DSP.OP/DSP48E1_BODY_HP.ALIGN_ADD/DSP2/i_no_versal_es1_workaround.DSP/DSP_MULTIPLIER_INST  | ARITHMETIC.DSP.DSP48E2 |
    | hadd_16ns_16ns_16_5_full_dsp_1_U93/node_0_0_hadd_16ns_16ns_16_5_full_dsp_1_ip_u/U0/i_synth/ADDSUB_OP.ADDSUB/DSP.OP/DSP48E1_BODY_HP.ALIGN_ADD/DSP2/i_no_versal_es1_workaround.DSP/DSP_M_DATA_INST      | ARITHMETIC.DSP.DSP48E2 |
    | hadd_16ns_16ns_16_5_full_dsp_1_U93/node_0_0_hadd_16ns_16ns_16_5_full_dsp_1_ip_u/U0/i_synth/ADDSUB_OP.ADDSUB/DSP.OP/DSP48E1_BODY_HP.ALIGN_ADD/DSP2/i_no_versal_es1_workaround.DSP/DSP_ALU_INST         | ARITHMETIC.DSP.DSP48E2 |
    | hadd_16ns_16ns_16_5_full_dsp_1_U93/node_0_0_hadd_16ns_16ns_16_5_full_dsp_1_ip_u/U0/i_synth/ADDSUB_OP.ADDSUB/DSP.OP/DSP48E1_BODY_HP.ALIGN_ADD/DSP2/i_no_versal_es1_workaround.DSP/DSP_OUTPUT_INST      | ARITHMETIC.DSP.DSP48E2 |
    | hadd_16ns_16ns_16_5_full_dsp_1_U93/node_0_0_hadd_16ns_16ns_16_5_full_dsp_1_ip_u/U0/i_synth/ADDSUB_OP.ADDSUB/DSP.OP/B_IP_DELAY/i_pipe/opt_has_pipe.first_q_reg[6]                                      | REGISTER.SDR.FDRE      |
    | hadd_16ns_16ns_16_5_full_dsp_1_U93/node_0_0_hadd_16ns_16ns_16_5_full_dsp_1_ip_u/U0/i_synth/ADDSUB_OP.ADDSUB/DSP.OP/DSP48E1_BODY_HP.ALIGN_ADD/DSP2/i_no_versal_es1_workaround.DSP/DSP_A_B_DATA_INST    | ARITHMETIC.DSP.DSP48E2 |
    | hadd_16ns_16ns_16_5_full_dsp_1_U93/node_0_0_hadd_16ns_16ns_16_5_full_dsp_1_ip_u/U0/i_synth/ADDSUB_OP.ADDSUB/DSP.OP/DSP48E1_BODY_HP.ALIGN_ADD/DSP2/i_no_versal_es1_workaround.DSP/DSP_PREADD_DATA_INST | ARITHMETIC.DSP.DSP48E2 |
    | hadd_16ns_16ns_16_5_full_dsp_1_U93/node_0_0_hadd_16ns_16ns_16_5_full_dsp_1_ip_u/U0/i_synth/ADDSUB_OP.ADDSUB/DSP.OP/DSP48E1_BODY_HP.ALIGN_ADD/DSP2/i_no_versal_es1_workaround.DSP/DSP_PREADD_INST      | ARITHMETIC.DSP.DSP48E2 |
    | hadd_16ns_16ns_16_5_full_dsp_1_U93/node_0_0_hadd_16ns_16ns_16_5_full_dsp_1_ip_u/U0/i_synth/ADDSUB_OP.ADDSUB/DSP.OP/DSP48E1_BODY_HP.ALIGN_ADD/DSP2/i_no_versal_es1_workaround.DSP/DSP_MULTIPLIER_INST  | ARITHMETIC.DSP.DSP48E2 |
    | hadd_16ns_16ns_16_5_full_dsp_1_U93/node_0_0_hadd_16ns_16ns_16_5_full_dsp_1_ip_u/U0/i_synth/ADDSUB_OP.ADDSUB/DSP.OP/DSP48E1_BODY_HP.ALIGN_ADD/DSP2/i_no_versal_es1_workaround.DSP/DSP_M_DATA_INST      | ARITHMETIC.DSP.DSP48E2 |
    | hadd_16ns_16ns_16_5_full_dsp_1_U93/node_0_0_hadd_16ns_16ns_16_5_full_dsp_1_ip_u/U0/i_synth/ADDSUB_OP.ADDSUB/DSP.OP/DSP48E1_BODY_HP.ALIGN_ADD/DSP2/i_no_versal_es1_workaround.DSP/DSP_ALU_INST         | ARITHMETIC.DSP.DSP48E2 |
    | hadd_16ns_16ns_16_5_full_dsp_1_U93/node_0_0_hadd_16ns_16ns_16_5_full_dsp_1_ip_u/U0/i_synth/ADDSUB_OP.ADDSUB/DSP.OP/DSP48E1_BODY_HP.ALIGN_ADD/DSP2/i_no_versal_es1_workaround.DSP/DSP_OUTPUT_INST      | ARITHMETIC.DSP.DSP48E2 |
    | hadd_16ns_16ns_16_5_full_dsp_1_U93/node_0_0_hadd_16ns_16ns_16_5_full_dsp_1_ip_u/U0/i_synth/ADDSUB_OP.ADDSUB/DSP.OP/B_IP_DELAY/i_pipe/opt_has_pipe.first_q_reg[6]                                      | REGISTER.SDR.FDRE      |
    | hadd_16ns_16ns_16_5_full_dsp_1_U93/node_0_0_hadd_16ns_16ns_16_5_full_dsp_1_ip_u/U0/i_synth/ADDSUB_OP.ADDSUB/DSP.OP/DSP48E1_BODY_HP.ALIGN_ADD/DSP2/i_no_versal_es1_workaround.DSP/DSP_A_B_DATA_INST    | ARITHMETIC.DSP.DSP48E2 |
    | hadd_16ns_16ns_16_5_full_dsp_1_U93/node_0_0_hadd_16ns_16ns_16_5_full_dsp_1_ip_u/U0/i_synth/ADDSUB_OP.ADDSUB/DSP.OP/DSP48E1_BODY_HP.ALIGN_ADD/DSP2/i_no_versal_es1_workaround.DSP/DSP_PREADD_DATA_INST | ARITHMETIC.DSP.DSP48E2 |
    | hadd_16ns_16ns_16_5_full_dsp_1_U93/node_0_0_hadd_16ns_16ns_16_5_full_dsp_1_ip_u/U0/i_synth/ADDSUB_OP.ADDSUB/DSP.OP/DSP48E1_BODY_HP.ALIGN_ADD/DSP2/i_no_versal_es1_workaround.DSP/DSP_PREADD_INST      | ARITHMETIC.DSP.DSP48E2 |
    | hadd_16ns_16ns_16_5_full_dsp_1_U93/node_0_0_hadd_16ns_16ns_16_5_full_dsp_1_ip_u/U0/i_synth/ADDSUB_OP.ADDSUB/DSP.OP/DSP48E1_BODY_HP.ALIGN_ADD/DSP2/i_no_versal_es1_workaround.DSP/DSP_MULTIPLIER_INST  | ARITHMETIC.DSP.DSP48E2 |
    | hadd_16ns_16ns_16_5_full_dsp_1_U93/node_0_0_hadd_16ns_16ns_16_5_full_dsp_1_ip_u/U0/i_synth/ADDSUB_OP.ADDSUB/DSP.OP/DSP48E1_BODY_HP.ALIGN_ADD/DSP2/i_no_versal_es1_workaround.DSP/DSP_M_DATA_INST      | ARITHMETIC.DSP.DSP48E2 |
    | hadd_16ns_16ns_16_5_full_dsp_1_U93/node_0_0_hadd_16ns_16ns_16_5_full_dsp_1_ip_u/U0/i_synth/ADDSUB_OP.ADDSUB/DSP.OP/DSP48E1_BODY_HP.ALIGN_ADD/DSP2/i_no_versal_es1_workaround.DSP/DSP_ALU_INST         | ARITHMETIC.DSP.DSP48E2 |
    | hadd_16ns_16ns_16_5_full_dsp_1_U93/node_0_0_hadd_16ns_16ns_16_5_full_dsp_1_ip_u/U0/i_synth/ADDSUB_OP.ADDSUB/DSP.OP/DSP48E1_BODY_HP.ALIGN_ADD/DSP2/i_no_versal_es1_workaround.DSP/DSP_OUTPUT_INST      | ARITHMETIC.DSP.DSP48E2 |
    | hadd_16ns_16ns_16_5_full_dsp_1_U93/node_0_0_hadd_16ns_16ns_16_5_full_dsp_1_ip_u/U0/i_synth/ADDSUB_OP.ADDSUB/DSP.OP/B_IP_DELAY/i_pipe/opt_has_pipe.first_q_reg[6]                                      | REGISTER.SDR.FDRE      |
    | hadd_16ns_16ns_16_5_full_dsp_1_U93/node_0_0_hadd_16ns_16ns_16_5_full_dsp_1_ip_u/U0/i_synth/ADDSUB_OP.ADDSUB/DSP.OP/DSP48E1_BODY_HP.ALIGN_ADD/DSP2/i_no_versal_es1_workaround.DSP/DSP_A_B_DATA_INST    | ARITHMETIC.DSP.DSP48E2 |
    | hadd_16ns_16ns_16_5_full_dsp_1_U93/node_0_0_hadd_16ns_16ns_16_5_full_dsp_1_ip_u/U0/i_synth/ADDSUB_OP.ADDSUB/DSP.OP/DSP48E1_BODY_HP.ALIGN_ADD/DSP2/i_no_versal_es1_workaround.DSP/DSP_PREADD_DATA_INST | ARITHMETIC.DSP.DSP48E2 |
    | hadd_16ns_16ns_16_5_full_dsp_1_U93/node_0_0_hadd_16ns_16ns_16_5_full_dsp_1_ip_u/U0/i_synth/ADDSUB_OP.ADDSUB/DSP.OP/DSP48E1_BODY_HP.ALIGN_ADD/DSP2/i_no_versal_es1_workaround.DSP/DSP_PREADD_INST      | ARITHMETIC.DSP.DSP48E2 |
    | hadd_16ns_16ns_16_5_full_dsp_1_U93/node_0_0_hadd_16ns_16ns_16_5_full_dsp_1_ip_u/U0/i_synth/ADDSUB_OP.ADDSUB/DSP.OP/DSP48E1_BODY_HP.ALIGN_ADD/DSP2/i_no_versal_es1_workaround.DSP/DSP_MULTIPLIER_INST  | ARITHMETIC.DSP.DSP48E2 |
    | hadd_16ns_16ns_16_5_full_dsp_1_U93/node_0_0_hadd_16ns_16ns_16_5_full_dsp_1_ip_u/U0/i_synth/ADDSUB_OP.ADDSUB/DSP.OP/DSP48E1_BODY_HP.ALIGN_ADD/DSP2/i_no_versal_es1_workaround.DSP/DSP_M_DATA_INST      | ARITHMETIC.DSP.DSP48E2 |
    | hadd_16ns_16ns_16_5_full_dsp_1_U93/node_0_0_hadd_16ns_16ns_16_5_full_dsp_1_ip_u/U0/i_synth/ADDSUB_OP.ADDSUB/DSP.OP/DSP48E1_BODY_HP.ALIGN_ADD/DSP2/i_no_versal_es1_workaround.DSP/DSP_ALU_INST         | ARITHMETIC.DSP.DSP48E2 |
    | hadd_16ns_16ns_16_5_full_dsp_1_U93/node_0_0_hadd_16ns_16ns_16_5_full_dsp_1_ip_u/U0/i_synth/ADDSUB_OP.ADDSUB/DSP.OP/DSP48E1_BODY_HP.ALIGN_ADD/DSP2/i_no_versal_es1_workaround.DSP/DSP_OUTPUT_INST      | ARITHMETIC.DSP.DSP48E2 |
    +-------------------------------------------------------------------------------------------------------------------------------------------------------------------------------------------------------+------------------------+


================================================================
== Place & Route Vivado Reports
================================================================
+--------------------------+------------------------------------------------------------------+
| Report Type              | Report Location                                                  |
+--------------------------+------------------------------------------------------------------+
| design_analysis          | impl/verilog/report/node_0_0_design_analysis_routed.rpt          |
| failfast                 | impl/verilog/report/node_0_0_failfast_routed.rpt                 |
| power                    | impl/verilog/report/node_0_0_power_routed.rpt                    |
| status                   | impl/verilog/report/node_0_0_status_routed.rpt                   |
| timing                   | impl/verilog/report/node_0_0_timing_routed.rpt                   |
| timing_paths             | impl/verilog/report/node_0_0_timing_paths_routed.rpt             |
| utilization              | impl/verilog/report/node_0_0_utilization_routed.rpt              |
| utilization_hierarchical | impl/verilog/report/node_0_0_utilization_hierarchical_routed.rpt |
+--------------------------+------------------------------------------------------------------+


