Copyright 1986-2022 Xilinx, Inc. All Rights Reserved. Copyright 2022-2025 Advanced Micro Devices, Inc. All Rights Reserved.
--------------------------------------------------------------------------------------------------------------------------------------------------
| Tool Version      : Vivado v.2025.1 (lin64) Build 6140274 Wed May 21 22:58:25 MDT 2025
| Date              : Wed Jul 22 12:57:25 2026
| Host              : zhang-21.ece.cornell.edu running 64-bit Red Hat Enterprise Linux release 8.10 (Ootpa)
| Command           : report_timing -max_paths 10 -file ./report/node_0_0_timing_paths_synth.rpt
| Design            : bd_0_wrapper
| Device            : xczu7ev-ffvc1156
| Speed File        : -2  PRODUCTION 1.30 05-15-2022
| Design State      : Synthesized
| Temperature Grade : E
--------------------------------------------------------------------------------------------------------------------------------------------------

Timing Report

Slack (MET) :             0.710ns  (required time - arrival time)
  Source:                 <hidden>
                            (rising edge-triggered cell DSP_OUTPUT clocked by ap_clk  {rise@0.000ns fall@1.665ns period=3.330ns})
  Destination:            <hidden>
                            (rising edge-triggered cell FDRE clocked by ap_clk  {rise@0.000ns fall@1.665ns period=3.330ns})
  Path Group:             ap_clk
  Path Type:              Setup (Max at Slow Process Corner)
  Requirement:            3.330ns  (ap_clk rise@3.330ns - ap_clk rise@0.000ns)
  Data Path Delay:        2.571ns  (logic 1.160ns (45.119%)  route 1.411ns (54.881%))
  Logic Levels:           9  (CARRY8=2 LUT2=1 LUT3=1 LUT5=2 LUT6=3)
  Clock Path Skew:        -0.039ns (DCD - SCD + CPR)
    Destination Clock Delay (DCD):    0.021ns = ( 3.351 - 3.330 ) 
    Source Clock Delay      (SCD):    0.060ns
    Clock Pessimism Removal (CPR):    0.000ns
  Clock Uncertainty:      0.035ns  ((TSJ^2 + TIJ^2)^1/2 + DJ) / 2 + PE
    Total System Jitter     (TSJ):    0.071ns
    Total Input Jitter      (TIJ):    0.000ns
    Discrete Jitter          (DJ):    0.000ns
    Phase Error              (PE):    0.000ns

    Location             Delay type                Incr(ns)  Path(ns)    Netlist Resource(s)
  -------------------------------------------------------------------    -------------------
                         (clock ap_clk rise edge)     0.000     0.000 r  
                                                      0.000     0.000 r  ap_clk (IN)
                         net (fo=1748, unset)         0.060     0.060    <hidden>
                         DSP_OUTPUT                                   r  <hidden>
  -------------------------------------------------------------------    -------------------
                         DSP_OUTPUT (Prop_DSP_OUTPUT_CLK_P[24])
                                                      0.277     0.337 f  <hidden>
                         net (fo=9, unplaced)         0.201     0.538    <hidden>
                         LUT5 (Prop_LUT5_I2_O)        0.089     0.627 r  <hidden>
                         net (fo=1, unplaced)         0.023     0.650    <hidden>
                         CARRY8 (Prop_CARRY8_S[1]_CO[3])
                                                      0.184     0.834 r  <hidden>
                         net (fo=9, unplaced)         0.168     1.002    <hidden>
                         LUT3 (Prop_LUT3_I1_O)        0.053     1.055 r  <hidden>
                         net (fo=3, unplaced)         0.192     1.247    <hidden>
                         LUT6 (Prop_LUT6_I3_O)        0.038     1.285 f  <hidden>
                         net (fo=2, unplaced)         0.186     1.471    <hidden>
                         LUT5 (Prop_LUT5_I4_O)        0.070     1.541 r  <hidden>
                         net (fo=3, unplaced)         0.225     1.766    <hidden>
                         LUT6 (Prop_LUT6_I4_O)        0.037     1.803 r  <hidden>
                         net (fo=1, unplaced)         0.023     1.826    <hidden>
                         CARRY8 (Prop_CARRY8_S[1]_O[6])
                                                      0.224     2.050 f  <hidden>
                         net (fo=3, unplaced)         0.159     2.209    <hidden>
                         LUT6 (Prop_LUT6_I0_O)        0.150     2.359 r  <hidden>
                         net (fo=2, unplaced)         0.186     2.545    <hidden>
                         LUT2 (Prop_LUT2_I0_O)        0.038     2.583 r  <hidden>
                         net (fo=1, unplaced)         0.048     2.631    <hidden>
                         FDRE                                         r  <hidden>
  -------------------------------------------------------------------    -------------------

                         (clock ap_clk rise edge)     3.330     3.330 r  
                                                      0.000     3.330 r  ap_clk (IN)
                         net (fo=1748, unset)         0.021     3.351    <hidden>
                         FDRE                                         r  <hidden>
                         clock pessimism              0.000     3.351    
                         clock uncertainty           -0.035     3.316    
                         FDRE (Setup_FDRE_C_D)        0.025     3.341    <hidden>
  -------------------------------------------------------------------
                         required time                          3.341    
                         arrival time                          -2.631    
  -------------------------------------------------------------------
                         slack                                  0.710    

Slack (MET) :             0.710ns  (required time - arrival time)
  Source:                 <hidden>
                            (rising edge-triggered cell DSP_OUTPUT clocked by ap_clk  {rise@0.000ns fall@1.665ns period=3.330ns})
  Destination:            <hidden>
                            (rising edge-triggered cell FDRE clocked by ap_clk  {rise@0.000ns fall@1.665ns period=3.330ns})
  Path Group:             ap_clk
  Path Type:              Setup (Max at Slow Process Corner)
  Requirement:            3.330ns  (ap_clk rise@3.330ns - ap_clk rise@0.000ns)
  Data Path Delay:        2.571ns  (logic 1.160ns (45.119%)  route 1.411ns (54.881%))
  Logic Levels:           9  (CARRY8=2 LUT2=1 LUT3=1 LUT5=2 LUT6=3)
  Clock Path Skew:        -0.039ns (DCD - SCD + CPR)
    Destination Clock Delay (DCD):    0.021ns = ( 3.351 - 3.330 ) 
    Source Clock Delay      (SCD):    0.060ns
    Clock Pessimism Removal (CPR):    0.000ns
  Clock Uncertainty:      0.035ns  ((TSJ^2 + TIJ^2)^1/2 + DJ) / 2 + PE
    Total System Jitter     (TSJ):    0.071ns
    Total Input Jitter      (TIJ):    0.000ns
    Discrete Jitter          (DJ):    0.000ns
    Phase Error              (PE):    0.000ns

    Location             Delay type                Incr(ns)  Path(ns)    Netlist Resource(s)
  -------------------------------------------------------------------    -------------------
                         (clock ap_clk rise edge)     0.000     0.000 r  
                                                      0.000     0.000 r  ap_clk (IN)
                         net (fo=1748, unset)         0.060     0.060    <hidden>
                         DSP_OUTPUT                                   r  <hidden>
  -------------------------------------------------------------------    -------------------
                         DSP_OUTPUT (Prop_DSP_OUTPUT_CLK_P[24])
                                                      0.277     0.337 f  <hidden>
                         net (fo=9, unplaced)         0.201     0.538    <hidden>
                         LUT5 (Prop_LUT5_I2_O)        0.089     0.627 r  <hidden>
                         net (fo=1, unplaced)         0.023     0.650    <hidden>
                         CARRY8 (Prop_CARRY8_S[1]_CO[3])
                                                      0.184     0.834 r  <hidden>
                         net (fo=9, unplaced)         0.168     1.002    <hidden>
                         LUT3 (Prop_LUT3_I1_O)        0.053     1.055 r  <hidden>
                         net (fo=3, unplaced)         0.192     1.247    <hidden>
                         LUT6 (Prop_LUT6_I3_O)        0.038     1.285 f  <hidden>
                         net (fo=2, unplaced)         0.186     1.471    <hidden>
                         LUT5 (Prop_LUT5_I4_O)        0.070     1.541 r  <hidden>
                         net (fo=3, unplaced)         0.225     1.766    <hidden>
                         LUT6 (Prop_LUT6_I4_O)        0.037     1.803 r  <hidden>
                         net (fo=1, unplaced)         0.023     1.826    <hidden>
                         CARRY8 (Prop_CARRY8_S[1]_O[6])
                                                      0.224     2.050 f  <hidden>
                         net (fo=3, unplaced)         0.159     2.209    <hidden>
                         LUT6 (Prop_LUT6_I0_O)        0.150     2.359 r  <hidden>
                         net (fo=2, unplaced)         0.186     2.545    <hidden>
                         LUT2 (Prop_LUT2_I0_O)        0.038     2.583 r  <hidden>
                         net (fo=1, unplaced)         0.048     2.631    <hidden>
                         FDRE                                         r  <hidden>
  -------------------------------------------------------------------    -------------------

                         (clock ap_clk rise edge)     3.330     3.330 r  
                                                      0.000     3.330 r  ap_clk (IN)
                         net (fo=1748, unset)         0.021     3.351    <hidden>
                         FDRE                                         r  <hidden>
                         clock pessimism              0.000     3.351    
                         clock uncertainty           -0.035     3.316    
                         FDRE (Setup_FDRE_C_D)        0.025     3.341    <hidden>
  -------------------------------------------------------------------
                         required time                          3.341    
                         arrival time                          -2.631    
  -------------------------------------------------------------------
                         slack                                  0.710    

Slack (MET) :             0.710ns  (required time - arrival time)
  Source:                 <hidden>
                            (rising edge-triggered cell DSP_OUTPUT clocked by ap_clk  {rise@0.000ns fall@1.665ns period=3.330ns})
  Destination:            <hidden>
                            (rising edge-triggered cell FDRE clocked by ap_clk  {rise@0.000ns fall@1.665ns period=3.330ns})
  Path Group:             ap_clk
  Path Type:              Setup (Max at Slow Process Corner)
  Requirement:            3.330ns  (ap_clk rise@3.330ns - ap_clk rise@0.000ns)
  Data Path Delay:        2.571ns  (logic 1.160ns (45.119%)  route 1.411ns (54.881%))
  Logic Levels:           9  (CARRY8=2 LUT2=1 LUT3=1 LUT5=2 LUT6=3)
  Clock Path Skew:        -0.039ns (DCD - SCD + CPR)
    Destination Clock Delay (DCD):    0.021ns = ( 3.351 - 3.330 ) 
    Source Clock Delay      (SCD):    0.060ns
    Clock Pessimism Removal (CPR):    0.000ns
  Clock Uncertainty:      0.035ns  ((TSJ^2 + TIJ^2)^1/2 + DJ) / 2 + PE
    Total System Jitter     (TSJ):    0.071ns
    Total Input Jitter      (TIJ):    0.000ns
    Discrete Jitter          (DJ):    0.000ns
    Phase Error              (PE):    0.000ns

    Location             Delay type                Incr(ns)  Path(ns)    Netlist Resource(s)
  -------------------------------------------------------------------    -------------------
                         (clock ap_clk rise edge)     0.000     0.000 r  
                                                      0.000     0.000 r  ap_clk (IN)
                         net (fo=1748, unset)         0.060     0.060    <hidden>
                         DSP_OUTPUT                                   r  <hidden>
  -------------------------------------------------------------------    -------------------
                         DSP_OUTPUT (Prop_DSP_OUTPUT_CLK_P[24])
                                                      0.277     0.337 f  <hidden>
                         net (fo=9, unplaced)         0.201     0.538    <hidden>
                         LUT5 (Prop_LUT5_I2_O)        0.089     0.627 r  <hidden>
                         net (fo=1, unplaced)         0.023     0.650    <hidden>
                         CARRY8 (Prop_CARRY8_S[1]_CO[3])
                                                      0.184     0.834 r  <hidden>
                         net (fo=9, unplaced)         0.168     1.002    <hidden>
                         LUT3 (Prop_LUT3_I1_O)        0.053     1.055 r  <hidden>
                         net (fo=3, unplaced)         0.192     1.247    <hidden>
                         LUT6 (Prop_LUT6_I3_O)        0.038     1.285 f  <hidden>
                         net (fo=2, unplaced)         0.186     1.471    <hidden>
                         LUT5 (Prop_LUT5_I4_O)        0.070     1.541 r  <hidden>
                         net (fo=3, unplaced)         0.225     1.766    <hidden>
                         LUT6 (Prop_LUT6_I4_O)        0.037     1.803 r  <hidden>
                         net (fo=1, unplaced)         0.023     1.826    <hidden>
                         CARRY8 (Prop_CARRY8_S[1]_O[6])
                                                      0.224     2.050 f  <hidden>
                         net (fo=3, unplaced)         0.159     2.209    <hidden>
                         LUT6 (Prop_LUT6_I0_O)        0.150     2.359 r  <hidden>
                         net (fo=2, unplaced)         0.186     2.545    <hidden>
                         LUT2 (Prop_LUT2_I0_O)        0.038     2.583 r  <hidden>
                         net (fo=1, unplaced)         0.048     2.631    <hidden>
                         FDRE                                         r  <hidden>
  -------------------------------------------------------------------    -------------------

                         (clock ap_clk rise edge)     3.330     3.330 r  
                                                      0.000     3.330 r  ap_clk (IN)
                         net (fo=1748, unset)         0.021     3.351    <hidden>
                         FDRE                                         r  <hidden>
                         clock pessimism              0.000     3.351    
                         clock uncertainty           -0.035     3.316    
                         FDRE (Setup_FDRE_C_D)        0.025     3.341    <hidden>
  -------------------------------------------------------------------
                         required time                          3.341    
                         arrival time                          -2.631    
  -------------------------------------------------------------------
                         slack                                  0.710    

Slack (MET) :             0.710ns  (required time - arrival time)
  Source:                 <hidden>
                            (rising edge-triggered cell DSP_OUTPUT clocked by ap_clk  {rise@0.000ns fall@1.665ns period=3.330ns})
  Destination:            <hidden>
                            (rising edge-triggered cell FDRE clocked by ap_clk  {rise@0.000ns fall@1.665ns period=3.330ns})
  Path Group:             ap_clk
  Path Type:              Setup (Max at Slow Process Corner)
  Requirement:            3.330ns  (ap_clk rise@3.330ns - ap_clk rise@0.000ns)
  Data Path Delay:        2.571ns  (logic 1.160ns (45.119%)  route 1.411ns (54.881%))
  Logic Levels:           9  (CARRY8=2 LUT2=1 LUT3=1 LUT5=2 LUT6=3)
  Clock Path Skew:        -0.039ns (DCD - SCD + CPR)
    Destination Clock Delay (DCD):    0.021ns = ( 3.351 - 3.330 ) 
    Source Clock Delay      (SCD):    0.060ns
    Clock Pessimism Removal (CPR):    0.000ns
  Clock Uncertainty:      0.035ns  ((TSJ^2 + TIJ^2)^1/2 + DJ) / 2 + PE
    Total System Jitter     (TSJ):    0.071ns
    Total Input Jitter      (TIJ):    0.000ns
    Discrete Jitter          (DJ):    0.000ns
    Phase Error              (PE):    0.000ns

    Location             Delay type                Incr(ns)  Path(ns)    Netlist Resource(s)
  -------------------------------------------------------------------    -------------------
                         (clock ap_clk rise edge)     0.000     0.000 r  
                                                      0.000     0.000 r  ap_clk (IN)
                         net (fo=1748, unset)         0.060     0.060    <hidden>
                         DSP_OUTPUT                                   r  <hidden>
  -------------------------------------------------------------------    -------------------
                         DSP_OUTPUT (Prop_DSP_OUTPUT_CLK_P[24])
                                                      0.277     0.337 f  <hidden>
                         net (fo=9, unplaced)         0.201     0.538    <hidden>
                         LUT5 (Prop_LUT5_I2_O)        0.089     0.627 r  <hidden>
                         net (fo=1, unplaced)         0.023     0.650    <hidden>
                         CARRY8 (Prop_CARRY8_S[1]_CO[3])
                                                      0.184     0.834 r  <hidden>
                         net (fo=9, unplaced)         0.168     1.002    <hidden>
                         LUT3 (Prop_LUT3_I1_O)        0.053     1.055 r  <hidden>
                         net (fo=3, unplaced)         0.192     1.247    <hidden>
                         LUT6 (Prop_LUT6_I3_O)        0.038     1.285 f  <hidden>
                         net (fo=2, unplaced)         0.186     1.471    <hidden>
                         LUT5 (Prop_LUT5_I4_O)        0.070     1.541 r  <hidden>
                         net (fo=3, unplaced)         0.225     1.766    <hidden>
                         LUT6 (Prop_LUT6_I4_O)        0.037     1.803 r  <hidden>
                         net (fo=1, unplaced)         0.023     1.826    <hidden>
                         CARRY8 (Prop_CARRY8_S[1]_O[6])
                                                      0.224     2.050 f  <hidden>
                         net (fo=3, unplaced)         0.159     2.209    <hidden>
                         LUT6 (Prop_LUT6_I0_O)        0.150     2.359 r  <hidden>
                         net (fo=2, unplaced)         0.186     2.545    <hidden>
                         LUT2 (Prop_LUT2_I0_O)        0.038     2.583 r  <hidden>
                         net (fo=1, unplaced)         0.048     2.631    <hidden>
                         FDRE                                         r  <hidden>
  -------------------------------------------------------------------    -------------------

                         (clock ap_clk rise edge)     3.330     3.330 r  
                                                      0.000     3.330 r  ap_clk (IN)
                         net (fo=1748, unset)         0.021     3.351    <hidden>
                         FDRE                                         r  <hidden>
                         clock pessimism              0.000     3.351    
                         clock uncertainty           -0.035     3.316    
                         FDRE (Setup_FDRE_C_D)        0.025     3.341    <hidden>
  -------------------------------------------------------------------
                         required time                          3.341    
                         arrival time                          -2.631    
  -------------------------------------------------------------------
                         slack                                  0.710    

Slack (MET) :             0.795ns  (required time - arrival time)
  Source:                 <hidden>
                            (rising edge-triggered cell DSP_OUTPUT clocked by ap_clk  {rise@0.000ns fall@1.665ns period=3.330ns})
  Destination:            <hidden>
                            (rising edge-triggered cell FDRE clocked by ap_clk  {rise@0.000ns fall@1.665ns period=3.330ns})
  Path Group:             ap_clk
  Path Type:              Setup (Max at Slow Process Corner)
  Requirement:            3.330ns  (ap_clk rise@3.330ns - ap_clk rise@0.000ns)
  Data Path Delay:        2.486ns  (logic 1.042ns (41.915%)  route 1.444ns (58.085%))
  Logic Levels:           9  (CARRY8=2 LUT3=1 LUT4=2 LUT5=2 LUT6=2)
  Clock Path Skew:        -0.039ns (DCD - SCD + CPR)
    Destination Clock Delay (DCD):    0.021ns = ( 3.351 - 3.330 ) 
    Source Clock Delay      (SCD):    0.060ns
    Clock Pessimism Removal (CPR):    0.000ns
  Clock Uncertainty:      0.035ns  ((TSJ^2 + TIJ^2)^1/2 + DJ) / 2 + PE
    Total System Jitter     (TSJ):    0.071ns
    Total Input Jitter      (TIJ):    0.000ns
    Discrete Jitter          (DJ):    0.000ns
    Phase Error              (PE):    0.000ns

    Location             Delay type                Incr(ns)  Path(ns)    Netlist Resource(s)
  -------------------------------------------------------------------    -------------------
                         (clock ap_clk rise edge)     0.000     0.000 r  
                                                      0.000     0.000 r  ap_clk (IN)
                         net (fo=1748, unset)         0.060     0.060    <hidden>
                         DSP_OUTPUT                                   r  <hidden>
  -------------------------------------------------------------------    -------------------
                         DSP_OUTPUT (Prop_DSP_OUTPUT_CLK_P[24])
                                                      0.277     0.337 f  <hidden>
                         net (fo=9, unplaced)         0.201     0.538    <hidden>
                         LUT5 (Prop_LUT5_I2_O)        0.089     0.627 r  <hidden>
                         net (fo=1, unplaced)         0.023     0.650    <hidden>
                         CARRY8 (Prop_CARRY8_S[1]_CO[3])
                                                      0.184     0.834 r  <hidden>
                         net (fo=9, unplaced)         0.168     1.002    <hidden>
                         LUT3 (Prop_LUT3_I1_O)        0.053     1.055 r  <hidden>
                         net (fo=3, unplaced)         0.192     1.247    <hidden>
                         LUT6 (Prop_LUT6_I3_O)        0.038     1.285 f  <hidden>
                         net (fo=2, unplaced)         0.186     1.471    <hidden>
                         LUT5 (Prop_LUT5_I4_O)        0.070     1.541 r  <hidden>
                         net (fo=3, unplaced)         0.225     1.766    <hidden>
                         LUT6 (Prop_LUT6_I4_O)        0.037     1.803 r  <hidden>
                         net (fo=1, unplaced)         0.023     1.826    <hidden>
                         CARRY8 (Prop_CARRY8_S[1]_O[2])
                                                      0.117     1.943 f  <hidden>
                         net (fo=3, unplaced)         0.192     2.135    <hidden>
                         LUT4 (Prop_LUT4_I0_O)        0.139     2.274 f  <hidden>
                         net (fo=1, unplaced)         0.186     2.460    <hidden>
                         LUT4 (Prop_LUT4_I3_O)        0.038     2.498 r  <hidden>
                         net (fo=1, unplaced)         0.048     2.546    <hidden>
                         FDRE                                         r  <hidden>
  -------------------------------------------------------------------    -------------------

                         (clock ap_clk rise edge)     3.330     3.330 r  
                                                      0.000     3.330 r  ap_clk (IN)
                         net (fo=1748, unset)         0.021     3.351    <hidden>
                         FDRE                                         r  <hidden>
                         clock pessimism              0.000     3.351    
                         clock uncertainty           -0.035     3.316    
                         FDRE (Setup_FDRE_C_D)        0.025     3.341    <hidden>
  -------------------------------------------------------------------
                         required time                          3.341    
                         arrival time                          -2.546    
  -------------------------------------------------------------------
                         slack                                  0.795    

Slack (MET) :             0.795ns  (required time - arrival time)
  Source:                 <hidden>
                            (rising edge-triggered cell DSP_OUTPUT clocked by ap_clk  {rise@0.000ns fall@1.665ns period=3.330ns})
  Destination:            <hidden>
                            (rising edge-triggered cell FDRE clocked by ap_clk  {rise@0.000ns fall@1.665ns period=3.330ns})
  Path Group:             ap_clk
  Path Type:              Setup (Max at Slow Process Corner)
  Requirement:            3.330ns  (ap_clk rise@3.330ns - ap_clk rise@0.000ns)
  Data Path Delay:        2.486ns  (logic 1.042ns (41.915%)  route 1.444ns (58.085%))
  Logic Levels:           9  (CARRY8=2 LUT3=1 LUT4=2 LUT5=2 LUT6=2)
  Clock Path Skew:        -0.039ns (DCD - SCD + CPR)
    Destination Clock Delay (DCD):    0.021ns = ( 3.351 - 3.330 ) 
    Source Clock Delay      (SCD):    0.060ns
    Clock Pessimism Removal (CPR):    0.000ns
  Clock Uncertainty:      0.035ns  ((TSJ^2 + TIJ^2)^1/2 + DJ) / 2 + PE
    Total System Jitter     (TSJ):    0.071ns
    Total Input Jitter      (TIJ):    0.000ns
    Discrete Jitter          (DJ):    0.000ns
    Phase Error              (PE):    0.000ns

    Location             Delay type                Incr(ns)  Path(ns)    Netlist Resource(s)
  -------------------------------------------------------------------    -------------------
                         (clock ap_clk rise edge)     0.000     0.000 r  
                                                      0.000     0.000 r  ap_clk (IN)
                         net (fo=1748, unset)         0.060     0.060    <hidden>
                         DSP_OUTPUT                                   r  <hidden>
  -------------------------------------------------------------------    -------------------
                         DSP_OUTPUT (Prop_DSP_OUTPUT_CLK_P[24])
                                                      0.277     0.337 f  <hidden>
                         net (fo=9, unplaced)         0.201     0.538    <hidden>
                         LUT5 (Prop_LUT5_I2_O)        0.089     0.627 r  <hidden>
                         net (fo=1, unplaced)         0.023     0.650    <hidden>
                         CARRY8 (Prop_CARRY8_S[1]_CO[3])
                                                      0.184     0.834 r  <hidden>
                         net (fo=9, unplaced)         0.168     1.002    <hidden>
                         LUT3 (Prop_LUT3_I1_O)        0.053     1.055 r  <hidden>
                         net (fo=3, unplaced)         0.192     1.247    <hidden>
                         LUT6 (Prop_LUT6_I3_O)        0.038     1.285 f  <hidden>
                         net (fo=2, unplaced)         0.186     1.471    <hidden>
                         LUT5 (Prop_LUT5_I4_O)        0.070     1.541 r  <hidden>
                         net (fo=3, unplaced)         0.225     1.766    <hidden>
                         LUT6 (Prop_LUT6_I4_O)        0.037     1.803 r  <hidden>
                         net (fo=1, unplaced)         0.023     1.826    <hidden>
                         CARRY8 (Prop_CARRY8_S[1]_O[2])
                                                      0.117     1.943 f  <hidden>
                         net (fo=3, unplaced)         0.192     2.135    <hidden>
                         LUT4 (Prop_LUT4_I0_O)        0.139     2.274 f  <hidden>
                         net (fo=1, unplaced)         0.186     2.460    <hidden>
                         LUT4 (Prop_LUT4_I3_O)        0.038     2.498 r  <hidden>
                         net (fo=1, unplaced)         0.048     2.546    <hidden>
                         FDRE                                         r  <hidden>
  -------------------------------------------------------------------    -------------------

                         (clock ap_clk rise edge)     3.330     3.330 r  
                                                      0.000     3.330 r  ap_clk (IN)
                         net (fo=1748, unset)         0.021     3.351    <hidden>
                         FDRE                                         r  <hidden>
                         clock pessimism              0.000     3.351    
                         clock uncertainty           -0.035     3.316    
                         FDRE (Setup_FDRE_C_D)        0.025     3.341    <hidden>
  -------------------------------------------------------------------
                         required time                          3.341    
                         arrival time                          -2.546    
  -------------------------------------------------------------------
                         slack                                  0.795    

Slack (MET) :             0.806ns  (required time - arrival time)
  Source:                 <hidden>
                            (rising edge-triggered cell FDRE clocked by ap_clk  {rise@0.000ns fall@1.665ns period=3.330ns})
  Destination:            <hidden>
                            (rising edge-triggered cell DSP_OUTPUT clocked by ap_clk  {rise@0.000ns fall@1.665ns period=3.330ns})
  Path Group:             ap_clk
  Path Type:              Setup (Max at Slow Process Corner)
  Requirement:            3.330ns  (ap_clk rise@3.330ns - ap_clk rise@0.000ns)
  Data Path Delay:        2.378ns  (logic 2.175ns (91.463%)  route 0.203ns (8.537%))
  Logic Levels:           7  (DSP_A_B_DATA=1 DSP_ALU=1 DSP_M_DATA=1 DSP_MULTIPLIER=1 DSP_PREADD=1 DSP_PREADD_DATA=2)
  Clock Path Skew:        0.013ns (DCD - SCD + CPR)
    Destination Clock Delay (DCD):    0.043ns = ( 3.373 - 3.330 ) 
    Source Clock Delay      (SCD):    0.030ns
    Clock Pessimism Removal (CPR):    0.000ns
  Clock Uncertainty:      0.035ns  ((TSJ^2 + TIJ^2)^1/2 + DJ) / 2 + PE
    Total System Jitter     (TSJ):    0.071ns
    Total Input Jitter      (TIJ):    0.000ns
    Discrete Jitter          (DJ):    0.000ns
    Phase Error              (PE):    0.000ns

    Location             Delay type                Incr(ns)  Path(ns)    Netlist Resource(s)
  -------------------------------------------------------------------    -------------------
                         (clock ap_clk rise edge)     0.000     0.000 r  
                                                      0.000     0.000 r  ap_clk (IN)
                         net (fo=1748, unset)         0.030     0.030    <hidden>
                         FDRE                                         r  <hidden>
  -------------------------------------------------------------------    -------------------
                         FDRE (Prop_FDRE_C_Q)         0.077     0.107 r  <hidden>
                         net (fo=2, unplaced)         0.203     0.310    <hidden>
                         DSP_A_B_DATA (Prop_DSP_A_B_DATA_A[7]_A2_DATA[7])
                                                      0.192     0.502 f  <hidden>
                         net (fo=1, unplaced)         0.000     0.502    <hidden>
                         DSP_PREADD_DATA (Prop_DSP_PREADD_DATA_A2_DATA[7]_PREADD_AB[7])
                                                      0.124     0.626 r  <hidden>
                         net (fo=1, unplaced)         0.000     0.626    <hidden>
                         DSP_PREADD (Prop_DSP_PREADD_PREADD_AB[7]_AD[9])
                                                      0.488     1.114 f  <hidden>
                         net (fo=1, unplaced)         0.000     1.114    <hidden>
                         DSP_PREADD_DATA (Prop_DSP_PREADD_DATA_AD[9]_AD_DATA[9])
                                                      0.050     1.164 r  <hidden>
                         net (fo=1, unplaced)         0.000     1.164    <hidden>
                         DSP_MULTIPLIER (Prop_DSP_MULTIPLIER_AD_DATA[9]_U[10])
                                                      0.612     1.776 f  <hidden>
                         net (fo=1, unplaced)         0.000     1.776    <hidden>
                         DSP_M_DATA (Prop_DSP_M_DATA_U[10]_U_DATA[10])
                                                      0.047     1.823 r  <hidden>
                         net (fo=1, unplaced)         0.000     1.823    <hidden>
                         DSP_ALU (Prop_DSP_ALU_U_DATA[10]_ALU_OUT[10])
                                                      0.585     2.408 r  <hidden>
                         net (fo=1, unplaced)         0.000     2.408    <hidden>
                         DSP_OUTPUT                                   r  <hidden>
  -------------------------------------------------------------------    -------------------

                         (clock ap_clk rise edge)     3.330     3.330 r  
                                                      0.000     3.330 r  ap_clk (IN)
                         net (fo=1748, unset)         0.043     3.373    <hidden>
                         DSP_OUTPUT                                   r  <hidden>
                         clock pessimism              0.000     3.373    
                         clock uncertainty           -0.035     3.338    
                         DSP_OUTPUT (Setup_DSP_OUTPUT_CLK_ALU_OUT[10])
                                                     -0.124     3.214    <hidden>
  -------------------------------------------------------------------
                         required time                          3.214    
                         arrival time                          -2.408    
  -------------------------------------------------------------------
                         slack                                  0.806    

Slack (MET) :             0.806ns  (required time - arrival time)
  Source:                 <hidden>
                            (rising edge-triggered cell FDRE clocked by ap_clk  {rise@0.000ns fall@1.665ns period=3.330ns})
  Destination:            <hidden>
                            (rising edge-triggered cell DSP_OUTPUT clocked by ap_clk  {rise@0.000ns fall@1.665ns period=3.330ns})
  Path Group:             ap_clk
  Path Type:              Setup (Max at Slow Process Corner)
  Requirement:            3.330ns  (ap_clk rise@3.330ns - ap_clk rise@0.000ns)
  Data Path Delay:        2.378ns  (logic 2.175ns (91.463%)  route 0.203ns (8.537%))
  Logic Levels:           7  (DSP_A_B_DATA=1 DSP_ALU=1 DSP_M_DATA=1 DSP_MULTIPLIER=1 DSP_PREADD=1 DSP_PREADD_DATA=2)
  Clock Path Skew:        0.013ns (DCD - SCD + CPR)
    Destination Clock Delay (DCD):    0.043ns = ( 3.373 - 3.330 ) 
    Source Clock Delay      (SCD):    0.030ns
    Clock Pessimism Removal (CPR):    0.000ns
  Clock Uncertainty:      0.035ns  ((TSJ^2 + TIJ^2)^1/2 + DJ) / 2 + PE
    Total System Jitter     (TSJ):    0.071ns
    Total Input Jitter      (TIJ):    0.000ns
    Discrete Jitter          (DJ):    0.000ns
    Phase Error              (PE):    0.000ns

    Location             Delay type                Incr(ns)  Path(ns)    Netlist Resource(s)
  -------------------------------------------------------------------    -------------------
                         (clock ap_clk rise edge)     0.000     0.000 r  
                                                      0.000     0.000 r  ap_clk (IN)
                         net (fo=1748, unset)         0.030     0.030    <hidden>
                         FDRE                                         r  <hidden>
  -------------------------------------------------------------------    -------------------
                         FDRE (Prop_FDRE_C_Q)         0.077     0.107 r  <hidden>
                         net (fo=2, unplaced)         0.203     0.310    <hidden>
                         DSP_A_B_DATA (Prop_DSP_A_B_DATA_A[7]_A2_DATA[7])
                                                      0.192     0.502 f  <hidden>
                         net (fo=1, unplaced)         0.000     0.502    <hidden>
                         DSP_PREADD_DATA (Prop_DSP_PREADD_DATA_A2_DATA[7]_PREADD_AB[7])
                                                      0.124     0.626 r  <hidden>
                         net (fo=1, unplaced)         0.000     0.626    <hidden>
                         DSP_PREADD (Prop_DSP_PREADD_PREADD_AB[7]_AD[10])
                                                      0.488     1.114 f  <hidden>
                         net (fo=1, unplaced)         0.000     1.114    <hidden>
                         DSP_PREADD_DATA (Prop_DSP_PREADD_DATA_AD[10]_AD_DATA[10])
                                                      0.050     1.164 r  <hidden>
                         net (fo=1, unplaced)         0.000     1.164    <hidden>
                         DSP_MULTIPLIER (Prop_DSP_MULTIPLIER_AD_DATA[10]_U[11])
                                                      0.612     1.776 f  <hidden>
                         net (fo=1, unplaced)         0.000     1.776    <hidden>
                         DSP_M_DATA (Prop_DSP_M_DATA_U[11]_U_DATA[11])
                                                      0.047     1.823 r  <hidden>
                         net (fo=1, unplaced)         0.000     1.823    <hidden>
                         DSP_ALU (Prop_DSP_ALU_U_DATA[11]_ALU_OUT[11])
                                                      0.585     2.408 r  <hidden>
                         net (fo=1, unplaced)         0.000     2.408    <hidden>
                         DSP_OUTPUT                                   r  <hidden>
  -------------------------------------------------------------------    -------------------

                         (clock ap_clk rise edge)     3.330     3.330 r  
                                                      0.000     3.330 r  ap_clk (IN)
                         net (fo=1748, unset)         0.043     3.373    <hidden>
                         DSP_OUTPUT                                   r  <hidden>
                         clock pessimism              0.000     3.373    
                         clock uncertainty           -0.035     3.338    
                         DSP_OUTPUT (Setup_DSP_OUTPUT_CLK_ALU_OUT[11])
                                                     -0.124     3.214    <hidden>
  -------------------------------------------------------------------
                         required time                          3.214    
                         arrival time                          -2.408    
  -------------------------------------------------------------------
                         slack                                  0.806    

Slack (MET) :             0.806ns  (required time - arrival time)
  Source:                 <hidden>
                            (rising edge-triggered cell FDRE clocked by ap_clk  {rise@0.000ns fall@1.665ns period=3.330ns})
  Destination:            <hidden>
                            (rising edge-triggered cell DSP_OUTPUT clocked by ap_clk  {rise@0.000ns fall@1.665ns period=3.330ns})
  Path Group:             ap_clk
  Path Type:              Setup (Max at Slow Process Corner)
  Requirement:            3.330ns  (ap_clk rise@3.330ns - ap_clk rise@0.000ns)
  Data Path Delay:        2.378ns  (logic 2.175ns (91.463%)  route 0.203ns (8.537%))
  Logic Levels:           7  (DSP_A_B_DATA=1 DSP_ALU=1 DSP_M_DATA=1 DSP_MULTIPLIER=1 DSP_PREADD=1 DSP_PREADD_DATA=2)
  Clock Path Skew:        0.013ns (DCD - SCD + CPR)
    Destination Clock Delay (DCD):    0.043ns = ( 3.373 - 3.330 ) 
    Source Clock Delay      (SCD):    0.030ns
    Clock Pessimism Removal (CPR):    0.000ns
  Clock Uncertainty:      0.035ns  ((TSJ^2 + TIJ^2)^1/2 + DJ) / 2 + PE
    Total System Jitter     (TSJ):    0.071ns
    Total Input Jitter      (TIJ):    0.000ns
    Discrete Jitter          (DJ):    0.000ns
    Phase Error              (PE):    0.000ns

    Location             Delay type                Incr(ns)  Path(ns)    Netlist Resource(s)
  -------------------------------------------------------------------    -------------------
                         (clock ap_clk rise edge)     0.000     0.000 r  
                                                      0.000     0.000 r  ap_clk (IN)
                         net (fo=1748, unset)         0.030     0.030    <hidden>
                         FDRE                                         r  <hidden>
  -------------------------------------------------------------------    -------------------
                         FDRE (Prop_FDRE_C_Q)         0.077     0.107 r  <hidden>
                         net (fo=2, unplaced)         0.203     0.310    <hidden>
                         DSP_A_B_DATA (Prop_DSP_A_B_DATA_A[7]_A2_DATA[7])
                                                      0.192     0.502 f  <hidden>
                         net (fo=1, unplaced)         0.000     0.502    <hidden>
                         DSP_PREADD_DATA (Prop_DSP_PREADD_DATA_A2_DATA[7]_PREADD_AB[7])
                                                      0.124     0.626 r  <hidden>
                         net (fo=1, unplaced)         0.000     0.626    <hidden>
                         DSP_PREADD (Prop_DSP_PREADD_PREADD_AB[7]_AD[11])
                                                      0.488     1.114 f  <hidden>
                         net (fo=1, unplaced)         0.000     1.114    <hidden>
                         DSP_PREADD_DATA (Prop_DSP_PREADD_DATA_AD[11]_AD_DATA[11])
                                                      0.050     1.164 r  <hidden>
                         net (fo=1, unplaced)         0.000     1.164    <hidden>
                         DSP_MULTIPLIER (Prop_DSP_MULTIPLIER_AD_DATA[11]_U[12])
                                                      0.612     1.776 f  <hidden>
                         net (fo=1, unplaced)         0.000     1.776    <hidden>
                         DSP_M_DATA (Prop_DSP_M_DATA_U[12]_U_DATA[12])
                                                      0.047     1.823 r  <hidden>
                         net (fo=1, unplaced)         0.000     1.823    <hidden>
                         DSP_ALU (Prop_DSP_ALU_U_DATA[12]_ALU_OUT[12])
                                                      0.585     2.408 r  <hidden>
                         net (fo=1, unplaced)         0.000     2.408    <hidden>
                         DSP_OUTPUT                                   r  <hidden>
  -------------------------------------------------------------------    -------------------

                         (clock ap_clk rise edge)     3.330     3.330 r  
                                                      0.000     3.330 r  ap_clk (IN)
                         net (fo=1748, unset)         0.043     3.373    <hidden>
                         DSP_OUTPUT                                   r  <hidden>
                         clock pessimism              0.000     3.373    
                         clock uncertainty           -0.035     3.338    
                         DSP_OUTPUT (Setup_DSP_OUTPUT_CLK_ALU_OUT[12])
                                                     -0.124     3.214    <hidden>
  -------------------------------------------------------------------
                         required time                          3.214    
                         arrival time                          -2.408    
  -------------------------------------------------------------------
                         slack                                  0.806    

Slack (MET) :             0.806ns  (required time - arrival time)
  Source:                 <hidden>
                            (rising edge-triggered cell FDRE clocked by ap_clk  {rise@0.000ns fall@1.665ns period=3.330ns})
  Destination:            <hidden>
                            (rising edge-triggered cell DSP_OUTPUT clocked by ap_clk  {rise@0.000ns fall@1.665ns period=3.330ns})
  Path Group:             ap_clk
  Path Type:              Setup (Max at Slow Process Corner)
  Requirement:            3.330ns  (ap_clk rise@3.330ns - ap_clk rise@0.000ns)
  Data Path Delay:        2.378ns  (logic 2.175ns (91.463%)  route 0.203ns (8.537%))
  Logic Levels:           7  (DSP_A_B_DATA=1 DSP_ALU=1 DSP_M_DATA=1 DSP_MULTIPLIER=1 DSP_PREADD=1 DSP_PREADD_DATA=2)
  Clock Path Skew:        0.013ns (DCD - SCD + CPR)
    Destination Clock Delay (DCD):    0.043ns = ( 3.373 - 3.330 ) 
    Source Clock Delay      (SCD):    0.030ns
    Clock Pessimism Removal (CPR):    0.000ns
  Clock Uncertainty:      0.035ns  ((TSJ^2 + TIJ^2)^1/2 + DJ) / 2 + PE
    Total System Jitter     (TSJ):    0.071ns
    Total Input Jitter      (TIJ):    0.000ns
    Discrete Jitter          (DJ):    0.000ns
    Phase Error              (PE):    0.000ns

    Location             Delay type                Incr(ns)  Path(ns)    Netlist Resource(s)
  -------------------------------------------------------------------    -------------------
                         (clock ap_clk rise edge)     0.000     0.000 r  
                                                      0.000     0.000 r  ap_clk (IN)
                         net (fo=1748, unset)         0.030     0.030    <hidden>
                         FDRE                                         r  <hidden>
  -------------------------------------------------------------------    -------------------
                         FDRE (Prop_FDRE_C_Q)         0.077     0.107 r  <hidden>
                         net (fo=2, unplaced)         0.203     0.310    <hidden>
                         DSP_A_B_DATA (Prop_DSP_A_B_DATA_A[7]_A2_DATA[7])
                                                      0.192     0.502 f  <hidden>
                         net (fo=1, unplaced)         0.000     0.502    <hidden>
                         DSP_PREADD_DATA (Prop_DSP_PREADD_DATA_A2_DATA[7]_PREADD_AB[7])
                                                      0.124     0.626 r  <hidden>
                         net (fo=1, unplaced)         0.000     0.626    <hidden>
                         DSP_PREADD (Prop_DSP_PREADD_PREADD_AB[7]_AD[12])
                                                      0.488     1.114 f  <hidden>
                         net (fo=1, unplaced)         0.000     1.114    <hidden>
                         DSP_PREADD_DATA (Prop_DSP_PREADD_DATA_AD[12]_AD_DATA[12])
                                                      0.050     1.164 r  <hidden>
                         net (fo=1, unplaced)         0.000     1.164    <hidden>
                         DSP_MULTIPLIER (Prop_DSP_MULTIPLIER_AD_DATA[12]_U[13])
                                                      0.612     1.776 f  <hidden>
                         net (fo=1, unplaced)         0.000     1.776    <hidden>
                         DSP_M_DATA (Prop_DSP_M_DATA_U[13]_U_DATA[13])
                                                      0.047     1.823 r  <hidden>
                         net (fo=1, unplaced)         0.000     1.823    <hidden>
                         DSP_ALU (Prop_DSP_ALU_U_DATA[13]_ALU_OUT[13])
                                                      0.585     2.408 r  <hidden>
                         net (fo=1, unplaced)         0.000     2.408    <hidden>
                         DSP_OUTPUT                                   r  <hidden>
  -------------------------------------------------------------------    -------------------

                         (clock ap_clk rise edge)     3.330     3.330 r  
                                                      0.000     3.330 r  ap_clk (IN)
                         net (fo=1748, unset)         0.043     3.373    <hidden>
                         DSP_OUTPUT                                   r  <hidden>
                         clock pessimism              0.000     3.373    
                         clock uncertainty           -0.035     3.338    
                         DSP_OUTPUT (Setup_DSP_OUTPUT_CLK_ALU_OUT[13])
                                                     -0.124     3.214    <hidden>
  -------------------------------------------------------------------
                         required time                          3.214    
                         arrival time                          -2.408    
  -------------------------------------------------------------------
                         slack                                  0.806    




