Copyright 1986-2022 Xilinx, Inc. All Rights Reserved. Copyright 2022-2025 Advanced Micro Devices, Inc. All Rights Reserved.
--------------------------------------------------------------------------------------------------------------------------------------------------
| Tool Version      : Vivado v.2025.1 (lin64) Build 6140274 Wed May 21 22:58:25 MDT 2025
| Date              : Thu Jul 23 16:29:40 2026
| Host              : zhang-21.ece.cornell.edu running 64-bit Red Hat Enterprise Linux release 8.10 (Ootpa)
| Command           : report_timing -max_paths 10 -file ./report/node_0_0_timing_paths_routed.rpt
| Design            : bd_0_wrapper
| Device            : xczu7ev-ffvc1156
| Speed File        : -2  PRODUCTION 1.30 05-15-2022
| Design State      : Routed
| Temperature Grade : E
--------------------------------------------------------------------------------------------------------------------------------------------------

Timing Report

Slack (VIOLATED) :        -1.132ns  (required time - arrival time)
  Source:                 bd_0_i/hls_inst/inst/grp_node_0_0_Pipeline_l_S_t_1_t_fu_256/hadd_16ns_16ns_16_3_no_dsp_1_U1/din0_buf1_reg[7]_replica/C
                            (rising edge-triggered cell FDRE clocked by ap_clk  {rise@0.000ns fall@1.665ns period=3.330ns})
  Destination:            <hidden>
                            (rising edge-triggered cell FDRE clocked by ap_clk  {rise@0.000ns fall@1.665ns period=3.330ns})
  Path Group:             ap_clk
  Path Type:              Setup (Max at Slow Process Corner)
  Requirement:            3.330ns  (ap_clk rise@3.330ns - ap_clk rise@0.000ns)
  Data Path Delay:        4.445ns  (logic 3.085ns (69.402%)  route 1.360ns (30.598%))
  Logic Levels:           13  (CARRY8=2 DSP_A_B_DATA=2 DSP_ALU=2 DSP_M_DATA=1 DSP_MULTIPLIER=1 DSP_OUTPUT=2 DSP_PREADD_DATA=1 LUT2=1 LUT3=1)
  Clock Path Skew:        -0.007ns (DCD - SCD + CPR)
    Destination Clock Delay (DCD):    0.021ns = ( 3.351 - 3.330 ) 
    Source Clock Delay      (SCD):    0.028ns
    Clock Pessimism Removal (CPR):    0.000ns
  Clock Uncertainty:      0.035ns  ((TSJ^2 + TIJ^2)^1/2 + DJ) / 2 + PE
    Total System Jitter     (TSJ):    0.071ns
    Total Input Jitter      (TIJ):    0.000ns
    Discrete Jitter          (DJ):    0.000ns
    Phase Error              (PE):    0.000ns

    Location             Delay type                Incr(ns)  Path(ns)    Netlist Resource(s)
  -------------------------------------------------------------------    -------------------
                         (clock ap_clk rise edge)     0.000     0.000 r  
                                                      0.000     0.000 r  ap_clk (IN)
                         net (fo=2732, unset)         0.028     0.028    bd_0_i/hls_inst/inst/grp_node_0_0_Pipeline_l_S_t_1_t_fu_256/hadd_16ns_16ns_16_3_no_dsp_1_U1/ap_clk
    SLICE_X62Y145        FDRE                                         r  bd_0_i/hls_inst/inst/grp_node_0_0_Pipeline_l_S_t_1_t_fu_256/hadd_16ns_16ns_16_3_no_dsp_1_U1/din0_buf1_reg[7]_replica/C
  -------------------------------------------------------------------    -------------------
    SLICE_X62Y145        FDRE (Prop_AFF2_SLICEL_C_Q)
                                                      0.081     0.109 f  bd_0_i/hls_inst/inst/grp_node_0_0_Pipeline_l_S_t_1_t_fu_256/hadd_16ns_16ns_16_3_no_dsp_1_U1/din0_buf1_reg[7]_replica/Q
                         net (fo=3, routed)           0.236     0.345    <hidden>
    DSP48E2_X6Y58        DSP_A_B_DATA (Prop_DSP_A_B_DATA_DSP48E2_A[7]_A2_DATA[7])
                                                      0.192     0.537 r  <hidden>
                         net (fo=1, routed)           0.000     0.537    <hidden>
    DSP48E2_X6Y58        DSP_PREADD_DATA (Prop_DSP_PREADD_DATA_DSP48E2_A2_DATA[7]_A2A1[7])
                                                      0.076     0.613 r  <hidden>
                         net (fo=1, routed)           0.000     0.613    <hidden>
    DSP48E2_X6Y58        DSP_MULTIPLIER (Prop_DSP_MULTIPLIER_DSP48E2_A2A1[7]_U[28])
                                                      0.505     1.118 f  <hidden>
                         net (fo=1, routed)           0.000     1.118    <hidden>
    DSP48E2_X6Y58        DSP_M_DATA (Prop_DSP_M_DATA_DSP48E2_U[28]_U_DATA[28])
                                                      0.047     1.165 r  <hidden>
                         net (fo=1, routed)           0.000     1.165    <hidden>
    DSP48E2_X6Y58        DSP_ALU (Prop_DSP_ALU_DSP48E2_U_DATA[28]_ALU_OUT[47])
                                                      0.585     1.750 r  <hidden>
                         net (fo=1, routed)           0.000     1.750    <hidden>
    DSP48E2_X6Y58        DSP_OUTPUT (Prop_DSP_OUTPUT_DSP48E2_ALU_OUT[47]_PATTERN_DETECT)
                                                      0.363     2.113 f  <hidden>
                         net (fo=2, routed)           0.276     2.389    <hidden>
    SLICE_X62Y146        LUT3 (Prop_A6LUT_SLICEL_I2_O)
                                                      0.050     2.439 r  <hidden>
                         net (fo=1, routed)           0.009     2.448    <hidden>
    SLICE_X62Y146        CARRY8 (Prop_CARRY8_SLICEL_S[0]_CO[2])
                                                      0.113     2.561 f  <hidden>
                         net (fo=1, routed)           0.397     2.958    <hidden>
    DSP48E2_X5Y58        DSP_A_B_DATA (Prop_DSP_A_B_DATA_DSP48E2_B[1]_B_ALU[1])
                                                      0.165     3.123 r  <hidden>
                         net (fo=1, routed)           0.000     3.123    <hidden>
    DSP48E2_X5Y58        DSP_ALU (Prop_DSP_ALU_DSP48E2_B_ALU[1]_ALU_OUT[12])
                                                      0.541     3.664 f  <hidden>
                         net (fo=1, routed)           0.000     3.664    <hidden>
    DSP48E2_X5Y58        DSP_OUTPUT (Prop_DSP_OUTPUT_DSP48E2_ALU_OUT[12]_P[12])
                                                      0.109     3.773 r  <hidden>
                         net (fo=1, routed)           0.247     4.020    <hidden>
    SLICE_X57Y147        CARRY8 (Prop_CARRY8_SLICEM_CI_O[3])
                                                      0.135     4.155 r  <hidden>
                         net (fo=1, routed)           0.128     4.283    <hidden>
    SLICE_X57Y146        LUT2 (Prop_F6LUT_SLICEM_I0_O)
                                                      0.123     4.406 r  <hidden>
                         net (fo=1, routed)           0.067     4.473    <hidden>
    SLICE_X57Y146        FDRE                                         r  <hidden>
  -------------------------------------------------------------------    -------------------

                         (clock ap_clk rise edge)     3.330     3.330 r  
                                                      0.000     3.330 r  ap_clk (IN)
                         net (fo=2732, unset)         0.021     3.351    <hidden>
    SLICE_X57Y146        FDRE                                         r  <hidden>
                         clock pessimism              0.000     3.351    
                         clock uncertainty           -0.035     3.316    
    SLICE_X57Y146        FDRE (Setup_FFF_SLICEM_C_D)
                                                      0.025     3.341    <hidden>
  -------------------------------------------------------------------
                         required time                          3.341    
                         arrival time                          -4.473    
  -------------------------------------------------------------------
                         slack                                 -1.132    

Slack (VIOLATED) :        -1.089ns  (required time - arrival time)
  Source:                 bd_0_i/hls_inst/inst/grp_node_0_0_Pipeline_l_S_t_1_t_fu_256/hadd_16ns_16ns_16_3_no_dsp_1_U1/din0_buf1_reg[7]_replica/C
                            (rising edge-triggered cell FDRE clocked by ap_clk  {rise@0.000ns fall@1.665ns period=3.330ns})
  Destination:            <hidden>
                            (rising edge-triggered cell FDRE clocked by ap_clk  {rise@0.000ns fall@1.665ns period=3.330ns})
  Path Group:             ap_clk
  Path Type:              Setup (Max at Slow Process Corner)
  Requirement:            3.330ns  (ap_clk rise@3.330ns - ap_clk rise@0.000ns)
  Data Path Delay:        4.402ns  (logic 3.057ns (69.444%)  route 1.345ns (30.556%))
  Logic Levels:           13  (CARRY8=2 DSP_A_B_DATA=2 DSP_ALU=2 DSP_M_DATA=1 DSP_MULTIPLIER=1 DSP_OUTPUT=2 DSP_PREADD_DATA=1 LUT2=1 LUT3=1)
  Clock Path Skew:        -0.007ns (DCD - SCD + CPR)
    Destination Clock Delay (DCD):    0.021ns = ( 3.351 - 3.330 ) 
    Source Clock Delay      (SCD):    0.028ns
    Clock Pessimism Removal (CPR):    0.000ns
  Clock Uncertainty:      0.035ns  ((TSJ^2 + TIJ^2)^1/2 + DJ) / 2 + PE
    Total System Jitter     (TSJ):    0.071ns
    Total Input Jitter      (TIJ):    0.000ns
    Discrete Jitter          (DJ):    0.000ns
    Phase Error              (PE):    0.000ns

    Location             Delay type                Incr(ns)  Path(ns)    Netlist Resource(s)
  -------------------------------------------------------------------    -------------------
                         (clock ap_clk rise edge)     0.000     0.000 r  
                                                      0.000     0.000 r  ap_clk (IN)
                         net (fo=2732, unset)         0.028     0.028    bd_0_i/hls_inst/inst/grp_node_0_0_Pipeline_l_S_t_1_t_fu_256/hadd_16ns_16ns_16_3_no_dsp_1_U1/ap_clk
    SLICE_X62Y145        FDRE                                         r  bd_0_i/hls_inst/inst/grp_node_0_0_Pipeline_l_S_t_1_t_fu_256/hadd_16ns_16ns_16_3_no_dsp_1_U1/din0_buf1_reg[7]_replica/C
  -------------------------------------------------------------------    -------------------
    SLICE_X62Y145        FDRE (Prop_AFF2_SLICEL_C_Q)
                                                      0.081     0.109 f  bd_0_i/hls_inst/inst/grp_node_0_0_Pipeline_l_S_t_1_t_fu_256/hadd_16ns_16ns_16_3_no_dsp_1_U1/din0_buf1_reg[7]_replica/Q
                         net (fo=3, routed)           0.236     0.345    <hidden>
    DSP48E2_X6Y58        DSP_A_B_DATA (Prop_DSP_A_B_DATA_DSP48E2_A[7]_A2_DATA[7])
                                                      0.192     0.537 r  <hidden>
                         net (fo=1, routed)           0.000     0.537    <hidden>
    DSP48E2_X6Y58        DSP_PREADD_DATA (Prop_DSP_PREADD_DATA_DSP48E2_A2_DATA[7]_A2A1[7])
                                                      0.076     0.613 r  <hidden>
                         net (fo=1, routed)           0.000     0.613    <hidden>
    DSP48E2_X6Y58        DSP_MULTIPLIER (Prop_DSP_MULTIPLIER_DSP48E2_A2A1[7]_U[28])
                                                      0.505     1.118 f  <hidden>
                         net (fo=1, routed)           0.000     1.118    <hidden>
    DSP48E2_X6Y58        DSP_M_DATA (Prop_DSP_M_DATA_DSP48E2_U[28]_U_DATA[28])
                                                      0.047     1.165 r  <hidden>
                         net (fo=1, routed)           0.000     1.165    <hidden>
    DSP48E2_X6Y58        DSP_ALU (Prop_DSP_ALU_DSP48E2_U_DATA[28]_ALU_OUT[47])
                                                      0.585     1.750 r  <hidden>
                         net (fo=1, routed)           0.000     1.750    <hidden>
    DSP48E2_X6Y58        DSP_OUTPUT (Prop_DSP_OUTPUT_DSP48E2_ALU_OUT[47]_PATTERN_DETECT)
                                                      0.363     2.113 f  <hidden>
                         net (fo=2, routed)           0.276     2.389    <hidden>
    SLICE_X62Y146        LUT3 (Prop_A6LUT_SLICEL_I2_O)
                                                      0.050     2.439 r  <hidden>
                         net (fo=1, routed)           0.009     2.448    <hidden>
    SLICE_X62Y146        CARRY8 (Prop_CARRY8_SLICEL_S[0]_CO[2])
                                                      0.113     2.561 f  <hidden>
                         net (fo=1, routed)           0.397     2.958    <hidden>
    DSP48E2_X5Y58        DSP_A_B_DATA (Prop_DSP_A_B_DATA_DSP48E2_B[1]_B_ALU[1])
                                                      0.165     3.123 r  <hidden>
                         net (fo=1, routed)           0.000     3.123    <hidden>
    DSP48E2_X5Y58        DSP_ALU (Prop_DSP_ALU_DSP48E2_B_ALU[1]_ALU_OUT[12])
                                                      0.541     3.664 f  <hidden>
                         net (fo=1, routed)           0.000     3.664    <hidden>
    DSP48E2_X5Y58        DSP_OUTPUT (Prop_DSP_OUTPUT_DSP48E2_ALU_OUT[12]_P[12])
                                                      0.109     3.773 r  <hidden>
                         net (fo=1, routed)           0.247     4.020    <hidden>
    SLICE_X57Y147        CARRY8 (Prop_CARRY8_SLICEM_CI_O[4])
                                                      0.193     4.213 r  <hidden>
                         net (fo=1, routed)           0.121     4.334    <hidden>
    SLICE_X57Y146        LUT2 (Prop_G6LUT_SLICEM_I0_O)
                                                      0.037     4.371 r  <hidden>
                         net (fo=1, routed)           0.059     4.430    <hidden>
    SLICE_X57Y146        FDRE                                         r  <hidden>
  -------------------------------------------------------------------    -------------------

                         (clock ap_clk rise edge)     3.330     3.330 r  
                                                      0.000     3.330 r  ap_clk (IN)
                         net (fo=2732, unset)         0.021     3.351    <hidden>
    SLICE_X57Y146        FDRE                                         r  <hidden>
                         clock pessimism              0.000     3.351    
                         clock uncertainty           -0.035     3.316    
    SLICE_X57Y146        FDRE (Setup_GFF_SLICEM_C_D)
                                                      0.025     3.341    <hidden>
  -------------------------------------------------------------------
                         required time                          3.341    
                         arrival time                          -4.430    
  -------------------------------------------------------------------
                         slack                                 -1.089    

Slack (VIOLATED) :        -1.051ns  (required time - arrival time)
  Source:                 bd_0_i/hls_inst/inst/grp_node_0_0_Pipeline_l_S_t_1_t_fu_256/hadd_16ns_16ns_16_3_no_dsp_1_U1/din0_buf1_reg[7]_replica/C
                            (rising edge-triggered cell FDRE clocked by ap_clk  {rise@0.000ns fall@1.665ns period=3.330ns})
  Destination:            <hidden>
                            (rising edge-triggered cell FDRE clocked by ap_clk  {rise@0.000ns fall@1.665ns period=3.330ns})
  Path Group:             ap_clk
  Path Type:              Setup (Max at Slow Process Corner)
  Requirement:            3.330ns  (ap_clk rise@3.330ns - ap_clk rise@0.000ns)
  Data Path Delay:        4.364ns  (logic 3.012ns (69.018%)  route 1.352ns (30.982%))
  Logic Levels:           13  (CARRY8=2 DSP_A_B_DATA=2 DSP_ALU=2 DSP_M_DATA=1 DSP_MULTIPLIER=1 DSP_OUTPUT=2 DSP_PREADD_DATA=1 LUT2=1 LUT3=1)
  Clock Path Skew:        -0.007ns (DCD - SCD + CPR)
    Destination Clock Delay (DCD):    0.021ns = ( 3.351 - 3.330 ) 
    Source Clock Delay      (SCD):    0.028ns
    Clock Pessimism Removal (CPR):    0.000ns
  Clock Uncertainty:      0.035ns  ((TSJ^2 + TIJ^2)^1/2 + DJ) / 2 + PE
    Total System Jitter     (TSJ):    0.071ns
    Total Input Jitter      (TIJ):    0.000ns
    Discrete Jitter          (DJ):    0.000ns
    Phase Error              (PE):    0.000ns

    Location             Delay type                Incr(ns)  Path(ns)    Netlist Resource(s)
  -------------------------------------------------------------------    -------------------
                         (clock ap_clk rise edge)     0.000     0.000 r  
                                                      0.000     0.000 r  ap_clk (IN)
                         net (fo=2732, unset)         0.028     0.028    bd_0_i/hls_inst/inst/grp_node_0_0_Pipeline_l_S_t_1_t_fu_256/hadd_16ns_16ns_16_3_no_dsp_1_U1/ap_clk
    SLICE_X62Y145        FDRE                                         r  bd_0_i/hls_inst/inst/grp_node_0_0_Pipeline_l_S_t_1_t_fu_256/hadd_16ns_16ns_16_3_no_dsp_1_U1/din0_buf1_reg[7]_replica/C
  -------------------------------------------------------------------    -------------------
    SLICE_X62Y145        FDRE (Prop_AFF2_SLICEL_C_Q)
                                                      0.081     0.109 f  bd_0_i/hls_inst/inst/grp_node_0_0_Pipeline_l_S_t_1_t_fu_256/hadd_16ns_16ns_16_3_no_dsp_1_U1/din0_buf1_reg[7]_replica/Q
                         net (fo=3, routed)           0.236     0.345    <hidden>
    DSP48E2_X6Y58        DSP_A_B_DATA (Prop_DSP_A_B_DATA_DSP48E2_A[7]_A2_DATA[7])
                                                      0.192     0.537 r  <hidden>
                         net (fo=1, routed)           0.000     0.537    <hidden>
    DSP48E2_X6Y58        DSP_PREADD_DATA (Prop_DSP_PREADD_DATA_DSP48E2_A2_DATA[7]_A2A1[7])
                                                      0.076     0.613 r  <hidden>
                         net (fo=1, routed)           0.000     0.613    <hidden>
    DSP48E2_X6Y58        DSP_MULTIPLIER (Prop_DSP_MULTIPLIER_DSP48E2_A2A1[7]_U[28])
                                                      0.505     1.118 f  <hidden>
                         net (fo=1, routed)           0.000     1.118    <hidden>
    DSP48E2_X6Y58        DSP_M_DATA (Prop_DSP_M_DATA_DSP48E2_U[28]_U_DATA[28])
                                                      0.047     1.165 r  <hidden>
                         net (fo=1, routed)           0.000     1.165    <hidden>
    DSP48E2_X6Y58        DSP_ALU (Prop_DSP_ALU_DSP48E2_U_DATA[28]_ALU_OUT[47])
                                                      0.585     1.750 r  <hidden>
                         net (fo=1, routed)           0.000     1.750    <hidden>
    DSP48E2_X6Y58        DSP_OUTPUT (Prop_DSP_OUTPUT_DSP48E2_ALU_OUT[47]_PATTERN_DETECT)
                                                      0.363     2.113 f  <hidden>
                         net (fo=2, routed)           0.276     2.389    <hidden>
    SLICE_X62Y146        LUT3 (Prop_A6LUT_SLICEL_I2_O)
                                                      0.050     2.439 r  <hidden>
                         net (fo=1, routed)           0.009     2.448    <hidden>
    SLICE_X62Y146        CARRY8 (Prop_CARRY8_SLICEL_S[0]_CO[2])
                                                      0.113     2.561 f  <hidden>
                         net (fo=1, routed)           0.397     2.958    <hidden>
    DSP48E2_X5Y58        DSP_A_B_DATA (Prop_DSP_A_B_DATA_DSP48E2_B[1]_B_ALU[1])
                                                      0.165     3.123 r  <hidden>
                         net (fo=1, routed)           0.000     3.123    <hidden>
    DSP48E2_X5Y58        DSP_ALU (Prop_DSP_ALU_DSP48E2_B_ALU[1]_ALU_OUT[12])
                                                      0.541     3.664 f  <hidden>
                         net (fo=1, routed)           0.000     3.664    <hidden>
    DSP48E2_X5Y58        DSP_OUTPUT (Prop_DSP_OUTPUT_DSP48E2_ALU_OUT[12]_P[12])
                                                      0.109     3.773 r  <hidden>
                         net (fo=1, routed)           0.247     4.020    <hidden>
    SLICE_X57Y147        CARRY8 (Prop_CARRY8_SLICEM_CI_O[1])
                                                      0.132     4.152 r  <hidden>
                         net (fo=1, routed)           0.129     4.281    <hidden>
    SLICE_X57Y146        LUT2 (Prop_H6LUT_SLICEM_I0_O)
                                                      0.053     4.334 r  <hidden>
                         net (fo=1, routed)           0.058     4.392    <hidden>
    SLICE_X57Y146        FDRE                                         r  <hidden>
  -------------------------------------------------------------------    -------------------

                         (clock ap_clk rise edge)     3.330     3.330 r  
                                                      0.000     3.330 r  ap_clk (IN)
                         net (fo=2732, unset)         0.021     3.351    <hidden>
    SLICE_X57Y146        FDRE                                         r  <hidden>
                         clock pessimism              0.000     3.351    
                         clock uncertainty           -0.035     3.316    
    SLICE_X57Y146        FDRE (Setup_HFF_SLICEM_C_D)
                                                      0.025     3.341    <hidden>
  -------------------------------------------------------------------
                         required time                          3.341    
                         arrival time                          -4.392    
  -------------------------------------------------------------------
                         slack                                 -1.051    

Slack (VIOLATED) :        -1.045ns  (required time - arrival time)
  Source:                 bd_0_i/hls_inst/inst/grp_node_0_0_Pipeline_l_S_t_1_t_fu_256/hadd_16ns_16ns_16_3_no_dsp_1_U1/din0_buf1_reg[7]_replica/C
                            (rising edge-triggered cell FDRE clocked by ap_clk  {rise@0.000ns fall@1.665ns period=3.330ns})
  Destination:            <hidden>
                            (rising edge-triggered cell FDRE clocked by ap_clk  {rise@0.000ns fall@1.665ns period=3.330ns})
  Path Group:             ap_clk
  Path Type:              Setup (Max at Slow Process Corner)
  Requirement:            3.330ns  (ap_clk rise@3.330ns - ap_clk rise@0.000ns)
  Data Path Delay:        4.358ns  (logic 3.010ns (69.067%)  route 1.348ns (30.933%))
  Logic Levels:           13  (CARRY8=2 DSP_A_B_DATA=2 DSP_ALU=2 DSP_M_DATA=1 DSP_MULTIPLIER=1 DSP_OUTPUT=2 DSP_PREADD_DATA=1 LUT2=1 LUT3=1)
  Clock Path Skew:        -0.007ns (DCD - SCD + CPR)
    Destination Clock Delay (DCD):    0.021ns = ( 3.351 - 3.330 ) 
    Source Clock Delay      (SCD):    0.028ns
    Clock Pessimism Removal (CPR):    0.000ns
  Clock Uncertainty:      0.035ns  ((TSJ^2 + TIJ^2)^1/2 + DJ) / 2 + PE
    Total System Jitter     (TSJ):    0.071ns
    Total Input Jitter      (TIJ):    0.000ns
    Discrete Jitter          (DJ):    0.000ns
    Phase Error              (PE):    0.000ns

    Location             Delay type                Incr(ns)  Path(ns)    Netlist Resource(s)
  -------------------------------------------------------------------    -------------------
                         (clock ap_clk rise edge)     0.000     0.000 r  
                                                      0.000     0.000 r  ap_clk (IN)
                         net (fo=2732, unset)         0.028     0.028    bd_0_i/hls_inst/inst/grp_node_0_0_Pipeline_l_S_t_1_t_fu_256/hadd_16ns_16ns_16_3_no_dsp_1_U1/ap_clk
    SLICE_X62Y145        FDRE                                         r  bd_0_i/hls_inst/inst/grp_node_0_0_Pipeline_l_S_t_1_t_fu_256/hadd_16ns_16ns_16_3_no_dsp_1_U1/din0_buf1_reg[7]_replica/C
  -------------------------------------------------------------------    -------------------
    SLICE_X62Y145        FDRE (Prop_AFF2_SLICEL_C_Q)
                                                      0.081     0.109 f  bd_0_i/hls_inst/inst/grp_node_0_0_Pipeline_l_S_t_1_t_fu_256/hadd_16ns_16ns_16_3_no_dsp_1_U1/din0_buf1_reg[7]_replica/Q
                         net (fo=3, routed)           0.236     0.345    <hidden>
    DSP48E2_X6Y58        DSP_A_B_DATA (Prop_DSP_A_B_DATA_DSP48E2_A[7]_A2_DATA[7])
                                                      0.192     0.537 r  <hidden>
                         net (fo=1, routed)           0.000     0.537    <hidden>
    DSP48E2_X6Y58        DSP_PREADD_DATA (Prop_DSP_PREADD_DATA_DSP48E2_A2_DATA[7]_A2A1[7])
                                                      0.076     0.613 r  <hidden>
                         net (fo=1, routed)           0.000     0.613    <hidden>
    DSP48E2_X6Y58        DSP_MULTIPLIER (Prop_DSP_MULTIPLIER_DSP48E2_A2A1[7]_U[28])
                                                      0.505     1.118 f  <hidden>
                         net (fo=1, routed)           0.000     1.118    <hidden>
    DSP48E2_X6Y58        DSP_M_DATA (Prop_DSP_M_DATA_DSP48E2_U[28]_U_DATA[28])
                                                      0.047     1.165 r  <hidden>
                         net (fo=1, routed)           0.000     1.165    <hidden>
    DSP48E2_X6Y58        DSP_ALU (Prop_DSP_ALU_DSP48E2_U_DATA[28]_ALU_OUT[47])
                                                      0.585     1.750 r  <hidden>
                         net (fo=1, routed)           0.000     1.750    <hidden>
    DSP48E2_X6Y58        DSP_OUTPUT (Prop_DSP_OUTPUT_DSP48E2_ALU_OUT[47]_PATTERN_DETECT)
                                                      0.363     2.113 f  <hidden>
                         net (fo=2, routed)           0.276     2.389    <hidden>
    SLICE_X62Y146        LUT3 (Prop_A6LUT_SLICEL_I2_O)
                                                      0.050     2.439 r  <hidden>
                         net (fo=1, routed)           0.009     2.448    <hidden>
    SLICE_X62Y146        CARRY8 (Prop_CARRY8_SLICEL_S[0]_CO[2])
                                                      0.113     2.561 f  <hidden>
                         net (fo=1, routed)           0.397     2.958    <hidden>
    DSP48E2_X5Y58        DSP_A_B_DATA (Prop_DSP_A_B_DATA_DSP48E2_B[1]_B_ALU[1])
                                                      0.165     3.123 r  <hidden>
                         net (fo=1, routed)           0.000     3.123    <hidden>
    DSP48E2_X5Y58        DSP_ALU (Prop_DSP_ALU_DSP48E2_B_ALU[1]_ALU_OUT[12])
                                                      0.541     3.664 f  <hidden>
                         net (fo=1, routed)           0.000     3.664    <hidden>
    DSP48E2_X5Y58        DSP_OUTPUT (Prop_DSP_OUTPUT_DSP48E2_ALU_OUT[12]_P[12])
                                                      0.109     3.773 r  <hidden>
                         net (fo=1, routed)           0.247     4.020    <hidden>
    SLICE_X57Y147        CARRY8 (Prop_CARRY8_SLICEM_CI_O[2])
                                                      0.131     4.151 r  <hidden>
                         net (fo=1, routed)           0.128     4.279    <hidden>
    SLICE_X57Y146        LUT2 (Prop_E6LUT_SLICEM_I0_O)
                                                      0.052     4.331 r  <hidden>
                         net (fo=1, routed)           0.055     4.386    <hidden>
    SLICE_X57Y146        FDRE                                         r  <hidden>
  -------------------------------------------------------------------    -------------------

                         (clock ap_clk rise edge)     3.330     3.330 r  
                                                      0.000     3.330 r  ap_clk (IN)
                         net (fo=2732, unset)         0.021     3.351    <hidden>
    SLICE_X57Y146        FDRE                                         r  <hidden>
                         clock pessimism              0.000     3.351    
                         clock uncertainty           -0.035     3.316    
    SLICE_X57Y146        FDRE (Setup_EFF_SLICEM_C_D)
                                                      0.025     3.341    <hidden>
  -------------------------------------------------------------------
                         required time                          3.341    
                         arrival time                          -4.386    
  -------------------------------------------------------------------
                         slack                                 -1.045    

Slack (VIOLATED) :        -1.008ns  (required time - arrival time)
  Source:                 bd_0_i/hls_inst/inst/grp_node_0_0_Pipeline_l_S_t_1_t_fu_256/hadd_16ns_16ns_16_3_no_dsp_1_U1/din0_buf1_reg[7]_replica/C
                            (rising edge-triggered cell FDRE clocked by ap_clk  {rise@0.000ns fall@1.665ns period=3.330ns})
  Destination:            <hidden>
                            (rising edge-triggered cell FDRE clocked by ap_clk  {rise@0.000ns fall@1.665ns period=3.330ns})
  Path Group:             ap_clk
  Path Type:              Setup (Max at Slow Process Corner)
  Requirement:            3.330ns  (ap_clk rise@3.330ns - ap_clk rise@0.000ns)
  Data Path Delay:        4.320ns  (logic 2.987ns (69.142%)  route 1.333ns (30.858%))
  Logic Levels:           13  (CARRY8=2 DSP_A_B_DATA=2 DSP_ALU=2 DSP_M_DATA=1 DSP_MULTIPLIER=1 DSP_OUTPUT=2 DSP_PREADD_DATA=1 LUT3=1 LUT6=1)
  Clock Path Skew:        -0.008ns (DCD - SCD + CPR)
    Destination Clock Delay (DCD):    0.020ns = ( 3.350 - 3.330 ) 
    Source Clock Delay      (SCD):    0.028ns
    Clock Pessimism Removal (CPR):    0.000ns
  Clock Uncertainty:      0.035ns  ((TSJ^2 + TIJ^2)^1/2 + DJ) / 2 + PE
    Total System Jitter     (TSJ):    0.071ns
    Total Input Jitter      (TIJ):    0.000ns
    Discrete Jitter          (DJ):    0.000ns
    Phase Error              (PE):    0.000ns

    Location             Delay type                Incr(ns)  Path(ns)    Netlist Resource(s)
  -------------------------------------------------------------------    -------------------
                         (clock ap_clk rise edge)     0.000     0.000 r  
                                                      0.000     0.000 r  ap_clk (IN)
                         net (fo=2732, unset)         0.028     0.028    bd_0_i/hls_inst/inst/grp_node_0_0_Pipeline_l_S_t_1_t_fu_256/hadd_16ns_16ns_16_3_no_dsp_1_U1/ap_clk
    SLICE_X62Y145        FDRE                                         r  bd_0_i/hls_inst/inst/grp_node_0_0_Pipeline_l_S_t_1_t_fu_256/hadd_16ns_16ns_16_3_no_dsp_1_U1/din0_buf1_reg[7]_replica/C
  -------------------------------------------------------------------    -------------------
    SLICE_X62Y145        FDRE (Prop_AFF2_SLICEL_C_Q)
                                                      0.081     0.109 f  bd_0_i/hls_inst/inst/grp_node_0_0_Pipeline_l_S_t_1_t_fu_256/hadd_16ns_16ns_16_3_no_dsp_1_U1/din0_buf1_reg[7]_replica/Q
                         net (fo=3, routed)           0.236     0.345    <hidden>
    DSP48E2_X6Y58        DSP_A_B_DATA (Prop_DSP_A_B_DATA_DSP48E2_A[7]_A2_DATA[7])
                                                      0.192     0.537 r  <hidden>
                         net (fo=1, routed)           0.000     0.537    <hidden>
    DSP48E2_X6Y58        DSP_PREADD_DATA (Prop_DSP_PREADD_DATA_DSP48E2_A2_DATA[7]_A2A1[7])
                                                      0.076     0.613 r  <hidden>
                         net (fo=1, routed)           0.000     0.613    <hidden>
    DSP48E2_X6Y58        DSP_MULTIPLIER (Prop_DSP_MULTIPLIER_DSP48E2_A2A1[7]_U[28])
                                                      0.505     1.118 f  <hidden>
                         net (fo=1, routed)           0.000     1.118    <hidden>
    DSP48E2_X6Y58        DSP_M_DATA (Prop_DSP_M_DATA_DSP48E2_U[28]_U_DATA[28])
                                                      0.047     1.165 r  <hidden>
                         net (fo=1, routed)           0.000     1.165    <hidden>
    DSP48E2_X6Y58        DSP_ALU (Prop_DSP_ALU_DSP48E2_U_DATA[28]_ALU_OUT[47])
                                                      0.585     1.750 r  <hidden>
                         net (fo=1, routed)           0.000     1.750    <hidden>
    DSP48E2_X6Y58        DSP_OUTPUT (Prop_DSP_OUTPUT_DSP48E2_ALU_OUT[47]_PATTERN_DETECT)
                                                      0.363     2.113 f  <hidden>
                         net (fo=2, routed)           0.276     2.389    <hidden>
    SLICE_X62Y146        LUT3 (Prop_A6LUT_SLICEL_I2_O)
                                                      0.050     2.439 r  <hidden>
                         net (fo=1, routed)           0.009     2.448    <hidden>
    SLICE_X62Y146        CARRY8 (Prop_CARRY8_SLICEL_S[0]_CO[2])
                                                      0.113     2.561 f  <hidden>
                         net (fo=1, routed)           0.397     2.958    <hidden>
    DSP48E2_X5Y58        DSP_A_B_DATA (Prop_DSP_A_B_DATA_DSP48E2_B[1]_B_ALU[1])
                                                      0.165     3.123 r  <hidden>
                         net (fo=1, routed)           0.000     3.123    <hidden>
    DSP48E2_X5Y58        DSP_ALU (Prop_DSP_ALU_DSP48E2_B_ALU[1]_ALU_OUT[12])
                                                      0.541     3.664 f  <hidden>
                         net (fo=1, routed)           0.000     3.664    <hidden>
    DSP48E2_X5Y58        DSP_OUTPUT (Prop_DSP_OUTPUT_DSP48E2_ALU_OUT[12]_P[12])
                                                      0.109     3.773 r  <hidden>
                         net (fo=1, routed)           0.247     4.020    <hidden>
    SLICE_X57Y147        CARRY8 (Prop_CARRY8_SLICEM_CI_O[0])
                                                      0.110     4.130 r  <hidden>
                         net (fo=1, routed)           0.119     4.249    <hidden>
    SLICE_X58Y147        LUT6 (Prop_D6LUT_SLICEL_I2_O)
                                                      0.050     4.299 r  <hidden>
                         net (fo=1, routed)           0.049     4.348    <hidden>
    SLICE_X58Y147        FDRE                                         r  <hidden>
  -------------------------------------------------------------------    -------------------

                         (clock ap_clk rise edge)     3.330     3.330 r  
                                                      0.000     3.330 r  ap_clk (IN)
                         net (fo=2732, unset)         0.020     3.350    <hidden>
    SLICE_X58Y147        FDRE                                         r  <hidden>
                         clock pessimism              0.000     3.350    
                         clock uncertainty           -0.035     3.315    
    SLICE_X58Y147        FDRE (Setup_DFF_SLICEL_C_D)
                                                      0.025     3.340    <hidden>
  -------------------------------------------------------------------
                         required time                          3.340    
                         arrival time                          -4.348    
  -------------------------------------------------------------------
                         slack                                 -1.008    

Slack (VIOLATED) :        -0.956ns  (required time - arrival time)
  Source:                 bd_0_i/hls_inst/inst/grp_node_0_0_Pipeline_l_S_t_1_t_fu_256/hadd_16ns_16ns_16_3_no_dsp_1_U1/din1_buf1_reg[9]_replica/C
                            (rising edge-triggered cell FDRE clocked by ap_clk  {rise@0.000ns fall@1.665ns period=3.330ns})
  Destination:            <hidden>
                            (rising edge-triggered cell FDRE clocked by ap_clk  {rise@0.000ns fall@1.665ns period=3.330ns})
  Path Group:             ap_clk
  Path Type:              Setup (Max at Slow Process Corner)
  Requirement:            3.330ns  (ap_clk rise@3.330ns - ap_clk rise@0.000ns)
  Data Path Delay:        4.268ns  (logic 1.903ns (44.591%)  route 2.365ns (55.409%))
  Logic Levels:           22  (CARRY8=8 LUT4=3 LUT5=5 LUT6=6)
  Clock Path Skew:        -0.008ns (DCD - SCD + CPR)
    Destination Clock Delay (DCD):    0.020ns = ( 3.350 - 3.330 ) 
    Source Clock Delay      (SCD):    0.028ns
    Clock Pessimism Removal (CPR):    0.000ns
  Clock Uncertainty:      0.035ns  ((TSJ^2 + TIJ^2)^1/2 + DJ) / 2 + PE
    Total System Jitter     (TSJ):    0.071ns
    Total Input Jitter      (TIJ):    0.000ns
    Discrete Jitter          (DJ):    0.000ns
    Phase Error              (PE):    0.000ns

    Location             Delay type                Incr(ns)  Path(ns)    Netlist Resource(s)
  -------------------------------------------------------------------    -------------------
                         (clock ap_clk rise edge)     0.000     0.000 r  
                                                      0.000     0.000 r  ap_clk (IN)
                         net (fo=2732, unset)         0.028     0.028    bd_0_i/hls_inst/inst/grp_node_0_0_Pipeline_l_S_t_1_t_fu_256/hadd_16ns_16ns_16_3_no_dsp_1_U1/ap_clk
    SLICE_X62Y146        FDRE                                         r  bd_0_i/hls_inst/inst/grp_node_0_0_Pipeline_l_S_t_1_t_fu_256/hadd_16ns_16ns_16_3_no_dsp_1_U1/din1_buf1_reg[9]_replica/C
  -------------------------------------------------------------------    -------------------
    SLICE_X62Y146        FDRE (Prop_BFF_SLICEL_C_Q)
                                                      0.079     0.107 r  bd_0_i/hls_inst/inst/grp_node_0_0_Pipeline_l_S_t_1_t_fu_256/hadd_16ns_16ns_16_3_no_dsp_1_U1/din1_buf1_reg[9]_replica/Q
                         net (fo=8, routed)           0.265     0.372    <hidden>
    SLICE_X63Y143        LUT4 (Prop_E6LUT_SLICEM_I0_O)
                                                      0.124     0.496 r  <hidden>
                         net (fo=1, routed)           0.014     0.510    <hidden>
    SLICE_X63Y143        CARRY8 (Prop_CARRY8_SLICEM_S[4]_CO[7])
                                                      0.163     0.673 r  <hidden>
                         net (fo=29, routed)          0.185     0.858    <hidden>
    SLICE_X62Y143        LUT6 (Prop_D6LUT_SLICEL_I4_O)
                                                      0.050     0.908 f  <hidden>
                         net (fo=4, routed)           0.159     1.067    <hidden>
    SLICE_X62Y142        LUT4 (Prop_B6LUT_SLICEL_I0_O)
                                                      0.090     1.157 r  <hidden>
                         net (fo=1, routed)           0.009     1.166    <hidden>
    SLICE_X62Y142        CARRY8 (Prop_CARRY8_SLICEL_S[1]_CO[1])
                                                      0.088     1.254 r  <hidden>
                         net (fo=1, routed)           0.121     1.375    <hidden>
    SLICE_X62Y143        LUT5 (Prop_G6LUT_SLICEL_I1_O)
                                                      0.089     1.464 r  <hidden>
                         net (fo=1, routed)           0.092     1.556    <hidden>
    SLICE_X62Y141        LUT6 (Prop_H6LUT_SLICEL_I5_O)
                                                      0.036     1.592 r  <hidden>
                         net (fo=2, routed)           0.269     1.862    <hidden>
    SLICE_X60Y142        LUT6 (Prop_B6LUT_SLICEL_I0_O)
                                                      0.036     1.898 r  <hidden>
                         net (fo=1, routed)           0.009     1.907    <hidden>
    SLICE_X60Y142        CARRY8 (Prop_CARRY8_SLICEL_S[1]_CO[7])
                                                      0.186     2.093 r  <hidden>
                         net (fo=1, routed)           0.026     2.119    <hidden>
    SLICE_X60Y143        CARRY8 (Prop_CARRY8_SLICEL_CI_O[7])
                                                      0.116     2.235 f  <hidden>
                         net (fo=4, routed)           0.201     2.436    <hidden>
    SLICE_X60Y144        LUT4 (Prop_A6LUT_SLICEL_I3_O)
                                                      0.035     2.471 r  <hidden>
                         net (fo=1, routed)           0.009     2.480    <hidden>
    SLICE_X60Y144        CARRY8 (Prop_CARRY8_SLICEL_S[0]_CO[0])
                                                      0.069     2.549 f  <hidden>
                         net (fo=24, routed)          0.198     2.747    <hidden>
    SLICE_X61Y144        LUT5 (Prop_C6LUT_SLICEM_I0_O)
                                                      0.051     2.798 f  <hidden>
                         net (fo=2, routed)           0.108     2.906    <hidden>
    SLICE_X61Y144        LUT5 (Prop_E6LUT_SLICEM_I3_O)
                                                      0.124     3.030 f  <hidden>
                         net (fo=21, routed)          0.098     3.128    <hidden>
    SLICE_X60Y144        LUT5 (Prop_C6LUT_SLICEL_I4_O)
                                                      0.035     3.163 r  <hidden>
                         net (fo=1, routed)           0.103     3.266    <hidden>
    SLICE_X59Y144        LUT6 (Prop_H6LUT_SLICEL_I5_O)
                                                      0.150     3.416 r  <hidden>
                         net (fo=2, routed)           0.165     3.581    <hidden>
    SLICE_X59Y142        LUT5 (Prop_A6LUT_SLICEL_I2_O)
                                                      0.050     3.631 r  <hidden>
                         net (fo=1, routed)           0.009     3.640    <hidden>
    SLICE_X59Y142        CARRY8 (Prop_CARRY8_SLICEL_S[0]_CO[7])
                                                      0.190     3.830 r  <hidden>
                         net (fo=1, routed)           0.026     3.856    <hidden>
    SLICE_X59Y143        CARRY8 (Prop_CARRY8_SLICEL_CI_CO[7])
                                                      0.015     3.871 r  <hidden>
                         net (fo=1, routed)           0.026     3.897    <hidden>
    SLICE_X59Y144        CARRY8 (Prop_CARRY8_SLICEL_CI_O[0])
                                                      0.056     3.953 r  <hidden>
                         net (fo=4, routed)           0.175     4.128    <hidden>
    SLICE_X60Y145        LUT6 (Prop_B6LUT_SLICEL_I1_O)
                                                      0.036     4.164 r  <hidden>
                         net (fo=2, routed)           0.046     4.210    <hidden>
    SLICE_X60Y145        LUT6 (Prop_F6LUT_SLICEL_I1_O)
                                                      0.035     4.245 r  <hidden>
                         net (fo=1, routed)           0.051     4.296    <hidden>
    SLICE_X60Y145        FDRE                                         r  <hidden>
  -------------------------------------------------------------------    -------------------

                         (clock ap_clk rise edge)     3.330     3.330 r  
                                                      0.000     3.330 r  ap_clk (IN)
                         net (fo=2732, unset)         0.020     3.350    <hidden>
    SLICE_X60Y145        FDRE                                         r  <hidden>
                         clock pessimism              0.000     3.350    
                         clock uncertainty           -0.035     3.315    
    SLICE_X60Y145        FDRE (Setup_FFF_SLICEL_C_D)
                                                      0.025     3.340    <hidden>
  -------------------------------------------------------------------
                         required time                          3.340    
                         arrival time                          -4.296    
  -------------------------------------------------------------------
                         slack                                 -0.956    

Slack (VIOLATED) :        -0.953ns  (required time - arrival time)
  Source:                 bd_0_i/hls_inst/inst/grp_node_0_0_Pipeline_l_S_t_1_t_fu_256/hadd_16ns_16ns_16_3_no_dsp_1_U1/din1_buf1_reg[9]_replica/C
                            (rising edge-triggered cell FDRE clocked by ap_clk  {rise@0.000ns fall@1.665ns period=3.330ns})
  Destination:            <hidden>
                            (rising edge-triggered cell FDRE clocked by ap_clk  {rise@0.000ns fall@1.665ns period=3.330ns})
  Path Group:             ap_clk
  Path Type:              Setup (Max at Slow Process Corner)
  Requirement:            3.330ns  (ap_clk rise@3.330ns - ap_clk rise@0.000ns)
  Data Path Delay:        4.265ns  (logic 1.903ns (44.622%)  route 2.362ns (55.378%))
  Logic Levels:           22  (CARRY8=8 LUT4=3 LUT5=5 LUT6=6)
  Clock Path Skew:        -0.008ns (DCD - SCD + CPR)
    Destination Clock Delay (DCD):    0.020ns = ( 3.350 - 3.330 ) 
    Source Clock Delay      (SCD):    0.028ns
    Clock Pessimism Removal (CPR):    0.000ns
  Clock Uncertainty:      0.035ns  ((TSJ^2 + TIJ^2)^1/2 + DJ) / 2 + PE
    Total System Jitter     (TSJ):    0.071ns
    Total Input Jitter      (TIJ):    0.000ns
    Discrete Jitter          (DJ):    0.000ns
    Phase Error              (PE):    0.000ns

    Location             Delay type                Incr(ns)  Path(ns)    Netlist Resource(s)
  -------------------------------------------------------------------    -------------------
                         (clock ap_clk rise edge)     0.000     0.000 r  
                                                      0.000     0.000 r  ap_clk (IN)
                         net (fo=2732, unset)         0.028     0.028    bd_0_i/hls_inst/inst/grp_node_0_0_Pipeline_l_S_t_1_t_fu_256/hadd_16ns_16ns_16_3_no_dsp_1_U1/ap_clk
    SLICE_X62Y146        FDRE                                         r  bd_0_i/hls_inst/inst/grp_node_0_0_Pipeline_l_S_t_1_t_fu_256/hadd_16ns_16ns_16_3_no_dsp_1_U1/din1_buf1_reg[9]_replica/C
  -------------------------------------------------------------------    -------------------
    SLICE_X62Y146        FDRE (Prop_BFF_SLICEL_C_Q)
                                                      0.079     0.107 r  bd_0_i/hls_inst/inst/grp_node_0_0_Pipeline_l_S_t_1_t_fu_256/hadd_16ns_16ns_16_3_no_dsp_1_U1/din1_buf1_reg[9]_replica/Q
                         net (fo=8, routed)           0.265     0.372    <hidden>
    SLICE_X63Y143        LUT4 (Prop_E6LUT_SLICEM_I0_O)
                                                      0.124     0.496 r  <hidden>
                         net (fo=1, routed)           0.014     0.510    <hidden>
    SLICE_X63Y143        CARRY8 (Prop_CARRY8_SLICEM_S[4]_CO[7])
                                                      0.163     0.673 r  <hidden>
                         net (fo=29, routed)          0.185     0.858    <hidden>
    SLICE_X62Y143        LUT6 (Prop_D6LUT_SLICEL_I4_O)
                                                      0.050     0.908 f  <hidden>
                         net (fo=4, routed)           0.159     1.067    <hidden>
    SLICE_X62Y142        LUT4 (Prop_B6LUT_SLICEL_I0_O)
                                                      0.090     1.157 r  <hidden>
                         net (fo=1, routed)           0.009     1.166    <hidden>
    SLICE_X62Y142        CARRY8 (Prop_CARRY8_SLICEL_S[1]_CO[1])
                                                      0.088     1.254 r  <hidden>
                         net (fo=1, routed)           0.121     1.375    <hidden>
    SLICE_X62Y143        LUT5 (Prop_G6LUT_SLICEL_I1_O)
                                                      0.089     1.464 r  <hidden>
                         net (fo=1, routed)           0.092     1.556    <hidden>
    SLICE_X62Y141        LUT6 (Prop_H6LUT_SLICEL_I5_O)
                                                      0.036     1.592 r  <hidden>
                         net (fo=2, routed)           0.269     1.862    <hidden>
    SLICE_X60Y142        LUT6 (Prop_B6LUT_SLICEL_I0_O)
                                                      0.036     1.898 r  <hidden>
                         net (fo=1, routed)           0.009     1.907    <hidden>
    SLICE_X60Y142        CARRY8 (Prop_CARRY8_SLICEL_S[1]_CO[7])
                                                      0.186     2.093 r  <hidden>
                         net (fo=1, routed)           0.026     2.119    <hidden>
    SLICE_X60Y143        CARRY8 (Prop_CARRY8_SLICEL_CI_O[7])
                                                      0.116     2.235 f  <hidden>
                         net (fo=4, routed)           0.201     2.436    <hidden>
    SLICE_X60Y144        LUT4 (Prop_A6LUT_SLICEL_I3_O)
                                                      0.035     2.471 r  <hidden>
                         net (fo=1, routed)           0.009     2.480    <hidden>
    SLICE_X60Y144        CARRY8 (Prop_CARRY8_SLICEL_S[0]_CO[0])
                                                      0.069     2.549 f  <hidden>
                         net (fo=24, routed)          0.198     2.747    <hidden>
    SLICE_X61Y144        LUT5 (Prop_C6LUT_SLICEM_I0_O)
                                                      0.051     2.798 f  <hidden>
                         net (fo=2, routed)           0.108     2.906    <hidden>
    SLICE_X61Y144        LUT5 (Prop_E6LUT_SLICEM_I3_O)
                                                      0.124     3.030 f  <hidden>
                         net (fo=21, routed)          0.098     3.128    <hidden>
    SLICE_X60Y144        LUT5 (Prop_C6LUT_SLICEL_I4_O)
                                                      0.035     3.163 r  <hidden>
                         net (fo=1, routed)           0.103     3.266    <hidden>
    SLICE_X59Y144        LUT6 (Prop_H6LUT_SLICEL_I5_O)
                                                      0.150     3.416 r  <hidden>
                         net (fo=2, routed)           0.165     3.581    <hidden>
    SLICE_X59Y142        LUT5 (Prop_A6LUT_SLICEL_I2_O)
                                                      0.050     3.631 r  <hidden>
                         net (fo=1, routed)           0.009     3.640    <hidden>
    SLICE_X59Y142        CARRY8 (Prop_CARRY8_SLICEL_S[0]_CO[7])
                                                      0.190     3.830 r  <hidden>
                         net (fo=1, routed)           0.026     3.856    <hidden>
    SLICE_X59Y143        CARRY8 (Prop_CARRY8_SLICEL_CI_CO[7])
                                                      0.015     3.871 r  <hidden>
                         net (fo=1, routed)           0.026     3.897    <hidden>
    SLICE_X59Y144        CARRY8 (Prop_CARRY8_SLICEL_CI_O[0])
                                                      0.056     3.953 r  <hidden>
                         net (fo=4, routed)           0.175     4.128    <hidden>
    SLICE_X60Y145        LUT6 (Prop_B6LUT_SLICEL_I1_O)
                                                      0.036     4.164 r  <hidden>
                         net (fo=2, routed)           0.048     4.212    <hidden>
    SLICE_X60Y145        LUT6 (Prop_E6LUT_SLICEL_I0_O)
                                                      0.035     4.247 r  <hidden>
                         net (fo=1, routed)           0.046     4.293    <hidden>
    SLICE_X60Y145        FDRE                                         r  <hidden>
  -------------------------------------------------------------------    -------------------

                         (clock ap_clk rise edge)     3.330     3.330 r  
                                                      0.000     3.330 r  ap_clk (IN)
                         net (fo=2732, unset)         0.020     3.350    <hidden>
    SLICE_X60Y145        FDRE                                         r  <hidden>
                         clock pessimism              0.000     3.350    
                         clock uncertainty           -0.035     3.315    
    SLICE_X60Y145        FDRE (Setup_EFF_SLICEL_C_D)
                                                      0.025     3.340    <hidden>
  -------------------------------------------------------------------
                         required time                          3.340    
                         arrival time                          -4.293    
  -------------------------------------------------------------------
                         slack                                 -0.953    

Slack (VIOLATED) :        -0.939ns  (required time - arrival time)
  Source:                 bd_0_i/hls_inst/inst/grp_node_0_0_Pipeline_l_S_t_1_t_fu_256/hadd_16ns_16ns_16_3_no_dsp_1_U1/din0_buf1_reg[8]/C
                            (rising edge-triggered cell FDRE clocked by ap_clk  {rise@0.000ns fall@1.665ns period=3.330ns})
  Destination:            <hidden>
                            (rising edge-triggered cell FDRE clocked by ap_clk  {rise@0.000ns fall@1.665ns period=3.330ns})
  Path Group:             ap_clk
  Path Type:              Setup (Max at Slow Process Corner)
  Requirement:            3.330ns  (ap_clk rise@3.330ns - ap_clk rise@0.000ns)
  Data Path Delay:        4.248ns  (logic 1.890ns (44.487%)  route 2.358ns (55.513%))
  Logic Levels:           21  (CARRY8=8 LUT4=3 LUT5=2 LUT6=8)
  Clock Path Skew:        -0.010ns (DCD - SCD + CPR)
    Destination Clock Delay (DCD):    0.020ns = ( 3.350 - 3.330 ) 
    Source Clock Delay      (SCD):    0.030ns
    Clock Pessimism Removal (CPR):    0.000ns
  Clock Uncertainty:      0.035ns  ((TSJ^2 + TIJ^2)^1/2 + DJ) / 2 + PE
    Total System Jitter     (TSJ):    0.071ns
    Total Input Jitter      (TIJ):    0.000ns
    Discrete Jitter          (DJ):    0.000ns
    Phase Error              (PE):    0.000ns

    Location             Delay type                Incr(ns)  Path(ns)    Netlist Resource(s)
  -------------------------------------------------------------------    -------------------
                         (clock ap_clk rise edge)     0.000     0.000 r  
                                                      0.000     0.000 r  ap_clk (IN)
                         net (fo=2732, unset)         0.030     0.030    bd_0_i/hls_inst/inst/grp_node_0_0_Pipeline_l_S_t_1_t_fu_256/hadd_16ns_16ns_16_3_no_dsp_1_U1/ap_clk
    SLICE_X63Y146        FDRE                                         r  bd_0_i/hls_inst/inst/grp_node_0_0_Pipeline_l_S_t_1_t_fu_256/hadd_16ns_16ns_16_3_no_dsp_1_U1/din0_buf1_reg[8]/C
  -------------------------------------------------------------------    -------------------
    SLICE_X63Y146        FDRE (Prop_EFF2_SLICEM_C_Q)
                                                      0.079     0.109 r  bd_0_i/hls_inst/inst/grp_node_0_0_Pipeline_l_S_t_1_t_fu_256/hadd_16ns_16ns_16_3_no_dsp_1_U1/din0_buf1_reg[8]/Q
                         net (fo=22, routed)          0.389     0.498    <hidden>
    SLICE_X65Y139        LUT4 (Prop_E6LUT_SLICEL_I1_O)
                                                      0.099     0.597 r  <hidden>
                         net (fo=1, routed)           0.007     0.604    <hidden>
    SLICE_X65Y139        CARRY8 (Prop_CARRY8_SLICEL_S[4]_CO[7])
                                                      0.160     0.764 r  <hidden>
                         net (fo=29, routed)          0.225     0.989    <hidden>
    SLICE_X65Y140        LUT6 (Prop_G6LUT_SLICEL_I4_O)
                                                      0.097     1.086 f  <hidden>
                         net (fo=4, routed)           0.056     1.142    <hidden>
    SLICE_X65Y140        LUT4 (Prop_B6LUT_SLICEL_I1_O)
                                                      0.124     1.266 r  <hidden>
                         net (fo=1, routed)           0.009     1.275    <hidden>
    SLICE_X65Y140        CARRY8 (Prop_CARRY8_SLICEL_S[1]_CO[1])
                                                      0.088     1.363 r  <hidden>
                         net (fo=1, routed)           0.119     1.482    <hidden>
    SLICE_X65Y141        LUT5 (Prop_F6LUT_SLICEL_I4_O)
                                                      0.035     1.517 f  <hidden>
                         net (fo=2, routed)           0.137     1.654    <hidden>
    SLICE_X64Y142        LUT6 (Prop_B6LUT_SLICEM_I0_O)
                                                      0.100     1.754 r  <hidden>
                         net (fo=1, routed)           0.016     1.770    <hidden>
    SLICE_X64Y142        CARRY8 (Prop_CARRY8_SLICEM_S[1]_CO[7])
                                                      0.190     1.960 r  <hidden>
                         net (fo=1, routed)           0.026     1.986    <hidden>
    SLICE_X64Y143        CARRY8 (Prop_CARRY8_SLICEM_CI_O[3])
                                                      0.082     2.068 f  <hidden>
                         net (fo=4, routed)           0.322     2.390    <hidden>
    SLICE_X65Y146        LUT4 (Prop_B6LUT_SLICEL_I1_O)
                                                      0.090     2.480 r  <hidden>
                         net (fo=1, routed)           0.009     2.489    <hidden>
    SLICE_X65Y146        CARRY8 (Prop_CARRY8_SLICEL_S[1]_CO[1])
                                                      0.088     2.577 f  <hidden>
                         net (fo=33, routed)          0.224     2.801    <hidden>
    SLICE_X64Y146        LUT6 (Prop_B6LUT_SLICEM_I4_O)
                                                      0.052     2.853 r  <hidden>
                         net (fo=1, routed)           0.127     2.980    <hidden>
    SLICE_X64Y146        LUT6 (Prop_C6LUT_SLICEM_I4_O)
                                                      0.037     3.017 f  <hidden>
                         net (fo=22, routed)          0.114     3.130    <hidden>
    SLICE_X64Y148        LUT5 (Prop_C6LUT_SLICEM_I4_O)
                                                      0.037     3.167 r  <hidden>
                         net (fo=2, routed)           0.112     3.279    <hidden>
    SLICE_X63Y148        LUT6 (Prop_A6LUT_SLICEM_I1_O)
                                                      0.100     3.379 r  <hidden>
                         net (fo=2, routed)           0.100     3.480    <hidden>
    SLICE_X62Y148        LUT6 (Prop_A6LUT_SLICEL_I5_O)
                                                      0.035     3.515 r  <hidden>
                         net (fo=1, routed)           0.009     3.524    <hidden>
    SLICE_X62Y148        CARRY8 (Prop_CARRY8_SLICEL_S[0]_CO[7])
                                                      0.190     3.714 r  <hidden>
                         net (fo=1, routed)           0.026     3.740    <hidden>
    SLICE_X62Y149        CARRY8 (Prop_CARRY8_SLICEL_CI_CO[7])
                                                      0.015     3.755 r  <hidden>
                         net (fo=1, routed)           0.052     3.807    <hidden>
    SLICE_X62Y150        CARRY8 (Prop_CARRY8_SLICEL_CI_O[0])
                                                      0.056     3.863 r  <hidden>
                         net (fo=4, routed)           0.138     4.001    <hidden>
    SLICE_X63Y150        LUT6 (Prop_G6LUT_SLICEM_I5_O)
                                                      0.100     4.101 r  <hidden>
                         net (fo=1, routed)           0.090     4.191    <hidden>
    SLICE_X62Y150        LUT6 (Prop_H6LUT_SLICEL_I0_O)
                                                      0.036     4.227 r  <hidden>
                         net (fo=1, routed)           0.051     4.278    <hidden>
    SLICE_X62Y150        FDRE                                         r  <hidden>
  -------------------------------------------------------------------    -------------------

                         (clock ap_clk rise edge)     3.330     3.330 r  
                                                      0.000     3.330 r  ap_clk (IN)
                         net (fo=2732, unset)         0.020     3.350    <hidden>
    SLICE_X62Y150        FDRE                                         r  <hidden>
                         clock pessimism              0.000     3.350    
                         clock uncertainty           -0.035     3.315    
    SLICE_X62Y150        FDRE (Setup_HFF_SLICEL_C_D)
                                                      0.025     3.340    <hidden>
  -------------------------------------------------------------------
                         required time                          3.340    
                         arrival time                          -4.278    
  -------------------------------------------------------------------
                         slack                                 -0.939    

Slack (VIOLATED) :        -0.896ns  (required time - arrival time)
  Source:                 bd_0_i/hls_inst/inst/grp_node_0_0_Pipeline_l_S_t_1_t_fu_256/hadd_16ns_16ns_16_3_no_dsp_1_U1/din1_buf1_reg[9]_replica/C
                            (rising edge-triggered cell FDRE clocked by ap_clk  {rise@0.000ns fall@1.665ns period=3.330ns})
  Destination:            <hidden>
                            (rising edge-triggered cell FDRE clocked by ap_clk  {rise@0.000ns fall@1.665ns period=3.330ns})
  Path Group:             ap_clk
  Path Type:              Setup (Max at Slow Process Corner)
  Requirement:            3.330ns  (ap_clk rise@3.330ns - ap_clk rise@0.000ns)
  Data Path Delay:        4.208ns  (logic 1.927ns (45.798%)  route 2.281ns (54.202%))
  Logic Levels:           20  (CARRY8=7 LUT4=3 LUT5=5 LUT6=5)
  Clock Path Skew:        -0.008ns (DCD - SCD + CPR)
    Destination Clock Delay (DCD):    0.020ns = ( 3.350 - 3.330 ) 
    Source Clock Delay      (SCD):    0.028ns
    Clock Pessimism Removal (CPR):    0.000ns
  Clock Uncertainty:      0.035ns  ((TSJ^2 + TIJ^2)^1/2 + DJ) / 2 + PE
    Total System Jitter     (TSJ):    0.071ns
    Total Input Jitter      (TIJ):    0.000ns
    Discrete Jitter          (DJ):    0.000ns
    Phase Error              (PE):    0.000ns

    Location             Delay type                Incr(ns)  Path(ns)    Netlist Resource(s)
  -------------------------------------------------------------------    -------------------
                         (clock ap_clk rise edge)     0.000     0.000 r  
                                                      0.000     0.000 r  ap_clk (IN)
                         net (fo=2732, unset)         0.028     0.028    bd_0_i/hls_inst/inst/grp_node_0_0_Pipeline_l_S_t_1_t_fu_256/hadd_16ns_16ns_16_3_no_dsp_1_U1/ap_clk
    SLICE_X62Y146        FDRE                                         r  bd_0_i/hls_inst/inst/grp_node_0_0_Pipeline_l_S_t_1_t_fu_256/hadd_16ns_16ns_16_3_no_dsp_1_U1/din1_buf1_reg[9]_replica/C
  -------------------------------------------------------------------    -------------------
    SLICE_X62Y146        FDRE (Prop_BFF_SLICEL_C_Q)
                                                      0.079     0.107 r  bd_0_i/hls_inst/inst/grp_node_0_0_Pipeline_l_S_t_1_t_fu_256/hadd_16ns_16ns_16_3_no_dsp_1_U1/din1_buf1_reg[9]_replica/Q
                         net (fo=8, routed)           0.265     0.372    <hidden>
    SLICE_X63Y143        LUT4 (Prop_E6LUT_SLICEM_I0_O)
                                                      0.124     0.496 r  <hidden>
                         net (fo=1, routed)           0.014     0.510    <hidden>
    SLICE_X63Y143        CARRY8 (Prop_CARRY8_SLICEM_S[4]_CO[7])
                                                      0.163     0.673 r  <hidden>
                         net (fo=29, routed)          0.185     0.858    <hidden>
    SLICE_X62Y143        LUT6 (Prop_D6LUT_SLICEL_I4_O)
                                                      0.050     0.908 f  <hidden>
                         net (fo=4, routed)           0.159     1.067    <hidden>
    SLICE_X62Y142        LUT4 (Prop_B6LUT_SLICEL_I0_O)
                                                      0.090     1.157 r  <hidden>
                         net (fo=1, routed)           0.009     1.166    <hidden>
    SLICE_X62Y142        CARRY8 (Prop_CARRY8_SLICEL_S[1]_CO[1])
                                                      0.088     1.254 r  <hidden>
                         net (fo=1, routed)           0.121     1.375    <hidden>
    SLICE_X62Y143        LUT5 (Prop_G6LUT_SLICEL_I1_O)
                                                      0.089     1.464 r  <hidden>
                         net (fo=1, routed)           0.092     1.556    <hidden>
    SLICE_X62Y141        LUT6 (Prop_H6LUT_SLICEL_I5_O)
                                                      0.036     1.592 r  <hidden>
                         net (fo=2, routed)           0.269     1.862    <hidden>
    SLICE_X60Y142        LUT6 (Prop_B6LUT_SLICEL_I0_O)
                                                      0.036     1.898 r  <hidden>
                         net (fo=1, routed)           0.009     1.907    <hidden>
    SLICE_X60Y142        CARRY8 (Prop_CARRY8_SLICEL_S[1]_CO[7])
                                                      0.186     2.093 r  <hidden>
                         net (fo=1, routed)           0.026     2.119    <hidden>
    SLICE_X60Y143        CARRY8 (Prop_CARRY8_SLICEL_CI_O[7])
                                                      0.116     2.235 f  <hidden>
                         net (fo=4, routed)           0.201     2.436    <hidden>
    SLICE_X60Y144        LUT4 (Prop_A6LUT_SLICEL_I3_O)
                                                      0.035     2.471 r  <hidden>
                         net (fo=1, routed)           0.009     2.480    <hidden>
    SLICE_X60Y144        CARRY8 (Prop_CARRY8_SLICEL_S[0]_CO[0])
                                                      0.069     2.549 f  <hidden>
                         net (fo=24, routed)          0.198     2.747    <hidden>
    SLICE_X61Y144        LUT5 (Prop_C6LUT_SLICEM_I0_O)
                                                      0.051     2.798 f  <hidden>
                         net (fo=2, routed)           0.108     2.906    <hidden>
    SLICE_X61Y144        LUT5 (Prop_E6LUT_SLICEM_I3_O)
                                                      0.124     3.030 f  <hidden>
                         net (fo=21, routed)          0.098     3.128    <hidden>
    SLICE_X60Y144        LUT5 (Prop_C6LUT_SLICEL_I4_O)
                                                      0.035     3.163 r  <hidden>
                         net (fo=1, routed)           0.103     3.266    <hidden>
    SLICE_X59Y144        LUT6 (Prop_H6LUT_SLICEL_I5_O)
                                                      0.150     3.416 r  <hidden>
                         net (fo=2, routed)           0.165     3.581    <hidden>
    SLICE_X59Y142        LUT5 (Prop_A6LUT_SLICEL_I2_O)
                                                      0.050     3.631 r  <hidden>
                         net (fo=1, routed)           0.009     3.640    <hidden>
    SLICE_X59Y142        CARRY8 (Prop_CARRY8_SLICEL_S[0]_CO[7])
                                                      0.190     3.830 r  <hidden>
                         net (fo=1, routed)           0.026     3.856    <hidden>
    SLICE_X59Y143        CARRY8 (Prop_CARRY8_SLICEL_CI_O[7])
                                                      0.116     3.972 r  <hidden>
                         net (fo=1, routed)           0.165     4.137    <hidden>
    SLICE_X59Y146        LUT6 (Prop_D6LUT_SLICEL_I2_O)
                                                      0.050     4.187 r  <hidden>
                         net (fo=1, routed)           0.049     4.236    <hidden>
    SLICE_X59Y146        FDRE                                         r  <hidden>
  -------------------------------------------------------------------    -------------------

                         (clock ap_clk rise edge)     3.330     3.330 r  
                                                      0.000     3.330 r  ap_clk (IN)
                         net (fo=2732, unset)         0.020     3.350    <hidden>
    SLICE_X59Y146        FDRE                                         r  <hidden>
                         clock pessimism              0.000     3.350    
                         clock uncertainty           -0.035     3.315    
    SLICE_X59Y146        FDRE (Setup_DFF_SLICEL_C_D)
                                                      0.025     3.340    <hidden>
  -------------------------------------------------------------------
                         required time                          3.340    
                         arrival time                          -4.236    
  -------------------------------------------------------------------
                         slack                                 -0.896    

Slack (VIOLATED) :        -0.896ns  (required time - arrival time)
  Source:                 bd_0_i/hls_inst/inst/grp_node_0_0_Pipeline_l_S_t_1_t_fu_256/hadd_16ns_16ns_16_3_no_dsp_1_U1/din0_buf1_reg[8]/C
                            (rising edge-triggered cell FDRE clocked by ap_clk  {rise@0.000ns fall@1.665ns period=3.330ns})
  Destination:            <hidden>
                            (rising edge-triggered cell FDRE clocked by ap_clk  {rise@0.000ns fall@1.665ns period=3.330ns})
  Path Group:             ap_clk
  Path Type:              Setup (Max at Slow Process Corner)
  Requirement:            3.330ns  (ap_clk rise@3.330ns - ap_clk rise@0.000ns)
  Data Path Delay:        4.206ns  (logic 1.828ns (43.457%)  route 2.378ns (56.543%))
  Logic Levels:           21  (CARRY8=8 LUT4=3 LUT5=3 LUT6=7)
  Clock Path Skew:        -0.009ns (DCD - SCD + CPR)
    Destination Clock Delay (DCD):    0.021ns = ( 3.351 - 3.330 ) 
    Source Clock Delay      (SCD):    0.030ns
    Clock Pessimism Removal (CPR):    0.000ns
  Clock Uncertainty:      0.035ns  ((TSJ^2 + TIJ^2)^1/2 + DJ) / 2 + PE
    Total System Jitter     (TSJ):    0.071ns
    Total Input Jitter      (TIJ):    0.000ns
    Discrete Jitter          (DJ):    0.000ns
    Phase Error              (PE):    0.000ns

    Location             Delay type                Incr(ns)  Path(ns)    Netlist Resource(s)
  -------------------------------------------------------------------    -------------------
                         (clock ap_clk rise edge)     0.000     0.000 r  
                                                      0.000     0.000 r  ap_clk (IN)
                         net (fo=2732, unset)         0.030     0.030    bd_0_i/hls_inst/inst/grp_node_0_0_Pipeline_l_S_t_1_t_fu_256/hadd_16ns_16ns_16_3_no_dsp_1_U1/ap_clk
    SLICE_X63Y146        FDRE                                         r  bd_0_i/hls_inst/inst/grp_node_0_0_Pipeline_l_S_t_1_t_fu_256/hadd_16ns_16ns_16_3_no_dsp_1_U1/din0_buf1_reg[8]/C
  -------------------------------------------------------------------    -------------------
    SLICE_X63Y146        FDRE (Prop_EFF2_SLICEM_C_Q)
                                                      0.079     0.109 r  bd_0_i/hls_inst/inst/grp_node_0_0_Pipeline_l_S_t_1_t_fu_256/hadd_16ns_16ns_16_3_no_dsp_1_U1/din0_buf1_reg[8]/Q
                         net (fo=22, routed)          0.389     0.498    <hidden>
    SLICE_X65Y139        LUT4 (Prop_E6LUT_SLICEL_I1_O)
                                                      0.099     0.597 r  <hidden>
                         net (fo=1, routed)           0.007     0.604    <hidden>
    SLICE_X65Y139        CARRY8 (Prop_CARRY8_SLICEL_S[4]_CO[7])
                                                      0.160     0.764 r  <hidden>
                         net (fo=29, routed)          0.225     0.989    <hidden>
    SLICE_X65Y140        LUT6 (Prop_G6LUT_SLICEL_I4_O)
                                                      0.097     1.086 f  <hidden>
                         net (fo=4, routed)           0.056     1.142    <hidden>
    SLICE_X65Y140        LUT4 (Prop_B6LUT_SLICEL_I1_O)
                                                      0.124     1.266 r  <hidden>
                         net (fo=1, routed)           0.009     1.275    <hidden>
    SLICE_X65Y140        CARRY8 (Prop_CARRY8_SLICEL_S[1]_CO[1])
                                                      0.088     1.363 r  <hidden>
                         net (fo=1, routed)           0.119     1.482    <hidden>
    SLICE_X65Y141        LUT5 (Prop_F6LUT_SLICEL_I4_O)
                                                      0.035     1.517 f  <hidden>
                         net (fo=2, routed)           0.137     1.654    <hidden>
    SLICE_X64Y142        LUT6 (Prop_B6LUT_SLICEM_I0_O)
                                                      0.100     1.754 r  <hidden>
                         net (fo=1, routed)           0.016     1.770    <hidden>
    SLICE_X64Y142        CARRY8 (Prop_CARRY8_SLICEM_S[1]_CO[7])
                                                      0.190     1.960 r  <hidden>
                         net (fo=1, routed)           0.026     1.986    <hidden>
    SLICE_X64Y143        CARRY8 (Prop_CARRY8_SLICEM_CI_O[3])
                                                      0.082     2.068 f  <hidden>
                         net (fo=4, routed)           0.322     2.390    <hidden>
    SLICE_X65Y146        LUT4 (Prop_B6LUT_SLICEL_I1_O)
                                                      0.090     2.480 r  <hidden>
                         net (fo=1, routed)           0.009     2.489    <hidden>
    SLICE_X65Y146        CARRY8 (Prop_CARRY8_SLICEL_S[1]_CO[1])
                                                      0.088     2.577 f  <hidden>
                         net (fo=33, routed)          0.224     2.801    <hidden>
    SLICE_X64Y146        LUT6 (Prop_B6LUT_SLICEM_I4_O)
                                                      0.052     2.853 r  <hidden>
                         net (fo=1, routed)           0.127     2.980    <hidden>
    SLICE_X64Y146        LUT6 (Prop_C6LUT_SLICEM_I4_O)
                                                      0.037     3.017 f  <hidden>
                         net (fo=22, routed)          0.114     3.130    <hidden>
    SLICE_X64Y148        LUT5 (Prop_C6LUT_SLICEM_I4_O)
                                                      0.037     3.167 r  <hidden>
                         net (fo=2, routed)           0.112     3.279    <hidden>
    SLICE_X63Y148        LUT6 (Prop_A6LUT_SLICEM_I1_O)
                                                      0.100     3.379 r  <hidden>
                         net (fo=2, routed)           0.100     3.480    <hidden>
    SLICE_X62Y148        LUT6 (Prop_A6LUT_SLICEL_I5_O)
                                                      0.035     3.515 r  <hidden>
                         net (fo=1, routed)           0.009     3.524    <hidden>
    SLICE_X62Y148        CARRY8 (Prop_CARRY8_SLICEL_S[0]_CO[7])
                                                      0.190     3.714 r  <hidden>
                         net (fo=1, routed)           0.026     3.740    <hidden>
    SLICE_X62Y149        CARRY8 (Prop_CARRY8_SLICEL_CI_CO[7])
                                                      0.015     3.755 r  <hidden>
                         net (fo=1, routed)           0.052     3.807    <hidden>
    SLICE_X62Y150        CARRY8 (Prop_CARRY8_SLICEL_CI_O[0])
                                                      0.056     3.863 r  <hidden>
                         net (fo=4, routed)           0.187     4.050    <hidden>
    SLICE_X63Y150        LUT5 (Prop_E6LUT_SLICEM_I0_O)
                                                      0.037     4.087 f  <hidden>
                         net (fo=1, routed)           0.040     4.127    <hidden>
    SLICE_X63Y150        LUT6 (Prop_D6LUT_SLICEM_I0_O)
                                                      0.037     4.164 r  <hidden>
                         net (fo=1, routed)           0.072     4.236    <hidden>
    SLICE_X63Y150        FDRE                                         r  <hidden>
  -------------------------------------------------------------------    -------------------

                         (clock ap_clk rise edge)     3.330     3.330 r  
                                                      0.000     3.330 r  ap_clk (IN)
                         net (fo=2732, unset)         0.021     3.351    <hidden>
    SLICE_X63Y150        FDRE                                         r  <hidden>
                         clock pessimism              0.000     3.351    
                         clock uncertainty           -0.035     3.316    
    SLICE_X63Y150        FDRE (Setup_DFF_SLICEM_C_D)
                                                      0.025     3.341    <hidden>
  -------------------------------------------------------------------
                         required time                          3.341    
                         arrival time                          -4.236    
  -------------------------------------------------------------------
                         slack                                 -0.896    




