Copyright 1986-2022 Xilinx, Inc. All Rights Reserved. Copyright 2022-2025 Advanced Micro Devices, Inc. All Rights Reserved.
--------------------------------------------------------------------------------------------------------------------------------------------------
| Tool Version      : Vivado v.2025.1 (lin64) Build 6140274 Wed May 21 22:58:25 MDT 2025
| Date              : Wed Jul 22 13:00:26 2026
| Host              : zhang-21.ece.cornell.edu running 64-bit Red Hat Enterprise Linux release 8.10 (Ootpa)
| Command           : report_timing -max_paths 10 -file ./report/node_0_0_timing_paths_routed.rpt
| Design            : bd_0_wrapper
| Device            : xczu7ev-ffvc1156
| Speed File        : -2  PRODUCTION 1.30 05-15-2022
| Design State      : Routed
| Temperature Grade : E
--------------------------------------------------------------------------------------------------------------------------------------------------

Timing Report

Slack (MET) :             0.479ns  (required time - arrival time)
  Source:                 <hidden>
                            (rising edge-triggered cell FDRE clocked by ap_clk  {rise@0.000ns fall@1.665ns period=3.330ns})
  Destination:            <hidden>
                            (rising edge-triggered cell DSP_OUTPUT clocked by ap_clk  {rise@0.000ns fall@1.665ns period=3.330ns})
  Path Group:             ap_clk
  Path Type:              Setup (Max at Slow Process Corner)
  Requirement:            3.330ns  (ap_clk rise@3.330ns - ap_clk rise@0.000ns)
  Data Path Delay:        2.705ns  (logic 2.178ns (80.516%)  route 0.527ns (19.484%))
  Logic Levels:           7  (DSP_A_B_DATA=1 DSP_ALU=1 DSP_M_DATA=1 DSP_MULTIPLIER=1 DSP_PREADD=1 DSP_PREADD_DATA=2)
  Clock Path Skew:        0.013ns (DCD - SCD + CPR)
    Destination Clock Delay (DCD):    0.043ns = ( 3.373 - 3.330 ) 
    Source Clock Delay      (SCD):    0.030ns
    Clock Pessimism Removal (CPR):    0.000ns
  Clock Uncertainty:      0.035ns  ((TSJ^2 + TIJ^2)^1/2 + DJ) / 2 + PE
    Total System Jitter     (TSJ):    0.071ns
    Total Input Jitter      (TIJ):    0.000ns
    Discrete Jitter          (DJ):    0.000ns
    Phase Error              (PE):    0.000ns

    Location             Delay type                Incr(ns)  Path(ns)    Netlist Resource(s)
  -------------------------------------------------------------------    -------------------
                         (clock ap_clk rise edge)     0.000     0.000 r  
                                                      0.000     0.000 r  ap_clk (IN)
                         net (fo=1740, unset)         0.030     0.030    <hidden>
    SLICE_X53Y50         FDRE                                         r  <hidden>
  -------------------------------------------------------------------    -------------------
    SLICE_X53Y50         FDRE (Prop_BFF2_SLICEM_C_Q)
                                                      0.080     0.110 r  <hidden>
                         net (fo=2, routed)           0.527     0.637    <hidden>
    DSP48E2_X4Y21        DSP_A_B_DATA (Prop_DSP_A_B_DATA_DSP48E2_A[6]_A2_DATA[6])
                                                      0.192     0.829 f  <hidden>
                         net (fo=1, routed)           0.000     0.829    <hidden>
    DSP48E2_X4Y21        DSP_PREADD_DATA (Prop_DSP_PREADD_DATA_DSP48E2_A2_DATA[6]_PREADD_AB[6])
                                                      0.124     0.953 r  <hidden>
                         net (fo=1, routed)           0.000     0.953    <hidden>
    DSP48E2_X4Y21        DSP_PREADD (Prop_DSP_PREADD_DSP48E2_PREADD_AB[6]_AD[9])
                                                      0.488     1.441 f  <hidden>
                         net (fo=1, routed)           0.000     1.441    <hidden>
    DSP48E2_X4Y21        DSP_PREADD_DATA (Prop_DSP_PREADD_DATA_DSP48E2_AD[9]_AD_DATA[9])
                                                      0.050     1.491 r  <hidden>
                         net (fo=1, routed)           0.000     1.491    <hidden>
    DSP48E2_X4Y21        DSP_MULTIPLIER (Prop_DSP_MULTIPLIER_DSP48E2_AD_DATA[9]_U[10])
                                                      0.612     2.103 f  <hidden>
                         net (fo=1, routed)           0.000     2.103    <hidden>
    DSP48E2_X4Y21        DSP_M_DATA (Prop_DSP_M_DATA_DSP48E2_U[10]_U_DATA[10])
                                                      0.047     2.150 r  <hidden>
                         net (fo=1, routed)           0.000     2.150    <hidden>
    DSP48E2_X4Y21        DSP_ALU (Prop_DSP_ALU_DSP48E2_U_DATA[10]_ALU_OUT[10])
                                                      0.585     2.735 r  <hidden>
                         net (fo=1, routed)           0.000     2.735    <hidden>
    DSP48E2_X4Y21        DSP_OUTPUT                                   r  <hidden>
  -------------------------------------------------------------------    -------------------

                         (clock ap_clk rise edge)     3.330     3.330 r  
                                                      0.000     3.330 r  ap_clk (IN)
                         net (fo=1740, unset)         0.043     3.373    <hidden>
    DSP48E2_X4Y21        DSP_OUTPUT                                   r  <hidden>
                         clock pessimism              0.000     3.373    
                         clock uncertainty           -0.035     3.338    
    DSP48E2_X4Y21        DSP_OUTPUT (Setup_DSP_OUTPUT_DSP48E2_CLK_ALU_OUT[10])
                                                     -0.124     3.214    <hidden>
  -------------------------------------------------------------------
                         required time                          3.214    
                         arrival time                          -2.735    
  -------------------------------------------------------------------
                         slack                                  0.479    

Slack (MET) :             0.479ns  (required time - arrival time)
  Source:                 <hidden>
                            (rising edge-triggered cell FDRE clocked by ap_clk  {rise@0.000ns fall@1.665ns period=3.330ns})
  Destination:            <hidden>
                            (rising edge-triggered cell DSP_OUTPUT clocked by ap_clk  {rise@0.000ns fall@1.665ns period=3.330ns})
  Path Group:             ap_clk
  Path Type:              Setup (Max at Slow Process Corner)
  Requirement:            3.330ns  (ap_clk rise@3.330ns - ap_clk rise@0.000ns)
  Data Path Delay:        2.705ns  (logic 2.178ns (80.516%)  route 0.527ns (19.484%))
  Logic Levels:           7  (DSP_A_B_DATA=1 DSP_ALU=1 DSP_M_DATA=1 DSP_MULTIPLIER=1 DSP_PREADD=1 DSP_PREADD_DATA=2)
  Clock Path Skew:        0.013ns (DCD - SCD + CPR)
    Destination Clock Delay (DCD):    0.043ns = ( 3.373 - 3.330 ) 
    Source Clock Delay      (SCD):    0.030ns
    Clock Pessimism Removal (CPR):    0.000ns
  Clock Uncertainty:      0.035ns  ((TSJ^2 + TIJ^2)^1/2 + DJ) / 2 + PE
    Total System Jitter     (TSJ):    0.071ns
    Total Input Jitter      (TIJ):    0.000ns
    Discrete Jitter          (DJ):    0.000ns
    Phase Error              (PE):    0.000ns

    Location             Delay type                Incr(ns)  Path(ns)    Netlist Resource(s)
  -------------------------------------------------------------------    -------------------
                         (clock ap_clk rise edge)     0.000     0.000 r  
                                                      0.000     0.000 r  ap_clk (IN)
                         net (fo=1740, unset)         0.030     0.030    <hidden>
    SLICE_X53Y50         FDRE                                         r  <hidden>
  -------------------------------------------------------------------    -------------------
    SLICE_X53Y50         FDRE (Prop_BFF2_SLICEM_C_Q)
                                                      0.080     0.110 r  <hidden>
                         net (fo=2, routed)           0.527     0.637    <hidden>
    DSP48E2_X4Y21        DSP_A_B_DATA (Prop_DSP_A_B_DATA_DSP48E2_A[6]_A2_DATA[6])
                                                      0.192     0.829 f  <hidden>
                         net (fo=1, routed)           0.000     0.829    <hidden>
    DSP48E2_X4Y21        DSP_PREADD_DATA (Prop_DSP_PREADD_DATA_DSP48E2_A2_DATA[6]_PREADD_AB[6])
                                                      0.124     0.953 r  <hidden>
                         net (fo=1, routed)           0.000     0.953    <hidden>
    DSP48E2_X4Y21        DSP_PREADD (Prop_DSP_PREADD_DSP48E2_PREADD_AB[6]_AD[10])
                                                      0.488     1.441 f  <hidden>
                         net (fo=1, routed)           0.000     1.441    <hidden>
    DSP48E2_X4Y21        DSP_PREADD_DATA (Prop_DSP_PREADD_DATA_DSP48E2_AD[10]_AD_DATA[10])
                                                      0.050     1.491 r  <hidden>
                         net (fo=1, routed)           0.000     1.491    <hidden>
    DSP48E2_X4Y21        DSP_MULTIPLIER (Prop_DSP_MULTIPLIER_DSP48E2_AD_DATA[10]_U[11])
                                                      0.612     2.103 f  <hidden>
                         net (fo=1, routed)           0.000     2.103    <hidden>
    DSP48E2_X4Y21        DSP_M_DATA (Prop_DSP_M_DATA_DSP48E2_U[11]_U_DATA[11])
                                                      0.047     2.150 r  <hidden>
                         net (fo=1, routed)           0.000     2.150    <hidden>
    DSP48E2_X4Y21        DSP_ALU (Prop_DSP_ALU_DSP48E2_U_DATA[11]_ALU_OUT[11])
                                                      0.585     2.735 r  <hidden>
                         net (fo=1, routed)           0.000     2.735    <hidden>
    DSP48E2_X4Y21        DSP_OUTPUT                                   r  <hidden>
  -------------------------------------------------------------------    -------------------

                         (clock ap_clk rise edge)     3.330     3.330 r  
                                                      0.000     3.330 r  ap_clk (IN)
                         net (fo=1740, unset)         0.043     3.373    <hidden>
    DSP48E2_X4Y21        DSP_OUTPUT                                   r  <hidden>
                         clock pessimism              0.000     3.373    
                         clock uncertainty           -0.035     3.338    
    DSP48E2_X4Y21        DSP_OUTPUT (Setup_DSP_OUTPUT_DSP48E2_CLK_ALU_OUT[11])
                                                     -0.124     3.214    <hidden>
  -------------------------------------------------------------------
                         required time                          3.214    
                         arrival time                          -2.735    
  -------------------------------------------------------------------
                         slack                                  0.479    

Slack (MET) :             0.479ns  (required time - arrival time)
  Source:                 <hidden>
                            (rising edge-triggered cell FDRE clocked by ap_clk  {rise@0.000ns fall@1.665ns period=3.330ns})
  Destination:            <hidden>
                            (rising edge-triggered cell DSP_OUTPUT clocked by ap_clk  {rise@0.000ns fall@1.665ns period=3.330ns})
  Path Group:             ap_clk
  Path Type:              Setup (Max at Slow Process Corner)
  Requirement:            3.330ns  (ap_clk rise@3.330ns - ap_clk rise@0.000ns)
  Data Path Delay:        2.705ns  (logic 2.178ns (80.516%)  route 0.527ns (19.484%))
  Logic Levels:           7  (DSP_A_B_DATA=1 DSP_ALU=1 DSP_M_DATA=1 DSP_MULTIPLIER=1 DSP_PREADD=1 DSP_PREADD_DATA=2)
  Clock Path Skew:        0.013ns (DCD - SCD + CPR)
    Destination Clock Delay (DCD):    0.043ns = ( 3.373 - 3.330 ) 
    Source Clock Delay      (SCD):    0.030ns
    Clock Pessimism Removal (CPR):    0.000ns
  Clock Uncertainty:      0.035ns  ((TSJ^2 + TIJ^2)^1/2 + DJ) / 2 + PE
    Total System Jitter     (TSJ):    0.071ns
    Total Input Jitter      (TIJ):    0.000ns
    Discrete Jitter          (DJ):    0.000ns
    Phase Error              (PE):    0.000ns

    Location             Delay type                Incr(ns)  Path(ns)    Netlist Resource(s)
  -------------------------------------------------------------------    -------------------
                         (clock ap_clk rise edge)     0.000     0.000 r  
                                                      0.000     0.000 r  ap_clk (IN)
                         net (fo=1740, unset)         0.030     0.030    <hidden>
    SLICE_X53Y50         FDRE                                         r  <hidden>
  -------------------------------------------------------------------    -------------------
    SLICE_X53Y50         FDRE (Prop_BFF2_SLICEM_C_Q)
                                                      0.080     0.110 r  <hidden>
                         net (fo=2, routed)           0.527     0.637    <hidden>
    DSP48E2_X4Y21        DSP_A_B_DATA (Prop_DSP_A_B_DATA_DSP48E2_A[6]_A2_DATA[6])
                                                      0.192     0.829 f  <hidden>
                         net (fo=1, routed)           0.000     0.829    <hidden>
    DSP48E2_X4Y21        DSP_PREADD_DATA (Prop_DSP_PREADD_DATA_DSP48E2_A2_DATA[6]_PREADD_AB[6])
                                                      0.124     0.953 r  <hidden>
                         net (fo=1, routed)           0.000     0.953    <hidden>
    DSP48E2_X4Y21        DSP_PREADD (Prop_DSP_PREADD_DSP48E2_PREADD_AB[6]_AD[11])
                                                      0.488     1.441 f  <hidden>
                         net (fo=1, routed)           0.000     1.441    <hidden>
    DSP48E2_X4Y21        DSP_PREADD_DATA (Prop_DSP_PREADD_DATA_DSP48E2_AD[11]_AD_DATA[11])
                                                      0.050     1.491 r  <hidden>
                         net (fo=1, routed)           0.000     1.491    <hidden>
    DSP48E2_X4Y21        DSP_MULTIPLIER (Prop_DSP_MULTIPLIER_DSP48E2_AD_DATA[11]_U[12])
                                                      0.612     2.103 f  <hidden>
                         net (fo=1, routed)           0.000     2.103    <hidden>
    DSP48E2_X4Y21        DSP_M_DATA (Prop_DSP_M_DATA_DSP48E2_U[12]_U_DATA[12])
                                                      0.047     2.150 r  <hidden>
                         net (fo=1, routed)           0.000     2.150    <hidden>
    DSP48E2_X4Y21        DSP_ALU (Prop_DSP_ALU_DSP48E2_U_DATA[12]_ALU_OUT[12])
                                                      0.585     2.735 r  <hidden>
                         net (fo=1, routed)           0.000     2.735    <hidden>
    DSP48E2_X4Y21        DSP_OUTPUT                                   r  <hidden>
  -------------------------------------------------------------------    -------------------

                         (clock ap_clk rise edge)     3.330     3.330 r  
                                                      0.000     3.330 r  ap_clk (IN)
                         net (fo=1740, unset)         0.043     3.373    <hidden>
    DSP48E2_X4Y21        DSP_OUTPUT                                   r  <hidden>
                         clock pessimism              0.000     3.373    
                         clock uncertainty           -0.035     3.338    
    DSP48E2_X4Y21        DSP_OUTPUT (Setup_DSP_OUTPUT_DSP48E2_CLK_ALU_OUT[12])
                                                     -0.124     3.214    <hidden>
  -------------------------------------------------------------------
                         required time                          3.214    
                         arrival time                          -2.735    
  -------------------------------------------------------------------
                         slack                                  0.479    

Slack (MET) :             0.479ns  (required time - arrival time)
  Source:                 <hidden>
                            (rising edge-triggered cell FDRE clocked by ap_clk  {rise@0.000ns fall@1.665ns period=3.330ns})
  Destination:            <hidden>
                            (rising edge-triggered cell DSP_OUTPUT clocked by ap_clk  {rise@0.000ns fall@1.665ns period=3.330ns})
  Path Group:             ap_clk
  Path Type:              Setup (Max at Slow Process Corner)
  Requirement:            3.330ns  (ap_clk rise@3.330ns - ap_clk rise@0.000ns)
  Data Path Delay:        2.705ns  (logic 2.178ns (80.516%)  route 0.527ns (19.484%))
  Logic Levels:           7  (DSP_A_B_DATA=1 DSP_ALU=1 DSP_M_DATA=1 DSP_MULTIPLIER=1 DSP_PREADD=1 DSP_PREADD_DATA=2)
  Clock Path Skew:        0.013ns (DCD - SCD + CPR)
    Destination Clock Delay (DCD):    0.043ns = ( 3.373 - 3.330 ) 
    Source Clock Delay      (SCD):    0.030ns
    Clock Pessimism Removal (CPR):    0.000ns
  Clock Uncertainty:      0.035ns  ((TSJ^2 + TIJ^2)^1/2 + DJ) / 2 + PE
    Total System Jitter     (TSJ):    0.071ns
    Total Input Jitter      (TIJ):    0.000ns
    Discrete Jitter          (DJ):    0.000ns
    Phase Error              (PE):    0.000ns

    Location             Delay type                Incr(ns)  Path(ns)    Netlist Resource(s)
  -------------------------------------------------------------------    -------------------
                         (clock ap_clk rise edge)     0.000     0.000 r  
                                                      0.000     0.000 r  ap_clk (IN)
                         net (fo=1740, unset)         0.030     0.030    <hidden>
    SLICE_X53Y50         FDRE                                         r  <hidden>
  -------------------------------------------------------------------    -------------------
    SLICE_X53Y50         FDRE (Prop_BFF2_SLICEM_C_Q)
                                                      0.080     0.110 r  <hidden>
                         net (fo=2, routed)           0.527     0.637    <hidden>
    DSP48E2_X4Y21        DSP_A_B_DATA (Prop_DSP_A_B_DATA_DSP48E2_A[6]_A2_DATA[6])
                                                      0.192     0.829 f  <hidden>
                         net (fo=1, routed)           0.000     0.829    <hidden>
    DSP48E2_X4Y21        DSP_PREADD_DATA (Prop_DSP_PREADD_DATA_DSP48E2_A2_DATA[6]_PREADD_AB[6])
                                                      0.124     0.953 r  <hidden>
                         net (fo=1, routed)           0.000     0.953    <hidden>
    DSP48E2_X4Y21        DSP_PREADD (Prop_DSP_PREADD_DSP48E2_PREADD_AB[6]_AD[12])
                                                      0.488     1.441 f  <hidden>
                         net (fo=1, routed)           0.000     1.441    <hidden>
    DSP48E2_X4Y21        DSP_PREADD_DATA (Prop_DSP_PREADD_DATA_DSP48E2_AD[12]_AD_DATA[12])
                                                      0.050     1.491 r  <hidden>
                         net (fo=1, routed)           0.000     1.491    <hidden>
    DSP48E2_X4Y21        DSP_MULTIPLIER (Prop_DSP_MULTIPLIER_DSP48E2_AD_DATA[12]_U[13])
                                                      0.612     2.103 f  <hidden>
                         net (fo=1, routed)           0.000     2.103    <hidden>
    DSP48E2_X4Y21        DSP_M_DATA (Prop_DSP_M_DATA_DSP48E2_U[13]_U_DATA[13])
                                                      0.047     2.150 r  <hidden>
                         net (fo=1, routed)           0.000     2.150    <hidden>
    DSP48E2_X4Y21        DSP_ALU (Prop_DSP_ALU_DSP48E2_U_DATA[13]_ALU_OUT[13])
                                                      0.585     2.735 r  <hidden>
                         net (fo=1, routed)           0.000     2.735    <hidden>
    DSP48E2_X4Y21        DSP_OUTPUT                                   r  <hidden>
  -------------------------------------------------------------------    -------------------

                         (clock ap_clk rise edge)     3.330     3.330 r  
                                                      0.000     3.330 r  ap_clk (IN)
                         net (fo=1740, unset)         0.043     3.373    <hidden>
    DSP48E2_X4Y21        DSP_OUTPUT                                   r  <hidden>
                         clock pessimism              0.000     3.373    
                         clock uncertainty           -0.035     3.338    
    DSP48E2_X4Y21        DSP_OUTPUT (Setup_DSP_OUTPUT_DSP48E2_CLK_ALU_OUT[13])
                                                     -0.124     3.214    <hidden>
  -------------------------------------------------------------------
                         required time                          3.214    
                         arrival time                          -2.735    
  -------------------------------------------------------------------
                         slack                                  0.479    

Slack (MET) :             0.479ns  (required time - arrival time)
  Source:                 <hidden>
                            (rising edge-triggered cell FDRE clocked by ap_clk  {rise@0.000ns fall@1.665ns period=3.330ns})
  Destination:            <hidden>
                            (rising edge-triggered cell DSP_OUTPUT clocked by ap_clk  {rise@0.000ns fall@1.665ns period=3.330ns})
  Path Group:             ap_clk
  Path Type:              Setup (Max at Slow Process Corner)
  Requirement:            3.330ns  (ap_clk rise@3.330ns - ap_clk rise@0.000ns)
  Data Path Delay:        2.705ns  (logic 2.178ns (80.516%)  route 0.527ns (19.484%))
  Logic Levels:           7  (DSP_A_B_DATA=1 DSP_ALU=1 DSP_M_DATA=1 DSP_MULTIPLIER=1 DSP_PREADD=1 DSP_PREADD_DATA=2)
  Clock Path Skew:        0.013ns (DCD - SCD + CPR)
    Destination Clock Delay (DCD):    0.043ns = ( 3.373 - 3.330 ) 
    Source Clock Delay      (SCD):    0.030ns
    Clock Pessimism Removal (CPR):    0.000ns
  Clock Uncertainty:      0.035ns  ((TSJ^2 + TIJ^2)^1/2 + DJ) / 2 + PE
    Total System Jitter     (TSJ):    0.071ns
    Total Input Jitter      (TIJ):    0.000ns
    Discrete Jitter          (DJ):    0.000ns
    Phase Error              (PE):    0.000ns

    Location             Delay type                Incr(ns)  Path(ns)    Netlist Resource(s)
  -------------------------------------------------------------------    -------------------
                         (clock ap_clk rise edge)     0.000     0.000 r  
                                                      0.000     0.000 r  ap_clk (IN)
                         net (fo=1740, unset)         0.030     0.030    <hidden>
    SLICE_X53Y50         FDRE                                         r  <hidden>
  -------------------------------------------------------------------    -------------------
    SLICE_X53Y50         FDRE (Prop_BFF2_SLICEM_C_Q)
                                                      0.080     0.110 r  <hidden>
                         net (fo=2, routed)           0.527     0.637    <hidden>
    DSP48E2_X4Y21        DSP_A_B_DATA (Prop_DSP_A_B_DATA_DSP48E2_A[6]_A2_DATA[6])
                                                      0.192     0.829 f  <hidden>
                         net (fo=1, routed)           0.000     0.829    <hidden>
    DSP48E2_X4Y21        DSP_PREADD_DATA (Prop_DSP_PREADD_DATA_DSP48E2_A2_DATA[6]_PREADD_AB[6])
                                                      0.124     0.953 r  <hidden>
                         net (fo=1, routed)           0.000     0.953    <hidden>
    DSP48E2_X4Y21        DSP_PREADD (Prop_DSP_PREADD_DSP48E2_PREADD_AB[6]_AD[13])
                                                      0.488     1.441 f  <hidden>
                         net (fo=1, routed)           0.000     1.441    <hidden>
    DSP48E2_X4Y21        DSP_PREADD_DATA (Prop_DSP_PREADD_DATA_DSP48E2_AD[13]_AD_DATA[13])
                                                      0.050     1.491 r  <hidden>
                         net (fo=1, routed)           0.000     1.491    <hidden>
    DSP48E2_X4Y21        DSP_MULTIPLIER (Prop_DSP_MULTIPLIER_DSP48E2_AD_DATA[13]_U[14])
                                                      0.612     2.103 f  <hidden>
                         net (fo=1, routed)           0.000     2.103    <hidden>
    DSP48E2_X4Y21        DSP_M_DATA (Prop_DSP_M_DATA_DSP48E2_U[14]_U_DATA[14])
                                                      0.047     2.150 r  <hidden>
                         net (fo=1, routed)           0.000     2.150    <hidden>
    DSP48E2_X4Y21        DSP_ALU (Prop_DSP_ALU_DSP48E2_U_DATA[14]_ALU_OUT[14])
                                                      0.585     2.735 r  <hidden>
                         net (fo=1, routed)           0.000     2.735    <hidden>
    DSP48E2_X4Y21        DSP_OUTPUT                                   r  <hidden>
  -------------------------------------------------------------------    -------------------

                         (clock ap_clk rise edge)     3.330     3.330 r  
                                                      0.000     3.330 r  ap_clk (IN)
                         net (fo=1740, unset)         0.043     3.373    <hidden>
    DSP48E2_X4Y21        DSP_OUTPUT                                   r  <hidden>
                         clock pessimism              0.000     3.373    
                         clock uncertainty           -0.035     3.338    
    DSP48E2_X4Y21        DSP_OUTPUT (Setup_DSP_OUTPUT_DSP48E2_CLK_ALU_OUT[14])
                                                     -0.124     3.214    <hidden>
  -------------------------------------------------------------------
                         required time                          3.214    
                         arrival time                          -2.735    
  -------------------------------------------------------------------
                         slack                                  0.479    

Slack (MET) :             0.479ns  (required time - arrival time)
  Source:                 <hidden>
                            (rising edge-triggered cell FDRE clocked by ap_clk  {rise@0.000ns fall@1.665ns period=3.330ns})
  Destination:            <hidden>
                            (rising edge-triggered cell DSP_OUTPUT clocked by ap_clk  {rise@0.000ns fall@1.665ns period=3.330ns})
  Path Group:             ap_clk
  Path Type:              Setup (Max at Slow Process Corner)
  Requirement:            3.330ns  (ap_clk rise@3.330ns - ap_clk rise@0.000ns)
  Data Path Delay:        2.705ns  (logic 2.178ns (80.516%)  route 0.527ns (19.484%))
  Logic Levels:           7  (DSP_A_B_DATA=1 DSP_ALU=1 DSP_M_DATA=1 DSP_MULTIPLIER=1 DSP_PREADD=1 DSP_PREADD_DATA=2)
  Clock Path Skew:        0.013ns (DCD - SCD + CPR)
    Destination Clock Delay (DCD):    0.043ns = ( 3.373 - 3.330 ) 
    Source Clock Delay      (SCD):    0.030ns
    Clock Pessimism Removal (CPR):    0.000ns
  Clock Uncertainty:      0.035ns  ((TSJ^2 + TIJ^2)^1/2 + DJ) / 2 + PE
    Total System Jitter     (TSJ):    0.071ns
    Total Input Jitter      (TIJ):    0.000ns
    Discrete Jitter          (DJ):    0.000ns
    Phase Error              (PE):    0.000ns

    Location             Delay type                Incr(ns)  Path(ns)    Netlist Resource(s)
  -------------------------------------------------------------------    -------------------
                         (clock ap_clk rise edge)     0.000     0.000 r  
                                                      0.000     0.000 r  ap_clk (IN)
                         net (fo=1740, unset)         0.030     0.030    <hidden>
    SLICE_X53Y50         FDRE                                         r  <hidden>
  -------------------------------------------------------------------    -------------------
    SLICE_X53Y50         FDRE (Prop_BFF2_SLICEM_C_Q)
                                                      0.080     0.110 r  <hidden>
                         net (fo=2, routed)           0.527     0.637    <hidden>
    DSP48E2_X4Y21        DSP_A_B_DATA (Prop_DSP_A_B_DATA_DSP48E2_A[6]_A2_DATA[6])
                                                      0.192     0.829 f  <hidden>
                         net (fo=1, routed)           0.000     0.829    <hidden>
    DSP48E2_X4Y21        DSP_PREADD_DATA (Prop_DSP_PREADD_DATA_DSP48E2_A2_DATA[6]_PREADD_AB[6])
                                                      0.124     0.953 r  <hidden>
                         net (fo=1, routed)           0.000     0.953    <hidden>
    DSP48E2_X4Y21        DSP_PREADD (Prop_DSP_PREADD_DSP48E2_PREADD_AB[6]_AD[14])
                                                      0.488     1.441 f  <hidden>
                         net (fo=1, routed)           0.000     1.441    <hidden>
    DSP48E2_X4Y21        DSP_PREADD_DATA (Prop_DSP_PREADD_DATA_DSP48E2_AD[14]_AD_DATA[14])
                                                      0.050     1.491 r  <hidden>
                         net (fo=1, routed)           0.000     1.491    <hidden>
    DSP48E2_X4Y21        DSP_MULTIPLIER (Prop_DSP_MULTIPLIER_DSP48E2_AD_DATA[14]_U[15])
                                                      0.612     2.103 f  <hidden>
                         net (fo=1, routed)           0.000     2.103    <hidden>
    DSP48E2_X4Y21        DSP_M_DATA (Prop_DSP_M_DATA_DSP48E2_U[15]_U_DATA[15])
                                                      0.047     2.150 r  <hidden>
                         net (fo=1, routed)           0.000     2.150    <hidden>
    DSP48E2_X4Y21        DSP_ALU (Prop_DSP_ALU_DSP48E2_U_DATA[15]_ALU_OUT[15])
                                                      0.585     2.735 r  <hidden>
                         net (fo=1, routed)           0.000     2.735    <hidden>
    DSP48E2_X4Y21        DSP_OUTPUT                                   r  <hidden>
  -------------------------------------------------------------------    -------------------

                         (clock ap_clk rise edge)     3.330     3.330 r  
                                                      0.000     3.330 r  ap_clk (IN)
                         net (fo=1740, unset)         0.043     3.373    <hidden>
    DSP48E2_X4Y21        DSP_OUTPUT                                   r  <hidden>
                         clock pessimism              0.000     3.373    
                         clock uncertainty           -0.035     3.338    
    DSP48E2_X4Y21        DSP_OUTPUT (Setup_DSP_OUTPUT_DSP48E2_CLK_ALU_OUT[15])
                                                     -0.124     3.214    <hidden>
  -------------------------------------------------------------------
                         required time                          3.214    
                         arrival time                          -2.735    
  -------------------------------------------------------------------
                         slack                                  0.479    

Slack (MET) :             0.479ns  (required time - arrival time)
  Source:                 <hidden>
                            (rising edge-triggered cell FDRE clocked by ap_clk  {rise@0.000ns fall@1.665ns period=3.330ns})
  Destination:            <hidden>
                            (rising edge-triggered cell DSP_OUTPUT clocked by ap_clk  {rise@0.000ns fall@1.665ns period=3.330ns})
  Path Group:             ap_clk
  Path Type:              Setup (Max at Slow Process Corner)
  Requirement:            3.330ns  (ap_clk rise@3.330ns - ap_clk rise@0.000ns)
  Data Path Delay:        2.705ns  (logic 2.178ns (80.516%)  route 0.527ns (19.484%))
  Logic Levels:           7  (DSP_A_B_DATA=1 DSP_ALU=1 DSP_M_DATA=1 DSP_MULTIPLIER=1 DSP_PREADD=1 DSP_PREADD_DATA=2)
  Clock Path Skew:        0.013ns (DCD - SCD + CPR)
    Destination Clock Delay (DCD):    0.043ns = ( 3.373 - 3.330 ) 
    Source Clock Delay      (SCD):    0.030ns
    Clock Pessimism Removal (CPR):    0.000ns
  Clock Uncertainty:      0.035ns  ((TSJ^2 + TIJ^2)^1/2 + DJ) / 2 + PE
    Total System Jitter     (TSJ):    0.071ns
    Total Input Jitter      (TIJ):    0.000ns
    Discrete Jitter          (DJ):    0.000ns
    Phase Error              (PE):    0.000ns

    Location             Delay type                Incr(ns)  Path(ns)    Netlist Resource(s)
  -------------------------------------------------------------------    -------------------
                         (clock ap_clk rise edge)     0.000     0.000 r  
                                                      0.000     0.000 r  ap_clk (IN)
                         net (fo=1740, unset)         0.030     0.030    <hidden>
    SLICE_X53Y50         FDRE                                         r  <hidden>
  -------------------------------------------------------------------    -------------------
    SLICE_X53Y50         FDRE (Prop_BFF2_SLICEM_C_Q)
                                                      0.080     0.110 r  <hidden>
                         net (fo=2, routed)           0.527     0.637    <hidden>
    DSP48E2_X4Y21        DSP_A_B_DATA (Prop_DSP_A_B_DATA_DSP48E2_A[6]_A2_DATA[6])
                                                      0.192     0.829 f  <hidden>
                         net (fo=1, routed)           0.000     0.829    <hidden>
    DSP48E2_X4Y21        DSP_PREADD_DATA (Prop_DSP_PREADD_DATA_DSP48E2_A2_DATA[6]_PREADD_AB[6])
                                                      0.124     0.953 r  <hidden>
                         net (fo=1, routed)           0.000     0.953    <hidden>
    DSP48E2_X4Y21        DSP_PREADD (Prop_DSP_PREADD_DSP48E2_PREADD_AB[6]_AD[15])
                                                      0.488     1.441 f  <hidden>
                         net (fo=1, routed)           0.000     1.441    <hidden>
    DSP48E2_X4Y21        DSP_PREADD_DATA (Prop_DSP_PREADD_DATA_DSP48E2_AD[15]_AD_DATA[15])
                                                      0.050     1.491 r  <hidden>
                         net (fo=1, routed)           0.000     1.491    <hidden>
    DSP48E2_X4Y21        DSP_MULTIPLIER (Prop_DSP_MULTIPLIER_DSP48E2_AD_DATA[15]_U[16])
                                                      0.612     2.103 f  <hidden>
                         net (fo=1, routed)           0.000     2.103    <hidden>
    DSP48E2_X4Y21        DSP_M_DATA (Prop_DSP_M_DATA_DSP48E2_U[16]_U_DATA[16])
                                                      0.047     2.150 r  <hidden>
                         net (fo=1, routed)           0.000     2.150    <hidden>
    DSP48E2_X4Y21        DSP_ALU (Prop_DSP_ALU_DSP48E2_U_DATA[16]_ALU_OUT[16])
                                                      0.585     2.735 r  <hidden>
                         net (fo=1, routed)           0.000     2.735    <hidden>
    DSP48E2_X4Y21        DSP_OUTPUT                                   r  <hidden>
  -------------------------------------------------------------------    -------------------

                         (clock ap_clk rise edge)     3.330     3.330 r  
                                                      0.000     3.330 r  ap_clk (IN)
                         net (fo=1740, unset)         0.043     3.373    <hidden>
    DSP48E2_X4Y21        DSP_OUTPUT                                   r  <hidden>
                         clock pessimism              0.000     3.373    
                         clock uncertainty           -0.035     3.338    
    DSP48E2_X4Y21        DSP_OUTPUT (Setup_DSP_OUTPUT_DSP48E2_CLK_ALU_OUT[16])
                                                     -0.124     3.214    <hidden>
  -------------------------------------------------------------------
                         required time                          3.214    
                         arrival time                          -2.735    
  -------------------------------------------------------------------
                         slack                                  0.479    

Slack (MET) :             0.479ns  (required time - arrival time)
  Source:                 <hidden>
                            (rising edge-triggered cell FDRE clocked by ap_clk  {rise@0.000ns fall@1.665ns period=3.330ns})
  Destination:            <hidden>
                            (rising edge-triggered cell DSP_OUTPUT clocked by ap_clk  {rise@0.000ns fall@1.665ns period=3.330ns})
  Path Group:             ap_clk
  Path Type:              Setup (Max at Slow Process Corner)
  Requirement:            3.330ns  (ap_clk rise@3.330ns - ap_clk rise@0.000ns)
  Data Path Delay:        2.705ns  (logic 2.178ns (80.516%)  route 0.527ns (19.484%))
  Logic Levels:           7  (DSP_A_B_DATA=1 DSP_ALU=1 DSP_M_DATA=1 DSP_MULTIPLIER=1 DSP_PREADD=1 DSP_PREADD_DATA=2)
  Clock Path Skew:        0.013ns (DCD - SCD + CPR)
    Destination Clock Delay (DCD):    0.043ns = ( 3.373 - 3.330 ) 
    Source Clock Delay      (SCD):    0.030ns
    Clock Pessimism Removal (CPR):    0.000ns
  Clock Uncertainty:      0.035ns  ((TSJ^2 + TIJ^2)^1/2 + DJ) / 2 + PE
    Total System Jitter     (TSJ):    0.071ns
    Total Input Jitter      (TIJ):    0.000ns
    Discrete Jitter          (DJ):    0.000ns
    Phase Error              (PE):    0.000ns

    Location             Delay type                Incr(ns)  Path(ns)    Netlist Resource(s)
  -------------------------------------------------------------------    -------------------
                         (clock ap_clk rise edge)     0.000     0.000 r  
                                                      0.000     0.000 r  ap_clk (IN)
                         net (fo=1740, unset)         0.030     0.030    <hidden>
    SLICE_X53Y50         FDRE                                         r  <hidden>
  -------------------------------------------------------------------    -------------------
    SLICE_X53Y50         FDRE (Prop_BFF2_SLICEM_C_Q)
                                                      0.080     0.110 r  <hidden>
                         net (fo=2, routed)           0.527     0.637    <hidden>
    DSP48E2_X4Y21        DSP_A_B_DATA (Prop_DSP_A_B_DATA_DSP48E2_A[6]_A2_DATA[6])
                                                      0.192     0.829 f  <hidden>
                         net (fo=1, routed)           0.000     0.829    <hidden>
    DSP48E2_X4Y21        DSP_PREADD_DATA (Prop_DSP_PREADD_DATA_DSP48E2_A2_DATA[6]_PREADD_AB[6])
                                                      0.124     0.953 r  <hidden>
                         net (fo=1, routed)           0.000     0.953    <hidden>
    DSP48E2_X4Y21        DSP_PREADD (Prop_DSP_PREADD_DSP48E2_PREADD_AB[6]_AD[16])
                                                      0.488     1.441 f  <hidden>
                         net (fo=1, routed)           0.000     1.441    <hidden>
    DSP48E2_X4Y21        DSP_PREADD_DATA (Prop_DSP_PREADD_DATA_DSP48E2_AD[16]_AD_DATA[16])
                                                      0.050     1.491 r  <hidden>
                         net (fo=1, routed)           0.000     1.491    <hidden>
    DSP48E2_X4Y21        DSP_MULTIPLIER (Prop_DSP_MULTIPLIER_DSP48E2_AD_DATA[16]_U[17])
                                                      0.612     2.103 f  <hidden>
                         net (fo=1, routed)           0.000     2.103    <hidden>
    DSP48E2_X4Y21        DSP_M_DATA (Prop_DSP_M_DATA_DSP48E2_U[17]_U_DATA[17])
                                                      0.047     2.150 r  <hidden>
                         net (fo=1, routed)           0.000     2.150    <hidden>
    DSP48E2_X4Y21        DSP_ALU (Prop_DSP_ALU_DSP48E2_U_DATA[17]_ALU_OUT[17])
                                                      0.585     2.735 r  <hidden>
                         net (fo=1, routed)           0.000     2.735    <hidden>
    DSP48E2_X4Y21        DSP_OUTPUT                                   r  <hidden>
  -------------------------------------------------------------------    -------------------

                         (clock ap_clk rise edge)     3.330     3.330 r  
                                                      0.000     3.330 r  ap_clk (IN)
                         net (fo=1740, unset)         0.043     3.373    <hidden>
    DSP48E2_X4Y21        DSP_OUTPUT                                   r  <hidden>
                         clock pessimism              0.000     3.373    
                         clock uncertainty           -0.035     3.338    
    DSP48E2_X4Y21        DSP_OUTPUT (Setup_DSP_OUTPUT_DSP48E2_CLK_ALU_OUT[17])
                                                     -0.124     3.214    <hidden>
  -------------------------------------------------------------------
                         required time                          3.214    
                         arrival time                          -2.735    
  -------------------------------------------------------------------
                         slack                                  0.479    

Slack (MET) :             0.479ns  (required time - arrival time)
  Source:                 <hidden>
                            (rising edge-triggered cell FDRE clocked by ap_clk  {rise@0.000ns fall@1.665ns period=3.330ns})
  Destination:            <hidden>
                            (rising edge-triggered cell DSP_OUTPUT clocked by ap_clk  {rise@0.000ns fall@1.665ns period=3.330ns})
  Path Group:             ap_clk
  Path Type:              Setup (Max at Slow Process Corner)
  Requirement:            3.330ns  (ap_clk rise@3.330ns - ap_clk rise@0.000ns)
  Data Path Delay:        2.705ns  (logic 2.178ns (80.516%)  route 0.527ns (19.484%))
  Logic Levels:           7  (DSP_A_B_DATA=1 DSP_ALU=1 DSP_M_DATA=1 DSP_MULTIPLIER=1 DSP_PREADD=1 DSP_PREADD_DATA=2)
  Clock Path Skew:        0.013ns (DCD - SCD + CPR)
    Destination Clock Delay (DCD):    0.043ns = ( 3.373 - 3.330 ) 
    Source Clock Delay      (SCD):    0.030ns
    Clock Pessimism Removal (CPR):    0.000ns
  Clock Uncertainty:      0.035ns  ((TSJ^2 + TIJ^2)^1/2 + DJ) / 2 + PE
    Total System Jitter     (TSJ):    0.071ns
    Total Input Jitter      (TIJ):    0.000ns
    Discrete Jitter          (DJ):    0.000ns
    Phase Error              (PE):    0.000ns

    Location             Delay type                Incr(ns)  Path(ns)    Netlist Resource(s)
  -------------------------------------------------------------------    -------------------
                         (clock ap_clk rise edge)     0.000     0.000 r  
                                                      0.000     0.000 r  ap_clk (IN)
                         net (fo=1740, unset)         0.030     0.030    <hidden>
    SLICE_X53Y50         FDRE                                         r  <hidden>
  -------------------------------------------------------------------    -------------------
    SLICE_X53Y50         FDRE (Prop_BFF2_SLICEM_C_Q)
                                                      0.080     0.110 r  <hidden>
                         net (fo=2, routed)           0.527     0.637    <hidden>
    DSP48E2_X4Y21        DSP_A_B_DATA (Prop_DSP_A_B_DATA_DSP48E2_A[6]_A2_DATA[6])
                                                      0.192     0.829 f  <hidden>
                         net (fo=1, routed)           0.000     0.829    <hidden>
    DSP48E2_X4Y21        DSP_PREADD_DATA (Prop_DSP_PREADD_DATA_DSP48E2_A2_DATA[6]_PREADD_AB[6])
                                                      0.124     0.953 r  <hidden>
                         net (fo=1, routed)           0.000     0.953    <hidden>
    DSP48E2_X4Y21        DSP_PREADD (Prop_DSP_PREADD_DSP48E2_PREADD_AB[6]_AD[17])
                                                      0.488     1.441 f  <hidden>
                         net (fo=1, routed)           0.000     1.441    <hidden>
    DSP48E2_X4Y21        DSP_PREADD_DATA (Prop_DSP_PREADD_DATA_DSP48E2_AD[17]_AD_DATA[17])
                                                      0.050     1.491 r  <hidden>
                         net (fo=1, routed)           0.000     1.491    <hidden>
    DSP48E2_X4Y21        DSP_MULTIPLIER (Prop_DSP_MULTIPLIER_DSP48E2_AD_DATA[17]_U[18])
                                                      0.612     2.103 f  <hidden>
                         net (fo=1, routed)           0.000     2.103    <hidden>
    DSP48E2_X4Y21        DSP_M_DATA (Prop_DSP_M_DATA_DSP48E2_U[18]_U_DATA[18])
                                                      0.047     2.150 r  <hidden>
                         net (fo=1, routed)           0.000     2.150    <hidden>
    DSP48E2_X4Y21        DSP_ALU (Prop_DSP_ALU_DSP48E2_U_DATA[18]_ALU_OUT[18])
                                                      0.585     2.735 r  <hidden>
                         net (fo=1, routed)           0.000     2.735    <hidden>
    DSP48E2_X4Y21        DSP_OUTPUT                                   r  <hidden>
  -------------------------------------------------------------------    -------------------

                         (clock ap_clk rise edge)     3.330     3.330 r  
                                                      0.000     3.330 r  ap_clk (IN)
                         net (fo=1740, unset)         0.043     3.373    <hidden>
    DSP48E2_X4Y21        DSP_OUTPUT                                   r  <hidden>
                         clock pessimism              0.000     3.373    
                         clock uncertainty           -0.035     3.338    
    DSP48E2_X4Y21        DSP_OUTPUT (Setup_DSP_OUTPUT_DSP48E2_CLK_ALU_OUT[18])
                                                     -0.124     3.214    <hidden>
  -------------------------------------------------------------------
                         required time                          3.214    
                         arrival time                          -2.735    
  -------------------------------------------------------------------
                         slack                                  0.479    

Slack (MET) :             0.479ns  (required time - arrival time)
  Source:                 <hidden>
                            (rising edge-triggered cell FDRE clocked by ap_clk  {rise@0.000ns fall@1.665ns period=3.330ns})
  Destination:            <hidden>
                            (rising edge-triggered cell DSP_OUTPUT clocked by ap_clk  {rise@0.000ns fall@1.665ns period=3.330ns})
  Path Group:             ap_clk
  Path Type:              Setup (Max at Slow Process Corner)
  Requirement:            3.330ns  (ap_clk rise@3.330ns - ap_clk rise@0.000ns)
  Data Path Delay:        2.705ns  (logic 2.178ns (80.516%)  route 0.527ns (19.484%))
  Logic Levels:           7  (DSP_A_B_DATA=1 DSP_ALU=1 DSP_M_DATA=1 DSP_MULTIPLIER=1 DSP_PREADD=1 DSP_PREADD_DATA=2)
  Clock Path Skew:        0.013ns (DCD - SCD + CPR)
    Destination Clock Delay (DCD):    0.043ns = ( 3.373 - 3.330 ) 
    Source Clock Delay      (SCD):    0.030ns
    Clock Pessimism Removal (CPR):    0.000ns
  Clock Uncertainty:      0.035ns  ((TSJ^2 + TIJ^2)^1/2 + DJ) / 2 + PE
    Total System Jitter     (TSJ):    0.071ns
    Total Input Jitter      (TIJ):    0.000ns
    Discrete Jitter          (DJ):    0.000ns
    Phase Error              (PE):    0.000ns

    Location             Delay type                Incr(ns)  Path(ns)    Netlist Resource(s)
  -------------------------------------------------------------------    -------------------
                         (clock ap_clk rise edge)     0.000     0.000 r  
                                                      0.000     0.000 r  ap_clk (IN)
                         net (fo=1740, unset)         0.030     0.030    <hidden>
    SLICE_X53Y50         FDRE                                         r  <hidden>
  -------------------------------------------------------------------    -------------------
    SLICE_X53Y50         FDRE (Prop_BFF2_SLICEM_C_Q)
                                                      0.080     0.110 r  <hidden>
                         net (fo=2, routed)           0.527     0.637    <hidden>
    DSP48E2_X4Y21        DSP_A_B_DATA (Prop_DSP_A_B_DATA_DSP48E2_A[6]_A2_DATA[6])
                                                      0.192     0.829 f  <hidden>
                         net (fo=1, routed)           0.000     0.829    <hidden>
    DSP48E2_X4Y21        DSP_PREADD_DATA (Prop_DSP_PREADD_DATA_DSP48E2_A2_DATA[6]_PREADD_AB[6])
                                                      0.124     0.953 r  <hidden>
                         net (fo=1, routed)           0.000     0.953    <hidden>
    DSP48E2_X4Y21        DSP_PREADD (Prop_DSP_PREADD_DSP48E2_PREADD_AB[6]_AD[18])
                                                      0.488     1.441 f  <hidden>
                         net (fo=1, routed)           0.000     1.441    <hidden>
    DSP48E2_X4Y21        DSP_PREADD_DATA (Prop_DSP_PREADD_DATA_DSP48E2_AD[18]_AD_DATA[18])
                                                      0.050     1.491 r  <hidden>
                         net (fo=1, routed)           0.000     1.491    <hidden>
    DSP48E2_X4Y21        DSP_MULTIPLIER (Prop_DSP_MULTIPLIER_DSP48E2_AD_DATA[18]_U[19])
                                                      0.612     2.103 f  <hidden>
                         net (fo=1, routed)           0.000     2.103    <hidden>
    DSP48E2_X4Y21        DSP_M_DATA (Prop_DSP_M_DATA_DSP48E2_U[19]_U_DATA[19])
                                                      0.047     2.150 r  <hidden>
                         net (fo=1, routed)           0.000     2.150    <hidden>
    DSP48E2_X4Y21        DSP_ALU (Prop_DSP_ALU_DSP48E2_U_DATA[19]_ALU_OUT[19])
                                                      0.585     2.735 r  <hidden>
                         net (fo=1, routed)           0.000     2.735    <hidden>
    DSP48E2_X4Y21        DSP_OUTPUT                                   r  <hidden>
  -------------------------------------------------------------------    -------------------

                         (clock ap_clk rise edge)     3.330     3.330 r  
                                                      0.000     3.330 r  ap_clk (IN)
                         net (fo=1740, unset)         0.043     3.373    <hidden>
    DSP48E2_X4Y21        DSP_OUTPUT                                   r  <hidden>
                         clock pessimism              0.000     3.373    
                         clock uncertainty           -0.035     3.338    
    DSP48E2_X4Y21        DSP_OUTPUT (Setup_DSP_OUTPUT_DSP48E2_CLK_ALU_OUT[19])
                                                     -0.124     3.214    <hidden>
  -------------------------------------------------------------------
                         required time                          3.214    
                         arrival time                          -2.735    
  -------------------------------------------------------------------
                         slack                                  0.479    




