

================================================================
== Vitis HLS Report for 'col_w_0'
================================================================
* Date:           Thu Jul 23 14:03:59 2026

* Version:        2025.1 (Build 6135595 on May 21 2025)
* Project:        prime_fp3_cosim
* Solution:       hls (Vivado IP Flow Target)
* Product family: zynquplus
* Target device:  xczu7ev-ffvc1156-2-e


================================================================
== Performance Estimates
================================================================
+ Timing: 
    * Summary: 
    +--------+---------+----------+------------+
    |  Clock |  Target | Estimated| Uncertainty|
    +--------+---------+----------+------------+
    |ap_clk  |  3.33 ns|  2.231 ns|     0.90 ns|
    +--------+---------+----------+------------+

+ Latency: 
    * Summary: 
    +---------+---------+----------+----------+-----+-----+---------+
    |  Latency (cycles) |  Latency (absolute) |  Interval | Pipeline|
    |   min   |   max   |    min   |    max   | min | max |   Type  |
    +---------+---------+----------+----------+-----+-----+---------+
    |        ?|        ?|         ?|         ?|    ?|    ?|       no|
    +---------+---------+----------+----------+-----+-----+---------+

    + Detail: 
        * Instance: 
        N/A

        * Loop: 
        +---------------------+---------+---------+----------+-----------+-----------+------+----------+
        |                     |  Latency (cycles) | Iteration|  Initiation Interval  | Trip |          |
        |      Loop Name      |   min   |   max   |  Latency |  achieved |   target  | Count| Pipelined|
        +---------------------+---------+---------+----------+-----------+-----------+------+----------+
        |- VITIS_LOOP_2315_3  |        ?|        ?|         1|          -|          -|     ?|        no|
        |- l_S_t_1_t5         |      240|      240|         2|          -|          -|   120|        no|
        +---------------------+---------+---------+----------+-----------+-----------+------+----------+



================================================================
== Utilization Estimates
================================================================
* Summary: 
+-----------------+---------+------+--------+--------+-----+
|       Name      | BRAM_18K|  DSP |   FF   |   LUT  | URAM|
+-----------------+---------+------+--------+--------+-----+
|DSP              |        -|     -|       -|       -|    -|
|Expression       |        -|     -|       0|     228|    -|
|FIFO             |        -|     -|       -|       -|    -|
|Instance         |        -|     -|       -|       -|    -|
|Memory           |        -|     -|       -|       -|    -|
|Multiplexer      |        -|     -|       0|     118|    -|
|Register         |        -|     -|     165|       -|    -|
+-----------------+---------+------+--------+--------+-----+
|Total            |        0|     0|     165|     346|    0|
+-----------------+---------+------+--------+--------+-----+
|Available        |      624|  1728|  460800|  230400|   96|
+-----------------+---------+------+--------+--------+-----+
|Utilization (%)  |        0|     0|      ~0|      ~0|    0|
+-----------------+---------+------+--------+--------+-----+

+ Detail: 
    * Instance: 
    N/A

    * DSP: 
    N/A

    * Memory: 
    N/A

    * FIFO: 
    N/A

    * Expression: 
    +-----------------------+----------+----+---+----+------------+------------+
    |     Variable Name     | Operation| DSP| FF| LUT| Bitwidth P0| Bitwidth P1|
    +-----------------------+----------+----+---+----+------------+------------+
    |add_ln2315_fu_153_p2   |         +|   0|  0|  38|          31|           1|
    |t5_2_fu_183_p2         |         +|   0|  0|  14|           7|           1|
    |v1348_fu_130_p2        |         +|   0|  0|  39|          32|           2|
    |v1369_fu_210_p2        |         +|   0|  0|  39|          32|           1|
    |ap_block_state3        |       and|   0|  0|   2|           1|           1|
    |icmp_ln2315_fu_148_p2  |      icmp|   0|  0|  39|          32|          32|
    |icmp_ln2322_fu_177_p2  |      icmp|   0|  0|  14|           7|           5|
    |v1360_fu_196_p2        |      icmp|   0|  0|  39|          32|           7|
    |ap_block_state1        |        or|   0|  0|   2|           1|           1|
    |ap_block_state2        |        or|   0|  0|   2|           1|           1|
    +-----------------------+----------+----+---+----+------------+------------+
    |Total                  |          |   0|  0| 228|         176|          52|
    +-----------------------+----------+----+---+----+------------+------------+

    * Multiplexer: 
    +-------------------------------+----+-----------+-----+-----------+
    |              Name             | LUT| Input Size| Bits| Total Bits|
    +-------------------------------+----+-----------+-----+-----------+
    |ap_NS_fsm                      |  26|          5|    1|          5|
    |ap_done                        |   9|          2|    1|          2|
    |ap_phi_mux_cret_phi_fu_119_p6  |   9|          2|    1|          2|
    |t5_fu_72                       |   9|          2|    7|         14|
    |v1349_fu_68                    |   9|          2|   31|         62|
    |v1366_fu_76                    |   9|          2|   32|         64|
    |v1824_blk_n                    |   9|          2|    1|          2|
    |v1847_blk_n                    |   9|          2|    1|          2|
    |v1871_blk_n                    |   9|          2|    1|          2|
    |v1871_din                      |  20|          4|   32|        128|
    +-------------------------------+----+-----------+-----+-----------+
    |Total                          | 118|         25|  108|        283|
    +-------------------------------+----+-----------+-----+-----------+

    * Register: 
    +--------------------+----+----+-----+-----------+
    |        Name        | FF | LUT| Bits| Const Bits|
    +--------------------+----+----+-----+-----------+
    |ap_CS_fsm           |   4|   0|    4|          0|
    |ap_done_reg         |   1|   0|    1|          0|
    |cret_reg_114        |   1|   0|    1|          0|
    |t5_2_reg_266        |   7|   0|    7|          0|
    |t5_fu_72            |   7|   0|    7|          0|
    |v1348_reg_241       |  32|   0|   32|          0|
    |v1349_fu_68         |  31|   0|   31|          0|
    |v1356_reg_271       |   1|   0|    1|          0|
    |v1360_reg_280       |   1|   0|    1|          0|
    |v1362_reg_284       |  16|   0|   16|          0|
    |v1366_fu_76         |  32|   0|   32|          0|
    |v1366_load_reg_275  |  32|   0|   32|          0|
    +--------------------+----+----+-----+-----------+
    |Total               | 165|   0|  165|          0|
    +--------------------+----+----+-----+-----------+



================================================================
== Interface
================================================================
* Summary: 
+----------------------+-----+-----+------------+--------------+--------------+
|       RTL Ports      | Dir | Bits|  Protocol  | Source Object|    C Type    |
+----------------------+-----+-----+------------+--------------+--------------+
|ap_clk                |   in|    1|  ap_ctrl_hs|       col_w_0|  return value|
|ap_rst                |   in|    1|  ap_ctrl_hs|       col_w_0|  return value|
|ap_start              |   in|    1|  ap_ctrl_hs|       col_w_0|  return value|
|ap_done               |  out|    1|  ap_ctrl_hs|       col_w_0|  return value|
|ap_continue           |   in|    1|  ap_ctrl_hs|       col_w_0|  return value|
|ap_idle               |  out|    1|  ap_ctrl_hs|       col_w_0|  return value|
|ap_ready              |  out|    1|  ap_ctrl_hs|       col_w_0|  return value|
|v1824_dout            |   in|   32|     ap_fifo|         v1824|       pointer|
|v1824_empty_n         |   in|    1|     ap_fifo|         v1824|       pointer|
|v1824_read            |  out|    1|     ap_fifo|         v1824|       pointer|
|v1824_num_data_valid  |   in|    3|     ap_fifo|         v1824|       pointer|
|v1824_fifo_cap        |   in|    3|     ap_fifo|         v1824|       pointer|
|v1833_address0        |  out|    7|   ap_memory|         v1833|         array|
|v1833_ce0             |  out|    1|   ap_memory|         v1833|         array|
|v1833_we0             |  out|    1|   ap_memory|         v1833|         array|
|v1833_d0              |  out|   16|   ap_memory|         v1833|         array|
|v1871_din             |  out|   32|     ap_fifo|         v1871|       pointer|
|v1871_full_n          |   in|    1|     ap_fifo|         v1871|       pointer|
|v1871_write           |  out|    1|     ap_fifo|         v1871|       pointer|
|v1871_num_data_valid  |   in|    4|     ap_fifo|         v1871|       pointer|
|v1871_fifo_cap        |   in|    4|     ap_fifo|         v1871|       pointer|
|v1847_dout            |   in|   17|     ap_fifo|         v1847|       pointer|
|v1847_empty_n         |   in|    1|     ap_fifo|         v1847|       pointer|
|v1847_read            |  out|    1|     ap_fifo|         v1847|       pointer|
|v1847_num_data_valid  |   in|    4|     ap_fifo|         v1847|       pointer|
|v1847_fifo_cap        |   in|    4|     ap_fifo|         v1847|       pointer|
+----------------------+-----+-----+------------+--------------+--------------+

