================================================================
== Design Size Report
================================================================

* Total Instructions per Compilation Phase
+---------------+-----------------------------+--------------+----------------------------------------------------------------------------------------+
| Phase         | Step                        | Instructions | Description                                                                            |
+---------------+-----------------------------+--------------+----------------------------------------------------------------------------------------+
| Compile/Link  |                             | 32,475       | After all functions are compiled and linked into a single design                       |
|               |                             |              |                                                                                        |
| Unroll/Inline |                             |              | After user unroll and inline pragmas are applied                                       |
|               | (1) unroll                  |  3,629       | user unroll pragmas are applied                                                        |
|               | (2) simplification          |  2,473       | simplification of applied user unroll pragmas                                          |
|               | (3) inline                  |  2,426       | user inline pragmas are applied                                                        |
|               | (4) simplification          |  2,416       | simplification of applied user inline pragmas                                          |
|               |                             |              |                                                                                        |
| Array/Struct  |                             |              | After user array partition and struct aggregate/disaggregate pragmas are applied       |
|               | (1) array partition         |  3,412       | user array partition pragmas are applied                                               |
|               | (2) simplification          |  2,880       | simplification of applied user array partition & struct aggregate/disaggregate pragmas |
|               | (3) aggregate/disaggregate  |  2,880       | user struct aggregate/disaggregate pragmas are applied                                 |
|               | (4) array reshape           |  2,872       | apply array reshape pragmas                                                            |
|               | (5) access patterns         |  2,632       | array access pattern optmizations                                                      |
|               |                             |              |                                                                                        |
| Performance   |                             |              | After transformations are applied to meet performance pragma targets                   |
|               | (1) loop simplification     |  2,552       | loop and instruction simplification                                                    |
|               | (2) parallelization         |  2,510       | loops are unrolled or pipelined to meet performance targets                            |
|               | (3) array partition         |  2,548       | arrays are partitioned to meet performance targets                                     |
|               | (4) simplification          |  2,383       | simplification of design after performance transformations                             |
|               |                             |              |                                                                                        |
| HW Transforms |                             |              | After hardware transfomations                                                          |
|               | (1) lowering                |  2,436       | initial conversion to HW specific instructions                                         |
|               | (2) optimizations           |  2,753       | high level synthesis optimizations                                                     |
+---------------+-----------------------------+--------------+----------------------------------------------------------------------------------------+

* Instructions per Function for each Compilation Phase
+-------------+-----------------+--------------+---------------+--------------+-------------+---------------+
| Function    | Location        | Compile/Link | Unroll/Inline | Array/Struct | Performance | HW Transforms |
+-------------+-----------------+--------------+---------------+--------------+-------------+---------------+
| + top       | kernel.cpp:3144 | 32,475       | 2,416         | 2,632        | 2,383       | 2,753         |
|    node_0_0 | kernel.cpp:18   | 14,477       | 1,666         | 1,882        | 1,679       |               |
|    drv_w_0  | kernel.cpp:1927 | 1,577        |   48          |   48         |   45        |               |
|    drv_e_0  | kernel.cpp:2019 | 1,577        |   48          |   48         |   45        |               |
|    drv_n_0  | kernel.cpp:2111 | 1,577        |   48          |   48         |   45        |               |
|    drv_s_0  | kernel.cpp:2203 | 1,577        |   48          |   48         |   45        |               |
|    col_w_0  | kernel.cpp:2295 |   667        |   35          |   35         |   32        |               |
|    col_e_0  | kernel.cpp:2361 |   667        |   35          |   35         |   32        |               |
|    col_n_0  | kernel.cpp:2427 |   667        |   35          |   35         |   32        |               |
|    col_s_0  | kernel.cpp:2493 |   667        |   35          |   35         |   32        |               |
|    rdrv_w_0 | kernel.cpp:2559 | 1,570        |   42          |   42         |   39        |               |
|    rdrv_e_0 | kernel.cpp:2644 | 1,570        |   42          |   42         |   39        |               |
|    rdrv_n_0 | kernel.cpp:2729 | 1,570        |   42          |   42         |   39        |               |
|    rdrv_s_0 | kernel.cpp:2814 | 1,570        |   42          |   42         |   39        |               |
|    rclc_w_0 | kernel.cpp:2899 |   617        |   34          |   34         |   31        |               |
|    rclc_e_0 | kernel.cpp:2960 |   617        |   34          |   34         |   31        |               |
|    rclc_n_0 | kernel.cpp:3021 |   617        |   34          |   34         |   31        |               |
|    rclc_s_0 | kernel.cpp:3082 |   617        |   34          |   34         |   31        |               |
+-------------+-----------------+--------------+---------------+--------------+-------------+---------------+

* Design Size Message Settings
+---------------------------------------------+--------+------------------------------------------------------------------+
| Message Setting                             | Value  | Description                                                      |
+---------------------------------------------+--------+------------------------------------------------------------------+
| config_compile -design_size_maximum_warning | 100000 | Show a warning when total design instructions exceeds this value |
+---------------------------------------------+--------+------------------------------------------------------------------+


