

================================================================
== Vitis HLS Report for 'drv_e_0'
================================================================
* Date:           Thu Jul 23 14:03:59 2026

* Version:        2025.1 (Build 6135595 on May 21 2025)
* Project:        prime_fp3_cosim
* Solution:       hls (Vivado IP Flow Target)
* Product family: zynquplus
* Target device:  xczu7ev-ffvc1156-2-e


================================================================
== Performance Estimates
================================================================
+ Timing: 
    * Summary: 
    +--------+---------+----------+------------+
    |  Clock |  Target | Estimated| Uncertainty|
    +--------+---------+----------+------------+
    |ap_clk  |  3.33 ns|  2.253 ns|     0.90 ns|
    +--------+---------+----------+------------+

+ Latency: 
    * Summary: 
    +---------+---------+----------+----------+-----+-----+---------+
    |  Latency (cycles) |  Latency (absolute) |  Interval | Pipeline|
    |   min   |   max   |    min   |    max   | min | max |   Type  |
    +---------+---------+----------+----------+-----+-----+---------+
    |        ?|        ?|         ?|         ?|    ?|    ?|       no|
    +---------+---------+----------+----------+-----+-----+---------+

    + Detail: 
        * Instance: 
        N/A

        * Loop: 
        +---------------------+---------+---------+----------+-----------+-----------+------+----------+
        |                     |  Latency (cycles) | Iteration|  Initiation Interval  | Trip |          |
        |      Loop Name      |   min   |   max   |  Latency |  achieved |   target  | Count| Pipelined|
        +---------------------+---------+---------+----------+-----------+-----------+------+----------+
        |- VITIS_LOOP_2040_3  |        ?|        ?|         1|          -|          -|     ?|        no|
        |- l_S_t_1_t2         |      360|      360|         3|          -|          -|   120|        no|
        +---------------------+---------+---------+----------+-----------+-----------+------+----------+



================================================================
== Utilization Estimates
================================================================
* Summary: 
+-----------------+---------+------+--------+--------+-----+
|       Name      | BRAM_18K|  DSP |   FF   |   LUT  | URAM|
+-----------------+---------+------+--------+--------+-----+
|DSP              |        -|     -|       -|       -|    -|
|Expression       |        -|     -|       0|     483|    -|
|FIFO             |        -|     -|       -|       -|    -|
|Instance         |        -|     -|       0|       9|    -|
|Memory           |        -|     -|       -|       -|    -|
|Multiplexer      |        -|     -|       0|     108|    -|
|Register         |        -|     -|     224|       -|    -|
+-----------------+---------+------+--------+--------+-----+
|Total            |        0|     0|     224|     600|    0|
+-----------------+---------+------+--------+--------+-----+
|Available        |      624|  1728|  460800|  230400|   96|
+-----------------+---------+------+--------+--------+-----+
|Utilization (%)  |        0|     0|      ~0|      ~0|    0|
+-----------------+---------+------+--------+--------+-----+

+ Detail: 
    * Instance: 
    +---------------------------+----------------------+---------+----+---+----+-----+
    |          Instance         |        Module        | BRAM_18K| DSP| FF| LUT| URAM|
    +---------------------------+----------------------+---------+----+---+----+-----+
    |sparsemux_7_2_32_1_1_U125  |sparsemux_7_2_32_1_1  |        0|   0|  0|   9|    0|
    +---------------------------+----------------------+---------+----+---+----+-----+
    |Total                      |                      |        0|   0|  0|   9|    0|
    +---------------------------+----------------------+---------+----+---+----+-----+

    * DSP: 
    N/A

    * Memory: 
    N/A

    * FIFO: 
    N/A

    * Expression: 
    +------------------------+----------+----+---+----+------------+------------+
    |      Variable Name     | Operation| DSP| FF| LUT| Bitwidth P0| Bitwidth P1|
    +------------------------+----------+----+---+----+------------+------------+
    |add_ln2040_fu_157_p2    |         +|   0|  0|  38|          31|           1|
    |t2_2_fu_192_p2          |         +|   0|  0|  14|           7|           1|
    |v1178_fu_134_p2         |         +|   0|  0|  39|          32|           2|
    |v1187_fu_225_p2         |         +|   0|  0|  39|          32|          32|
    |v1202_fu_258_p2         |         +|   0|  0|  39|          32|           1|
    |v1216_fu_270_p2         |         +|   0|  0|  39|          32|           2|
    |and_ln2064_fu_297_p2    |       and|   0|  0|   2|           1|           1|
    |and_ln2073_1_fu_285_p2  |       and|   0|  0|   2|           1|           1|
    |and_ln2073_fu_280_p2    |       and|   0|  0|   2|           1|           1|
    |ap_block_state2         |       and|   0|  0|   2|           1|           1|
    |ap_block_state3         |       and|   0|  0|   2|           1|           1|
    |v1194_fu_240_p2         |       and|   0|  0|   2|           1|           1|
    |icmp_ln2040_fu_152_p2   |      icmp|   0|  0|  39|          32|          32|
    |icmp_ln2044_fu_186_p2   |      icmp|   0|  0|  14|           7|           5|
    |icmp_ln2058_fu_205_p2   |      icmp|   0|  0|  39|          32|          32|
    |v1190_fu_230_p2         |      icmp|   0|  0|  39|          32|           7|
    |v1198_fu_246_p2         |      icmp|   0|  0|  39|          32|           1|
    |v1204_fu_252_p2         |      icmp|   0|  0|  39|          32|           1|
    |ap_block_state1         |        or|   0|  0|   2|           1|           1|
    |dcred1_1_fu_290_p3      |    select|   0|  0|  32|           1|          32|
    |w1_fu_328_p3            |    select|   0|  0|  16|           1|          17|
    |v1193_fu_235_p2         |       xor|   0|  0|   2|           1|           2|
    |xor_ln2064_fu_275_p2    |       xor|   0|  0|   2|           1|           2|
    +------------------------+----------+----+---+----+------------+------------+
    |Total                   |          |   0|  0| 483|         344|         177|
    +------------------------+----------+----+---+----+------------+------------+

    * Multiplexer: 
    +-------------+----+-----------+-----+-----------+
    |     Name    | LUT| Input Size| Bits| Total Bits|
    +-------------+----+-----------+-----+-----------+
    |ap_NS_fsm    |  31|          6|    1|          6|
    |ap_done      |   9|          2|    1|          2|
    |t2_fu_84     |   9|          2|    7|         14|
    |v1179_fu_72  |   9|          2|   31|         62|
    |v1183_fu_76  |   9|          2|   32|         64|
    |v1217_fu_80  |   9|          2|   32|         64|
    |v1848_blk_n  |   9|          2|    1|          2|
    |v1848_din    |  14|          3|   17|         51|
    |v1872_blk_n  |   9|          2|    1|          2|
    +-------------+----+-----------+-----+-----------+
    |Total        | 108|         23|  123|        267|
    +-------------+----+-----------+-----+-----------+

    * Register: 
    +---------------------+----+----+-----+-----------+
    |         Name        | FF | LUT| Bits| Const Bits|
    +---------------------+----+----+-----+-----------+
    |ap_CS_fsm            |   5|   0|    5|          0|
    |ap_done_reg          |   1|   0|    1|          0|
    |icmp_ln2058_reg_394  |   1|   0|    1|          0|
    |t2_fu_84             |   7|   0|    7|          0|
    |v1178_reg_354        |  32|   0|   32|          0|
    |v1179_fu_72          |  31|   0|   31|          0|
    |v1182_reg_389        |  32|   0|   32|          0|
    |v1183_fu_76          |  32|   0|   32|          0|
    |v1187_reg_409        |  32|   0|   32|          0|
    |v1194_reg_415        |   1|   0|    1|          0|
    |v1198_reg_421        |   1|   0|    1|          0|
    |v1204_reg_427        |   1|   0|    1|          0|
    |v1209_reg_432        |  16|   0|   16|          0|
    |v1217_fu_80          |  32|   0|   32|          0|
    +---------------------+----+----+-----+-----------+
    |Total                | 224|   0|  224|          0|
    +---------------------+----+----+-----+-----------+



================================================================
== Interface
================================================================
* Summary: 
+----------------------+-----+-----+------------+--------------+--------------+
|       RTL Ports      | Dir | Bits|  Protocol  | Source Object|    C Type    |
+----------------------+-----+-----+------------+--------------+--------------+
|ap_clk                |   in|    1|  ap_ctrl_hs|       drv_e_0|  return value|
|ap_rst                |   in|    1|  ap_ctrl_hs|       drv_e_0|  return value|
|ap_start              |   in|    1|  ap_ctrl_hs|       drv_e_0|  return value|
|ap_done               |  out|    1|  ap_ctrl_hs|       drv_e_0|  return value|
|ap_continue           |   in|    1|  ap_ctrl_hs|       drv_e_0|  return value|
|ap_idle               |  out|    1|  ap_ctrl_hs|       drv_e_0|  return value|
|ap_ready              |  out|    1|  ap_ctrl_hs|       drv_e_0|  return value|
|v1824                 |   in|   32|     ap_none|         v1824|       pointer|
|v1827_address0        |  out|    7|   ap_memory|         v1827|         array|
|v1827_ce0             |  out|    1|   ap_memory|         v1827|         array|
|v1827_q0              |   in|   16|   ap_memory|         v1827|         array|
|v1828_address0        |  out|    7|   ap_memory|         v1828|         array|
|v1828_ce0             |  out|    1|   ap_memory|         v1828|         array|
|v1828_q0              |   in|   32|   ap_memory|         v1828|         array|
|v1848_din             |  out|   17|     ap_fifo|         v1848|       pointer|
|v1848_full_n          |   in|    1|     ap_fifo|         v1848|       pointer|
|v1848_write           |  out|    1|     ap_fifo|         v1848|       pointer|
|v1848_num_data_valid  |   in|    4|     ap_fifo|         v1848|       pointer|
|v1848_fifo_cap        |   in|    4|     ap_fifo|         v1848|       pointer|
|v1872_dout            |   in|   32|     ap_fifo|         v1872|       pointer|
|v1872_empty_n         |   in|    1|     ap_fifo|         v1872|       pointer|
|v1872_read            |  out|    1|     ap_fifo|         v1872|       pointer|
|v1872_num_data_valid  |   in|    4|     ap_fifo|         v1872|       pointer|
|v1872_fifo_cap        |   in|    4|     ap_fifo|         v1872|       pointer|
+----------------------+-----+-----+------------+--------------+--------------+

