

================================================================
== Vitis HLS Report for 'top'
================================================================
* Date:           Thu Jul 23 14:04:01 2026

* Version:        2025.1 (Build 6135595 on May 21 2025)
* Project:        prime_fp3_cosim
* Solution:       hls (Vivado IP Flow Target)
* Product family: zynquplus
* Target device:  xczu7ev-ffvc1156-2-e


================================================================
== Performance Estimates
================================================================
+ Timing: 
    * Summary: 
    +--------+---------+-----------+------------+
    |  Clock |  Target | Estimated | Uncertainty|
    +--------+---------+-----------+------------+
    |ap_clk  |  3.33 ns|  12.377 ns|     0.90 ns|
    +--------+---------+-----------+------------+

+ Latency: 
    * Summary: 
    +---------+---------+----------+----------+-----+-----+----------+
    |  Latency (cycles) |  Latency (absolute) |  Interval | Pipeline |
    |   min   |   max   |    min   |    max   | min | max |   Type   |
    +---------+---------+----------+----------+-----+-----+----------+
    |        ?|        ?|         ?|         ?|    ?|    ?|  dataflow|
    +---------+---------+----------+----------+-----+-----+----------+

    + Detail: 
        * Instance: 
        +-------------+----------+---------+---------+----------+----------+-----+-----+---------+
        |             |          |  Latency (cycles) |  Latency (absolute) |  Interval | Pipeline|
        |   Instance  |  Module  |   min   |   max   |    min   |    max   | min | max |   Type  |
        +-------------+----------+---------+---------+----------+----------+-----+-----+---------+
        |node_0_0_U0  |node_0_0  |        ?|        ?|         ?|         ?|    ?|    ?|       no|
        |drv_w_0_U0   |drv_w_0   |        ?|        ?|         ?|         ?|    ?|    ?|       no|
        |drv_e_0_U0   |drv_e_0   |        ?|        ?|         ?|         ?|    ?|    ?|       no|
        |drv_n_0_U0   |drv_n_0   |        ?|        ?|         ?|         ?|    ?|    ?|       no|
        |drv_s_0_U0   |drv_s_0   |        ?|        ?|         ?|         ?|    ?|    ?|       no|
        |col_w_0_U0   |col_w_0   |        ?|        ?|         ?|         ?|    ?|    ?|       no|
        |col_e_0_U0   |col_e_0   |        ?|        ?|         ?|         ?|    ?|    ?|       no|
        |col_n_0_U0   |col_n_0   |        ?|        ?|         ?|         ?|    ?|    ?|       no|
        |col_s_0_U0   |col_s_0   |        ?|        ?|         ?|         ?|    ?|    ?|       no|
        |rdrv_w_0_U0  |rdrv_w_0  |        ?|        ?|         ?|         ?|    ?|    ?|       no|
        |rdrv_e_0_U0  |rdrv_e_0  |        ?|        ?|         ?|         ?|    ?|    ?|       no|
        |rdrv_n_0_U0  |rdrv_n_0  |        ?|        ?|         ?|         ?|    ?|    ?|       no|
        |rdrv_s_0_U0  |rdrv_s_0  |        ?|        ?|         ?|         ?|    ?|    ?|       no|
        |rclc_w_0_U0  |rclc_w_0  |        ?|        ?|         ?|         ?|    ?|    ?|       no|
        |rclc_e_0_U0  |rclc_e_0  |        ?|        ?|         ?|         ?|    ?|    ?|       no|
        |rclc_n_0_U0  |rclc_n_0  |        ?|        ?|         ?|         ?|    ?|    ?|       no|
        |rclc_s_0_U0  |rclc_s_0  |        ?|        ?|         ?|         ?|    ?|    ?|       no|
        +-------------+----------+---------+---------+----------+----------+-----+-----+---------+

        * Loop: 
        N/A



================================================================
== Utilization Estimates
================================================================
* Summary: 
+-----------------+---------+------+--------+--------+-----+
|       Name      | BRAM_18K|  DSP |   FF   |   LUT  | URAM|
+-----------------+---------+------+--------+--------+-----+
|DSP              |        -|     -|       -|       -|    -|
|Expression       |        -|     -|       0|      44|    -|
|FIFO             |        -|     -|    3960|    2648|    -|
|Instance         |        -|     2|    8025|   18960|    -|
|Memory           |        -|     -|       -|       -|    -|
|Multiplexer      |        -|     -|       0|      81|    -|
|Register         |        -|     -|       9|       -|    -|
+-----------------+---------+------+--------+--------+-----+
|Total            |        0|     2|   11994|   21733|    0|
+-----------------+---------+------+--------+--------+-----+
|Available        |      624|  1728|  460800|  230400|   96|
+-----------------+---------+------+--------+--------+-----+
|Utilization (%)  |        0|    ~0|       2|       9|    0|
+-----------------+---------+------+--------+--------+-----+

+ Detail: 
    * Instance: 
    +-------------+----------+---------+----+------+-------+-----+
    |   Instance  |  Module  | BRAM_18K| DSP|  FF  |  LUT  | URAM|
    +-------------+----------+---------+----+------+-------+-----+
    |col_e_0_U0   |col_e_0   |        0|   0|   165|    346|    0|
    |col_n_0_U0   |col_n_0   |        0|   0|   165|    346|    0|
    |col_s_0_U0   |col_s_0   |        0|   0|   165|    346|    0|
    |col_w_0_U0   |col_w_0   |        0|   0|   165|    346|    0|
    |drv_e_0_U0   |drv_e_0   |        0|   0|   224|    600|    0|
    |drv_n_0_U0   |drv_n_0   |        0|   0|   224|    600|    0|
    |drv_s_0_U0   |drv_s_0   |        0|   0|   224|    600|    0|
    |drv_w_0_U0   |drv_w_0   |        0|   0|   224|    600|    0|
    |node_0_0_U0  |node_0_0  |        0|   2|  5105|  11336|    0|
    |rclc_e_0_U0  |rclc_e_0  |        0|   0|   143|    346|    0|
    |rclc_n_0_U0  |rclc_n_0  |        0|   0|   143|    346|    0|
    |rclc_s_0_U0  |rclc_s_0  |        0|   0|   143|    346|    0|
    |rclc_w_0_U0  |rclc_w_0  |        0|   0|   143|    346|    0|
    |rdrv_e_0_U0  |rdrv_e_0  |        0|   0|   198|    614|    0|
    |rdrv_n_0_U0  |rdrv_n_0  |        0|   0|   198|    614|    0|
    |rdrv_s_0_U0  |rdrv_s_0  |        0|   0|   198|    614|    0|
    |rdrv_w_0_U0  |rdrv_w_0  |        0|   0|   198|    614|    0|
    +-------------+----------+---------+----+------+-------+-----+
    |Total        |          |        0|   2|  8025|  18960|    0|
    +-------------+----------+---------+----+------+-------+-----+

    * DSP: 
    N/A

    * Memory: 
    N/A

    * FIFO: 
    +------------+---------+----+----+-----+------+-----+---------+
    |    Name    | BRAM_18K| FF | LUT| URAM| Depth| Bits| Size:D*B|
    +------------+---------+----+----+-----+------+-----+---------+
    |v1824_c1_U  |        0|  99|   0|    -|     2|   32|       64|
    |v1824_c2_U  |        0|  99|   0|    -|     2|   32|       64|
    |v1824_c3_U  |        0|  99|   0|    -|     2|   32|       64|
    |v1824_c4_U  |        0|  99|   0|    -|     2|   32|       64|
    |v1824_c5_U  |        0|  99|   0|    -|     2|   32|       64|
    |v1824_c6_U  |        0|  99|   0|    -|     2|   32|       64|
    |v1824_c7_U  |        0|  99|   0|    -|     2|   32|       64|
    |v1824_c_U   |        0|  99|   0|    -|     2|   32|       64|
    |v1845_U     |        0|  99|   0|    -|     8|   17|      136|
    |v1846_U     |        0|  99|   0|    -|     8|   17|      136|
    |v1847_U     |        0|  99|   0|    -|     8|   17|      136|
    |v1848_U     |        0|  99|   0|    -|     8|   17|      136|
    |v1849_U     |        0|  99|   0|    -|     8|   17|      136|
    |v1850_U     |        0|  99|   0|    -|     8|   17|      136|
    |v1851_U     |        0|  99|   0|    -|     8|   17|      136|
    |v1852_U     |        0|  99|   0|    -|     8|   17|      136|
    |v1853_U     |        0|  99|   0|    -|     8|   26|      208|
    |v1854_U     |        0|  99|   0|    -|     8|   26|      208|
    |v1855_U     |        0|  99|   0|    -|     8|   26|      208|
    |v1856_U     |        0|  99|   0|    -|     8|   26|      208|
    |v1857_U     |        0|  99|   0|    -|     8|   26|      208|
    |v1858_U     |        0|  99|   0|    -|     8|   26|      208|
    |v1859_U     |        0|  99|   0|    -|     8|   26|      208|
    |v1860_U     |        0|  99|   0|    -|     8|   26|      208|
    |v1861_U     |        0|  99|   0|    -|     8|   32|      256|
    |v1862_U     |        0|  99|   0|    -|     8|   32|      256|
    |v1863_U     |        0|  99|   0|    -|     8|   32|      256|
    |v1864_U     |        0|  99|   0|    -|     8|   32|      256|
    |v1865_U     |        0|  99|   0|    -|     8|   32|      256|
    |v1866_U     |        0|  99|   0|    -|     8|   32|      256|
    |v1867_U     |        0|  99|   0|    -|     8|   32|      256|
    |v1868_U     |        0|  99|   0|    -|     8|   32|      256|
    |v1869_U     |        0|  99|   0|    -|     8|   32|      256|
    |v1870_U     |        0|  99|   0|    -|     8|   32|      256|
    |v1871_U     |        0|  99|   0|    -|     8|   32|      256|
    |v1872_U     |        0|  99|   0|    -|     8|   32|      256|
    |v1873_U     |        0|  99|   0|    -|     8|   32|      256|
    |v1874_U     |        0|  99|   0|    -|     8|   32|      256|
    |v1875_U     |        0|  99|   0|    -|     8|   32|      256|
    |v1876_U     |        0|  99|   0|    -|     8|   32|      256|
    +------------+---------+----+----+-----+------+-----+---------+
    |Total       |        0|3960|   0|    0|   272| 1112|     7360|
    +------------+---------+----+----+-----+------+-----+---------+

    * Expression: 
    +------------------------------+----------+----+---+----+------------+------------+
    |         Variable Name        | Operation| DSP| FF| LUT| Bitwidth P0| Bitwidth P1|
    +------------------------------+----------+----+---+----+------------+------------+
    |ap_idle                       |       and|   0|  0|   2|           1|           1|
    |ap_sync_done                  |       and|   0|  0|   2|           1|           1|
    |ap_sync_ready                 |       and|   0|  0|   2|           1|           1|
    |drv_e_0_U0_ap_start           |       and|   0|  0|   2|           1|           1|
    |drv_n_0_U0_ap_start           |       and|   0|  0|   2|           1|           1|
    |drv_s_0_U0_ap_start           |       and|   0|  0|   2|           1|           1|
    |drv_w_0_U0_ap_start           |       and|   0|  0|   2|           1|           1|
    |node_0_0_U0_ap_start          |       and|   0|  0|   2|           1|           1|
    |node_0_0_U0_start_full_n      |       and|   0|  0|   2|           1|           1|
    |rdrv_e_0_U0_ap_start          |       and|   0|  0|   2|           1|           1|
    |rdrv_n_0_U0_ap_start          |       and|   0|  0|   2|           1|           1|
    |rdrv_s_0_U0_ap_start          |       and|   0|  0|   2|           1|           1|
    |rdrv_w_0_U0_ap_start          |       and|   0|  0|   2|           1|           1|
    |ap_sync_drv_e_0_U0_ap_ready   |        or|   0|  0|   2|           1|           1|
    |ap_sync_drv_n_0_U0_ap_ready   |        or|   0|  0|   2|           1|           1|
    |ap_sync_drv_s_0_U0_ap_ready   |        or|   0|  0|   2|           1|           1|
    |ap_sync_drv_w_0_U0_ap_ready   |        or|   0|  0|   2|           1|           1|
    |ap_sync_node_0_0_U0_ap_ready  |        or|   0|  0|   2|           1|           1|
    |ap_sync_rdrv_e_0_U0_ap_ready  |        or|   0|  0|   2|           1|           1|
    |ap_sync_rdrv_n_0_U0_ap_ready  |        or|   0|  0|   2|           1|           1|
    |ap_sync_rdrv_s_0_U0_ap_ready  |        or|   0|  0|   2|           1|           1|
    |ap_sync_rdrv_w_0_U0_ap_ready  |        or|   0|  0|   2|           1|           1|
    +------------------------------+----------+----+---+----+------------+------------+
    |Total                         |          |   0|  0|  44|          22|          22|
    +------------------------------+----------+----+---+----+------------+------------+

    * Multiplexer: 
    +----------------------------------+----+-----------+-----+-----------+
    |               Name               | LUT| Input Size| Bits| Total Bits|
    +----------------------------------+----+-----------+-----+-----------+
    |ap_sync_reg_drv_e_0_U0_ap_ready   |   9|          2|    1|          2|
    |ap_sync_reg_drv_n_0_U0_ap_ready   |   9|          2|    1|          2|
    |ap_sync_reg_drv_s_0_U0_ap_ready   |   9|          2|    1|          2|
    |ap_sync_reg_drv_w_0_U0_ap_ready   |   9|          2|    1|          2|
    |ap_sync_reg_node_0_0_U0_ap_ready  |   9|          2|    1|          2|
    |ap_sync_reg_rdrv_e_0_U0_ap_ready  |   9|          2|    1|          2|
    |ap_sync_reg_rdrv_n_0_U0_ap_ready  |   9|          2|    1|          2|
    |ap_sync_reg_rdrv_s_0_U0_ap_ready  |   9|          2|    1|          2|
    |ap_sync_reg_rdrv_w_0_U0_ap_ready  |   9|          2|    1|          2|
    +----------------------------------+----+-----------+-----+-----------+
    |Total                             |  81|         18|    9|         18|
    +----------------------------------+----+-----------+-----+-----------+

    * Register: 
    +----------------------------------+---+----+-----+-----------+
    |               Name               | FF| LUT| Bits| Const Bits|
    +----------------------------------+---+----+-----+-----------+
    |ap_sync_reg_drv_e_0_U0_ap_ready   |  1|   0|    1|          0|
    |ap_sync_reg_drv_n_0_U0_ap_ready   |  1|   0|    1|          0|
    |ap_sync_reg_drv_s_0_U0_ap_ready   |  1|   0|    1|          0|
    |ap_sync_reg_drv_w_0_U0_ap_ready   |  1|   0|    1|          0|
    |ap_sync_reg_node_0_0_U0_ap_ready  |  1|   0|    1|          0|
    |ap_sync_reg_rdrv_e_0_U0_ap_ready  |  1|   0|    1|          0|
    |ap_sync_reg_rdrv_n_0_U0_ap_ready  |  1|   0|    1|          0|
    |ap_sync_reg_rdrv_s_0_U0_ap_ready  |  1|   0|    1|          0|
    |ap_sync_reg_rdrv_w_0_U0_ap_ready  |  1|   0|    1|          0|
    +----------------------------------+---+----+-----+-----------+
    |Total                             |  9|   0|    9|          0|
    +----------------------------------+---+----+-----+-----------+



================================================================
== Interface
================================================================
* Summary: 
+----------------+-----+-----+------------+--------------+--------------+
|    RTL Ports   | Dir | Bits|  Protocol  | Source Object|    C Type    |
+----------------+-----+-----+------------+--------------+--------------+
|v1824           |   in|   32|     ap_none|         v1824|       pointer|
|v1825_address0  |  out|    7|   ap_memory|         v1825|         array|
|v1825_ce0       |  out|    1|   ap_memory|         v1825|         array|
|v1825_d0        |  out|   16|   ap_memory|         v1825|         array|
|v1825_q0        |   in|   16|   ap_memory|         v1825|         array|
|v1825_we0       |  out|    1|   ap_memory|         v1825|         array|
|v1825_address1  |  out|    7|   ap_memory|         v1825|         array|
|v1825_ce1       |  out|    1|   ap_memory|         v1825|         array|
|v1825_d1        |  out|   16|   ap_memory|         v1825|         array|
|v1825_q1        |   in|   16|   ap_memory|         v1825|         array|
|v1825_we1       |  out|    1|   ap_memory|         v1825|         array|
|v1826_address0  |  out|    7|   ap_memory|         v1826|         array|
|v1826_ce0       |  out|    1|   ap_memory|         v1826|         array|
|v1826_d0        |  out|   32|   ap_memory|         v1826|         array|
|v1826_q0        |   in|   32|   ap_memory|         v1826|         array|
|v1826_we0       |  out|    1|   ap_memory|         v1826|         array|
|v1826_address1  |  out|    7|   ap_memory|         v1826|         array|
|v1826_ce1       |  out|    1|   ap_memory|         v1826|         array|
|v1826_d1        |  out|   32|   ap_memory|         v1826|         array|
|v1826_q1        |   in|   32|   ap_memory|         v1826|         array|
|v1826_we1       |  out|    1|   ap_memory|         v1826|         array|
|v1827_address0  |  out|    7|   ap_memory|         v1827|         array|
|v1827_ce0       |  out|    1|   ap_memory|         v1827|         array|
|v1827_d0        |  out|   16|   ap_memory|         v1827|         array|
|v1827_q0        |   in|   16|   ap_memory|         v1827|         array|
|v1827_we0       |  out|    1|   ap_memory|         v1827|         array|
|v1827_address1  |  out|    7|   ap_memory|         v1827|         array|
|v1827_ce1       |  out|    1|   ap_memory|         v1827|         array|
|v1827_d1        |  out|   16|   ap_memory|         v1827|         array|
|v1827_q1        |   in|   16|   ap_memory|         v1827|         array|
|v1827_we1       |  out|    1|   ap_memory|         v1827|         array|
|v1828_address0  |  out|    7|   ap_memory|         v1828|         array|
|v1828_ce0       |  out|    1|   ap_memory|         v1828|         array|
|v1828_d0        |  out|   32|   ap_memory|         v1828|         array|
|v1828_q0        |   in|   32|   ap_memory|         v1828|         array|
|v1828_we0       |  out|    1|   ap_memory|         v1828|         array|
|v1828_address1  |  out|    7|   ap_memory|         v1828|         array|
|v1828_ce1       |  out|    1|   ap_memory|         v1828|         array|
|v1828_d1        |  out|   32|   ap_memory|         v1828|         array|
|v1828_q1        |   in|   32|   ap_memory|         v1828|         array|
|v1828_we1       |  out|    1|   ap_memory|         v1828|         array|
|v1829_address0  |  out|    7|   ap_memory|         v1829|         array|
|v1829_ce0       |  out|    1|   ap_memory|         v1829|         array|
|v1829_d0        |  out|   16|   ap_memory|         v1829|         array|
|v1829_q0        |   in|   16|   ap_memory|         v1829|         array|
|v1829_we0       |  out|    1|   ap_memory|         v1829|         array|
|v1829_address1  |  out|    7|   ap_memory|         v1829|         array|
|v1829_ce1       |  out|    1|   ap_memory|         v1829|         array|
|v1829_d1        |  out|   16|   ap_memory|         v1829|         array|
|v1829_q1        |   in|   16|   ap_memory|         v1829|         array|
|v1829_we1       |  out|    1|   ap_memory|         v1829|         array|
|v1830_address0  |  out|    7|   ap_memory|         v1830|         array|
|v1830_ce0       |  out|    1|   ap_memory|         v1830|         array|
|v1830_d0        |  out|   32|   ap_memory|         v1830|         array|
|v1830_q0        |   in|   32|   ap_memory|         v1830|         array|
|v1830_we0       |  out|    1|   ap_memory|         v1830|         array|
|v1830_address1  |  out|    7|   ap_memory|         v1830|         array|
|v1830_ce1       |  out|    1|   ap_memory|         v1830|         array|
|v1830_d1        |  out|   32|   ap_memory|         v1830|         array|
|v1830_q1        |   in|   32|   ap_memory|         v1830|         array|
|v1830_we1       |  out|    1|   ap_memory|         v1830|         array|
|v1831_address0  |  out|    7|   ap_memory|         v1831|         array|
|v1831_ce0       |  out|    1|   ap_memory|         v1831|         array|
|v1831_d0        |  out|   16|   ap_memory|         v1831|         array|
|v1831_q0        |   in|   16|   ap_memory|         v1831|         array|
|v1831_we0       |  out|    1|   ap_memory|         v1831|         array|
|v1831_address1  |  out|    7|   ap_memory|         v1831|         array|
|v1831_ce1       |  out|    1|   ap_memory|         v1831|         array|
|v1831_d1        |  out|   16|   ap_memory|         v1831|         array|
|v1831_q1        |   in|   16|   ap_memory|         v1831|         array|
|v1831_we1       |  out|    1|   ap_memory|         v1831|         array|
|v1832_address0  |  out|    7|   ap_memory|         v1832|         array|
|v1832_ce0       |  out|    1|   ap_memory|         v1832|         array|
|v1832_d0        |  out|   32|   ap_memory|         v1832|         array|
|v1832_q0        |   in|   32|   ap_memory|         v1832|         array|
|v1832_we0       |  out|    1|   ap_memory|         v1832|         array|
|v1832_address1  |  out|    7|   ap_memory|         v1832|         array|
|v1832_ce1       |  out|    1|   ap_memory|         v1832|         array|
|v1832_d1        |  out|   32|   ap_memory|         v1832|         array|
|v1832_q1        |   in|   32|   ap_memory|         v1832|         array|
|v1832_we1       |  out|    1|   ap_memory|         v1832|         array|
|v1833_address0  |  out|    7|   ap_memory|         v1833|         array|
|v1833_ce0       |  out|    1|   ap_memory|         v1833|         array|
|v1833_d0        |  out|   16|   ap_memory|         v1833|         array|
|v1833_q0        |   in|   16|   ap_memory|         v1833|         array|
|v1833_we0       |  out|    1|   ap_memory|         v1833|         array|
|v1833_address1  |  out|    7|   ap_memory|         v1833|         array|
|v1833_ce1       |  out|    1|   ap_memory|         v1833|         array|
|v1833_d1        |  out|   16|   ap_memory|         v1833|         array|
|v1833_q1        |   in|   16|   ap_memory|         v1833|         array|
|v1833_we1       |  out|    1|   ap_memory|         v1833|         array|
|v1834_address0  |  out|    7|   ap_memory|         v1834|         array|
|v1834_ce0       |  out|    1|   ap_memory|         v1834|         array|
|v1834_d0        |  out|   16|   ap_memory|         v1834|         array|
|v1834_q0        |   in|   16|   ap_memory|         v1834|         array|
|v1834_we0       |  out|    1|   ap_memory|         v1834|         array|
|v1834_address1  |  out|    7|   ap_memory|         v1834|         array|
|v1834_ce1       |  out|    1|   ap_memory|         v1834|         array|
|v1834_d1        |  out|   16|   ap_memory|         v1834|         array|
|v1834_q1        |   in|   16|   ap_memory|         v1834|         array|
|v1834_we1       |  out|    1|   ap_memory|         v1834|         array|
|v1835_address0  |  out|    7|   ap_memory|         v1835|         array|
|v1835_ce0       |  out|    1|   ap_memory|         v1835|         array|
|v1835_d0        |  out|   16|   ap_memory|         v1835|         array|
|v1835_q0        |   in|   16|   ap_memory|         v1835|         array|
|v1835_we0       |  out|    1|   ap_memory|         v1835|         array|
|v1835_address1  |  out|    7|   ap_memory|         v1835|         array|
|v1835_ce1       |  out|    1|   ap_memory|         v1835|         array|
|v1835_d1        |  out|   16|   ap_memory|         v1835|         array|
|v1835_q1        |   in|   16|   ap_memory|         v1835|         array|
|v1835_we1       |  out|    1|   ap_memory|         v1835|         array|
|v1836_address0  |  out|    7|   ap_memory|         v1836|         array|
|v1836_ce0       |  out|    1|   ap_memory|         v1836|         array|
|v1836_d0        |  out|   16|   ap_memory|         v1836|         array|
|v1836_q0        |   in|   16|   ap_memory|         v1836|         array|
|v1836_we0       |  out|    1|   ap_memory|         v1836|         array|
|v1836_address1  |  out|    7|   ap_memory|         v1836|         array|
|v1836_ce1       |  out|    1|   ap_memory|         v1836|         array|
|v1836_d1        |  out|   16|   ap_memory|         v1836|         array|
|v1836_q1        |   in|   16|   ap_memory|         v1836|         array|
|v1836_we1       |  out|    1|   ap_memory|         v1836|         array|
|v1837_address0  |  out|    7|   ap_memory|         v1837|         array|
|v1837_ce0       |  out|    1|   ap_memory|         v1837|         array|
|v1837_d0        |  out|   32|   ap_memory|         v1837|         array|
|v1837_q0        |   in|   32|   ap_memory|         v1837|         array|
|v1837_we0       |  out|    1|   ap_memory|         v1837|         array|
|v1837_address1  |  out|    7|   ap_memory|         v1837|         array|
|v1837_ce1       |  out|    1|   ap_memory|         v1837|         array|
|v1837_d1        |  out|   32|   ap_memory|         v1837|         array|
|v1837_q1        |   in|   32|   ap_memory|         v1837|         array|
|v1837_we1       |  out|    1|   ap_memory|         v1837|         array|
|v1838_address0  |  out|    7|   ap_memory|         v1838|         array|
|v1838_ce0       |  out|    1|   ap_memory|         v1838|         array|
|v1838_d0        |  out|   32|   ap_memory|         v1838|         array|
|v1838_q0        |   in|   32|   ap_memory|         v1838|         array|
|v1838_we0       |  out|    1|   ap_memory|         v1838|         array|
|v1838_address1  |  out|    7|   ap_memory|         v1838|         array|
|v1838_ce1       |  out|    1|   ap_memory|         v1838|         array|
|v1838_d1        |  out|   32|   ap_memory|         v1838|         array|
|v1838_q1        |   in|   32|   ap_memory|         v1838|         array|
|v1838_we1       |  out|    1|   ap_memory|         v1838|         array|
|v1839_address0  |  out|    7|   ap_memory|         v1839|         array|
|v1839_ce0       |  out|    1|   ap_memory|         v1839|         array|
|v1839_d0        |  out|   32|   ap_memory|         v1839|         array|
|v1839_q0        |   in|   32|   ap_memory|         v1839|         array|
|v1839_we0       |  out|    1|   ap_memory|         v1839|         array|
|v1839_address1  |  out|    7|   ap_memory|         v1839|         array|
|v1839_ce1       |  out|    1|   ap_memory|         v1839|         array|
|v1839_d1        |  out|   32|   ap_memory|         v1839|         array|
|v1839_q1        |   in|   32|   ap_memory|         v1839|         array|
|v1839_we1       |  out|    1|   ap_memory|         v1839|         array|
|v1840_address0  |  out|    7|   ap_memory|         v1840|         array|
|v1840_ce0       |  out|    1|   ap_memory|         v1840|         array|
|v1840_d0        |  out|   32|   ap_memory|         v1840|         array|
|v1840_q0        |   in|   32|   ap_memory|         v1840|         array|
|v1840_we0       |  out|    1|   ap_memory|         v1840|         array|
|v1840_address1  |  out|    7|   ap_memory|         v1840|         array|
|v1840_ce1       |  out|    1|   ap_memory|         v1840|         array|
|v1840_d1        |  out|   32|   ap_memory|         v1840|         array|
|v1840_q1        |   in|   32|   ap_memory|         v1840|         array|
|v1840_we1       |  out|    1|   ap_memory|         v1840|         array|
|v1841_address0  |  out|    7|   ap_memory|         v1841|         array|
|v1841_ce0       |  out|    1|   ap_memory|         v1841|         array|
|v1841_d0        |  out|   32|   ap_memory|         v1841|         array|
|v1841_q0        |   in|   32|   ap_memory|         v1841|         array|
|v1841_we0       |  out|    1|   ap_memory|         v1841|         array|
|v1841_address1  |  out|    7|   ap_memory|         v1841|         array|
|v1841_ce1       |  out|    1|   ap_memory|         v1841|         array|
|v1841_d1        |  out|   32|   ap_memory|         v1841|         array|
|v1841_q1        |   in|   32|   ap_memory|         v1841|         array|
|v1841_we1       |  out|    1|   ap_memory|         v1841|         array|
|v1842_address0  |  out|    7|   ap_memory|         v1842|         array|
|v1842_ce0       |  out|    1|   ap_memory|         v1842|         array|
|v1842_d0        |  out|   32|   ap_memory|         v1842|         array|
|v1842_q0        |   in|   32|   ap_memory|         v1842|         array|
|v1842_we0       |  out|    1|   ap_memory|         v1842|         array|
|v1842_address1  |  out|    7|   ap_memory|         v1842|         array|
|v1842_ce1       |  out|    1|   ap_memory|         v1842|         array|
|v1842_d1        |  out|   32|   ap_memory|         v1842|         array|
|v1842_q1        |   in|   32|   ap_memory|         v1842|         array|
|v1842_we1       |  out|    1|   ap_memory|         v1842|         array|
|v1843_address0  |  out|    7|   ap_memory|         v1843|         array|
|v1843_ce0       |  out|    1|   ap_memory|         v1843|         array|
|v1843_d0        |  out|   32|   ap_memory|         v1843|         array|
|v1843_q0        |   in|   32|   ap_memory|         v1843|         array|
|v1843_we0       |  out|    1|   ap_memory|         v1843|         array|
|v1843_address1  |  out|    7|   ap_memory|         v1843|         array|
|v1843_ce1       |  out|    1|   ap_memory|         v1843|         array|
|v1843_d1        |  out|   32|   ap_memory|         v1843|         array|
|v1843_q1        |   in|   32|   ap_memory|         v1843|         array|
|v1843_we1       |  out|    1|   ap_memory|         v1843|         array|
|v1844_address0  |  out|    7|   ap_memory|         v1844|         array|
|v1844_ce0       |  out|    1|   ap_memory|         v1844|         array|
|v1844_d0        |  out|   32|   ap_memory|         v1844|         array|
|v1844_q0        |   in|   32|   ap_memory|         v1844|         array|
|v1844_we0       |  out|    1|   ap_memory|         v1844|         array|
|v1844_address1  |  out|    7|   ap_memory|         v1844|         array|
|v1844_ce1       |  out|    1|   ap_memory|         v1844|         array|
|v1844_d1        |  out|   32|   ap_memory|         v1844|         array|
|v1844_q1        |   in|   32|   ap_memory|         v1844|         array|
|v1844_we1       |  out|    1|   ap_memory|         v1844|         array|
|ap_clk          |   in|    1|  ap_ctrl_hs|           top|  return value|
|ap_rst          |   in|    1|  ap_ctrl_hs|           top|  return value|
|ap_start        |   in|    1|  ap_ctrl_hs|           top|  return value|
|ap_done         |  out|    1|  ap_ctrl_hs|           top|  return value|
|ap_ready        |  out|    1|  ap_ctrl_hs|           top|  return value|
|ap_idle         |  out|    1|  ap_ctrl_hs|           top|  return value|
+----------------+-----+-----+------------+--------------+--------------+

