# ---------------------------------------------------------------------------------
# Created on Thu Jul 23 16:50:35 EDT 2026 with report_failfast (2023.09.14)
# ---------------------------------------------------------------------------------

#  +-----------------------------------------------------------------------------------------+
#  | Design Summary                                                                          |
#  | design_1                                                                                |
#  | xczu7ev-ffvc1156-2-e                                                                    |
#  +-----------------------------------------------------------+-----------+--------+--------+
#  | Criteria                                                  | Guideline | Actual | Status |
#  +-----------------------------------------------------------+-----------+--------+--------+
#  | LUT                                                       | 70%       | 2.73%  | OK     |
#  | FD                                                        | 50%       | 1.35%  | OK     |
#  | LUTRAM+SRL                                                | 25%       | 0.38%  | OK     |
#  | CARRY8                                                    | 25%       | 1.53%  | OK     |
#  | MUXF7                                                     | 15%       | 0.06%  | OK     |
#  | DSP                                                       | 80%       | 0.12%  | OK     |
#  | RAMB/FIFO                                                 | 80%       | 0.00%  | OK     |
#  | URAM                                                      | 80%       | 0.00%  | OK     |
#  | DSP+RAMB+URAM (Avg)                                       | 70%       | 0.12%  | OK     |
#  | BUFGCE* + BUFGCTRL                                        | 24        | 0      | OK     |
#  | DONT_TOUCH (cells/nets)                                   | 0         | 0      | OK     |
#  | MARK_DEBUG (nets)                                         | 0         | 0      | OK     |
#  | Control Sets                                              | 4320      | 317    | OK     |
#  | Average Fanout for modules > 100k cells                   | 4         | 2.70   | OK     |
#  | Max Average Fanout for modules > 100k cells               | 4         | 0      | OK     |
#  | Non-FD high fanout nets > 10k loads                       | 0         | 0      | OK     |
#  +-----------------------------------------------------------+-----------+--------+--------+
#  | TIMING-6 (No common primary clock between related clocks) | 0         | 0      | OK     |
#  | TIMING-7 (No common node between related clocks)          | 0         | 0      | OK     |
#  | TIMING-8 (No common period between related clocks)        | 0         | 0      | OK     |
#  | TIMING-14 (LUT on the clock tree)                         | 0         | 0      | OK     |
#  | TIMING-35 (No common node in paths with the same clock)   | 0         | 0      | OK     |
#  +-----------------------------------------------------------+-----------+--------+--------+
#  | Number of paths above max LUT budgeting (0.300ns)         | 0         | 83     | REVIEW |
#  | Number of paths above max Net budgeting (0.208ns)         | 0         | 83     | REVIEW |
#  +-----------------------------------------------------------+-----------+--------+--------+

