lane pad: 34 -> 234 (rtprime drain margin 200)
=== EVA MMM SystemC: MODE=cosim  M=N=1  B=3  NSTEP=234  PROG_CYCLES=16  PRIME=6 ===
rm: cannot remove '/home/zsm9/final_eva_systemc/generated/.nfs00000000c013200f000a3650': Device or resource busy
emitted -> /home/zsm9/final_eva_systemc/generated
running cosim ...
In file included from /opt/siemens/catapult/2024.2/Mgc_home/shared/include/mc_connections.h:60,
                 from kernel.cpp:6:
/opt/siemens/catapult/2024.2/Mgc_home/shared/include/connections/connections.h:82:2: warning: #warning "SC_INCLUDE_DYNAMIC_PROCESSES is being defined and reentrant <systemc> header included" [-Wcpp]
   82 | #warning "SC_INCLUDE_DYNAMIC_PROCESSES is being defined and reentrant <systemc> header included"
      |  ^~~~~~~

        SystemC 2.3.3-Accellera --- Jun  7 2022 13:10:00
        Copyright (c) 1996-2018 by all Contributors,
        ALL RIGHTS RESERVED
Connections Clock: t.clk Period: 1 ns
[18:46:04] cosim: building software golden ...
[18:46:13] cosim: synthesizing RTL (Catapult + SCVerify) ...
[18:52:14] cosim: running RTL simulation (Xcelium) ...
[18:52:30] cosim MATCH: RTL is bit-exact with the software golden (8 output array(s)).
=== ROUTER-LOADED + LOOPING MMM 1x1 B=3 (INSTR_SIZE=4 ITER_SIZE=3) ===
expected Y = X@W =
 [[ 6.]
 [15.]
 [21.]]
got out_s      =
 [[ 6.]
 [15.]
 [21.]]
=== MMM cosim : PASS (bit-exact vs numpy X@W) ===
PYEXIT=0
