

================================================================
== Vitis HLS Report for 'rclc_n_0'
================================================================
* Date:           Thu Jul 23 14:04:00 2026

* Version:        2025.1 (Build 6135595 on May 21 2025)
* Project:        prime_fp3_cosim
* Solution:       hls (Vivado IP Flow Target)
* Product family: zynquplus
* Target device:  xczu7ev-ffvc1156-2-e


================================================================
== Performance Estimates
================================================================
+ Timing: 
    * Summary: 
    +--------+---------+----------+------------+
    |  Clock |  Target | Estimated| Uncertainty|
    +--------+---------+----------+------------+
    |ap_clk  |  3.33 ns|  2.231 ns|     0.90 ns|
    +--------+---------+----------+------------+

+ Latency: 
    * Summary: 
    +---------+---------+----------+----------+-----+-----+---------+
    |  Latency (cycles) |  Latency (absolute) |  Interval | Pipeline|
    |   min   |   max   |    min   |    max   | min | max |   Type  |
    +---------+---------+----------+----------+-----+-----+---------+
    |        ?|        ?|         ?|         ?|    ?|    ?|       no|
    +---------+---------+----------+----------+-----+-----+---------+

    + Detail: 
        * Instance: 
        N/A

        * Loop: 
        +---------------------+---------+---------+----------+-----------+-----------+------+----------+
        |                     |  Latency (cycles) | Iteration|  Initiation Interval  | Trip |          |
        |      Loop Name      |   min   |   max   |  Latency |  achieved |   target  | Count| Pipelined|
        +---------------------+---------+---------+----------+-----------+-----------+------+----------+
        |- VITIS_LOOP_3041_3  |        ?|        ?|         1|          -|          -|     ?|        no|
        |- l_S_t_1_t15        |      240|      240|         2|          -|          -|   120|        no|
        +---------------------+---------+---------+----------+-----------+-----------+------+----------+



================================================================
== Utilization Estimates
================================================================
* Summary: 
+-----------------+---------+------+--------+--------+-----+
|       Name      | BRAM_18K|  DSP |   FF   |   LUT  | URAM|
+-----------------+---------+------+--------+--------+-----+
|DSP              |        -|     -|       -|       -|    -|
|Expression       |        -|     -|       0|     228|    -|
|FIFO             |        -|     -|       -|       -|    -|
|Instance         |        -|     -|       -|       -|    -|
|Memory           |        -|     -|       -|       -|    -|
|Multiplexer      |        -|     -|       0|     118|    -|
|Register         |        -|     -|     143|       -|    -|
+-----------------+---------+------+--------+--------+-----+
|Total            |        0|     0|     143|     346|    0|
+-----------------+---------+------+--------+--------+-----+
|Available        |      624|  1728|  460800|  230400|   96|
+-----------------+---------+------+--------+--------+-----+
|Utilization (%)  |        0|     0|      ~0|      ~0|    0|
+-----------------+---------+------+--------+--------+-----+

+ Detail: 
    * Instance: 
    N/A

    * DSP: 
    N/A

    * Memory: 
    N/A

    * FIFO: 
    N/A

    * Expression: 
    +-----------------------+----------+----+---+----+------------+------------+
    |     Variable Name     | Operation| DSP| FF| LUT| Bitwidth P0| Bitwidth P1|
    +-----------------------+----------+----+---+----+------------+------------+
    |add_ln3041_fu_155_p2   |         +|   0|  0|  38|          31|           1|
    |t15_2_fu_185_p2        |         +|   0|  0|  14|           7|           1|
    |v1766_fu_132_p2        |         +|   0|  0|  39|          32|           2|
    |v1787_fu_216_p2        |         +|   0|  0|  39|          32|           1|
    |ap_block_state3        |       and|   0|  0|   2|           1|           1|
    |icmp_ln3041_fu_150_p2  |      icmp|   0|  0|  39|          32|          32|
    |icmp_ln3048_fu_179_p2  |      icmp|   0|  0|  14|           7|           5|
    |v1778_fu_202_p2        |      icmp|   0|  0|  39|          32|           7|
    |ap_block_state1        |        or|   0|  0|   2|           1|           1|
    |ap_block_state2        |        or|   0|  0|   2|           1|           1|
    +-----------------------+----------+----+---+----+------------+------------+
    |Total                  |          |   0|  0| 228|         176|          52|
    +-----------------------+----------+----+---+----+------------+------------+

    * Multiplexer: 
    +--------------------------------+----+-----------+-----+-----------+
    |              Name              | LUT| Input Size| Bits| Total Bits|
    +--------------------------------+----+-----------+-----+-----------+
    |ap_NS_fsm                       |  26|          5|    1|          5|
    |ap_done                         |   9|          2|    1|          2|
    |ap_phi_mux_cret6_phi_fu_121_p6  |   9|          2|    1|          2|
    |t15_fu_74                       |   9|          2|    7|         14|
    |v1767_fu_70                     |   9|          2|   31|         62|
    |v1784_fu_78                     |   9|          2|   32|         64|
    |v1824_blk_n                     |   9|          2|    1|          2|
    |v1859_blk_n                     |   9|          2|    1|          2|
    |v1867_blk_n                     |   9|          2|    1|          2|
    |v1867_din                       |  20|          4|   32|        128|
    +--------------------------------+----+-----------+-----+-----------+
    |Total                           | 118|         25|  108|        283|
    +--------------------------------+----+-----------+-----+-----------+

    * Register: 
    +---------------+----+----+-----+-----------+
    |      Name     | FF | LUT| Bits| Const Bits|
    +---------------+----+----+-----+-----------+
    |ap_CS_fsm      |   4|   0|    4|          0|
    |ap_done_reg    |   1|   0|    1|          0|
    |cret6_reg_116  |   1|   0|    1|          0|
    |pw6_reg_272    |  26|   0|   26|          0|
    |t15_2_reg_267  |   7|   0|    7|          0|
    |t15_fu_74      |   7|   0|    7|          0|
    |v1766_reg_242  |  32|   0|   32|          0|
    |v1767_fu_70    |  31|   0|   31|          0|
    |v1774_reg_277  |   1|   0|    1|          0|
    |v1778_reg_284  |   1|   0|    1|          0|
    |v1784_fu_78    |  32|   0|   32|          0|
    +---------------+----+----+-----+-----------+
    |Total          | 143|   0|  143|          0|
    +---------------+----+----+-----+-----------+



================================================================
== Interface
================================================================
* Summary: 
+----------------------+-----+-----+------------+--------------+--------------+
|       RTL Ports      | Dir | Bits|  Protocol  | Source Object|    C Type    |
+----------------------+-----+-----+------------+--------------+--------------+
|ap_clk                |   in|    1|  ap_ctrl_hs|      rclc_n_0|  return value|
|ap_rst                |   in|    1|  ap_ctrl_hs|      rclc_n_0|  return value|
|ap_start              |   in|    1|  ap_ctrl_hs|      rclc_n_0|  return value|
|ap_done               |  out|    1|  ap_ctrl_hs|      rclc_n_0|  return value|
|ap_continue           |   in|    1|  ap_ctrl_hs|      rclc_n_0|  return value|
|ap_idle               |  out|    1|  ap_ctrl_hs|      rclc_n_0|  return value|
|ap_ready              |  out|    1|  ap_ctrl_hs|      rclc_n_0|  return value|
|v1824_dout            |   in|   32|     ap_fifo|         v1824|       pointer|
|v1824_empty_n         |   in|    1|     ap_fifo|         v1824|       pointer|
|v1824_read            |  out|    1|     ap_fifo|         v1824|       pointer|
|v1824_num_data_valid  |   in|    3|     ap_fifo|         v1824|       pointer|
|v1824_fifo_cap        |   in|    3|     ap_fifo|         v1824|       pointer|
|v1843_address0        |  out|    7|   ap_memory|         v1843|         array|
|v1843_ce0             |  out|    1|   ap_memory|         v1843|         array|
|v1843_we0             |  out|    1|   ap_memory|         v1843|         array|
|v1843_d0              |  out|   32|   ap_memory|         v1843|         array|
|v1867_din             |  out|   32|     ap_fifo|         v1867|       pointer|
|v1867_full_n          |   in|    1|     ap_fifo|         v1867|       pointer|
|v1867_write           |  out|    1|     ap_fifo|         v1867|       pointer|
|v1867_num_data_valid  |   in|    4|     ap_fifo|         v1867|       pointer|
|v1867_fifo_cap        |   in|    4|     ap_fifo|         v1867|       pointer|
|v1859_dout            |   in|   26|     ap_fifo|         v1859|       pointer|
|v1859_empty_n         |   in|    1|     ap_fifo|         v1859|       pointer|
|v1859_read            |  out|    1|     ap_fifo|         v1859|       pointer|
|v1859_num_data_valid  |   in|    4|     ap_fifo|         v1859|       pointer|
|v1859_fifo_cap        |   in|    4|     ap_fifo|         v1859|       pointer|
+----------------------+-----+-----+------------+--------------+--------------+

